2026-04-14 17:17:48,631 [INFO] LAC 已加载
2026-04-14 17:17:54,624 [DEBUG] Building prefix dict from the default dictionary ...
2026-04-14 17:17:54,626 [DEBUG] Loading model from cache C:\Users\25485\AppData\Local\Temp\jieba.cache
2026-04-14 17:17:55,112 [DEBUG] Loading model cost 0.488 seconds.
2026-04-14 17:17:55,112 [DEBUG] Prefix dict has been built successfully.
2026-04-14 17:17:55,114 [INFO] 
处理: 0001_[临时公告]DC标建公司被纳入失信被执行人的公告.pdf
2026-04-14 17:17:55,286 [INFO]   分类: 公司被纳入 | 公司:  | 姓名: 
2026-04-14 17:17:55,286 [INFO] 
处理: 0002_[临时公告]DC标建公司被纳入失信被执行人的公告.pdf
2026-04-14 17:17:55,391 [INFO]   分类: 公司被纳入 | 公司:  | 姓名: 
2026-04-14 17:17:55,392 [INFO] 
处理: 0003_[临时公告]创高股份被纳入失信被执行人的公告.pdf
2026-04-14 17:17:55,492 [INFO]   分类: 公司被纳入 | 公司:  | 姓名: 
2026-04-14 17:17:55,492 [INFO] 
处理: 0004_[临时公告]R紫晶1被纳入失信被执行人的公告.pdf
2026-04-14 17:17:55,655 [INFO]   分类: 公司被纳入 | 公司:  | 姓名: 
2026-04-14 17:17:55,656 [INFO] 
处理: 0005_[临时公告]R紫晶1被纳入失信被执行人的公告.pdf
2026-04-14 17:17:55,828 [INFO]   分类: 公司被纳入 | 公司:  | 姓名: 
2026-04-14 17:17:55,829 [INFO] 
处理: 0006_[临时公告]恒瑞消防被纳入失信被执行人的公告.pdf
2026-04-14 17:17:55,986 [INFO]   分类: 公司被纳入 | 公司:  | 姓名: 
2026-04-14 17:17:55,987 [INFO] 
处理: 0007_[临时公告]鑫众科技被纳入失信被执行人的公告（已取消）.pdf
2026-04-14 17:17:56,100 [INFO]   分类: 公司被纳入 | 公司: 挂牌公司 | 姓名: 
2026-04-14 17:17:56,100 [INFO] 
处理: 0008_[临时公告]鑫众科技被纳入失信被执行人的公告（已取消）.pdf
2026-04-14 17:17:56,235 [INFO]   分类: 公司被纳入 | 公司: 挂牌公司 | 姓名: 
2026-04-14 17:17:56,235 [INFO] 
处理: 0009_[临时公告]ST京时被纳入失信被执行人的公告.pdf
2026-04-14 17:17:56,370 [INFO]   分类: 公司被纳入 | 公司:  | 姓名: 
2026-04-14 17:17:56,370 [INFO] 
处理: 0010_[临时公告]ST京时被纳入失信被执行人的公告.pdf
2026-04-14 17:17:56,496 [INFO]   分类: 公司被纳入 | 公司:  | 姓名: 
2026-04-14 17:17:56,496 [INFO] 
处理: 0011_[临时公告]ST京时被纳入失信被执行人的公告.pdf
2026-04-14 17:17:56,621 [INFO]   分类: 公司被纳入 | 公司:  | 姓名: 
2026-04-14 17:17:56,621 [INFO] 
处理: 0012_[临时公告]新纶5关于被纳入失信被执行人的公告.pdf
2026-04-14 17:17:56,842 [INFO]   分类: 公司被纳入 | 公司: 新纶新材料股份有限公司 | 姓名: 
2026-04-14 17:17:56,843 [INFO] 
处理: 0013_[临时公告]新纶5关于被纳入失信被执行人的公告.pdf
2026-04-14 17:17:57,034 [INFO]   分类: 公司被纳入 | 公司: 新纶新材料股份有限公司 | 姓名: 
2026-04-14 17:17:57,034 [INFO] 
处理: 0014_[临时公告]新纶5关于被纳入失信被执行人的公告.pdf
2026-04-14 17:17:57,151 [INFO]   分类: 公司被纳入 | 公司:  | 姓名: 
2026-04-14 17:17:57,151 [INFO] 
处理: 0015_[临时公告]ST山水环被纳入失信被执行人的公告.pdf
2026-04-14 17:17:57,274 [INFO]   分类: 公司被纳入 | 公司:  | 姓名: 
2026-04-14 17:17:57,274 [INFO] 
处理: 0016_[临时公告]好生活公司被纳入失信被执行人的公告.pdf
2026-04-14 17:17:57,457 [INFO]   分类: 公司被纳入 | 公司:  | 姓名: 
2026-04-14 17:17:57,457 [INFO] 
处理: 0017_[临时公告]高衡力公司被纳入失信被执行人的公告.pdf
2026-04-14 17:17:57,588 [INFO]   分类: 公司被纳入 | 公司:  | 姓名: 
2026-04-14 17:17:57,588 [INFO] 
处理: 0018_[临时公告]ST山水环被纳入失信被执行人的公告.pdf
2026-04-14 17:17:57,670 [INFO]   分类: 公司被纳入 | 公司:  | 姓名: 
2026-04-14 17:17:57,671 [INFO] 
处理: 0019_[临时公告]高衡力公司被纳入失信被执行人的公告.pdf
2026-04-14 17:17:57,782 [INFO]   分类: 公司被纳入 | 公司:  | 姓名: 
2026-04-14 17:17:57,782 [INFO] 
处理: 0020_[临时公告]高衡力公司被纳入失信被执行人的公告.pdf
2026-04-14 17:17:57,941 [INFO]   分类: 公司被纳入 | 公司:  | 姓名: 
2026-04-14 17:17:57,941 [INFO] 
处理: 0021_[临时公告]ST泓宇公司被纳入失信执行人的公告.pdf
2026-04-14 17:17:58,068 [INFO]   分类: 公司被纳入 | 公司:  | 姓名: 
2026-04-14 17:17:58,068 [INFO] 
处理: 0022_[临时公告]ST幸美公司被纳入失信被执行人的公告.pdf
2026-04-14 17:17:58,187 [INFO]   分类: 公司被纳入 | 公司:  | 姓名: 
2026-04-14 17:17:58,187 [INFO] 
处理: 0023_[临时公告]创高股份公司被纳入失信被执行人的公告.pdf
2026-04-14 17:17:58,325 [INFO]   分类: 公司被纳入 | 公司:  | 姓名: 
2026-04-14 17:17:58,325 [INFO] 
处理: 0024_[临时公告]宝成股份公司被纳入失信被执行人的公告.pdf
2026-04-14 17:17:58,448 [INFO]   分类: 公司被纳入 | 公司:  | 姓名: 
2026-04-14 17:17:58,448 [INFO] 
处理: 0025_[临时公告]商会网络公司被纳入失信被执行人的公告.pdf
2026-04-14 17:17:58,563 [INFO]   分类: 公司被纳入 | 公司:  | 姓名: 
2026-04-14 17:17:58,564 [INFO] 
处理: 0026_[临时公告]德威股份公司被纳入失信被执行人的公告.pdf
2026-04-14 17:17:58,685 [INFO]   分类: 公司被纳入 | 公司:  | 姓名: 
2026-04-14 17:17:58,685 [INFO] 
处理: 0027_[临时公告]ST风平公司被纳入失信被执行人的公告.pdf
2026-04-14 17:17:58,797 [INFO]   分类: 公司被纳入 | 公司:  | 姓名: 
2026-04-14 17:17:58,798 [INFO] 
处理: 0028_[临时公告]德威股份公司被纳入失信被执行人的公告.pdf
2026-04-14 17:17:58,948 [INFO]   分类: 公司被纳入 | 公司:  | 姓名: 
2026-04-14 17:17:58,949 [INFO] 
处理: 0029_[临时公告]ST泓宇公司被纳入失信被执行人的公告.pdf
2026-04-14 17:17:59,067 [INFO]   分类: 公司被纳入 | 公司:  | 姓名: 
2026-04-14 17:17:59,067 [INFO] 
处理: 0030_[临时公告]R紫晶1公司被纳入失信被执行人的公告.pdf
2026-04-14 17:17:59,224 [INFO]   分类: 公司被纳入 | 公司:  | 姓名: 
2026-04-14 17:17:59,225 [INFO] 
处理: 0031_[临时公告]苏北花卉公司被纳入失信被执行人的公告.pdf
2026-04-14 17:17:59,365 [INFO]   分类: 公司被纳入 | 公司:  | 姓名: 
2026-04-14 17:17:59,365 [INFO] 
处理: 0032_[临时公告]R紫晶1公司被纳入失信被执行人的公告.pdf
2026-04-14 17:17:59,569 [INFO]   分类: 公司被纳入 | 公司:  | 姓名: 
2026-04-14 17:17:59,569 [INFO] 
处理: 0033_[临时公告]艺创科技公司被纳入失信被执行人的公告.pdf
2026-04-14 17:17:59,754 [INFO]   分类: 公司被纳入 | 公司:  | 姓名: 
2026-04-14 17:17:59,754 [INFO] 
处理: 0034_[临时公告]明邦物流公司被纳入失信被执行人的公告.pdf
2026-04-14 17:17:59,866 [INFO]   分类: 公司被纳入 | 公司:  | 姓名: 
2026-04-14 17:17:59,866 [INFO] 
处理: 0035_[临时公告]灵汇股份公司被纳入失信被执行人的公告.pdf
2026-04-14 17:18:00,022 [INFO]   分类: 公司被纳入 | 公司:  | 姓名: 
2026-04-14 17:18:00,022 [INFO] 
处理: 0036_[临时公告]浦辰瑞铂被纳入失信被执行人的公告（补发）.pdf
2026-04-14 17:18:00,222 [INFO]   分类: 公司被纳入 | 公司: 挂牌公司 | 姓名: 
2026-04-14 17:18:00,222 [INFO] 
处理: 0037_[临时公告]R紫晶1公司被纳入失信被执行人的公告.pdf
2026-04-14 17:18:00,502 [INFO]   分类: 公司被纳入 | 公司:  | 姓名: 
2026-04-14 17:18:00,502 [INFO] 
处理: 0038_[临时公告]艺创科技公司被纳入失信被执行人的公告.pdf
2026-04-14 17:18:00,660 [INFO]   分类: 公司被纳入 | 公司:  | 姓名: 
2026-04-14 17:18:00,660 [INFO] 
处理: 0039_[临时公告]博融智库公司被纳入失信被执行人的公告.pdf
2026-04-14 17:18:00,784 [INFO]   分类: 公司被纳入 | 公司:  | 姓名: 
2026-04-14 17:18:00,784 [INFO] 
处理: 0040_[临时公告]ST特辰公司被纳入失信被执行人的公告.pdf
2026-04-14 17:18:01,022 [INFO]   分类: 公司被纳入 | 公司:  | 姓名: 
2026-04-14 17:18:01,023 [INFO] 
处理: 0041_[临时公告]中山爱科公司被纳入失信被执行人的公告.pdf
2026-04-14 17:18:01,206 [INFO]   分类: 公司被纳入 | 公司:  | 姓名: 
2026-04-14 17:18:01,206 [INFO] 
处理: 0042_[临时公告]ST泓宇公司被纳入失信被执行人的公告.pdf
2026-04-14 17:18:01,330 [INFO]   分类: 公司被纳入 | 公司:  | 姓名: 
2026-04-14 17:18:01,331 [INFO] 
处理: 0043_[临时公告]中山爱科公司被纳入失信被执行人的公告.pdf
2026-04-14 17:18:01,439 [INFO]   分类: 公司被纳入 | 公司:  | 姓名: 
2026-04-14 17:18:01,439 [INFO] 
处理: 0044_[临时公告]佳瑞高科公司被纳入失信被执行人的公告.pdf
2026-04-14 17:18:01,539 [INFO]   分类: 公司被纳入 | 公司:  | 姓名: 
2026-04-14 17:18:01,539 [INFO] 
处理: 0045_[临时公告]欣含宇通董事被纳入失信被执行人的公告.pdf
2026-04-14 17:18:01,676 [INFO]   分类: 个人被纳入 | 公司:  | 姓名: 本次
2026-04-14 17:18:01,676 [INFO] 
处理: 0046_[临时公告]巴安3关于公司被纳入失信被执行人的公告.pdf
2026-04-14 17:18:01,763 [INFO]   分类: 公司被纳入 | 公司:  | 姓名: 
2026-04-14 17:18:01,763 [INFO] 
处理: 0047_[临时公告]联络5关于公司被纳入失信被执行人的公告.pdf
2026-04-14 17:18:01,912 [INFO]   分类: 公司被纳入 | 公司:  | 姓名: 
2026-04-14 17:18:01,912 [INFO] 
处理: 0048_[临时公告]新纶5控股股东被纳入失信被执行人的公告.pdf
2026-04-14 17:18:02,154 [INFO]   分类: 个人被纳入 | 公司:  | 姓名: 侯毅，公告，本次
2026-04-14 17:18:02,154 [INFO] 
处理: 0049_[临时公告]柒号传媒董事长被纳入失信被执行人的公告.pdf
2026-04-14 17:18:02,281 [INFO]   分类: 个人被纳入 | 公司:  | 姓名: 本次，李汉雄
2026-04-14 17:18:02,281 [INFO] 
处理: 0050_[临时公告]中化大气公司解除失信联合惩戒对象的公告.pdf
2026-04-14 17:18:02,471 [INFO]   分类: 公司被撤销 | 公司:  | 姓名: 
2026-04-14 17:18:02,472 [INFO] 
处理: 0051_[临时公告]ST幸美公司解除失信被执行人的公告声明.pdf
2026-04-14 17:18:02,698 [INFO]   分类: 公司被撤销 | 公司:  | 姓名: 
2026-04-14 17:18:02,698 [INFO] 
处理: 0052_[临时公告]洪盛源公司被纳入失信被执行人的公告（补发）.pdf
2026-04-14 17:18:02,973 [INFO]   分类: 公司被纳入 | 公司:  | 姓名: 
2026-04-14 17:18:02,973 [INFO] 
处理: 0053_[临时公告]ST山水环公司被纳入失信被执行人的公告.pdf
2026-04-14 17:18:03,190 [INFO]   分类: 公司被纳入 | 公司:  | 姓名: 
2026-04-14 17:18:03,190 [INFO] 
处理: 0054_[临时公告]ST山水环公司被纳入失信被执行人的公告.pdf
2026-04-14 17:18:03,354 [INFO]   分类: 公司被纳入 | 公司:  | 姓名: 
2026-04-14 17:18:03,354 [INFO] 
处理: 0055_[临时公告]ST山水环公司被纳入失信被执行人的公告.pdf
2026-04-14 17:18:03,560 [INFO]   分类: 公司被纳入 | 公司:  | 姓名: 
2026-04-14 17:18:03,560 [INFO] 
处理: 0056_[临时公告]好房通监事被纳入失信被执行人的公告（补发）.pdf
2026-04-14 17:18:03,980 [INFO]   分类: 个人被纳入 | 公司:  | 姓名: 吴刚，本次
2026-04-14 17:18:03,980 [INFO] 
处理: 0057_[临时公告]杰事杰控股股东被纳入失信被执行人的公告.pdf
2026-04-14 17:18:04,317 [INFO]   分类: 个人被纳入 | 公司:  | 姓名: 本次
2026-04-14 17:18:04,318 [INFO] 
处理: 0058_[临时公告]世能科泰被纳入失信联合惩戒对象公告（补发）.pdf
2026-04-14 17:18:04,751 [INFO]   分类: 公司被纳入 | 公司:  | 姓名: 
2026-04-14 17:18:04,751 [INFO] 
处理: 0059_[临时公告]ST山水环公司被纳入失信被执行人的公告.pdf
2026-04-14 17:18:04,994 [INFO]   分类: 公司被纳入 | 公司:  | 姓名: 
2026-04-14 17:18:04,995 [INFO] 
处理: 0060_[临时公告]ST山水环公司被纳入失信被执行人的公告.pdf
2026-04-14 17:18:05,253 [INFO]   分类: 公司被纳入 | 公司:  | 姓名: 
2026-04-14 17:18:05,253 [INFO] 
处理: 0061_[临时公告]ST山水环公司被纳入失信被执行人的公告.pdf
2026-04-14 17:18:05,481 [INFO]   分类: 公司被纳入 | 公司:  | 姓名: 
2026-04-14 17:18:05,481 [INFO] 
处理: 0062_[临时公告]卡宝宝控股股东被纳入失信被执行人的公告.pdf
2026-04-14 17:18:05,845 [INFO]   分类: 个人被纳入 | 公司: 控股股东贵州朝日供暖科技有限公司 | 姓名: 本次，贵州
2026-04-14 17:18:05,845 [INFO] 
处理: 0063_[临时公告]ST山水环公司被纳入失信被执行人的公告.pdf
2026-04-14 17:18:06,050 [INFO]   分类: 公司被纳入 | 公司:  | 姓名: 
2026-04-14 17:18:06,051 [INFO] 
处理: 0064_[临时公告]安徽墨药关于公司被解除失信被执行人的公告.pdf
2026-04-14 17:18:06,241 [INFO]   分类: 公司被撤销 | 公司:  | 姓名: 
2026-04-14 17:18:06,241 [INFO] 
处理: 0065_[临时公告]沧运集团公司董事被纳入失信被执行人的公告.pdf
2026-04-14 17:18:06,682 [INFO]   分类: 个人被纳入 | 公司:  | 姓名: 宋吉春，本次
2026-04-14 17:18:06,682 [INFO] 
处理: 0066_[临时公告]西信信息公司被纳入失信被执行人的公告（补发）.pdf
2026-04-14 17:18:07,066 [INFO]   分类: 公司被纳入 | 公司:  | 姓名: 
2026-04-14 17:18:07,066 [INFO] 
处理: 0067_[临时公告]沧运集团董事被纳入失信联合惩戒对象的公告.pdf
2026-04-14 17:18:07,396 [INFO]   分类: 个人被纳入 | 公司:  | 姓名: 宋吉春，本次
2026-04-14 17:18:07,397 [INFO] 
处理: 0068_[临时公告]乾元泽孚关于公司被纳入失信被执行人的公告.pdf
2026-04-14 17:18:07,743 [INFO]   分类: 公司被纳入 | 公司:  | 姓名: 
2026-04-14 17:18:07,743 [INFO] 
处理: 0069_[临时公告]小布涂涂公司董事被纳入失信被执行人的公告.pdf
2026-04-14 17:18:08,076 [INFO]   分类: 个人被纳入 | 公司:  | 姓名: 本次，王力平
2026-04-14 17:18:08,077 [INFO] 
处理: 0070_[临时公告]易家科技关于公司被纳入失信被执行人的公告.pdf
2026-04-14 17:18:08,364 [INFO]   分类: 公司被纳入 | 公司:  | 姓名: 
2026-04-14 17:18:08,364 [INFO] 
处理: 0071_[临时公告]西信信息公司董事被纳入失信被执行人的公告.pdf
2026-04-14 17:18:08,673 [INFO]   分类: 个人被纳入 | 公司:  | 姓名: 本次，袁亚女
2026-04-14 17:18:08,673 [INFO] 
处理: 0072_[临时公告]宝成股份关于公司被解除失信被执行人的公告.pdf
2026-04-14 17:18:08,774 [INFO]   分类: 公司被撤销 | 公司:  | 姓名: 
2026-04-14 17:18:08,774 [INFO] 
处理: 0073_[临时公告]沧运集团董事被纳入失信联合惩戒对象的公告.pdf
2026-04-14 17:18:08,955 [INFO]   分类: 个人被纳入 | 公司:  | 姓名: 宋吉春，本次
2026-04-14 17:18:08,955 [INFO] 
处理: 0074_[临时公告]创高股份公司被纳入失信被执行人的公告（补发）.pdf
2026-04-14 17:18:09,154 [INFO]   分类: 公司被纳入 | 公司:  | 姓名: 
2026-04-14 17:18:09,154 [INFO] 
处理: 0075_[临时公告]艾叶文化关于公司被纳入失信被执行人的公告.pdf
2026-04-14 17:18:09,452 [INFO]   分类: 公司被纳入 | 公司:  | 姓名: 
2026-04-14 17:18:09,452 [INFO] 
处理: 0076_[临时公告]嘉泰数控关于公司被纳入失信被执行人的公告.pdf
2026-04-14 17:18:09,624 [INFO]   分类: 公司被纳入 | 公司:  | 姓名: 
2026-04-14 17:18:09,625 [INFO] 
处理: 0077_[临时公告]明邦物流公司新增被纳入失信被执行人的公告.pdf
2026-04-14 17:18:09,844 [INFO]   分类: 公司被纳入 | 公司:  | 姓名: 
2026-04-14 17:18:09,844 [INFO] 
处理: 0078_[临时公告]沧运集团董事被纳入失信联合惩戒对象的公告.pdf
2026-04-14 17:18:10,067 [INFO]   分类: 个人被纳入 | 公司:  | 姓名: 宋吉春，本次
2026-04-14 17:18:10,067 [INFO] 
处理: 0079_[临时公告]嘉泰数控关于公司被纳入失信被执行人的公告.pdf
2026-04-14 17:18:10,352 [INFO]   分类: 公司被纳入 | 公司:  | 姓名: 
2026-04-14 17:18:10,352 [INFO] 
处理: 0080_[临时公告]圆融科技监事被纳入失信被执行人的公告（补发）.pdf
2026-04-14 17:18:10,566 [INFO]   分类: 个人被纳入 | 公司:  | 姓名: 任职，本次，王剑儿
2026-04-14 17:18:10,566 [INFO] 
处理: 0081_[临时公告]ST京时副董事长被纳入失信被执行人的公告.pdf
2026-04-14 17:18:10,874 [INFO]   分类: 个人被纳入 | 公司:  | 姓名: 本次，王小兰
2026-04-14 17:18:10,874 [INFO] 
处理: 0082_[临时公告]中创洁能关于公司被解除失信被执行人的公告.pdf
2026-04-14 17:18:11,004 [INFO]   分类: 公司被撤销 | 公司:  | 姓名: 
2026-04-14 17:18:11,004 [INFO] 
处理: 0083_[临时公告]沧运集团董事被纳入失信联合惩戒对象的公告.pdf
2026-04-14 17:18:11,216 [INFO]   分类: 个人被纳入 | 公司:  | 姓名: 宋吉春，本次
2026-04-14 17:18:11,216 [INFO] 
处理: 0084_[临时公告]中构新材全资子公司移出失信被执行人的公告.pdf
2026-04-14 17:18:11,426 [INFO]   分类: 公司被撤销 | 公司: 知悉全资子公司 | 姓名: 
2026-04-14 17:18:11,426 [INFO] 
处理: 0085_[临时公告]新纶5关于子公司被纳入失信被执行人的公告.pdf
2026-04-14 17:18:11,830 [INFO]   分类: 公司被纳入 | 公司:  | 姓名: 
2026-04-14 17:18:11,831 [INFO] 
处理: 0086_[临时公告]地浦科技公司被纳入失信被执行人的公告（补发）.pdf
2026-04-14 17:18:12,081 [INFO]   分类: 公司被纳入 | 公司:  | 姓名: 
2026-04-14 17:18:12,081 [INFO] 
处理: 0087_[临时公告]速达科技公司被纳入失信被执行人的公告（补发）.pdf
2026-04-14 17:18:12,454 [INFO]   分类: 公司被纳入 | 公司:  | 姓名: 
2026-04-14 17:18:12,455 [INFO] 
处理: 0088_[临时公告]大方生态挂牌公司被纳入失信被执行人的公告.pdf
2026-04-14 17:18:12,706 [INFO]   分类: 公司被纳入 | 公司: 挂牌公司 | 姓名: 
2026-04-14 17:18:12,707 [INFO] 
处理: 0089_[临时公告]大家食品关于公司被移除失信被执行人的公告.pdf
2026-04-14 17:18:13,026 [INFO]   分类: 公司及个人被纳入 | 公司:  | 姓名: 
2026-04-14 17:18:13,026 [INFO] 
处理: 0090_[临时公告]云鼎教育公司监事被纳入失信被执行人的公告.pdf
2026-04-14 17:18:13,299 [INFO]   分类: 个人被纳入 | 公司:  | 姓名: 本次
2026-04-14 17:18:13,299 [INFO] 
处理: 0091_[临时公告]新封生态公司被纳入失信被执行人的公告（补发）.pdf
2026-04-14 17:18:13,572 [INFO]   分类: 公司被纳入 | 公司:  | 姓名: 
2026-04-14 17:18:13,572 [INFO] 
处理: 0092_[临时公告]春泉园林关于公司被纳入失信被执行人的公告.pdf
2026-04-14 17:18:14,011 [INFO]   分类: 公司被纳入 | 公司:  | 姓名: 
2026-04-14 17:18:14,012 [INFO] 
处理: 0093_[临时公告]ST赞普关于公司被纳入失信被执行人的公告.pdf
2026-04-14 17:18:14,552 [INFO]   分类: 公司被纳入 | 公司:  | 姓名: 
2026-04-14 17:18:14,552 [INFO] 
处理: 0094_[临时公告]ST大盛挂牌公司被纳入失信被执行人的公告.pdf
2026-04-14 17:18:14,850 [INFO]   分类: 公司被纳入 | 公司: 挂牌公司 | 姓名: 
2026-04-14 17:18:14,850 [INFO] 
处理: 0095_[临时公告]ST约克公司被纳入失信被执行人的公告（补发）.pdf
2026-04-14 17:18:15,187 [INFO]   分类: 公司被纳入 | 公司:  | 姓名: 
2026-04-14 17:18:15,187 [INFO] 
处理: 0096_[临时公告]R大通1关于公司被纳入失信被执行人的公告.pdf
2026-04-14 17:18:15,544 [INFO]   分类: 公司被纳入 | 公司:  | 姓名: 
2026-04-14 17:18:15,545 [INFO] 
处理: 0097_[临时公告]旗升电气公司被纳入失信被执行人的公告（补发）.pdf
2026-04-14 17:18:17,319 [INFO]   分类: 公司被纳入 | 公司:  | 姓名: 
2026-04-14 17:18:17,320 [INFO] 
处理: 0098_[临时公告]正潭股份公司被纳入失信被执行人的公告（补发）.pdf
2026-04-14 17:18:18,596 [INFO]   分类: 公司被纳入 | 公司:  | 姓名: 
2026-04-14 17:18:18,596 [INFO] 
处理: 0099_[临时公告]鱼鳞图控股子公司被纳入失信被执行人的公告.pdf
2026-04-14 17:18:19,296 [INFO]   分类: 公司被纳入 | 公司: 控股子公司 | 姓名: 
2026-04-14 17:18:19,296 [INFO] 
处理: 0100_[临时公告]中喜股份关于公司被移出失信被执行人的公告.pdf
2026-04-14 17:18:19,424 [INFO]   分类: 公司被撤销 | 公司: 国执行信息公开网查询到公司 | 姓名: 
2026-04-14 17:18:19,424 [INFO] 
处理: 0101_[临时公告]瑞博检测公司被纳入失信被执行人的公告（补发）.pdf
2026-04-14 17:18:19,705 [INFO]   分类: 公司被纳入 | 公司:  | 姓名: 
2026-04-14 17:18:19,705 [INFO] 
处理: 0102_[临时公告]中实能源监事被纳入失信被执行人的公告（补发）.pdf
2026-04-14 17:18:19,961 [INFO]   分类: 个人被纳入 | 公司:  | 姓名: 本次，秦剑麟
2026-04-14 17:18:19,961 [INFO] 
处理: 0103_[临时公告]博融智库关于公司被移出失信被执行人的公告.pdf
2026-04-14 17:18:20,129 [INFO]   分类: 公司被撤销 | 公司:  | 姓名: 
2026-04-14 17:18:20,130 [INFO] 
处理: 0104_[临时公告]喜悦娱乐公司监事被纳入失信被执行人的公告.pdf
2026-04-14 17:18:20,522 [INFO]   分类: 个人被纳入 | 公司:  | 姓名: 刘阿坤，本次
2026-04-14 17:18:20,522 [INFO] 
处理: 0105_[临时公告]枫华种业关于公司被纳入失信被执行人的公告.pdf
2026-04-14 17:18:20,850 [INFO]   分类: 公司被纳入 | 公司:  | 姓名: 
2026-04-14 17:18:20,850 [INFO] 
处理: 0106_[临时公告]创高股份关于公司被移出失信被执行人的公告.pdf
2026-04-14 17:18:20,991 [INFO]   分类: 公司被撤销 | 公司:  | 姓名: 
2026-04-14 17:18:20,992 [INFO] 
处理: 0107_[临时公告]威麦云健公司被纳入失信被执行人的公告（补发）.pdf
2026-04-14 17:18:21,329 [INFO]   分类: 公司被纳入 | 公司:  | 姓名: 
2026-04-14 17:18:21,329 [INFO] 
处理: 0108_[临时公告]创高股份关于公司被纳入失信被执行人的公告.pdf
2026-04-14 17:18:21,616 [INFO]   分类: 公司被纳入 | 公司:  | 姓名: 
2026-04-14 17:18:21,617 [INFO] 
处理: 0109_[临时公告]恒信玺利控股股东被纳入失信被执行人的公告.pdf
2026-04-14 17:18:21,888 [INFO]   分类: 个人被纳入 | 公司:  | 姓名: 本次，李厚霖
2026-04-14 17:18:21,888 [INFO] 
处理: 0110_[临时公告]鼎龙5公司及子公司被纳入失信被执行人的公告.pdf
2026-04-14 17:18:22,264 [INFO]   分类: 公司被纳入 | 公司: 公司及子公司 | 姓名: 
2026-04-14 17:18:22,264 [INFO] 
处理: 0111_[临时公告]非凡传媒全资子公司被纳入失信被执行人的公告.pdf
2026-04-14 17:18:23,012 [INFO]   分类: 公司被纳入 | 公司: 全资子公司 | 姓名: 
2026-04-14 17:18:23,012 [INFO] 
处理: 0112_[临时公告]ST郑水务关于公司被纳入失信被执行人的公告.pdf
2026-04-14 17:18:23,375 [INFO]   分类: 公司被纳入 | 公司:  | 姓名: 
2026-04-14 17:18:23,376 [INFO] 
处理: 0113_[临时公告]R刚泰1关于子公司被纳入失信被执行人的公告.pdf
2026-04-14 17:18:23,397 [INFO]   分类:  | 公司:  | 姓名: 
2026-04-14 17:18:23,397 [INFO] 
处理: 0114_[临时公告]R刚泰1关于子公司被纳入失信被执行人的公告.pdf
2026-04-14 17:18:23,416 [INFO]   分类:  | 公司:  | 姓名: 
2026-04-14 17:18:23,417 [INFO] 
处理: 0115_[临时公告]ST京时全资子公司被纳入失信被执行人的公告.pdf
2026-04-14 17:18:23,796 [INFO]   分类: 公司被纳入 | 公司: 全资子公司 | 姓名: 
2026-04-14 17:18:23,796 [INFO] 
处理: 0116_[临时公告]ST郑水务关于公司被纳入失信被执行人的公告.pdf
2026-04-14 17:18:24,116 [INFO]   分类: 公司被纳入 | 公司:  | 姓名: 
2026-04-14 17:18:24,116 [INFO] 
处理: 0117_[临时公告]兴业源控股子公司解除失信联合惩戒对象的公告.pdf
2026-04-14 17:18:24,267 [INFO]   分类: 公司被撤销 | 公司:  | 姓名: 
2026-04-14 17:18:24,267 [INFO] 
处理: 0118_[临时公告]R刚泰1关于子公司被纳入失信被执行人的公告.pdf
2026-04-14 17:18:24,284 [INFO]   分类:  | 公司:  | 姓名: 
2026-04-14 17:18:24,284 [INFO] 
处理: 0119_[临时公告]新纶5公司及子公司被纳入失信被执行人的公告.pdf
2026-04-14 17:18:25,223 [INFO]   分类: 公司被纳入 | 公司: 及子公司，新纶新材料股份有限公司，新纶新材料股份有限公司及子公司，有限公司 | 姓名: 
2026-04-14 17:18:25,223 [INFO] 
处理: 0120_[临时公告]ST宏力生关于公司被移除失信被执行人的公告.pdf
2026-04-14 17:18:25,583 [INFO]   分类: 公司被纳入 | 公司:  | 姓名: 
2026-04-14 17:18:25,583 [INFO] 
处理: 0121_[临时公告]浪潮消防全资子公司被纳入失信被执行人的公告.pdf
2026-04-14 17:18:25,886 [INFO]   分类: 公司被纳入 | 公司: 全资子公司 | 姓名: 
2026-04-14 17:18:25,886 [INFO] 
处理: 0122_[临时公告]ST郑水务关于公司被纳入失信被执行人的公告.pdf
2026-04-14 17:18:26,225 [INFO]   分类: 公司被纳入 | 公司:  | 姓名: 
2026-04-14 17:18:26,225 [INFO] 
处理: 0123_[临时公告]中构新材全资子公司被纳入失信被执行人的公告.pdf
2026-04-14 17:18:26,518 [INFO]   分类: 公司被纳入 | 公司: 全资子公司 | 姓名: 
2026-04-14 17:18:26,518 [INFO] 
处理: 0124_[临时公告]瀛海股份控股子公司被纳入失信被执行人的公告.pdf
2026-04-14 17:18:26,874 [INFO]   分类: 公司被纳入 | 公司: 控股子公司 | 姓名: 
2026-04-14 17:18:26,874 [INFO] 
处理: 0125_[临时公告]ST格子子公司被纳入失信被执行人的公告（补发）.pdf
2026-04-14 17:18:27,141 [INFO]   分类: 公司被纳入 | 公司:  | 姓名: 
2026-04-14 17:18:27,141 [INFO] 
处理: 0126_[临时公告]ST东学关于子公司被纳入失信被执行人的公告.pdf
2026-04-14 17:18:27,508 [INFO]   分类: 公司被纳入 | 公司:  | 姓名: 
2026-04-14 17:18:27,508 [INFO] 
处理: 0127_[临时公告]云鼎教育实际控制人被纳入失信被执行人的公告.pdf
2026-04-14 17:18:27,840 [INFO]   分类: 个人被纳入 | 公司:  | 姓名: 本次
2026-04-14 17:18:27,840 [INFO] 
处理: 0128_[临时公告]ST郑水务关于公司被纳入失信被执行人的公告.pdf
2026-04-14 17:18:28,445 [INFO]   分类: 公司被纳入 | 公司:  | 姓名: 
2026-04-14 17:18:28,445 [INFO] 
处理: 0129_[临时公告]ST郑水务关于公司被纳入失信被执行人的公告.pdf
2026-04-14 17:18:29,123 [INFO]   分类: 公司被纳入 | 公司:  | 姓名: 
2026-04-14 17:18:29,124 [INFO] 
处理: 0130_[临时公告]ST信隆行公司新增被纳入失信被执行人的公告.pdf
2026-04-14 17:18:29,385 [INFO]   分类: 公司被纳入 | 公司:  | 姓名: 
2026-04-14 17:18:29,385 [INFO] 
处理: 0131_[临时公告]ST信隆行公司被纳入失信被执行人的公告（补发）.pdf
2026-04-14 17:18:29,788 [INFO]   分类: 公司被纳入 | 公司:  | 姓名: 
2026-04-14 17:18:29,789 [INFO] 
处理: 0132_[临时公告]ST京时全资子公司被纳入失信被执行人的公告.pdf
2026-04-14 17:18:30,114 [INFO]   分类: 公司被纳入 | 公司: 全资子公司 | 姓名: 
2026-04-14 17:18:30,114 [INFO] 
处理: 0133_[临时公告]ST北林科关于公司被移出失信被执行人的公告.pdf
2026-04-14 17:18:30,412 [INFO]   分类: 公司被撤销 | 公司: 挂牌公司，日被中国执行信息公开网发布公司 | 姓名: 
2026-04-14 17:18:30,413 [INFO] 
处理: 0134_[临时公告]ST威克传公司被纳入失信被执行人的公告（补发）.pdf
2026-04-14 17:18:30,696 [INFO]   分类: 公司被纳入 | 公司:  | 姓名: 
2026-04-14 17:18:30,696 [INFO] 
处理: 0135_[临时公告]灵汇股份全资子公司被纳入失信被执行人的公告.pdf
2026-04-14 17:18:30,962 [INFO]   分类: 公司被纳入 | 公司: 全资子公司 | 姓名: 
2026-04-14 17:18:30,962 [INFO] 
处理: 0136_[临时公告]信隆行董事被纳入失信联合惩戒对象的公告(补发).pdf
2026-04-14 17:18:31,350 [INFO]   分类: 个人被纳入 | 公司:  | 姓名: 和高级，本次，龚诗恺
2026-04-14 17:18:31,351 [INFO] 
处理: 0137_[临时公告]世能科泰被纳入失信联合惩戒对象公告补发声明.pdf
2026-04-14 17:18:31,536 [INFO]   分类: 公司被纳入 | 公司:  | 姓名: 
2026-04-14 17:18:31,536 [INFO] 
处理: 0138_[临时公告]ST京时全资子公司被纳入失信被执行人的公告.pdf
2026-04-14 17:18:31,822 [INFO]   分类: 公司被纳入 | 公司: 全资子公司 | 姓名: 
2026-04-14 17:18:31,822 [INFO] 
处理: 0139_[临时公告]ST京时全资子公司被纳入失信被执行人的公告.pdf
2026-04-14 17:18:32,183 [INFO]   分类: 公司被纳入 | 公司: 全资子公司 | 姓名: 
2026-04-14 17:18:32,183 [INFO] 
处理: 0140_[临时公告]维泰股份控股子公司被纳入失信被执行人的公告.pdf
2026-04-14 17:18:32,503 [INFO]   分类: 公司被纳入 | 公司: 控股子公司 | 姓名: 
2026-04-14 17:18:32,503 [INFO] 
处理: 0141_[临时公告]ST北林科挂牌公司被纳入失信被执行人的公告.pdf
2026-04-14 17:18:32,882 [INFO]   分类: 公司被纳入 | 公司: 挂牌公司 | 姓名: 
2026-04-14 17:18:32,883 [INFO] 
处理: 0142_[临时公告]ST郑水务关于公司被纳入失信被执行人的公告.pdf
2026-04-14 17:18:33,146 [INFO]   分类: 公司被纳入 | 公司:  | 姓名: 
2026-04-14 17:18:33,146 [INFO] 
处理: 0143_[临时公告]ST郑水务关于公司被纳入失信被执行人的公告.pdf
2026-04-14 17:18:33,389 [INFO]   分类: 公司被纳入 | 公司:  | 姓名: 
2026-04-14 17:18:33,389 [INFO] 
处理: 0144_[临时公告]ST广安生关于公司被纳入失信被执行人的公告.pdf
2026-04-14 17:18:33,554 [INFO]   分类: 公司被纳入 | 公司:  | 姓名: 
2026-04-14 17:18:33,555 [INFO] 
处理: 0145_[临时公告]速达科技挂牌公司被纳入失信被执行人的公告（补发）.pdf
2026-04-14 17:18:33,856 [INFO]   分类: 公司被纳入 | 公司: 挂牌公司 | 姓名: 
2026-04-14 17:18:33,856 [INFO] 
处理: 0146_[临时公告]西信信息关于公司被纳入失信被执行人的补发说明.pdf
2026-04-14 17:18:33,974 [INFO]   分类: 公司被纳入 | 公司:  | 姓名: 
2026-04-14 17:18:33,975 [INFO] 
处理: 0147_[临时公告]中辰园林关于公司被纳入失信被执行人的公告（补发）.pdf
2026-04-14 17:18:34,269 [INFO]   分类: 公司被纳入 | 公司:  | 姓名: 
2026-04-14 17:18:34,269 [INFO] 
处理: 0148_[临时公告]维泰股份关于控股子公司解除失信被执行人的公告.pdf
2026-04-14 17:18:34,429 [INFO]   分类: 公司被撤销 | 公司:  | 姓名: 
2026-04-14 17:18:34,430 [INFO] 
处理: 0149_[临时公告]未来3公司及控股股东被纳入失信被执行人的公告.pdf
2026-04-14 17:18:34,859 [INFO]   分类: 不属于失信人 | 公司:  | 姓名: 本次
2026-04-14 17:18:34,860 [INFO] 
处理: 0150_[临时公告]R刚泰1关于公司董事被纳入失信被执行人的公告.pdf
2026-04-14 17:18:34,883 [INFO]   分类:  | 公司:  | 姓名: 
2026-04-14 17:18:34,884 [INFO] 
处理: 0151_[临时公告]万承志堂控股股东被纳入失信被执行人的公告（补发）.pdf
2026-04-14 17:18:35,135 [INFO]   分类: 个人被纳入 | 公司:  | 姓名: 本次
2026-04-14 17:18:35,136 [INFO] 
处理: 0152_[临时公告]速达科技挂牌公司被纳入失信被执行人的公告（补发）.pdf
2026-04-14 17:18:35,393 [INFO]   分类: 公司被纳入 | 公司: 挂牌公司 | 姓名: 
2026-04-14 17:18:35,394 [INFO] 
处理: 0153_[临时公告]春泉园林关于公司新增被纳入失信被执行人的公告.pdf
2026-04-14 17:18:35,580 [INFO]   分类: 公司被纳入 | 公司:  | 姓名: 
2026-04-14 17:18:35,580 [INFO] 
处理: 0154_[临时公告]沧运集团补发公司董事被纳入失信被执行人的公告.pdf
2026-04-14 17:18:36,076 [INFO]   分类: 个人被纳入 | 公司:  | 姓名: 宋吉春，本次
2026-04-14 17:18:36,076 [INFO] 
处理: 0155_[临时公告]安徽墨药关于公司被纳入失信被执行人的公告（补发）.pdf
2026-04-14 17:18:36,415 [INFO]   分类: 公司被纳入 | 公司:  | 姓名: 
2026-04-14 17:18:36,415 [INFO] 
处理: 0156_[临时公告]佳信捷关于子公司被纳入失信被执行人的公告(补发).pdf
2026-04-14 17:18:36,684 [INFO]   分类: 公司被纳入 | 公司: 公司子公司 | 姓名: 
2026-04-14 17:18:36,684 [INFO] 
处理: 0157_[临时公告]ST特力惠子公司被纳入失信被执行人的公告（补发）.pdf
2026-04-14 17:18:36,955 [INFO]   分类: 公司被纳入 | 公司:  | 姓名: 
2026-04-14 17:18:36,955 [INFO] 
处理: 0158_[临时公告]R斯达1关于监事被纳入失信被执行人的公告(补发).pdf
2026-04-14 17:18:37,325 [INFO]   分类: 个人被纳入 | 公司:  | 姓名: 斯达，本次，郭伟亮
2026-04-14 17:18:37,326 [INFO] 
处理: 0159_[临时公告]斯特龙控股子公司被纳入失信被执行人的公告（补发）.pdf
2026-04-14 17:18:37,553 [INFO]   分类: 公司被纳入 | 公司: 控股子公司 | 姓名: 
2026-04-14 17:18:37,553 [INFO] 
处理: 0160_[临时公告]贵交科控股子公司被纳入失信被执行人的公告（补发）.pdf
2026-04-14 17:18:37,872 [INFO]   分类: 公司被纳入 | 公司: 控股子公司 | 姓名: 
2026-04-14 17:18:37,872 [INFO] 
处理: 0161_[临时公告]沧运集团补发公司董事被纳入失信被执行人的公告.pdf
2026-04-14 17:18:38,278 [INFO]   分类: 个人被纳入 | 公司:  | 姓名: 宋吉春，本次
2026-04-14 17:18:38,279 [INFO] 
处理: 0162_[临时公告]中实能源关于监事被纳入失信被执行人的补发声明.pdf
2026-04-14 17:18:38,406 [INFO]   分类: 个人被纳入 | 公司:  | 姓名: 
2026-04-14 17:18:38,406 [INFO] 
处理: 0163_[临时公告]航天华世被纳入失信被执行人的公告[2024-005].pdf
2026-04-14 17:18:38,894 [INFO]   分类: 公司被纳入 | 公司: 北京航天华世科技股份有限公司 | 姓名: 
2026-04-14 17:18:38,894 [INFO] 
处理: 0164_[临时公告]泛海3关于子公司被列入失信被执行人名单的公告.pdf
2026-04-14 17:18:39,014 [INFO]   分类: 公司被纳入 | 公司:  | 姓名: 
2026-04-14 17:18:39,016 [INFO] 
处理: 0165_[临时公告]ST郑水务关于子公司被纳入失信被执行人的公告.pdf
2026-04-14 17:18:39,411 [INFO]   分类: 公司被纳入 | 公司: 公司子公司 | 姓名: 
2026-04-14 17:18:39,411 [INFO] 
处理: 0166_[临时公告]宏力再生关于公司被纳入失信被执行人的公告（补发）.pdf
2026-04-14 17:18:39,779 [INFO]   分类: 公司被纳入 | 公司:  | 姓名: 
2026-04-14 17:18:39,779 [INFO] 
处理: 0167_[临时公告]精标科技挂牌公司被纳入失信被执行人的公告（补发）.pdf
2026-04-14 17:18:40,176 [INFO]   分类: 公司被纳入 | 公司: 挂牌公司 | 姓名: 
2026-04-14 17:18:40,176 [INFO] 
处理: 0168_[临时公告]R龙昌1高级管理人员被纳入失信被执行人的公告.pdf
2026-04-14 17:18:40,412 [INFO]   分类: 个人被纳入 | 公司:  | 姓名: 本次
2026-04-14 17:18:40,412 [INFO] 
处理: 0169_[临时公告]ST蓝奥公司、分公司被纳入失信被执行人的公告(补发).pdf
2026-04-14 17:18:40,834 [INFO]   分类: 公司被纳入 | 公司:  | 姓名: 
2026-04-14 17:18:40,834 [INFO] 
处理: 0170_[临时公告]ST山水环公司分公司被纳入失信被执行人的公告.pdf
2026-04-14 17:18:41,013 [INFO]   分类: 公司被纳入 | 公司: 公司分公司 | 姓名: 
2026-04-14 17:18:41,013 [INFO] 
处理: 0171_[临时公告]呼阀控股关于公司被纳入失信被执行人和公司及法定代表人被出具限制高消费令、公司法定代表人被纳入失信被执行人的补发公告.pdf
2026-04-14 17:18:41,290 [INFO]   分类: 个人被纳入 | 公司:  | 姓名: 
2026-04-14 17:18:41,292 [INFO] 
处理: 0172_[临时公告]鲁南数据控股子公司被纳入失信被执行人的公告（补发）.pdf
2026-04-14 17:18:41,587 [INFO]   分类: 公司被纳入 | 公司: 控股子公司 | 姓名: 
2026-04-14 17:18:41,587 [INFO] 
处理: 0173_[临时公告]ST信隆行公司新增被纳入失信被执行人的公告（补发）.pdf
2026-04-14 17:18:41,820 [INFO]   分类: 公司被纳入 | 公司:  | 姓名: 
2026-04-14 17:18:41,820 [INFO] 
处理: 0174_[临时公告]非凡传媒全资子公司被纳入失信被执行人的公告（补发）.pdf
2026-04-14 17:18:42,299 [INFO]   分类: 公司被纳入 | 公司: 全资子公司 | 姓名: 
2026-04-14 17:18:42,299 [INFO] 
处理: 0175_[临时公告]ST京时全资子公司被纳入失信被执行人的公告（补发）.pdf
2026-04-14 17:18:42,530 [INFO]   分类: 公司被纳入 | 公司: 全资子公司 | 姓名: 
2026-04-14 17:18:42,531 [INFO] 
处理: 0176_[临时公告]R国动游1关于公司新增被纳入失信被执行人的公告.pdf
2026-04-14 17:18:43,552 [INFO]   分类: 公司被纳入 | 公司:  | 姓名: 
2026-04-14 17:18:43,552 [INFO] 
处理: 0177_[临时公告]浪潮消防关于全资子公司被移除失信被执行人的公告.pdf
2026-04-14 17:18:43,723 [INFO]   分类: 公司被纳入 | 公司:  | 姓名: 
2026-04-14 17:18:43,723 [INFO] 
处理: 0178_[临时公告]美世创投控股子公司被纳入失信被执行人的公告(补发).pdf
2026-04-14 17:18:43,925 [INFO]   分类: 公司被纳入 | 公司: 控股子公司 | 姓名: 
2026-04-14 17:18:43,925 [INFO] 
处理: 0179_[临时公告]海高通信实际控制人被纳入失信被执行人的公告（补发）.pdf
2026-04-14 17:18:44,314 [INFO]   分类: 个人被纳入 | 公司:  | 姓名: 本次，隋田力
2026-04-14 17:18:44,314 [INFO] 
处理: 0180_[临时公告]ST宏力生关于公司被纳入失信被执行人的公告（补发）.pdf
2026-04-14 17:18:44,525 [INFO]   分类: 公司被纳入 | 公司:  | 姓名: 
2026-04-14 17:18:44,526 [INFO] 
处理: 0181_[临时公告]鱼鳞图控股子公司解除失信被执行人的声明公告（补发）.pdf
2026-04-14 17:18:44,664 [INFO]   分类: 公司被撤销 | 公司:  | 姓名: 
2026-04-14 17:18:44,664 [INFO] 
处理: 0182_[临时公告]汉唐环保实际控制人被纳入失信被执行人的公告(补发).pdf
2026-04-14 17:18:44,974 [INFO]   分类: 个人被纳入 | 公司:  | 姓名: 本次
2026-04-14 17:18:44,974 [INFO] 
处理: 0183_[临时公告]浦辰瑞铂关于子公司被纳入失信被执行人的公告（补发）.pdf
2026-04-14 17:18:45,334 [INFO]   分类: 公司被纳入 | 公司: 控股子公司 | 姓名: 
2026-04-14 17:18:45,334 [INFO] 
处理: 0184_[临时公告]浦辰瑞铂关于子公司被纳入失信被执行人的补发声明.pdf
2026-04-14 17:18:45,359 [INFO]   分类:  | 公司:  | 姓名: 
2026-04-14 17:18:45,360 [INFO] 
处理: 0185_[临时公告]佳信捷关于公司董事被纳入失信被执行人的公告(补发).pdf
2026-04-14 17:18:45,676 [INFO]   分类: 个人被纳入 | 公司:  | 姓名: 本次，王献文
2026-04-14 17:18:45,676 [INFO] 
处理: 0186_[临时公告]三明股份控股子公司被纳入失信被执行人的公告（补发）.pdf
2026-04-14 17:18:45,984 [INFO]   分类: 公司被纳入 | 公司: 控股子公司 | 姓名: 
2026-04-14 17:18:45,984 [INFO] 
处理: 0187_[临时公告]金科资源控股子公司被纳入失信被执行人的公告（补发）.pdf
2026-04-14 17:18:46,235 [INFO]   分类: 公司被纳入 | 公司: 控股子公司 | 姓名: 
2026-04-14 17:18:46,235 [INFO] 
处理: 0188_[临时公告]ST信隆行公司被纳入失信被执行人公告的补发声明.pdf
2026-04-14 17:18:46,367 [INFO]   分类: 公司被纳入 | 公司:  | 姓名: 
2026-04-14 17:18:46,367 [INFO] 
处理: 0189_[临时公告]世纪明德关于控股子公司被移出失信被执行人的公告.pdf
2026-04-14 17:18:46,543 [INFO]   分类: 公司被撤销 | 公司: 京世纪明德教育科技股份有限公司控股子公司，大荔明德公司 | 姓名: 
2026-04-14 17:18:46,543 [INFO] 
处理: 0190_[临时公告]ST幸美监事会主席被纳入失信被执行人的公告（补发）.pdf
2026-04-14 17:18:46,768 [INFO]   分类: 个人被纳入 | 公司:  | 姓名: 本次，郑瑞海
2026-04-14 17:18:46,768 [INFO] 
处理: 0191_[临时公告]灵汇股份实控人被纳入失信被执行人的补发声明公告.pdf
2026-04-14 17:18:46,930 [INFO]   分类: 个人被纳入 | 公司:  | 姓名: 
2026-04-14 17:18:46,931 [INFO] 
处理: 0192_[临时公告]好房通关于监事被纳入失信被执行人公告的补发声明.pdf
2026-04-14 17:18:47,093 [INFO]   分类: 个人被纳入 | 公司:  | 姓名: 吴刚
2026-04-14 17:18:47,094 [INFO] 
处理: 0193_[临时公告]卡宝宝关于控股股东被移出失信被执行人名单的公告.pdf
2026-04-14 17:18:47,271 [INFO]   分类: 个人被撤销 | 公司:  | 姓名: 
2026-04-14 17:18:47,271 [INFO] 
处理: 0194_[临时公告]ST温都猫关于公司被纳入失信被执行人的公告(补发).pdf
2026-04-14 17:18:47,566 [INFO]   分类: 公司被纳入 | 公司:  | 姓名: 
2026-04-14 17:18:47,566 [INFO] 
处理: 0195_[临时公告]ST温都猫关于公司被纳入失信被执行人的补发声明.pdf
2026-04-14 17:18:47,707 [INFO]   分类: 公司被纳入 | 公司: 司关于公司，现将公司 | 姓名: 
2026-04-14 17:18:47,708 [INFO] 
处理: 0196_[临时公告]速达科技关于补发公司被纳入失信被执行人公告的声明.pdf
2026-04-14 17:18:47,954 [INFO]   分类: 公司被纳入 | 公司:  | 姓名: 
2026-04-14 17:18:47,954 [INFO] 
处理: 0197_[临时公告]春泉园林关于公司新增被纳入失信被执行人的公告（补发）.pdf
2026-04-14 17:18:48,475 [INFO]   分类: 公司被纳入 | 公司:  | 姓名: 
2026-04-14 17:18:48,475 [INFO] 
处理: 0198_[临时公告]春泉园林关于公司新增被纳入失信被执行人的公告（补发）.pdf
2026-04-14 17:18:48,780 [INFO]   分类: 公司被纳入 | 公司:  | 姓名: 
2026-04-14 17:18:48,780 [INFO] 
处理: 0199_[临时公告]创高股份关于公司被纳入失信被执行人公告的补发说明.pdf
2026-04-14 17:18:49,260 [INFO]   分类: 公司被纳入 | 公司: 获悉公司 | 姓名: 
2026-04-14 17:18:49,260 [INFO] 
处理: 0200_[临时公告]ST约克关于公司新增被纳入失信被执行人事项的公告.pdf
2026-04-14 17:18:49,481 [INFO]   分类: 公司被纳入 | 公司:  | 姓名: 
2026-04-14 17:18:49,481 [INFO] 
处理: 0201_[临时公告]ST京时公司副董事长被纳入失信被执行人的公告（补发）.pdf
2026-04-14 17:18:49,804 [INFO]   分类: 个人被纳入 | 公司:  | 姓名: 本次，王小兰
2026-04-14 17:18:49,805 [INFO] 
处理: 0202_[临时公告]春泉园林关于公司新增被纳入失信被执行人的公告（补发）.pdf
2026-04-14 17:18:50,080 [INFO]   分类: 公司被纳入 | 公司:  | 姓名: 
2026-04-14 17:18:50,080 [INFO] 
处理: 0203_[临时公告]ST京时关于公司副董事长被纳入失信被执行人的公告.pdf
2026-04-14 17:18:50,416 [INFO]   分类: 个人被纳入 | 公司:  | 姓名: 本次，王小兰
2026-04-14 17:18:50,416 [INFO] 
处理: 0204_[临时公告]铭弘体育公司及董事、总经理被纳入失信被执行人的公告.pdf
2026-04-14 17:18:50,813 [INFO]   分类: 公司及个人被纳入 | 公司:  | 姓名: 本次，李尚明
2026-04-14 17:18:50,813 [INFO] 
处理: 0205_[临时公告]地浦科技关于补发公司被纳入失信被执行人的公告声明.pdf
2026-04-14 17:18:50,929 [INFO]   分类: 公司被纳入 | 公司:  | 姓名: 
2026-04-14 17:18:50,930 [INFO] 
处理: 0206_[临时公告]速达科技关于补发公司被纳入失信被执行人公告的声明.pdf
2026-04-14 17:18:51,189 [INFO]   分类: 公司被纳入 | 公司:  | 姓名: 
2026-04-14 17:18:51,190 [INFO] 
处理: 0207_[临时公告]美世创投实际控制人、董事被纳入失信被执行人的公告(补发).pdf
2026-04-14 17:18:51,645 [INFO]   分类: 个人被纳入 | 公司:  | 姓名: 张洪勋，张洪欣，本次
2026-04-14 17:18:51,645 [INFO] 
处理: 0208_[临时公告]R刚泰1关于公司及子公司被纳入失信被执行人的公告.pdf
2026-04-14 17:18:51,669 [INFO]   分类:  | 公司:  | 姓名: 
2026-04-14 17:18:51,669 [INFO] 
处理: 0209_[临时公告]时代正邦关于公司董事被纳入失信被执行人的公告（补发）.pdf
2026-04-14 17:18:51,952 [INFO]   分类: 个人被纳入 | 公司:  | 姓名: 姜伟强，本次
2026-04-14 17:18:51,953 [INFO] 
处理: 0210_[临时公告]睿通股份关于公司董事被纳入失信被执行人的公告（补发）.pdf
2026-04-14 17:18:52,261 [INFO]   分类: 个人被纳入 | 公司:  | 姓名: 本次，顾引奇
2026-04-14 17:18:52,261 [INFO] 
处理: 0211_[临时公告]R华讯1关于控股股东部分被移出失信被执行人的公告.pdf
2026-04-14 17:18:52,520 [INFO]   分类: 个人被撤销 | 公司:  | 姓名: 前期，华讯
2026-04-14 17:18:52,520 [INFO] 
处理: 0212_[临时公告]新封生态关于公司被纳入失信被执行人的补发说明公告.pdf
2026-04-14 17:18:52,709 [INFO]   分类: 公司被纳入 | 公司: 境工程股份有限公司关于公司 | 姓名: 
2026-04-14 17:18:52,709 [INFO] 
处理: 0213_[临时公告]欣影科技关于公司董事被纳入失信被执行人的公告（补发）.pdf
2026-04-14 17:18:53,030 [INFO]   分类: 个人被纳入 | 公司:  | 姓名: 任职，周庆，本次
2026-04-14 17:18:53,030 [INFO] 
处理: 0214_[临时公告]景灿股份实际控制人、董事被纳入失信被执行人的公告（补发）.pdf
2026-04-14 17:18:53,331 [INFO]   分类: 个人被纳入 | 公司:  | 姓名: 本次，秦斌
2026-04-14 17:18:53,332 [INFO] 
处理: 0215_[临时公告]R紫晶1公司及法定代表人被纳入失信被执行人的公告.pdf
2026-04-14 17:18:53,902 [INFO]   分类: 公司及个人被纳入 | 公司:  | 姓名: 本次
2026-04-14 17:18:53,903 [INFO] 
处理: 0216_[临时公告]邢农银行关于监事被纳入失信联合惩戒对象的公告（补发）.pdf
2026-04-14 17:18:54,106 [INFO]   分类: 个人被纳入 | 公司:  | 姓名: 康永革，本次
2026-04-14 17:18:54,106 [INFO] 
处理: 0217_[临时公告]恒瑞消防关于补发公司被纳入失信被执行人的声明公告.pdf
2026-04-14 17:18:54,201 [INFO]   分类: 公司被纳入 | 公司:  | 姓名: 
2026-04-14 17:18:54,201 [INFO] 
处理: 0218_[临时公告]旗升电气关于补发公司被纳入失信被执行人的声明公告.pdf
2026-04-14 17:18:54,396 [INFO]   分类: 公司被纳入 | 公司: 上海旗升电气股份有限公司，导致未及时披露公司 | 姓名: 
2026-04-14 17:18:54,396 [INFO] 
处理: 0219_[临时公告]浦辰瑞铂关于补发公司被纳入失信被执行人公告的声明.pdf
2026-04-14 17:18:54,583 [INFO]   分类: 公司被纳入 | 公司:  | 姓名: 
2026-04-14 17:18:54,584 [INFO] 
处理: 0220_[临时公告]三匹马公司实际控制人被纳入失信被执行人的公告（补发）.pdf
2026-04-14 17:18:54,909 [INFO]   分类: 个人被纳入 | 公司:  | 姓名: 本次，李庄祥
2026-04-14 17:18:54,909 [INFO] 
处理: 0221_[临时公告]国云科技控股子公司被移出失信联合惩戒对象名单公告.pdf
2026-04-14 17:18:55,082 [INFO]   分类: 公司被撤销 | 公司:  | 姓名: 
2026-04-14 17:18:55,082 [INFO] 
处理: 0222_[临时公告]智感科技关于公司董事被纳入失信被执行人的公告（补发）.pdf
2026-04-14 17:18:55,594 [INFO]   分类: 个人被纳入 | 公司:  | 姓名: 吴云晓，本次
2026-04-14 17:18:55,594 [INFO] 
处理: 0223_[临时公告]沧运集团关于公司董事被移出失信被执行人名单的公告.pdf
2026-04-14 17:18:55,750 [INFO]   分类: 个人被撤销 | 公司:  | 姓名: 宋吉春
2026-04-14 17:18:55,751 [INFO] 
处理: 0224_[临时公告]祥云飞龙公司、控股股东、董事长被纳入失信被执行人的公告.pdf
2026-04-14 17:18:56,084 [INFO]   分类: 公司及个人被纳入 | 公司:  | 姓名: 本次，杨龙
2026-04-14 17:18:56,085 [INFO] 
处理: 0225_[临时公告]ST大盛挂牌公司及子公司被纳入失信被执行人的公告.pdf
2026-04-14 17:18:56,770 [INFO]   分类: 公司被纳入 | 公司: 挂牌公司及子公司 | 姓名: 
2026-04-14 17:18:56,770 [INFO] 
处理: 0226_[临时公告]宏力再生关于公司被纳入失信被执行人的补发声明公告.pdf
2026-04-14 17:18:56,897 [INFO]   分类: 公司被纳入 | 公司:  | 姓名: 
2026-04-14 17:18:56,897 [INFO] 
处理: 0227_[临时公告]兴业源控股子公司被纳入失信联合惩戒对象的公告(补发).pdf
2026-04-14 17:18:57,246 [INFO]   分类: 公司被纳入 | 公司:  | 姓名: 
2026-04-14 17:18:57,246 [INFO] 
处理: 0228_[临时公告]ST信隆行公司新增被纳入失信被执行人公告的补发声明.pdf
2026-04-14 17:18:57,420 [INFO]   分类: 公司被纳入 | 公司:  | 姓名: 
2026-04-14 17:18:57,420 [INFO] 
处理: 0229_[临时公告]嘉泰数控控股股东、实际控制人被纳入失信被执行人的公告.pdf
2026-04-14 17:18:57,854 [INFO]   分类: 个人被纳入 | 公司:  | 姓名: 本次，苏亚帅
2026-04-14 17:18:57,854 [INFO] 
处理: 0230_[临时公告]中创洁能关于公司实际控制人被解除失信被执行人的公告.pdf
2026-04-14 17:18:58,045 [INFO]   分类: 个人被撤销 | 公司:  | 姓名: 陈明
2026-04-14 17:18:58,046 [INFO] 
处理: 0231_[临时公告]中外名人关于全资子公司被纳入失信被执行人的公告（补发）.pdf
2026-04-14 17:18:58,300 [INFO]   分类: 公司被纳入 | 公司: 全资子公司 | 姓名: 
2026-04-14 17:18:58,300 [INFO] 
处理: 0232_[临时公告]ST精标科关于挂牌公司被纳入失信被执行人的公告（补发）.pdf
2026-04-14 17:18:58,671 [INFO]   分类: 公司被纳入 | 公司:  | 姓名: 
2026-04-14 17:18:58,672 [INFO] 
处理: 0233_[临时公告]ST京时关于全资子公司被纳入失信被执行人的公告（补发）.pdf
2026-04-14 17:18:58,995 [INFO]   分类: 公司被纳入 | 公司: 全资子公司 | 姓名: 
2026-04-14 17:18:58,996 [INFO] 
处理: 0234_[临时公告]好生活关于补发公司被纳入失信被执行人公告的声明公告.pdf
2026-04-14 17:18:59,110 [INFO]   分类: 公司被纳入 | 公司:  | 姓名: 
2026-04-14 17:18:59,111 [INFO] 
处理: 0235_[临时公告]ST格子关于子公司被纳入失信被执行人的补发声明公告.pdf
2026-04-14 17:18:59,221 [INFO]   分类: 公司被纳入 | 公司:  | 姓名: 
2026-04-14 17:18:59,221 [INFO] 
处理: 0236_[临时公告]ST东学关于子公司被纳入失信被执行人的补发声明公告.pdf
2026-04-14 17:18:59,428 [INFO]   分类: 公司被纳入 | 公司:  | 姓名: 
2026-04-14 17:18:59,428 [INFO] 
处理: 0237_[临时公告]杰事杰实际控制人及控股股东被纳入失信被执行人的公告（更正后）.pdf
2026-04-14 17:18:59,922 [INFO]   分类: 个人被纳入 | 公司:  | 姓名: 任职资，本次，杨桂生
2026-04-14 17:18:59,923 [INFO] 
处理: 0238_[临时公告]华浩环保关于公司、实际控制人被纳入失信被执行人的公告.pdf
2026-04-14 17:19:00,240 [INFO]   分类: 公司及个人被纳入 | 公司:  | 姓名: 戴自觉，本次
2026-04-14 17:19:00,240 [INFO] 
处理: 0239_[临时公告]国环科技PPP项目控股子公司解除失信被执行人的公告.pdf
2026-04-14 17:19:00,463 [INFO]   分类: 公司被撤销 | 公司: 项目控股子公司 | 姓名: 
2026-04-14 17:19:00,463 [INFO] 
处理: 0240_[临时公告]金科资源关于控股子公司被移出失信被执行人名录的公告.pdf
2026-04-14 17:19:00,616 [INFO]   分类: 公司被撤销 | 公司: 控股子公司 | 姓名: 
2026-04-14 17:19:00,616 [INFO] 
处理: 0241_[临时公告]ST宏力生关于公司被纳入失信被执行人的补发声明公告.pdf
2026-04-14 17:19:00,772 [INFO]   分类: 公司被纳入 | 公司:  | 姓名: 
2026-04-14 17:19:00,773 [INFO] 
处理: 0242_[临时公告]易家科技关于控股子公司被纳入失信被执行人的公告（补发）.pdf
2026-04-14 17:19:01,067 [INFO]   分类: 公司被纳入 | 公司: 控股子公司 | 姓名: 
2026-04-14 17:19:01,068 [INFO] 
处理: 0243_[临时公告]鱼鳞图关于控股子公司解除失信被执行人公告的补发声明.pdf
2026-04-14 17:19:01,211 [INFO]   分类: 公司被撤销 | 公司:  | 姓名: 
2026-04-14 17:19:01,212 [INFO] 
处理: 0244_[临时公告]商翔科技关于实际控制人被纳入失信被执行人的公告(补发).pdf
2026-04-14 17:19:01,564 [INFO]   分类: 个人被纳入 | 公司:  | 姓名: 本次
2026-04-14 17:19:01,564 [INFO] 
处理: 0245_[临时公告]西谷数字关于实际控制人被纳入失信被执行人的公告（补发）.pdf
2026-04-14 17:19:02,248 [INFO]   分类: 个人被纳入 | 公司:  | 姓名: 本次
2026-04-14 17:19:02,248 [INFO] 
处理: 0246_[临时公告]ST幸美监事会主席被纳入失信被执行人的补发声明公告.pdf
2026-04-14 17:19:02,417 [INFO]   分类: 个人被纳入 | 公司:  | 姓名: 郑瑞海
2026-04-14 17:19:02,418 [INFO] 
处理: 0247_[临时公告]呼阀控股关于法定代表人被纳入失信被执行人的公告（补发）.pdf
2026-04-14 17:19:02,736 [INFO]   分类: 个人被纳入 | 公司:  | 姓名: 本次，洪文曙
2026-04-14 17:19:02,737 [INFO] 
处理: 0248_[临时公告]宏伟超达公司及相关责任主体被纳入失信被执行人的公告.pdf
2026-04-14 17:19:03,460 [INFO]   分类: 公司被纳入 | 公司:  | 姓名: 
2026-04-14 17:19:03,460 [INFO] 
处理: 0249_[临时公告]鲁南数据关于控股子公司被纳入失信被执行人公告的补发声明.pdf
2026-04-14 17:19:03,590 [INFO]   分类: 公司被纳入 | 公司: 控股子公司 | 姓名: 
2026-04-14 17:19:03,590 [INFO] 
处理: 0250_[临时公告]饶电科技关于公司实际控制人被纳入失信被执行人的公告（补发）.pdf
2026-04-14 17:19:03,867 [INFO]   分类: 个人被纳入 | 公司:  | 姓名: 本次
2026-04-14 17:19:03,868 [INFO] 
处理: 0251_[临时公告]中辰园林关于公司被纳入失信被执行人补发公告的说明公告.pdf
2026-04-14 17:19:04,026 [INFO]   分类: 公司被纳入 | 公司:  | 姓名: 
2026-04-14 17:19:04,026 [INFO] 
处理: 0252_[临时公告]ST安科达关于公司实控人之一被纳入失信被执行人的公告.pdf
2026-04-14 17:19:04,623 [INFO]   分类: 个人被纳入 | 公司:  | 姓名: 本次，韩卫华
2026-04-14 17:19:04,624 [INFO] 
处理: 0253_[临时公告]非凡传媒关于全资子公司被纳入失信被执行人公告的补发声明.pdf
2026-04-14 17:19:04,774 [INFO]   分类: 公司被纳入 | 公司: 司全资子公司 | 姓名: 
2026-04-14 17:19:04,775 [INFO] 
处理: 0254_[临时公告]云鼎教育关于公司实际控制人、董事被移出失信被执行人的公告.pdf
2026-04-14 17:19:04,996 [INFO]   分类: 个人被撤销 | 公司:  | 姓名: 徐振修
2026-04-14 17:19:04,996 [INFO] 
处理: 0255_[临时公告]鑫鑫龙鑫公司及法定代表人被纳入失信联合惩戒对象的公告.pdf
2026-04-14 17:19:05,273 [INFO]   分类: 公司及个人被纳入 | 公司:  | 姓名: 本次，裴兴星
2026-04-14 17:19:05,273 [INFO] 
处理: 0256_[临时公告]速达科技关于补发挂牌公司被纳入失信被执行人公告的声明.pdf
2026-04-14 17:19:05,455 [INFO]   分类: 公司被纳入 | 公司:  | 姓名: 
2026-04-14 17:19:05,455 [INFO] 
处理: 0257_[临时公告]安徽墨药关于补发公司被纳入失信被执行人公告的声明公告.pdf
2026-04-14 17:19:05,649 [INFO]   分类: 公司被纳入 | 公司:  | 姓名: 
2026-04-14 17:19:05,649 [INFO] 
处理: 0258_[临时公告]ST精标科挂牌公司及子公司被纳入失信被执行人的公告（补发）.pdf
2026-04-14 17:19:05,996 [INFO]   分类: 公司被纳入 | 公司: 挂牌公司及子公司 | 姓名: 
2026-04-14 17:19:05,997 [INFO] 
处理: 0259_[临时公告]瀛海股份关于控股子公司被纳入失信被执行人公告的补发声明.pdf
2026-04-14 17:19:06,155 [INFO]   分类: 公司被纳入 | 公司:  | 姓名: 
2026-04-14 17:19:06,155 [INFO] 
处理: 0260_[临时公告]美世创投关于补发控股子公司被纳入失信被执行人的声明公告.pdf
2026-04-14 17:19:06,286 [INFO]   分类: 公司被纳入 | 公司: 世联合创业投资股份有限公司关于控股子公司，控股子公司 | 姓名: 
2026-04-14 17:19:06,286 [INFO] 
处理: 0261_[临时公告]佳信捷关于补发子公司被纳入失信被执行人的公告的声明公告.pdf
2026-04-14 17:19:06,472 [INFO]   分类: 公司被纳入 | 公司:  | 姓名: 
2026-04-14 17:19:06,472 [INFO] 
处理: 0262_[临时公告]ST华芯数公司董事长、总经理被纳入失信被执行人的公告（新增）.pdf
2026-04-14 17:19:06,700 [INFO]   分类: 个人被纳入 | 公司:  | 姓名: 屠晓，本次
2026-04-14 17:19:06,700 [INFO] 
处理: 0263_[临时公告]易家科技关于控股子公司被纳入失信被执行人公告的补发声明.pdf
2026-04-14 17:19:06,859 [INFO]   分类: 公司被纳入 | 公司: 股子公司 | 姓名: 
2026-04-14 17:19:06,859 [INFO] 
处理: 0264_[临时公告]汉唐环保关于实际控制人被纳入失信被执行人公告的补发声明.pdf
2026-04-14 17:19:07,071 [INFO]   分类: 个人被纳入 | 公司:  | 姓名: 庞桂芝
2026-04-14 17:19:07,072 [INFO] 
处理: 0265_[临时公告]中化大气关于公司法定代表人解除失信联合惩戒对象的公告.pdf
2026-04-14 17:19:07,287 [INFO]   分类: 个人被撤销 | 公司:  | 姓名: 许跃南
2026-04-14 17:19:07,287 [INFO] 
处理: 0266_[临时公告]中化大气公司及法定代表人被纳入失信联合惩戒对象的公告.pdf
2026-04-14 17:19:07,595 [INFO]   分类: 公司及个人被纳入 | 公司:  | 姓名: 本次，许跃南
2026-04-14 17:19:07,595 [INFO] 
处理: 0267_[临时公告]时代正邦关于补发公司董事被纳入失信被执行人的声明公告.pdf
2026-04-14 17:19:07,755 [INFO]   分类: 个人被纳入 | 公司:  | 姓名: 姜伟强
2026-04-14 17:19:07,755 [INFO] 
处理: 0268_[临时公告]ST阳光坊董事、高级管理人员被纳入失信联合惩戒对象的公告.pdf
2026-04-14 17:19:07,996 [INFO]   分类: 个人被纳入 | 公司:  | 姓名: 张春梅，本次
2026-04-14 17:19:07,997 [INFO] 
处理: 0269_[临时公告]睿通股份关于补发公司董事补纳入失信被执行人的声明公告.pdf
2026-04-14 17:19:08,136 [INFO]   分类: 个人被纳入 | 公司:  | 姓名: 顾引奇
2026-04-14 17:19:08,136 [INFO] 
处理: 0270_[临时公告]祥云飞龙下属子公司、公司董事被纳入失信被执行人的公告（补发）.pdf
2026-04-14 17:19:09,113 [INFO]   分类: 公司及个人被纳入 | 公司: 下属子公司 | 姓名: 本次，许良
2026-04-14 17:19:09,113 [INFO] 
处理: 0271_[临时公告]世能科泰关于公司及法定代表人被纳入失信被执行人的公告.pdf
2026-04-14 17:19:09,580 [INFO]   分类: 公司及个人被纳入 | 公司:  | 姓名: 和高级，本次，沈忠东
2026-04-14 17:19:09,580 [INFO] 
处理: 0272_[临时公告]ST云中药关于补发重大诉讼、被纳入失信执行人的公告的声明.pdf
2026-04-14 17:19:09,751 [INFO]   分类: 公司被纳入 | 公司:  | 姓名: 
2026-04-14 17:19:09,751 [INFO] 
处理: 0273_[临时公告]ST特力惠关于子公司被纳入失信被执行人的补发声明公告.pdf
2026-04-14 17:19:09,910 [INFO]   分类: 公司被纳入 | 公司: 成都云栈时代科技有限公司 | 姓名: 
2026-04-14 17:19:09,910 [INFO] 
处理: 0274_[临时公告]ST约克关于公司新增被纳入失信被执行人事项的公告（补发）.pdf
2026-04-14 17:19:10,200 [INFO]   分类: 公司被纳入 | 公司:  | 姓名: 
2026-04-14 17:19:10,200 [INFO] 
处理: 0275_[临时公告]三明股份关于控股子公司被纳入失信被执行人的补发声明公告.pdf
2026-04-14 17:19:10,350 [INFO]   分类: 公司被纳入 | 公司: 河北碳云新能源开发有限公司 | 姓名: 
2026-04-14 17:19:10,350 [INFO] 
处理: 0276_[临时公告]中岳非晶关于挂牌公司、公司董事被纳入失信被执行人的公告.pdf
2026-04-14 17:19:10,765 [INFO]   分类: 公司及个人被纳入 | 公司:  | 姓名: 本次，董松慧
2026-04-14 17:19:10,766 [INFO] 
处理: 0277_[临时公告]ST约克关于补发公司被纳入失信被执行人公告的声明公告.pdf
2026-04-14 17:19:10,928 [INFO]   分类: 公司被纳入 | 公司:  | 姓名: 
2026-04-14 17:19:10,928 [INFO] 
处理: 0278_[临时公告]天图控股公司、控股股东、实际控制人被纳入失信被执行人的公告.pdf
2026-04-14 17:19:11,274 [INFO]   分类: 公司及个人被纳入 | 公司:  | 姓名: 吴泽友，本次
2026-04-14 17:19:11,274 [INFO] 
处理: 0279_[临时公告]国环科技PPP项目控股子公司被纳入失信被执行人的公告.pdf
2026-04-14 17:19:11,613 [INFO]   分类: 公司被纳入 | 公司: 项目控股子公司 | 姓名: 
2026-04-14 17:19:11,613 [INFO] 
处理: 0280_[临时公告]展唐科技关于子公司被列入严重违法失信企业名单的公告(补发).pdf
2026-04-14 17:19:11,875 [INFO]   分类: 公司被纳入 | 公司:  | 姓名: 
2026-04-14 17:19:11,875 [INFO] 
处理: 0281_[临时公告]西谷数字关于实际控制人被纳入失信被执行人的补发声明公告.pdf
2026-04-14 17:19:12,019 [INFO]   分类: 个人被纳入 | 公司:  | 姓名: 
2026-04-14 17:19:12,020 [INFO] 
处理: 0282_[临时公告]贵交科关于控股子公司被纳入失信被执行人公告的补发声明.pdf
2026-04-14 17:19:12,176 [INFO]   分类: 公司被纳入 | 公司:  | 姓名: 
2026-04-14 17:19:12,177 [INFO] 
处理: 0283_[临时公告]正潭股份关于补发公司被纳入失信被执行人名单公告的说明.pdf
2026-04-14 17:19:12,305 [INFO]   分类: 公司被纳入 | 公司:  | 姓名: 
2026-04-14 17:19:12,306 [INFO] 
处理: 0284_[临时公告]三匹马关于实际控制人被纳入失信被执行人的补发说明公告.pdf
2026-04-14 17:19:12,466 [INFO]   分类: 个人被纳入 | 公司:  | 姓名: 
2026-04-14 17:19:12,466 [INFO] 
处理: 0285_[临时公告]菲达科技控股股东实际控制人被纳入失信被执行人的公告（补发）.pdf
2026-04-14 17:19:12,695 [INFO]   分类: 个人被纳入 | 公司:  | 姓名: 张敏，本次
2026-04-14 17:19:12,695 [INFO] 
处理: 0286_[临时公告]灵汇股份控股股东实际控制人被纳入失信被执行人的公告（补发）.pdf
2026-04-14 17:19:12,918 [INFO]   分类: 个人被纳入 | 公司:  | 姓名: 本次，王必松
2026-04-14 17:19:12,919 [INFO] 
处理: 0287_[临时公告]瑞博检测关于补发公司被纳入失信被执行人名单公告的说明.pdf
2026-04-14 17:19:13,071 [INFO]   分类: 公司被纳入 | 公司:  | 姓名: 
2026-04-14 17:19:13,071 [INFO] 
处理: 0288_[临时公告]金蓬股份关于公司及实际控制人被解除失信被执行人的公告.pdf
2026-04-14 17:19:13,351 [INFO]   分类: 公司及个人被撤销 | 公司:  | 姓名: 牛勇超
2026-04-14 17:19:13,352 [INFO] 
处理: 0289_[临时公告]信隆行关于补发公司董事被纳入失信联合惩戒对象的声明公告.pdf
2026-04-14 17:19:13,532 [INFO]   分类: 个人被纳入 | 公司:  | 姓名: 龚诗恺
2026-04-14 17:19:13,532 [INFO] 
处理: 0290_[临时公告]ST华芯数公司董事长、总经理被纳入失信被执行人的公告（补发）.pdf
2026-04-14 17:19:13,850 [INFO]   分类: 个人被纳入 | 公司:  | 姓名: 屠晓，本次
2026-04-14 17:19:13,850 [INFO] 
处理: 0291_[临时公告]枫华种业关于补发公司被纳入失信被执行人名单公告的说明.pdf
2026-04-14 17:19:13,982 [INFO]   分类: 公司被纳入 | 公司:  | 姓名: 
2026-04-14 17:19:13,983 [INFO] 
处理: 0292_[临时公告]威麦云健关于补发公司被纳入失信被执行人公告的声明公告.pdf
2026-04-14 17:19:14,155 [INFO]   分类: 公司被纳入 | 公司:  | 姓名: 
2026-04-14 17:19:14,156 [INFO] 
处理: 0293_[临时公告]ST新伟控股股东、实际控制人、高管被纳入失信被执行人的公告.pdf
2026-04-14 17:19:14,476 [INFO]   分类: 个人被纳入 | 公司:  | 姓名: 本次，李博，毛伟，韩玉娟
2026-04-14 17:19:14,477 [INFO] 
处理: 0294_[临时公告]天方科技公司及公司实际控制人被纳入失信被执行人的公告.pdf
2026-04-14 17:19:14,777 [INFO]   分类: 公司及个人被纳入 | 公司:  | 姓名: 本次
2026-04-14 17:19:14,777 [INFO] 
处理: 0295_[临时公告]ST新伟控股股东、实际控制人、监事被纳入失信被执行人的公告.pdf
2026-04-14 17:19:15,172 [INFO]   分类: 个人被纳入 | 公司:  | 姓名: 何志立，本次，毛伟
2026-04-14 17:19:15,172 [INFO] 
处理: 0296_[临时公告]春泉园林关于补发公司新增被纳入失信被执行人公告的声明公告.pdf
2026-04-14 17:19:15,360 [INFO]   分类: 公司被纳入 | 公司:  | 姓名: 
2026-04-14 17:19:15,360 [INFO] 
处理: 0297_[临时公告]春泉园林关于补发公司新增被纳入失信被执行人公告的声明公告.pdf
2026-04-14 17:19:15,512 [INFO]   分类: 公司被纳入 | 公司:  | 姓名: 
2026-04-14 17:19:15,512 [INFO] 
处理: 0298_[临时公告]ST安科达关于公司实控人之一被纳入失信被执行人的补发说明.pdf
2026-04-14 17:19:15,640 [INFO]   分类: 个人被纳入 | 公司:  | 姓名: 
2026-04-14 17:19:15,640 [INFO] 
处理: 0299_[临时公告]圆融科技关于补发公司监事被纳入失信被执行人公告的声明公告.pdf
2026-04-14 17:19:15,777 [INFO]   分类: 个人被纳入 | 公司:  | 姓名: 
2026-04-14 17:19:15,777 [INFO] 
处理: 0300_[临时公告]ST京时关于补发全资子公司被纳入失信被执行人公告的声明公告.pdf
2026-04-14 17:19:15,919 [INFO]   分类: 公司被纳入 | 公司: 全资子公司 | 姓名: 
2026-04-14 17:19:15,920 [INFO] 
处理: 0301_[临时公告]ST京时关于补发副董事长被纳入失信被执行人公告的声明公告.pdf
2026-04-14 17:19:16,061 [INFO]   分类: 个人被纳入 | 公司:  | 姓名: 
2026-04-14 17:19:16,061 [INFO] 
处理: 0302_[临时公告]中德生物关于公司、公司董事长、子公司被纳入失信被执行人的公告（补发）.pdf
2026-04-14 17:19:16,374 [INFO]   分类: 公司及个人被纳入 | 公司: 全资子公司 | 姓名: 本次
2026-04-14 17:19:16,374 [INFO] 
处理: 0303_[临时公告]铭弘体育关于公司及董事、总经理被移出失信被执行人名单的公告.pdf
2026-04-14 17:19:16,550 [INFO]   分类: 公司及个人被撤销 | 公司:  | 姓名: 
2026-04-14 17:19:16,550 [INFO] 
处理: 0304_[临时公告]中外名人关于补发全资子公司被纳入失信被执行人公告的声明公告.pdf
2026-04-14 17:19:16,652 [INFO]   分类: 公司被纳入 | 公司:  | 姓名: 
2026-04-14 17:19:16,652 [INFO] 
处理: 0305_[临时公告]沧运集团关于补发公司董事被纳入失信被执行人的公告的声明公告.pdf
2026-04-14 17:19:16,859 [INFO]   分类: 个人被纳入 | 公司:  | 姓名: 宋吉春
2026-04-14 17:19:16,859 [INFO] 
处理: 0306_[临时公告]春泉园林关于补发公司新增被纳入失信被执行人公告的声明公告.pdf
2026-04-14 17:19:17,064 [INFO]   分类: 公司被纳入 | 公司:  | 姓名: 
2026-04-14 17:19:17,064 [INFO] 
处理: 0307_[临时公告]ST京时关于补发全资子公司被纳入失信被执行人公告的声明公告.pdf
2026-04-14 17:19:17,175 [INFO]   分类: 公司被纳入 | 公司:  | 姓名: 
2026-04-14 17:19:17,176 [INFO] 
处理: 0308_[临时公告]沧运集团补发公司董事、高级管理人员被纳入失信被执行人的公告.pdf
2026-04-14 17:19:17,753 [INFO]   分类: 个人被纳入 | 公司:  | 姓名: 本次，高贤军
2026-04-14 17:19:17,753 [INFO] 
处理: 0309_[临时公告]瑞恒科技控股股东、实际控制人、董事长被纳入失信被执行人的公告（新增）.pdf
2026-04-14 17:19:18,045 [INFO]   分类: 个人被纳入 | 公司:  | 姓名: 士目前，姚云飞，本次
2026-04-14 17:19:18,045 [INFO] 
处理: 0310_[临时公告]世能科泰关于公司及法定代表人被纳入失信联合惩戒对象的公告.pdf
2026-04-14 17:19:18,292 [INFO]   分类: 公司及个人被纳入 | 公司:  | 姓名: 和高级，本次，沈忠东
2026-04-14 17:19:18,293 [INFO] 
处理: 0311_[临时公告]海高通信关于公司实际控制人被纳入失信被执行人公告的补发声明.pdf
2026-04-14 17:19:18,404 [INFO]   分类: 个人被纳入 | 公司:  | 姓名: 隋田力
2026-04-14 17:19:18,404 [INFO] 
处理: 0312_[临时公告]杰事杰实际控制人及控股股东被纳入失信被执行人的公告（更正公告）.pdf
2026-04-14 17:19:18,736 [INFO]   分类: 个人被纳入 | 公司:  | 姓名: 杨桂生
2026-04-14 17:19:18,737 [INFO] 
处理: 0313_[临时公告]欣影科技关于补发公司董事被纳入失信被执行人的公告的声明公告.pdf
2026-04-14 17:19:18,867 [INFO]   分类: 个人被纳入 | 公司:  | 姓名: 周庆
2026-04-14 17:19:18,867 [INFO] 
处理: 0314_[临时公告]佳信捷关于补发公司董事被纳入失信被执行人的公告的声明公告.pdf
2026-04-14 17:19:19,032 [INFO]   分类: 个人被纳入 | 公司:  | 姓名: 王献文
2026-04-14 17:19:19,033 [INFO] 
处理: 0315_[临时公告]商翔科技关于补发实际控制人被纳入失信被执行人公告的声明公告.pdf
2026-04-14 17:19:19,185 [INFO]   分类: 个人被纳入 | 公司:  | 姓名: 
2026-04-14 17:19:19,185 [INFO] 
处理: 0316_[临时公告]金科资源关于补发控股子公司被纳入失信被执行人公告的声明公告.pdf
2026-04-14 17:19:19,292 [INFO]   分类: 公司被纳入 | 公司: 司信阳市金科再生资源有限公司，控股子公司 | 姓名: 
2026-04-14 17:19:19,292 [INFO] 
处理: 0317_[临时公告]世能科泰关于公司及法定代表人被纳入失信联合惩戒对象的公告.pdf
2026-04-14 17:19:19,550 [INFO]   分类: 公司及个人被纳入 | 公司:  | 姓名: 和高级，本次，沈忠东
2026-04-14 17:19:19,551 [INFO] 
处理: 0318_[临时公告]邢农银行关于补发公司监事被纳入失信联合惩戒对象的声明公告.pdf
2026-04-14 17:19:19,711 [INFO]   分类: 个人被纳入 | 公司:  | 姓名: 
2026-04-14 17:19:19,712 [INFO] 
处理: 0319_[临时公告]世能科泰关于公司及法定代表人被纳入失信联合惩戒对象的公告.pdf
2026-04-14 17:19:20,049 [INFO]   分类: 公司及个人被纳入 | 公司:  | 姓名: 和高级，本次，沈忠东
2026-04-14 17:19:20,049 [INFO] 
处理: 0320_[临时公告]ST京时关于补发全资子公司被纳入失信被执行人公告的声明公告.pdf
2026-04-14 17:19:20,181 [INFO]   分类: 公司被纳入 | 公司: 全资子公司 | 姓名: 
2026-04-14 17:19:20,181 [INFO] 
处理: 0321_[临时公告]旗升电气公司及法定代表人被纳入失信联合惩戒对象的公告（补发）.pdf
2026-04-14 17:19:20,614 [INFO]   分类: 公司及个人被纳入 | 公司:  | 姓名: 和高级，本次，綦联声
2026-04-14 17:19:20,614 [INFO] 
处理: 0322_[临时公告]斯特龙关于补发控股子公司被纳入失信被执行人的公告的声明公告.pdf
2026-04-14 17:19:20,771 [INFO]   分类: 公司被纳入 | 公司: 控股子公司 | 姓名: 
2026-04-14 17:19:20,771 [INFO] 
处理: 0323_[临时公告]智感科技关于补发公司董事被纳入失信被执行人的公告的声明公告.pdf
2026-04-14 17:19:20,984 [INFO]   分类: 个人被纳入 | 公司:  | 姓名: 云晓
2026-04-14 17:19:20,985 [INFO] 
处理: 0324_[临时公告]ST威克传关于补发公司被纳入失信被执行人名单公告的说明公告.pdf
2026-04-14 17:19:21,101 [INFO]   分类: 公司被纳入 | 公司:  | 姓名: 
2026-04-14 17:19:21,101 [INFO] 
处理: 0325_[临时公告]菲达科技控股股东实际控制人被纳入失信被执行人的补发说明公告.pdf
2026-04-14 17:19:21,263 [INFO]   分类: 个人被纳入 | 公司:  | 姓名: 
2026-04-14 17:19:21,263 [INFO] 
处理: 0326_[临时公告]绿清科技公司控股股东、实际控制人被纳入失信被执行人的公告（补发）.pdf
2026-04-14 17:19:21,495 [INFO]   分类: 个人被纳入 | 公司:  | 姓名: 本次，石建忠
2026-04-14 17:19:21,496 [INFO] 
处理: 0327_[临时公告]沧运集团关于补发公司董事被纳入失信被执行人的公告的声明公告.pdf
2026-04-14 17:19:21,705 [INFO]   分类: 个人被纳入 | 公司:  | 姓名: 宋吉春
2026-04-14 17:19:21,705 [INFO] 
处理: 0328_[临时公告]ST益家公司控股股东、实际控制人被纳入失信被执行人的公告（补发）.pdf
2026-04-14 17:19:22,092 [INFO]   分类: 个人被纳入 | 公司:  | 姓名: 本次，章仁勇
2026-04-14 17:19:22,092 [INFO] 
处理: 0329_[临时公告]国环科技PPP项目控股子公司被纳入失信被执行人的公告(补发)（更正后）.pdf
2026-04-14 17:19:22,381 [INFO]   分类: 公司被纳入 | 公司: 项目控股子公司 | 姓名: 
2026-04-14 17:19:22,381 [INFO] 
处理: 0330_[临时公告]国环科技PPP项目控股子公司被纳入失信被执行人的公告(补发)（已取消）.pdf
2026-04-14 17:19:22,660 [INFO]   分类: 公司被纳入 | 公司: 项目控股子公司 | 姓名: 
2026-04-14 17:19:22,660 [INFO] 
处理: 0331_[临时公告]精标科技关于补发挂牌公司被纳入失信被执行人的公告的说明公告.pdf
2026-04-14 17:19:23,187 [INFO]   分类: 公司被纳入 | 公司: 挂牌公司 | 姓名: 
2026-04-14 17:19:23,187 [INFO] 
处理: 0332_[临时公告]国云科技控股子公司及其法人被纳入失信联合惩戒对象的公告(补发)（更正后）.pdf
2026-04-14 17:19:23,426 [INFO]   分类: 公司被纳入 | 公司:  | 姓名: 
2026-04-14 17:19:23,427 [INFO] 
处理: 0333_[临时公告]国云科技控股子公司及其法人被纳入失信联合惩戒对象的公告(补发)（已取消）.pdf
2026-04-14 17:19:23,726 [INFO]   分类: 公司被纳入 | 公司:  | 姓名: 
2026-04-14 17:19:23,726 [INFO] 
处理: 0334_[临时公告]ST东学关于实际控制人被纳入失信被执行人并被限制高消费的公告.pdf
2026-04-14 17:19:24,122 [INFO]   分类: 个人被纳入 | 公司:  | 姓名: 本次，薛锋
2026-04-14 17:19:24,123 [INFO] 
处理: 0335_[临时公告]饶电科技关于公司实际控制人被纳入失信被执行人补发公告的说明公告.pdf
2026-04-14 17:19:24,281 [INFO]   分类: 个人被纳入 | 公司:  | 姓名: 
2026-04-14 17:19:24,282 [INFO] 
处理: 0336_[临时公告]R紫晶1公司、法定代表人、实际控制人及子公司被纳入失信被执行人的公告.pdf
2026-04-14 17:19:25,438 [INFO]   分类: 公司及个人被纳入 | 公司: 实际控制人及子公司，广东紫晶信息存储技术股份有限公司，深圳紫晶存储科技有限公司 | 姓名: 本次，罗铁威，郑穆
2026-04-14 17:19:25,440 [INFO] 
处理: 0337_[临时公告]黄河水控股股东、实际控制人、董事长、总经理被纳入失信被执行人的公告（补发）.pdf
2026-04-14 17:19:25,796 [INFO]   分类: 个人被纳入 | 公司:  | 姓名: 何业俊，本次
2026-04-14 17:19:25,796 [INFO] 
处理: 0338_[临时公告]ST精标科关于补发挂牌公司被纳入失信被执行人的公告的说明公告.pdf
2026-04-14 17:19:25,948 [INFO]   分类: 公司被纳入 | 公司:  | 姓名: 
2026-04-14 17:19:25,948 [INFO] 
处理: 0339_[临时公告]沧运集团关于公司董事、高级管理人员被移出失信被执行人名单的公告.pdf
2026-04-14 17:19:26,103 [INFO]   分类: 个人被撤销 | 公司:  | 姓名: 宋吉春，高贤军
2026-04-14 17:19:26,103 [INFO] 
处理: 0340_[临时公告]ST精标科挂牌公司及子公司被纳入失信被执行人的公告的说明公告.pdf
2026-04-14 17:19:26,275 [INFO]   分类: 公司被纳入 | 公司: 挂牌公司及子公司 | 姓名: 
2026-04-14 17:19:26,275 [INFO] 
处理: 0341_[临时公告]美世创投关于补发公司实际控制人、董事被纳入失信被执行人的声明公告.pdf
2026-04-14 17:19:26,478 [INFO]   分类: 个人被纳入 | 公司:  | 姓名: 张洪勋，张洪欣
2026-04-14 17:19:26,478 [INFO] 
处理: 0342_[临时公告]世能科泰关于补发公司及法定代表人被纳入失信被执行人公告的声明.pdf
2026-04-14 17:19:27,381 [INFO]   分类: 公司及个人被纳入 | 公司:  | 姓名: 
2026-04-14 17:19:27,381 [INFO] 
处理: 0343_[临时公告]华冶科技关于控股股东、实际控制人案件被移除失信被执行人名录的公告.pdf
2026-04-14 17:19:27,554 [INFO]   分类: 不属于失信人 | 公司:  | 姓名: 王茂庭
2026-04-14 17:19:27,554 [INFO] 
处理: 0344_[临时公告]ST约克关于补发公司新增被纳入失信被执行人事项公告的声明公告.pdf
2026-04-14 17:19:27,707 [INFO]   分类: 公司被纳入 | 公司:  | 姓名: 
2026-04-14 17:19:27,708 [INFO] 
处理: 0345_[临时公告]景灿股份关于补发实际控制人、董事被纳入失信被执行人公告的声明公告.pdf
2026-04-14 17:19:27,856 [INFO]   分类: 个人被纳入 | 公司:  | 姓名: 
2026-04-14 17:19:27,856 [INFO] 
处理: 0346_[临时公告]ST京时关于公司董事长、副董事长新增被纳入失信被执行人事项的公告.pdf
2026-04-14 17:19:28,327 [INFO]   分类: 个人被纳入 | 公司:  | 姓名: 公告，彭伟民，本次，王小兰，董监高
2026-04-14 17:19:28,327 [INFO] 
处理: 0347_[临时公告]展唐科技关于子公司被列入严重违法失信企业名单的公告的补发说明.pdf
2026-04-14 17:19:28,484 [INFO]   分类: 公司被纳入 | 公司:  | 姓名: 
2026-04-14 17:19:28,485 [INFO] 
处理: 0348_[临时公告]华冶科技关于公司控股股东、实际控制人被纳入失信被执行人的公告(补发).pdf
2026-04-14 17:19:28,937 [INFO]   分类: 个人被纳入 | 公司:  | 姓名: 本次，王茂庭，董监高
2026-04-14 17:19:28,937 [INFO] 
处理: 0349_[临时公告]国环科技PPP项目控股子公司被纳入失信被执行人的公告(补发)（更正公告）.pdf
2026-04-14 17:19:29,254 [INFO]   分类: 公司被纳入 | 公司: 项目控股子公司 | 姓名: 
2026-04-14 17:19:29,254 [INFO] 
处理: 0350_[临时公告]兴业源关于补发控股子公司被纳入其他失信联合惩戒对象的声明公告.pdf
2026-04-14 17:19:29,458 [INFO]   分类: 公司被纳入 | 公司:  | 姓名: 
2026-04-14 17:19:29,458 [INFO] 
处理: 0351_[临时公告]ST蓝奥关于补发公司、分公司被纳入失信被执行人的公告的声明公告.pdf
2026-04-14 17:19:29,973 [INFO]   分类: 公司被纳入 | 公司:  | 姓名: 
2026-04-14 17:19:29,973 [INFO] 
处理: 0352_[临时公告]ST泓宇公司法人代表、董事长、总经理陈志强先生被纳入失信被执行人的公告.pdf
2026-04-14 17:19:30,299 [INFO]   分类: 个人被纳入 | 公司:  | 姓名: 本次，陈志强
2026-04-14 17:19:30,299 [INFO] 
处理: 0353_[临时公告]R新文化1公司及法定代表人被纳入失信联合惩戒对象暨风险提示的公告.pdf
2026-04-14 17:19:30,635 [INFO]   分类: 公司及个人被纳入 | 公司:  | 姓名: 周健之，周建之
2026-04-14 17:19:30,635 [INFO] 
处理: 0354_[临时公告]ST风平公司及控股股东、实际控制人、董事、总经理被纳入失信被执行人的公告.pdf
2026-04-14 17:19:30,938 [INFO]   分类: 公司及个人被纳入 | 公司:  | 姓名: 本次，田兵
2026-04-14 17:19:30,938 [INFO] 
处理: 0355_[临时公告]万承志堂关于补发控股股东、实际控制人被纳入失信被执行人公告的声明公告.pdf
2026-04-14 17:19:31,081 [INFO]   分类: 个人被纳入 | 公司:  | 姓名: 
2026-04-14 17:19:31,081 [INFO] 
处理: 0356_[临时公告]中德生物关于补发公司、公司董事长、子公司被纳入失信被执行人公告的说明公告.pdf
2026-04-14 17:19:31,294 [INFO]   分类: 公司及个人被纳入 | 公司: 和子公司 | 姓名: 李林
2026-04-14 17:19:31,294 [INFO] 
处理: 0357_[临时公告]四宝生物控股股东、实际控制人、董事长、总经理张凤春被纳入失信被执行人的公告.pdf
2026-04-14 17:19:31,661 [INFO]   分类: 个人被纳入 | 公司:  | 姓名: 张凤春，本次，生目前
2026-04-14 17:19:31,662 [INFO] 
处理: 0358_[临时公告]瑞恒科技关于补发控股股东、实际控制人、董事长被纳入失信被执行人公告的声明.pdf
2026-04-14 17:19:31,789 [INFO]   分类: 个人被纳入 | 公司:  | 姓名: 姚云飞
2026-04-14 17:19:31,790 [INFO] 
处理: 0359_[临时公告]ST华芯数关于补发董事长、总经理被纳入失信被执行人的公告的声明公告.pdf
2026-04-14 17:19:31,897 [INFO]   分类: 个人被纳入 | 公司:  | 姓名: 屠晓先
2026-04-14 17:19:31,897 [INFO] 
处理: 0360_[临时公告]阳光中科挂牌公司、全资子公司、实际控制人、总经理被纳入失信被执行人的公告.pdf
2026-04-14 17:19:32,676 [INFO]   分类: 公司及个人被纳入 | 公司: 全资子公司 | 姓名: 本次，许光荣，许奕川，阳光
2026-04-14 17:19:32,677 [INFO] 
处理: 0361_[临时公告]R紫晶1控股股东、法定代表人、实际控制人及子公司被纳入失信被执行人的公告.pdf
2026-04-14 17:19:33,508 [INFO]   分类: 个人被纳入 | 公司:  | 姓名: 本次，罗铁威，郑穆
2026-04-14 17:19:33,508 [INFO] 
处理: 0362_[临时公告]祥云飞龙关于公司下属子公司、公司董事被纳入失信被执行人的公告补发声明.pdf
2026-04-14 17:19:33,642 [INFO]   分类: 公司及个人被纳入 | 公司:  | 姓名: 许良
2026-04-14 17:19:33,643 [INFO] 
处理: 0363_[临时公告]ST云中药关于实际控制人、董事长等相关主体被纳入失信被执行人的公告.pdf
2026-04-14 17:19:34,018 [INFO]   分类: 个人被纳入 | 公司:  | 姓名: 刘坤，本次
2026-04-14 17:19:34,019 [INFO] 
处理: 0364_[临时公告]R斯达12024-035高斯达关于监事被纳入失信被执行人的补发声明.pdf
2026-04-14 17:19:34,163 [INFO]   分类: 个人被纳入 | 公司:  | 姓名: 
2026-04-14 17:19:34,163 [INFO] 
处理: 0365_[临时公告]绿清科技公司控股股东、实际控制人被纳入失信被执行人的公告的补发说明.pdf
2026-04-14 17:19:34,316 [INFO]   分类: 个人被纳入 | 公司:  | 姓名: 
2026-04-14 17:19:34,316 [INFO] 
处理: 0366_[临时公告]ST益家关于补发公司控股股东、实际控制人被纳入失信被执行人的声明公告.pdf
2026-04-14 17:19:34,513 [INFO]   分类: 个人被纳入 | 公司:  | 姓名: 章仁勇
2026-04-14 17:19:34,514 [INFO] 
处理: 0367_[临时公告]国环科技PPP项目控股子公司被纳入失信被执行人的公告的补发说明公告.pdf
2026-04-14 17:19:34,670 [INFO]   分类: 公司被纳入 | 公司: 控股子公司，项目控股子公司 | 姓名: 
2026-04-14 17:19:34,670 [INFO] 
处理: 0368_[临时公告]R新文化1公司及法定代表人被纳入失信联合惩戒对象暨风险提示的公告.pdf
2026-04-14 17:19:34,990 [INFO]   分类: 公司及个人被纳入 | 公司:  | 姓名: 周健之
2026-04-14 17:19:34,990 [INFO] 
处理: 0369_[临时公告]天图控股关于公司及其关联方被列为失信被执行人、被执行人、限制高消费的公告.pdf
2026-04-14 17:19:36,133 [INFO]   分类: 个人被纳入 | 公司:  | 姓名: 刘晓红，吴泽友，本次
2026-04-14 17:19:36,133 [INFO] 
处理: 0370_[临时公告]国云科技控股子公司及其法人被纳入失信联合惩戒对象的公告(补发)(更正公告).pdf
2026-04-14 17:19:36,323 [INFO]   分类: 公司被纳入 | 公司:  | 姓名: 
2026-04-14 17:19:36,323 [INFO] 
处理: 0371_[临时公告]中岳非晶关于公司、法定代表人、控股股东、董事被纳入失信联合惩戒对象的公告.pdf
2026-04-14 17:19:36,734 [INFO]   分类: 公司及个人被纳入 | 公司:  | 姓名: 刘巧珍，董松慧
2026-04-14 17:19:36,735 [INFO] 
处理: 0372_[临时公告]ST东学关于实际控制人被纳入失信被执行人并被限制高消费的公告的补发声明.pdf
2026-04-14 17:19:36,965 [INFO]   分类: 其他 | 公司:  | 姓名: 薛锋
2026-04-14 17:19:36,965 [INFO] 
处理: 0373_[临时公告]沧运集团关于补发公司董事、高级管理人员被纳入失信被执行人的公告的声明公告.pdf
2026-04-14 17:19:37,216 [INFO]   分类: 个人被纳入 | 公司:  | 姓名: 宋吉春，高贤军
2026-04-14 17:19:37,217 [INFO] 
处理: 0374_[临时公告]鼎端装备关于公司被纳入失信被执行人及法定代表人被出具限制消费令的公告.pdf
2026-04-14 17:19:37,563 [INFO]   分类: 其他 | 公司: 因上述案件公司 | 姓名: 夏雄伟，本次
2026-04-14 17:19:37,563 [INFO] 
处理: 0375_[临时公告]一正保险控股股东、实际控制人被纳入失信被执行人并被出具限制消费令的公告（补发）.pdf
2026-04-14 17:19:37,901 [INFO]   分类: 个人被纳入 | 公司:  | 姓名: 本次
2026-04-14 17:19:37,902 [INFO] 
处理: 0376_[临时公告]ST阳光坊关于公司董事、高级管理人员被纳入失信联合惩戒对象公告的补发声明.pdf
2026-04-14 17:19:38,032 [INFO]   分类: 个人被纳入 | 公司:  | 姓名: 
2026-04-14 17:19:38,033 [INFO] 
处理: 0377_[临时公告]苏北花卉关于公司法定代表人、董事、高级管理人员被纳入失信被执行人的公告（补发）.pdf
2026-04-14 17:19:39,161 [INFO]   分类: 个人被纳入 | 公司:  | 姓名: 公告，本次，王淳
2026-04-14 17:19:39,161 [INFO] 
处理: 0378_[临时公告]诚昊启元关于公司、公司实际控制人及公司控股子公司被纳入失信被执行人的公告.pdf
2026-04-14 17:19:39,587 [INFO]   分类: 公司及个人被纳入 | 公司:  | 姓名: 张旭，本次
2026-04-14 17:19:39,587 [INFO] 
处理: 0379_[临时公告]旗升电气关于补发公司及法定代表人被纳入失信联合惩戒对象的公告的声明公告.pdf
2026-04-14 17:19:39,776 [INFO]   分类: 公司及个人被纳入 | 公司:  | 姓名: 
2026-04-14 17:19:39,776 [INFO] 
处理: 0380_[临时公告]ST泓宇公司及公司法人代表、董事长、总经理陈志强先生被纳入失信被执行人的公告.pdf
2026-04-14 17:19:40,089 [INFO]   分类: 个人被纳入 | 公司:  | 姓名: 本次，陈志强
2026-04-14 17:19:40,089 [INFO] 
处理: 0381_[临时公告]嘉合智能关于子公司被纳入失信被执行人及法定代表人限制消费令的公告（补发）.pdf
2026-04-14 17:19:40,415 [INFO]   分类: 其他 | 公司:  | 姓名: 本次
2026-04-14 17:19:40,415 [INFO] 
处理: 0382_[临时公告]国电康能公司及控股股东、实际控制人、法定代表人、董事被纳入失信被执行人的公告.pdf
2026-04-14 17:19:40,705 [INFO]   分类: 公司及个人被纳入 | 公司:  | 姓名: 张永，本次，陈少忠，陈少辉
2026-04-14 17:19:40,705 [INFO] 
处理: 0383_[临时公告]ST华芯数关于补发公司董事长、总经理被纳入失信被执行人的公告的声明公告.pdf
2026-04-14 17:19:40,814 [INFO]   分类: 个人被纳入 | 公司:  | 姓名: 屠晓先，生存在
2026-04-14 17:19:40,815 [INFO] 
处理: 0384_[临时公告]黄河水关于补发控股股东、实际控制人、董事长、总经理被纳入失信被执行人公告的声明公告.pdf
2026-04-14 17:19:40,974 [INFO]   分类: 个人被纳入 | 公司:  | 姓名: 
2026-04-14 17:19:40,975 [INFO] 
处理: 0385_[临时公告]ST广安生关于公司、公司实际控制人、公司董事、高级管理人员被纳入失信被执行人的公告.pdf
2026-04-14 17:19:41,256 [INFO]   分类: 公司及个人被纳入 | 公司:  | 姓名: 本次，李继平，高天增，高翔
2026-04-14 17:19:41,256 [INFO] 
处理: 0386_[临时公告]洪盛源关于公司被列入失信被执行人、公司及法定代表人被限制高消费公告的补发声明.pdf
2026-04-14 17:19:41,429 [INFO]   分类: 公司被纳入 | 公司:  | 姓名: 
2026-04-14 17:19:41,430 [INFO] 
处理: 0387_[临时公告]苏北花卉关于公司法定代表人、董事、高级管理人员被纳入失信被执行人的补发声明公告.pdf
2026-04-14 17:19:41,649 [INFO]   分类: 个人被纳入 | 公司:  | 姓名: 王淳
2026-04-14 17:19:41,649 [INFO] 
处理: 0388_[临时公告]ST京时关于补发公司董事长、副董事长新增被纳入失信被执行人事项公告的声明公告.pdf
2026-04-14 17:19:41,788 [INFO]   分类: 个人被纳入 | 公司:  | 姓名: 
2026-04-14 17:19:41,788 [INFO] 
处理: 0389_[临时公告]华冶科技关于补发公司控股股东、实际控制人被纳入失信被执行人的公告的声明公告.pdf
2026-04-14 17:19:42,033 [INFO]   分类: 个人被纳入 | 公司:  | 姓名: 茂庭
2026-04-14 17:19:42,033 [INFO] 
处理: 0390_[临时公告]中岳非晶关于挂牌公司、控股股东、董事、高级管理人员、法定代表人被纳入失信被执行人的公告.pdf
2026-04-14 17:19:42,402 [INFO]   分类: 公司及个人被纳入 | 公司:  | 姓名: 刘巧珍，本次，董晓源，董松慧
2026-04-14 17:19:42,402 [INFO] 
处理: 0391_[临时公告]呼阀控股公司被纳入失信被执行人和公司及法定代表人被出具限制高消费令的公告（补发）.pdf
2026-04-14 17:19:42,889 [INFO]   分类: 公司及个人被纳入 | 公司:  | 姓名: 本次
2026-04-14 17:19:42,889 [INFO] 
处理: 0392_[临时公告]ST广安生关于公司、公司实际控制人、公司董事、监事、高级管理人员被纳入失信被执行人的公告.pdf
2026-04-14 17:19:43,532 [INFO]   分类: 公司及个人被纳入 | 公司:  | 姓名: 廖晖，本次，李继平，理人员，董监高，高天增，高智东，高级，高翔
2026-04-14 17:19:43,533 [INFO] 
处理: 0393_[临时公告]四宝生物关于补发控股股东、实际控制人、董事长、总经理张凤春被纳入失信被执行人公告的声明.pdf
2026-04-14 17:19:43,710 [INFO]   分类: 个人被纳入 | 公司:  | 姓名: 张凤春
2026-04-14 17:19:43,710 [INFO] 
处理: 0394_[临时公告]建通地信关于公司控股股东、实际控制人被纳入失信被执行人并被出具限制消费令的公告.pdf
2026-04-14 17:19:44,104 [INFO]   分类: 个人被纳入 | 公司:  | 姓名: 刘志洪，本次
2026-04-14 17:19:44,104 [INFO] 
处理: 0395_[临时公告]R紫晶1公司被纳入失信被执行人及公司、公司法定代表人、实际控制人被限制高消费的公告.pdf
2026-04-14 17:19:44,499 [INFO]   分类: 公司及个人被纳入 | 公司:  | 姓名: 本次，郑穆
2026-04-14 17:19:44,499 [INFO] 
处理: 0396_[临时公告]呼阀控股公司被纳入失信被执行人和公司及法定代表人被出具限制高消费令的公告（补发）.pdf
2026-04-14 17:19:44,905 [INFO]   分类: 公司被纳入 | 公司:  | 姓名: 
2026-04-14 17:19:44,905 [INFO] 
处理: 0397_[临时公告]一正保险关于补发控股股东、实际控制人被纳入失信被执行人并出具限制消费令公告的说明公告.pdf
2026-04-14 17:19:45,078 [INFO]   分类: 个人被纳入 | 公司:  | 姓名: 张大力
2026-04-14 17:19:45,078 [INFO] 
处理: 0398_[临时公告]ST连邦控股股东、实际控制人、董事长、副总经理、全资子公司、全资孙公司被纳入失信被执行人的公告.pdf
2026-04-14 17:19:45,570 [INFO]   分类: 个人被纳入 | 公司: 资孙公司 | 姓名: 本次，郑玉峰
2026-04-14 17:19:45,570 [INFO] 
处理: 0399_[临时公告]帅航股份公司控股股东、实际控制人、董事长被纳入失信被执行人并被出具限制消费令的公告（补发）.pdf
2026-04-14 17:19:46,137 [INFO]   分类: 个人被纳入 | 公司:  | 姓名: 公告，本次，李萌
2026-04-14 17:19:46,138 [INFO] 
处理: 0400_[临时公告]R保千里1江苏保千里视像科技集团股份有限公司关于公司被列为失信被执行人名单的公告.pdf
2026-04-14 17:19:46,947 [INFO]   分类: 个人被纳入 | 公司:  | 姓名: 保证本
2026-04-14 17:19:46,947 [INFO] 
处理: 0401_[临时公告]ST广安生关于公司、公司实际控制人、公司子公司及公司董事、监事、高管被纳入失信被执行人的公告.pdf
2026-04-14 17:19:47,371 [INFO]   分类: 公司及个人被纳入 | 公司:  | 姓名: 本次，李继平，高天增，高智东，高翔
2026-04-14 17:19:47,371 [INFO] 
处理: 0402_[临时公告]呼阀控股关于公司被纳入失信被执行人和公司及法定代表人被出具限制高消费令的公告的补发声明.pdf
2026-04-14 17:19:47,573 [INFO]   分类: 其他 | 公司:  | 姓名: 
2026-04-14 17:19:47,573 [INFO] 
处理: 0403_[临时公告]ST广安生关于公司、公司实际控制人、公司董事、监事、高级管理人员被纳入失信被执行人的补发声明公告.pdf
2026-04-14 17:19:47,706 [INFO]   分类: 公司及个人被纳入 | 公司:  | 姓名: 董监高
2026-04-14 17:19:47,706 [INFO] 
处理: 0404_[临时公告]ST广安生关于公司、公司实际控制人、公司子公司及公司董事、监事、高级管理人员被纳入失信被执行人的公告.pdf
2026-04-14 17:19:48,140 [INFO]   分类: 公司及个人被纳入 | 公司:  | 姓名: 本次，李继平，高天增，高智东，高翔
2026-04-14 17:19:48,140 [INFO] 
处理: 0405_[临时公告]天健环保关于控股子公司被移出失信被执行人及子公司、法定代表人被移出限制高消费名单的公告.pdf
2026-04-14 17:19:48,332 [INFO]   分类: 公司被撤销 | 公司: 于控股子公司，安徽坤健生物科技有限公司 | 姓名: 
2026-04-14 17:19:48,333 [INFO] 
处理: 0406_[临时公告]亚玫股份公司、子公司及实际控制人、控股股东、公司法人代表、子公司法人代表被纳入失信被执行人的公告.pdf
2026-04-14 17:19:50,330 [INFO]   分类: 公司及个人被纳入 | 公司:  | 姓名: 姚丽静，本次，顾健如
2026-04-14 17:19:50,332 [INFO] 
处理: 0407_[临时公告]帅航股份关于补发控股股东、实际控制人、董事长被恢复执行失信被执行人并被出具限制消费令公告的说明.pdf
2026-04-14 17:19:50,505 [INFO]   分类: 其他 | 公司:  | 姓名: 
2026-04-14 17:19:50,505 [INFO] 
处理: 0408_[临时公告]国电康能关于补发公司及控股股东、实际控制人、法定代表人、董事被纳入失信被执行人的公告的声明公告.pdf
2026-04-14 17:19:50,779 [INFO]   分类: 公司及个人被纳入 | 公司:  | 姓名: 
2026-04-14 17:19:50,779 [INFO] 
处理: 0409_[临时公告]金瑞股份关于控股子公司被纳入失信被执行人及子公司、子公司法定代表人被出具限制消费令的公告（补发）.pdf
2026-04-14 17:19:51,285 [INFO]   分类: 公司被纳入 | 公司:  | 姓名: 
2026-04-14 17:19:51,285 [INFO] 
处理: 0410_[临时公告]天健环保关于控股子公司被纳入失信被执行人及子公司、子公司法定代表人被出具限制消费令的公告.pdf
2026-04-14 17:19:51,697 [INFO]   分类: 公司被纳入 | 公司:  | 姓名: 
2026-04-14 17:19:51,697 [INFO] 
处理: 0411_[临时公告]黄河水关于控股股东、实际控制人、董事长、总经理被移出失信被执行人、被解除限制消费令及公司被解除限制消费令的公告.pdf
2026-04-14 17:19:51,891 [INFO]   分类: 个人被撤销 | 公司:  | 姓名: 何业俊
2026-04-14 17:19:51,892 [INFO] 
处理: 0412_[临时公告]ST郑水务关于公司被纳入失信被执行人以及法定代表人收到河南省郑州市金水区人民法院预处罚通知书的公告.pdf
2026-04-14 17:19:52,237 [INFO]   分类: 个人被纳入 | 公司:  | 姓名: 本次，栾正云
2026-04-14 17:19:52,237 [INFO] 
处理: 0413_[临时公告]ST连邦关于控股股东、实际控制人、董事长、副总经理、全资子公司、全资孙公司被纳入失信被执行人的补发声明公告.pdf
2026-04-14 17:19:52,542 [INFO]   分类: 个人被纳入 | 公司: 全资孙公司，资孙公司 | 姓名: 
2026-04-14 17:19:52,542 [INFO] 
处理: 0414_[临时公告]金瑞股份关于补发控股子公司被纳入失信被执行人及子公司、控股子公司法定代表人被出具限制消费令的公告的声明公告.pdf
2026-04-14 17:19:52,685 [INFO]   分类: 公司被纳入 | 公司: 控股子公司 | 姓名: 
2026-04-14 17:19:52,694 [INFO] 
结果已保存: D:\This computer\desktop\2024年失信人文件-pdf（414）\失信人信息提取结果_分类版.csv
2026-04-14 17:19:52,695 [INFO] 
完成！共 414 条记录
2026-04-14 17:19:52,696 [INFO] 分类[公司被纳入]: 215 条
2026-04-14 17:19:52,696 [INFO] 分类[公司被撤销]: 19 条
2026-04-14 17:19:52,696 [INFO] 分类[个人被纳入]: 118 条
2026-04-14 17:19:52,696 [INFO] 分类[个人被撤销]: 8 条
2026-04-14 17:19:52,696 [INFO] 分类[公司及个人被纳入]: 39 条
2026-04-14 17:19:52,697 [INFO] 分类[公司及个人被撤销]: 2 条
2026-04-14 17:19:52,697 [INFO] 分类[不属于失信人]: 2 条
2026-04-14 17:19:52,697 [INFO] 分类[其他]: 5 条
