2026-04-14 16:30:47,129 [INFO] LAC 已加载
2026-04-14 16:31:04,016 [DEBUG] Building prefix dict from the default dictionary ...
2026-04-14 16:31:04,018 [DEBUG] Loading model from cache C:\Users\25485\AppData\Local\Temp\jieba.cache
2026-04-14 16:31:04,651 [DEBUG] Loading model cost 0.636 seconds.
2026-04-14 16:31:04,652 [DEBUG] Prefix dict has been built successfully.
2026-04-14 16:31:04,655 [INFO] 
处理: 0001_[临时公告]彩讯科技关于法院删除董事失信信息的公告.pdf
2026-04-14 16:31:04,774 [INFO]   分类: 个人被撤销 | 公司:  | 姓名: 陈灏康
2026-04-14 16:31:04,774 [INFO] 
处理: 0002_[临时公告]彩讯科技关于董事被纳入失信被执行人的公告.pdf
2026-04-14 16:31:04,868 [INFO]   分类: 个人被纳入 | 公司:  | 姓名: 陈灏康
2026-04-14 16:31:04,868 [INFO] 
处理: 0003_[临时公告]宇航股份关于新任董事不为失信联合惩戒对象的说明公告.pdf
2026-04-14 16:31:04,944 [INFO]   分类: 个人被纳入 | 公司:  | 姓名: 吴文文
2026-04-14 16:31:04,944 [INFO] 
处理: 0004_[临时公告]大盛新材关于公司董事被撤销失信被执行人信息的公告.pdf
2026-04-14 16:31:05,015 [INFO]   分类: 个人被撤销 | 公司:  | 姓名: 吴险峰
2026-04-14 16:31:05,015 [INFO] 
处理: 0005_[临时公告]兴浩新材新任董事不属于失信被执行人公告.pdf
2026-04-14 16:31:05,149 [INFO]   分类: 不属于失信人 | 公司:  | 姓名: 亓会川，任职
2026-04-14 16:31:05,149 [INFO] 
处理: 0006_[临时公告]路德环境关于董事被纳入失信被执行人的公告(补发).pdf
2026-04-14 16:31:05,250 [INFO]   分类: 个人被纳入 | 公司:  | 姓名: 接替，本次，王惠舜，路德
2026-04-14 16:31:05,250 [INFO] 
处理: 0007_[临时公告]画店文化关于董事被纳入失信被执行人的公告(补发).pdf
2026-04-14 16:31:05,344 [INFO]   分类: 个人被纳入 | 公司:  | 姓名: 接替，本次，邬景雪
2026-04-14 16:31:05,345 [INFO] 
处理: 0008_[临时公告]雪阳坯衫关于公司实际控制人及部分董事被纳入失信被执行人的公告.pdf
2026-04-14 16:31:05,591 [INFO]   分类: 个人被纳入 | 公司:  | 姓名: 刘红中，杨天岳
2026-04-14 16:31:05,591 [INFO] 
处理: 0009_[临时公告]江通传媒关于董事被纳入失信被执行人的公告(补发).pdf
2026-04-14 16:31:05,765 [INFO]   分类: 个人被纳入 | 公司:  | 姓名: 本次，朱佑兰
2026-04-14 16:31:05,765 [INFO] 
处理: 0010_[临时公告]ST雷蒙德关于公司、实际控制人及董事被纳入失信被执行人的公告.pdf
2026-04-14 16:31:06,032 [INFO]   分类: 公司及个人被纳入 | 公司:  | 姓名: 汤济宏，陈双聘，雷蒙德
2026-04-14 16:31:06,032 [INFO] 
处理: 0011_[临时公告]贵交科控股股东、实际控制人、董事被纳入失信被执行人的公告.pdf
2026-04-14 16:31:06,751 [INFO]   分类: 个人被纳入 | 公司:  | 姓名: 关于，沈涛，魏璐
2026-04-14 16:31:06,751 [INFO] 
处理: 0012_[临时公告]胜龙股份关于公司董事被纳入失信被执行人名单的公告.pdf
2026-04-14 16:31:06,796 [INFO]   分类: 个人被纳入 | 公司:  | 姓名: 
2026-04-14 16:31:06,796 [INFO] 
处理: 0013_[临时公告]继东华明关于公司、董事、监事被纳入失信被执行人的公告（一）(补发).pdf
2026-04-14 16:31:07,054 [INFO]   分类: 公司及个人被纳入 | 公司: 聊城继东华明机械股份有限公司 | 姓名: 郑纪明，郑继东，郑继华
2026-04-14 16:31:07,054 [INFO] 
处理: 0014_[临时公告]茂昂智能关于董事兼总经理被纳入失信被执行人的公告(补发).pdf
2026-04-14 16:31:07,155 [INFO]   分类: 个人被纳入 | 公司:  | 姓名: 倪岳已，接替，本次
2026-04-14 16:31:07,155 [INFO] 
处理: 0015_[临时公告]路德环境关于补发董事被纳入失信被执行人公告的声明公告.pdf
2026-04-14 16:31:07,251 [INFO]   分类: 个人被纳入 | 公司:  | 姓名: 王惠舜
2026-04-14 16:31:07,252 [INFO] 
处理: 0016_[临时公告]江通传媒关于补发董事被纳入失信被执行人公告的声明.pdf
2026-04-14 16:31:07,337 [INFO]   分类: 个人被纳入 | 公司:  | 姓名: 朱佑兰
2026-04-14 16:31:07,338 [INFO] 
处理: 0017_[临时公告]画店文化关于补发董事被纳入失信被执行人公告的声明公告.pdf
2026-04-14 16:31:07,404 [INFO]   分类: 个人被纳入 | 公司:  | 姓名: 邬景雪
2026-04-14 16:31:07,404 [INFO] 
处理: 0018_[临时公告]凯泽科技关于公司董事高管被纳入失信被执行人名单的公告（已取消）.pdf
2026-04-14 16:31:07,440 [INFO]   分类:  | 公司:  | 姓名: 
2026-04-14 16:31:07,440 [INFO] 
处理: 0019_[临时公告]林格贝公司董事被纳入失信被执行人名单的公告.pdf
2026-04-14 16:31:07,559 [INFO]   分类: 个人被纳入 | 公司:  | 姓名: 林格贝，林胜万
2026-04-14 16:31:07,560 [INFO] 
处理: 0020_[临时公告]大盛新材关于公司、公司董事被纳入失信被执行人名单的公告(补发).pdf
2026-04-14 16:31:07,718 [INFO]   分类: 公司及个人被纳入 | 公司: 浙江大盛新材料股份有限公司 | 姓名: 吴险峰
2026-04-14 16:31:07,718 [INFO] 
处理: 0021_[临时公告]硕泉园林关于公司被纳入失信被执行人和被撤销失信被执行人名单公告(补发).pdf
2026-04-14 16:31:07,822 [INFO]   分类: 公司被撤销 | 公司:  | 姓名: 
2026-04-14 16:31:07,822 [INFO] 
处理: 0022_[临时公告]天禹星关于董事兼高级管理人员被纳入失信被执行人的公告.pdf
2026-04-14 16:31:07,943 [INFO]   分类: 个人被纳入 | 公司:  | 姓名: 王义宽
2026-04-14 16:31:07,944 [INFO] 
处理: 0023_[临时公告]继东华明关于公司、董事、监事被纳入失信被执行人的公告（二）(补发).pdf
2026-04-14 16:31:08,135 [INFO]   分类: 公司及个人被纳入 | 公司: 聊城继东华明机械股份有限公司 | 姓名: 郑纪明，郑继东，郑继华
2026-04-14 16:31:08,136 [INFO] 
处理: 0024_[临时公告]雪阳坯衫关于公司实际控制人及部分董事从失信被执行人名单中撤销的公告.pdf
2026-04-14 16:31:08,406 [INFO]   分类: 个人被撤销 | 公司:  | 姓名: 刘红中，杨天岳
2026-04-14 16:31:08,406 [INFO] 
处理: 0025_[临时公告]ST磊曜关于撤销公司及董事长失信被执行人信息的公告.pdf
2026-04-14 16:31:08,486 [INFO]   分类: 公司及个人被撤销 | 公司:  | 姓名: 沈歆煜
2026-04-14 16:31:08,486 [INFO] 
处理: 0026_[临时公告]东方童关于公司董事被纳入失信被执行人名单的公告(补发).pdf
2026-04-14 16:31:08,682 [INFO]   分类: 个人被纳入 | 公司:  | 姓名: 郑明
2026-04-14 16:31:08,682 [INFO] 
处理: 0027_[临时公告]巨丰牧业关于公司董事已被撤销失信被执行人名单的公告.pdf
2026-04-14 16:31:08,757 [INFO]   分类: 个人被撤销 | 公司:  | 姓名: 刘中庆
2026-04-14 16:31:08,757 [INFO] 
处理: 0028_[临时公告]巨丰牧业关于公司董事被纳入失信被执行人名单的公告(补发).pdf
2026-04-14 16:31:08,864 [INFO]   分类: 个人被纳入 | 公司:  | 姓名: 刘中庆
2026-04-14 16:31:08,865 [INFO] 
处理: 0029_[临时公告]彩讯科技关于法院删除公司失信信息的公告.pdf
2026-04-14 16:31:08,933 [INFO]   分类: 公司被撤销 | 公司:  | 姓名: 
2026-04-14 16:31:08,933 [INFO] 
处理: 0030_[临时公告]硕泉园林关于补发公司被纳入失信被执行人和撤销失信被执行人名单公告的声明公告.pdf
2026-04-14 16:31:08,996 [INFO]   分类: 公司被撤销 | 公司:  | 姓名: 
2026-04-14 16:31:08,996 [INFO] 
处理: 0031_[临时公告]聚业装备关于公司及董事长被纳入失信被执行人名单的公告(补发).pdf
2026-04-14 16:31:09,205 [INFO]   分类: 公司及个人被纳入 | 公司: 江苏聚业机械装备股份有限公司 | 姓名: 张聚峰，本人在
2026-04-14 16:31:09,206 [INFO] 
处理: 0032_[临时公告]中海阳关于公司被纳入失信被执行人、公司董事长被限制消费的公告(补发).pdf
2026-04-14 16:31:09,417 [INFO]   分类: 公司被纳入 | 公司: 中海阳能源集团股份有限公司 | 姓名: 
2026-04-14 16:31:09,417 [INFO] 
处理: 0033_[临时公告]感信信息关于公司实际控制人、董事长被纳入失信被执行人的公告(补发).pdf
2026-04-14 16:31:09,525 [INFO]   分类: 个人被纳入 | 公司:  | 姓名: 徐宏震
2026-04-14 16:31:09,525 [INFO] 
处理: 0034_[临时公告]茂昂智能关于补发董事兼总经理被纳入失信被执行人公告的声明公告.pdf
2026-04-14 16:31:09,631 [INFO]   分类: 个人被纳入 | 公司:  | 姓名: 倪岳
2026-04-14 16:31:09,631 [INFO] 
处理: 0035_[临时公告]东和环保关于控股股东、实际控制人、董事被撤销失信被执行人名单的公告.pdf
2026-04-14 16:31:09,774 [INFO]   分类: 个人被撤销 | 公司:  | 姓名: 李栋，李鲁方
2026-04-14 16:31:09,775 [INFO] 
处理: 0036_[临时公告]凯泽科技关于公司董事高管被纳入失信被执行人名单的公告(更正公告).pdf
2026-04-14 16:31:09,921 [INFO]   分类: 个人被纳入 | 公司:  | 姓名: 
2026-04-14 16:31:09,921 [INFO] 
处理: 0037_[临时公告]东方童关于补发公司董事被纳入失信被执行人名单的声明公告.pdf
2026-04-14 16:31:10,026 [INFO]   分类: 个人被纳入 | 公司:  | 姓名: 郑明
2026-04-14 16:31:10,026 [INFO] 
处理: 0038_[临时公告]ST磊曜关于公司及董事长被纳入为失信被执行人名单的公告.pdf
2026-04-14 16:31:10,053 [INFO]   分类:  | 公司:  | 姓名: 
2026-04-14 16:31:10,053 [INFO] 
处理: 0039_[临时公告]ST斯芬克关于公司董事被纳入失信被执行人名单的公告(补发).pdf
2026-04-14 16:31:10,652 [INFO]   分类: 个人被纳入 | 公司:  | 姓名: 吴宏宇
2026-04-14 16:31:10,652 [INFO] 
处理: 0040_[临时公告]德化恒忆关于撤销公司及原公司实际控制人、董事长、董事失信被执行人信息的公告.pdf
2026-04-14 16:31:10,851 [INFO]   分类: 公司及个人被撤销 | 公司:  | 姓名: 卢玉萍，林鸿福
2026-04-14 16:31:10,851 [INFO] 
处理: 0041_[临时公告]德化恒忆关于公司及公司实际控制人、董事长、董事被纳入失信被执行人名单公告.pdf
2026-04-14 16:31:11,095 [INFO]   分类: 公司及个人被纳入 | 公司:  | 姓名: 卢玉萍，林鸿福
2026-04-14 16:31:11,095 [INFO] 
处理: 0042_[临时公告]海斯迪关于公司、实际控制人增加失信信息的公告(补发).pdf
2026-04-14 16:31:11,574 [INFO]   分类: 公司及个人被纳入 | 公司: 深圳海斯迪能源科技股份有限公司，针对公司 | 姓名: 张晓云
2026-04-14 16:31:11,575 [INFO] 
处理: 0043_[临时公告]海斯迪关于补发公司、实际控制人增加失信信息的公告的说明.pdf
2026-04-14 16:31:11,688 [INFO]   分类: 公司及个人被纳入 | 公司:  | 姓名: 张晓云
2026-04-14 16:31:11,688 [INFO] 
处理: 0044_[临时公告]杰隆生物2018-029 关于补发失信信息说明的公告.pdf
2026-04-14 16:31:11,795 [INFO]   分类: 不属于失信人 | 公司: 充披露关于公司 | 姓名: 
2026-04-14 16:31:11,795 [INFO] 
处理: 0045_[临时公告]海斯迪关于公司及公司实际控制人增加失信信息的公告.pdf
2026-04-14 16:31:12,136 [INFO]   分类: 公司及个人被纳入 | 公司:  | 姓名: 张晓云
2026-04-14 16:31:12,136 [INFO] 
处理: 0046_[临时公告]聚业装备关于补发公司及董事长被纳入失信被执行人名单的声明公告.pdf
2026-04-14 16:31:12,265 [INFO]   分类: 公司及个人被纳入 | 公司:  | 姓名: 
2026-04-14 16:31:12,266 [INFO] 
处理: 0047_[临时公告]中海阳关于补发公司被列入失信被执行人、公司董事长被出具限制消费令的说明.pdf
2026-04-14 16:31:12,331 [INFO]   分类:  | 公司:  | 姓名: 
2026-04-14 16:31:12,332 [INFO] 
处理: 0048_[临时公告]继东华明关于公司、董事、监事被纳入失信被执行人（一）的补发声明公告.pdf
2026-04-14 16:31:12,521 [INFO]   分类: 公司及个人被纳入 | 公司:  | 姓名: 郑继东，郑继华
2026-04-14 16:31:12,521 [INFO] 
处理: 0049_[临时公告]保通食品关于实际控制人、董事兼副总经理被纳入失信被执行人的公告.pdf
2026-04-14 16:31:12,948 [INFO]   分类: 个人被纳入 | 公司:  | 姓名: 关于，庞春国
2026-04-14 16:31:12,948 [INFO] 
处理: 0050_[临时公告]ST新绿关于公司、公司董事、公司监事被纳入失信被执行人名单的公告(补发).pdf
2026-04-14 16:31:14,390 [INFO]   分类: 公司及个人被纳入 | 公司: 山东新绿食品股份有限公司 | 姓名: 尤华东，李兰涛，陈星
2026-04-14 16:31:14,390 [INFO] 
处理: 0051_[临时公告]大盛新材关于公司、公司董事被纳入失信被执行人名单的公告的补发声明.pdf
2026-04-14 16:31:14,556 [INFO]   分类: 公司及个人被纳入 | 公司:  | 姓名: 吴险峰
2026-04-14 16:31:14,557 [INFO] 
处理: 0052_[临时公告]裕源大通关于公司被纳入失信被执行人名单、公司及董事被出具限制消费令的公告.pdf
2026-04-14 16:31:14,753 [INFO]   分类: 公司被纳入 | 公司: 北京裕源大通科技股份有限公司 | 姓名: 
2026-04-14 16:31:14,753 [INFO] 
处理: 0053_[临时公告]锡成新材关于公司及董事长被纳入为失信被执行人名单的公告.pdf
2026-04-14 16:31:15,326 [INFO]   分类: 公司及个人被纳入 | 公司: 凉山州锡成新材料股份有限公司 | 姓名: 周锡成
2026-04-14 16:31:15,327 [INFO] 
处理: 0054_[临时公告]宏邦节水关于公司控股股东、实际控制人、董事长兼董事会秘书被纳入失信被执行人的公告.pdf
2026-04-14 16:31:15,566 [INFO]   分类: 个人被纳入 | 公司:  | 姓名: 李富成
2026-04-14 16:31:15,567 [INFO] 
处理: 0055_[临时公告]康泰电子关于公司董事兼高级管理人员被纳入失信被执行人的公告.pdf
2026-04-14 16:31:15,844 [INFO]   分类: 个人被纳入 | 公司:  | 姓名: 周丹
2026-04-14 16:31:15,844 [INFO] 
处理: 0056_[临时公告]感信信息关于补发公司实际控制人、董事长被纳入失信被执行人的公告的声明公告.pdf
2026-04-14 16:31:15,966 [INFO]   分类: 个人被纳入 | 公司:  | 姓名: 徐宏震
2026-04-14 16:31:15,966 [INFO] 
处理: 0057_[临时公告]继东华明关于公司、董事、监事被纳入失信被执行人（二）的补发声明公告.pdf
2026-04-14 16:31:16,257 [INFO]   分类: 公司及个人被纳入 | 公司:  | 姓名: 郑继东，郑继华
2026-04-14 16:31:16,257 [INFO] 
处理: 0058_[临时公告]东和环保关于公司控股股东、实际控制人、董事被纳入失信被执行人名单的公告(补发).pdf
2026-04-14 16:31:16,737 [INFO]   分类: 个人被纳入 | 公司:  | 姓名: 关于，李栋，李鲁方
2026-04-14 16:31:16,738 [INFO] 
处理: 0059_[临时公告]白茶股份关于实际控制人、董事及总经理吴灼被纳入失信被执行人的公告（补发）.pdf
2026-04-14 16:31:17,874 [INFO]   分类: 个人被纳入 | 公司:  | 姓名: 吴灼，成员
2026-04-14 16:31:17,874 [INFO] 
处理: 0060_[临时公告]力合节能关于公司实际控制人、董事长继续被纳入失信被执行人名单的公告(补发).pdf
2026-04-14 16:31:18,182 [INFO]   分类: 个人被纳入 | 公司:  | 姓名: 武川
2026-04-14 16:31:18,183 [INFO] 
处理: 0061_[临时公告]力合节能关于补发公司实际控制人、董事长被纳入失信被执行人名单的公告.pdf
2026-04-14 16:31:18,307 [INFO]   分类: 个人被纳入 | 公司:  | 姓名: 武川
2026-04-14 16:31:18,307 [INFO] 
处理: 0062_[临时公告]力合节能关于公司实际控制人、董事长被纳入失信被执行人名单的公告(补发).pdf
2026-04-14 16:31:18,683 [INFO]   分类: 个人被纳入 | 公司:  | 姓名: 武川
2026-04-14 16:31:18,683 [INFO] 
处理: 0063_[临时公告]宏良皮业关于公司被纳入失信被执行人的公告.pdf
2026-04-14 16:31:18,926 [INFO]   分类: 公司被纳入 | 公司: 甘肃宏良皮业股份有限公司 | 姓名: 
2026-04-14 16:31:18,926 [INFO] 
处理: 0064_[临时公告]宏良皮业关于公司被纳入失信被执行人的公告.pdf
2026-04-14 16:31:19,136 [INFO]   分类: 公司被纳入 | 公司: 甘肃宏良皮业股份有限公司 | 姓名: 
2026-04-14 16:31:19,137 [INFO] 
处理: 0065_[临时公告]华盛控股关于公司被纳入失信联合惩戒对象的公告(补发).pdf
2026-04-14 16:31:19,400 [INFO]   分类: 公司被纳入 | 公司: 安徽华盛科技控股股份有限公司 | 姓名: 
2026-04-14 16:31:19,401 [INFO] 
处理: 0066_[临时公告]宏良皮业关于公司被列入失信被执行人的公告.pdf
2026-04-14 16:31:20,115 [INFO]   分类: 公司被纳入 | 公司: 甘肃宏良皮业股份有限公司 | 姓名: 
2026-04-14 16:31:20,115 [INFO] 
处理: 0067_[临时公告]海斯迪关于公司控股股东、实际控制人增加失信信息的公告.pdf
2026-04-14 16:31:20,453 [INFO]   分类: 个人被纳入 | 公司:  | 姓名: 张晓云
2026-04-14 16:31:20,453 [INFO] 
处理: 0068_[临时公告]高瓷科技关于公司董事被纳入失信被执行人名单和限制消费人员名单的公告（补发）(补发).pdf
2026-04-14 16:31:20,771 [INFO]   分类: 个人被纳入 | 公司:  | 姓名: 王坤
2026-04-14 16:31:20,772 [INFO] 
处理: 0069_[临时公告]保通食品关于控股股东、实际控制人、董事长兼总经理被纳入失信被执行人的公告.pdf
2026-04-14 16:31:21,317 [INFO]   分类: 个人被纳入 | 公司:  | 姓名: 关于，庞春远
2026-04-14 16:31:21,318 [INFO] 
处理: 0070_[临时公告]白茶股份关于实际控股人、董事长朱丽燕被纳入失信被执行人的公告（补发）.pdf
2026-04-14 16:31:22,140 [INFO]   分类: 个人被纳入 | 公司:  | 姓名: 朱丽燕
2026-04-14 16:31:22,141 [INFO] 
处理: 0071_[临时公告]ST中科控股股东、实际控制人、董事、高级管理人员被纳入失信被执行人的公告.pdf
2026-04-14 16:31:22,319 [INFO]   分类: 个人被纳入 | 公司:  | 姓名: 
2026-04-14 16:31:22,319 [INFO] 
处理: 0072_[临时公告]宣爱智能关于公司、控股股东、实际控制人、董事、高管被纳入失信被执行人名单的公告.pdf
2026-04-14 16:31:23,004 [INFO]   分类: 公司及个人被纳入 | 公司:  | 姓名: 丁海涛，于晓辉，刁红岩，刘仕化
2026-04-14 16:31:23,004 [INFO] 
处理: 0073_[临时公告]和兴隆关于公司被纳入失信被执行人的公告.pdf
2026-04-14 16:31:23,631 [INFO]   分类: 公司被纳入 | 公司: 广州市和兴隆食品科技股份有限公司 | 姓名: 
2026-04-14 16:31:23,631 [INFO] 
处理: 0074_[临时公告]贵交科控股股东被纳入失信被执行人的公告.pdf
2026-04-14 16:31:24,080 [INFO]   分类: 个人被纳入 | 公司:  | 姓名: 关于
2026-04-14 16:31:24,081 [INFO] 
处理: 0075_[临时公告]欧贝黎关于控股股东被纳入失信被执行人的公告.pdf
2026-04-14 16:31:24,299 [INFO]   分类: 个人被纳入 | 公司: 欧贝黎新能源科技股份有限公司 | 姓名: 
2026-04-14 16:31:24,299 [INFO] 
处理: 0076_[临时公告]骅锋科技关于公司被撤销失信被执行人的公告.pdf
2026-04-14 16:31:24,515 [INFO]   分类: 公司被撤销 | 公司:  | 姓名: 
2026-04-14 16:31:24,516 [INFO] 
处理: 0077_[临时公告]骅锋科技关于公司被纳入失信被执行人的公告.pdf
2026-04-14 16:31:24,720 [INFO]   分类: 公司被纳入 | 公司: 广东骅锋科技股份有限公司，法院依旧将公司 | 姓名: 
2026-04-14 16:31:24,720 [INFO] 
处理: 0078_[临时公告]森诺特关于公司被纳入失信被执行人的公告(补发).pdf
2026-04-14 16:31:25,005 [INFO]   分类: 公司被纳入 | 公司: 山东森诺特环保能源股份有限公司 | 姓名: 
2026-04-14 16:31:25,006 [INFO] 
处理: 0079_[临时公告]贵交科控股股东被纳入失信被执行人的公告.pdf
2026-04-14 16:31:25,197 [INFO]   分类: 个人被纳入 | 公司:  | 姓名: 关于
2026-04-14 16:31:25,197 [INFO] 
处理: 0080_[临时公告]博元3关于公司被纳入失信被执行人的公告.pdf
2026-04-14 16:31:25,259 [INFO]   分类:  | 公司:  | 姓名: 
2026-04-14 16:31:25,260 [INFO] 
处理: 0081_[临时公告]创凯智能关于法院已删除公司错误失信信息的跟进公告.pdf
2026-04-14 16:31:25,468 [INFO]   分类: 公司被撤销 | 公司:  | 姓名: 
2026-04-14 16:31:25,468 [INFO] 
处理: 0082_[临时公告]创凯智能关于公司被撤销失信被执行人的公告.pdf
2026-04-14 16:31:25,595 [INFO]   分类: 公司被撤销 | 公司: 法院已将公司 | 姓名: 
2026-04-14 16:31:25,595 [INFO] 
处理: 0083_[临时公告]ST蓝天关于公司被纳入失信被执行人的公告.pdf
2026-04-14 16:31:25,851 [INFO]   分类: 公司被纳入 | 公司: 北京蓝天瑞德环保技术股份有限公司 | 姓名: 
2026-04-14 16:31:25,852 [INFO] 
处理: 0084_[临时公告]彩讯科技关于公司被纳入失信被执行人的公告.pdf
2026-04-14 16:31:26,108 [INFO]   分类: 公司被纳入 | 公司: 北京彩讯科技股份有限公司 | 姓名: 
2026-04-14 16:31:26,109 [INFO] 
处理: 0085_[临时公告]宏良皮业关于实际控制人被列入失信被执行人的公告.pdf
2026-04-14 16:31:26,496 [INFO]   分类: 个人被纳入 | 公司:  | 姓名: 李臣
2026-04-14 16:31:26,496 [INFO] 
处理: 0086_[临时公告]民福康关于补发公司被纳入失信被执行人的说明公告.pdf
2026-04-14 16:31:26,592 [INFO]   分类: 公司被纳入 | 公司:  | 姓名: 
2026-04-14 16:31:26,592 [INFO] 
处理: 0087_[临时公告]民福康关于公司被纳入失信被执行人的公告(补发).pdf
2026-04-14 16:31:26,767 [INFO]   分类: 公司被纳入 | 公司: 江苏民福康科技股份有限公司 | 姓名: 
2026-04-14 16:31:26,767 [INFO] 
处理: 0088_[临时公告]爱珂科技关于公司被纳入失信被执行人的公告.pdf
2026-04-14 16:31:27,022 [INFO]   分类: 公司被纳入 | 公司: 宁波爱珂智能科技股份有限公司 | 姓名: 
2026-04-14 16:31:27,023 [INFO] 
处理: 0089_[临时公告]舜阳科技关于公司被纳入失信被执行人的公告.pdf
2026-04-14 16:31:27,217 [INFO]   分类: 公司被纳入 | 公司: 无锡舜阳新能源科技股份有限公司 | 姓名: 
2026-04-14 16:31:27,217 [INFO] 
处理: 0090_[临时公告]华盛控股关于公司被纳入失信被执行人的公告.pdf
2026-04-14 16:31:27,744 [INFO]   分类: 公司被纳入 | 公司: 安徽华盛科技控股股份有限公司 | 姓名: 
2026-04-14 16:31:27,744 [INFO] 
处理: 0091_[临时公告]ST微网信关于公司被纳入失信联合惩戒对象的公告.pdf
2026-04-14 16:31:27,993 [INFO]   分类: 公司被纳入 | 公司:  | 姓名: 
2026-04-14 16:31:27,993 [INFO] 
处理: 0092_[临时公告]杰隆生物关于公司被纳入失信被执行人的公告.pdf
2026-04-14 16:31:28,353 [INFO]   分类: 公司被纳入 | 公司: 上海杰隆生物制品股份有限公司 | 姓名: 
2026-04-14 16:31:28,354 [INFO] 
处理: 0093_[临时公告]科力新材关于控股股东被纳入失信被执行人的公告.pdf
2026-04-14 16:31:28,635 [INFO]   分类: 个人被纳入 | 公司: 云南冶金云芯硅材股份有限公司 | 姓名: 
2026-04-14 16:31:28,635 [INFO] 
处理: 0094_[临时公告]宝威纺织关于监事被纳入失信被执行人的公告.pdf
2026-04-14 16:31:28,839 [INFO]   分类: 个人被纳入 | 公司:  | 姓名: 杨世普，资格
2026-04-14 16:31:28,840 [INFO] 
处理: 0095_[临时公告]习尚喜关于控股股东、实际控制人、董事长及全资子公司被撤销失信被执行人的公告.pdf
2026-04-14 16:31:29,084 [INFO]   分类: 个人被撤销 | 公司: 实际控制人及全资子公司 | 姓名: 郝光顺
2026-04-14 16:31:29,084 [INFO] 
处理: 0096_[临时公告]东和环保关于补发公司控股股东、实际控制人、董事被纳入失信被执行人名单公告的声明公告.pdf
2026-04-14 16:31:29,278 [INFO]   分类: 个人被纳入 | 公司:  | 姓名: 李栋，李鲁方
2026-04-14 16:31:29,279 [INFO] 
处理: 0097_[临时公告]金开利关于公司及其控股股东、实际控制人、董事、高级管理人员被纳入失信被执行人的公告(补发).pdf
2026-04-14 16:31:29,858 [INFO]   分类: 公司及个人被纳入 | 公司: 深圳市金开利科技股份有限公司 | 姓名: 徐伟
2026-04-14 16:31:29,859 [INFO] 
处理: 0098_[临时公告]石大科技关于公司、公司法定代表人董事长被纳入失信被执行名单的公告.pdf
2026-04-14 16:31:29,890 [INFO]   分类:  | 公司:  | 姓名: 
2026-04-14 16:31:29,890 [INFO] 
处理: 0099_[临时公告]ST新绿关于公司、公司董事、公司监事被纳入失信被执行人名单的公告的补发声明.pdf
2026-04-14 16:31:30,047 [INFO]   分类: 公司及个人被纳入 | 公司:  | 姓名: 李兰涛，陈星
2026-04-14 16:31:30,047 [INFO] 
处理: 0100_[临时公告]力合节能关于补发公司实际控制人、董事长被纳入失信被执行人名单公告的声明公告.pdf
2026-04-14 16:31:30,175 [INFO]   分类: 个人被纳入 | 公司:  | 姓名: 武川
2026-04-14 16:31:30,176 [INFO] 
处理: 0101_[临时公告]巨丰牧业2018-001 关于补发公司董事被纳入失信被执行人名单公告的声明公告.pdf
2026-04-14 16:31:30,330 [INFO]   分类: 个人被纳入 | 公司: 该事项发生后应及时披露关于公司 | 姓名: 刘中
2026-04-14 16:31:30,330 [INFO] 
处理: 0102_[临时公告]奥根科技关于控股股东、实际控制人被撤销失信执行人的公告.pdf
2026-04-14 16:31:30,483 [INFO]   分类: 个人被撤销 | 公司:  | 姓名: 易江，杨宗霖
2026-04-14 16:31:30,483 [INFO] 
处理: 0103_[临时公告]智信股份关于公司被纳入失信被执行人的公告(补发).pdf
2026-04-14 16:31:30,716 [INFO]   分类: 公司被纳入 | 公司: 云南智云信息技术股份有限公司 | 姓名: 
2026-04-14 16:31:30,716 [INFO] 
处理: 0104_[临时公告]ST农凯关于公司被纳入失信被执行人的公告.pdf
2026-04-14 16:31:30,969 [INFO]   分类: 公司被纳入 | 公司: 山东农凯米业股份有限公司 | 姓名: 
2026-04-14 16:31:30,969 [INFO] 
处理: 0105_[临时公告]奥莎动力关于公司被纳入失信被执行人的公告 (补发).pdf
2026-04-14 16:31:31,124 [INFO]   分类: 公司被纳入 | 公司: 湖南奥莎动力集团股份有限公司 | 姓名: 
2026-04-14 16:31:31,124 [INFO] 
处理: 0106_[临时公告]ST致生关于公司被纳入失信被执行人的公告.pdf
2026-04-14 16:31:31,467 [INFO]   分类: 公司被纳入 | 公司: 致生联发信息技术股份有限公司，针对公司 | 姓名: 
2026-04-14 16:31:31,467 [INFO] 
处理: 0107_[临时公告]宝石金卡关于公司被撤销失信被执行人的公告.pdf
2026-04-14 16:31:31,500 [INFO]   分类:  | 公司:  | 姓名: 
2026-04-14 16:31:31,501 [INFO] 
处理: 0108_[临时公告]贵交科关于控股股东被撤销部分失信被执行人信息的公告.pdf
2026-04-14 16:31:31,743 [INFO]   分类: 个人被撤销 | 公司:  | 姓名: 
2026-04-14 16:31:31,743 [INFO] 
处理: 0109_[临时公告]ST能讯关于公司被纳入失信被执行人的公告(补发).pdf
2026-04-14 16:31:32,138 [INFO]   分类: 公司被纳入 | 公司: 上海能讯环保科技股份有限公司 | 姓名: 
2026-04-14 16:31:32,138 [INFO] 
处理: 0110_[临时公告]听牧肉牛关于监事被纳入失信被执行人的公告(补发).pdf
2026-04-14 16:31:32,381 [INFO]   分类: 个人被纳入 | 公司:  | 姓名: 张应芳
2026-04-14 16:31:32,381 [INFO] 
处理: 0111_[临时公告]森诺特关于补发公司被纳入失信被执行人的声明公告.pdf
2026-04-14 16:31:32,544 [INFO]   分类: 公司被纳入 | 公司:  | 姓名: 
2026-04-14 16:31:32,544 [INFO] 
处理: 0112_[临时公告]ST明威关于公司被纳入失信被执行人的公告.pdf
2026-04-14 16:31:32,749 [INFO]   分类: 公司被纳入 | 公司: 北京宝利明威软件股份有限公司 | 姓名: 
2026-04-14 16:31:32,749 [INFO] 
处理: 0113_[临时公告]ST博世德关于公司被纳入失信被执行人的公告.pdf
2026-04-14 16:31:32,922 [INFO]   分类: 公司被纳入 | 公司: 成都博世德能源科技股份有限公司 | 姓名: 
2026-04-14 16:31:32,922 [INFO] 
处理: 0114_[临时公告]国顺投资关于公司被纳入失信被执行人的公告（补发）.pdf
2026-04-14 16:31:33,089 [INFO]   分类: 公司被纳入 | 公司: 北京国顺投资股份有限公司 | 姓名: 
2026-04-14 16:31:33,089 [INFO] 
处理: 0115_[临时公告]华盛控股关于监事被纳入失信被执行人的公告(补发).pdf
2026-04-14 16:31:33,320 [INFO]   分类: 个人被纳入 | 公司:  | 姓名: 董秀华
2026-04-14 16:31:33,320 [INFO] 
处理: 0116_[临时公告]易电通挂牌公司被纳入失信被执行人的公告(补发).pdf
2026-04-14 16:31:33,591 [INFO]   分类: 公司被纳入 | 公司: 挂牌公司 | 姓名: 
2026-04-14 16:31:33,591 [INFO] 
处理: 0117_[临时公告]ST中科关于挂牌公司被纳入失信被执行人的公告.pdf
2026-04-14 16:31:33,879 [INFO]   分类: 公司被纳入 | 公司: 北京中科联众科技股份有限公司 | 姓名: 
2026-04-14 16:31:33,879 [INFO] 
处理: 0118_[临时公告]创凯智能关于公司被纳入失信被执行人的公告(补发).pdf
2026-04-14 16:31:34,288 [INFO]   分类: 公司被纳入 | 公司: 深圳市创凯智能股份有限公司 | 姓名: 
2026-04-14 16:31:34,288 [INFO] 
处理: 0119_[临时公告]永畅兴关于公司被撤销失信被执行人名单的公告.pdf
2026-04-14 16:31:34,464 [INFO]   分类: 公司被撤销 | 公司:  | 姓名: 
2026-04-14 16:31:34,464 [INFO] 
处理: 0120_[临时公告]贵交科关于控股股东被撤销部分失信被执行人信息的公告.pdf
2026-04-14 16:31:34,620 [INFO]   分类: 个人被撤销 | 公司:  | 姓名: 
2026-04-14 16:31:34,620 [INFO] 
处理: 0121_[临时公告]ST时空客关于公司被纳入失信被执行人的公告.pdf
2026-04-14 16:31:34,831 [INFO]   分类: 公司被纳入 | 公司: 时空客集团股份有限公司 | 姓名: 
2026-04-14 16:31:34,831 [INFO] 
处理: 0122_[临时公告]ST腾骏关于公司被纳入失信被执行人的公告(补发).pdf
2026-04-14 16:31:35,008 [INFO]   分类: 公司被纳入 | 公司: 浙江弘顺科技股份有限公司 | 姓名: 
2026-04-14 16:31:35,008 [INFO] 
处理: 0123_[临时公告]乐科节能关于撤销公司失信被执行人信息的公告.pdf
2026-04-14 16:31:35,122 [INFO]   分类: 公司被撤销 | 公司:  | 姓名: 
2026-04-14 16:31:35,122 [INFO] 
处理: 0124_[临时公告]ST一恒贞关于监事被纳入失信被执行人的公告.pdf
2026-04-14 16:31:35,378 [INFO]   分类: 个人被纳入 | 公司:  | 姓名: 本次，王兵已
2026-04-14 16:31:35,378 [INFO] 
处理: 0125_[临时公告]双发股份关于公司被纳入失信被执行人的公告(补发).pdf
2026-04-14 16:31:35,531 [INFO]   分类: 公司被纳入 | 公司: 河南双发石油装备制造股份有限公司 | 姓名: 
2026-04-14 16:31:35,531 [INFO] 
处理: 0126_[临时公告]贵交科关于控股股东被撤销部分失信被执行人信息的公告.pdf
2026-04-14 16:31:35,762 [INFO]   分类: 个人被撤销 | 公司:  | 姓名: 
2026-04-14 16:31:35,762 [INFO] 
处理: 0127_[临时公告]ST明威关于公司被纳入失信被执行人的公告.pdf
2026-04-14 16:31:36,032 [INFO]   分类: 公司被纳入 | 公司:  | 姓名: 
2026-04-14 16:31:36,032 [INFO] 
处理: 0128_[临时公告]杰隆生物关于公司被纳入失信被执行人的公告(补发).pdf
2026-04-14 16:31:36,311 [INFO]   分类: 公司被纳入 | 公司: 上海杰隆生物制品股份有限公司 | 姓名: 
2026-04-14 16:31:36,311 [INFO] 
处理: 0129_[临时公告]中和医疗关于李立被纳入失信联合惩戒对象的公告(补发).pdf
2026-04-14 16:31:36,506 [INFO]   分类: 公司被纳入 | 公司:  | 姓名: 
2026-04-14 16:31:36,507 [INFO] 
处理: 0130_[临时公告]ST正佰关于公司被撤销失信执行人名单公告.pdf
2026-04-14 16:31:36,660 [INFO]   分类: 公司被撤销 | 公司:  | 姓名: 
2026-04-14 16:31:36,661 [INFO] 
处理: 0131_[临时公告]特耐股份关于控股股东被纳入失信执行人名单的公告.pdf
2026-04-14 16:31:36,867 [INFO]   分类: 个人被纳入 | 公司: 开封晶圆实业有限公司 | 姓名: 开封
2026-04-14 16:31:36,868 [INFO] 
处理: 0132_[临时公告]焕鑫新材关于公司被纳入失信被执行人名单的公告.pdf
2026-04-14 16:31:37,076 [INFO]   分类: 公司被纳入 | 公司: 江苏焕鑫新材料股份有限公司 | 姓名: 
2026-04-14 16:31:37,076 [INFO] 
处理: 0133_[临时公告]兴浩新材新任监事不属于失信被执行人公告.pdf
2026-04-14 16:31:37,299 [INFO]   分类: 不属于失信人 | 公司:  | 姓名: 任职
2026-04-14 16:31:37,300 [INFO] 
处理: 0134_[临时公告]精英天成关于公司及其控股股东、实际控制人、董事、高级管理人员被撤销失信被执行人的公告.pdf
2026-04-14 16:31:37,551 [INFO]   分类: 公司及个人被撤销 | 公司:  | 姓名: 
2026-04-14 16:31:37,551 [INFO] 
处理: 0135_[临时公告]精英天成关于公司、控股股东、实际控制人、董事、高级管理人员被纳入失信被执行人的公告.pdf
2026-04-14 16:31:37,993 [INFO]   分类: 公司及个人被纳入 | 公司: 贵州精英天成科技股份有限公司 | 姓名: 刘敏，舒孝友，舒孝忠
2026-04-14 16:31:37,993 [INFO] 
处理: 0136_[临时公告]澳坤生物关于公司法定代表人、董事长被纳入失信被执行人的公告.pdf
2026-04-14 16:31:38,228 [INFO]   分类: 个人被纳入 | 公司:  | 姓名: 李学功
2026-04-14 16:31:38,228 [INFO] 
处理: 0137_[临时公告]习尚喜关于控股股东、实际控制人、董事长及全资子公司被撤销失信被执行人的进展公告.pdf
2026-04-14 16:31:38,447 [INFO]   分类: 个人被撤销 | 公司: 实际控制人及全资子公司 | 姓名: 郝光顺
2026-04-14 16:31:38,448 [INFO] 
处理: 0138_[临时公告]ST白兔湖关于公司控股股东、实际控制人及董事长被纳入失信被执行人名单的公告(补发).pdf
2026-04-14 16:31:38,707 [INFO]   分类: 个人被纳入 | 公司:  | 姓名: 汪舵海
2026-04-14 16:31:38,707 [INFO] 
处理: 0139_[临时公告]三信防务关于公司、控股股东、实际控制人、董事被纳入失信被执行人名单的公告(补发).pdf
2026-04-14 16:31:39,037 [INFO]   分类: 公司及个人被纳入 | 公司: 南京三信防务装备股份有限公司 | 姓名: 和高级，郭世立，魏可红
2026-04-14 16:31:39,037 [INFO] 
处理: 0140_[临时公告]ST斯芬克关于补发公司董事被纳入失信被执行人名单公告的声明公告_2018-027.pdf
2026-04-14 16:31:39,185 [INFO]   分类: 个人被纳入 | 公司:  | 姓名: 吴宏宇
2026-04-14 16:31:39,185 [INFO] 
处理: 0141_[临时公告]睿安特关于公司、控股股东、实际控制人、董事长被纳入失信被执行人名单的公告(补发).pdf
2026-04-14 16:31:39,782 [INFO]   分类: 公司及个人被纳入 | 公司: 重庆睿安特盾构技术股份有限公司，重庆睿安特科技集团有限公司 | 姓名: 卢雷颖，王彬因
2026-04-14 16:31:39,782 [INFO] 
处理: 0142_[临时公告]中标集团关于挂牌公司被撤销失信被执行人的公告.pdf
2026-04-14 16:31:39,885 [INFO]   分类: 公司被撤销 | 公司: 法院已撤销公司 | 姓名: 
2026-04-14 16:31:39,885 [INFO] 
处理: 0143_[临时公告]中标集团关于挂牌公司被纳入失信被执行人的公告.pdf
2026-04-14 16:31:40,056 [INFO]   分类: 公司被纳入 | 公司: 中标建设集团股份有限公司 | 姓名: 
2026-04-14 16:31:40,057 [INFO] 
处理: 0144_[临时公告]正兴玉关于控股股东、实际控制人被纳入失信被执行人的公告.pdf
2026-04-14 16:31:40,945 [INFO]   分类: 个人被纳入 | 公司:  | 姓名: 丁立红，陈雪汶
2026-04-14 16:31:40,945 [INFO] 
处理: 0145_[临时公告]奥其斯关于公司被纳入失信被执行人名单的公告（补发）.pdf
2026-04-14 16:31:41,144 [INFO]   分类: 公司被纳入 | 公司: 奥其斯科技股份有限公司 | 姓名: 
2026-04-14 16:31:41,146 [INFO] 
处理: 0146_[临时公告]奥其斯关于公司被纳入失信被执行人名单的公告（补发）.pdf
2026-04-14 16:31:41,308 [INFO]   分类: 公司被纳入 | 公司: 奥其斯科技股份有限公司 | 姓名: 
2026-04-14 16:31:41,308 [INFO] 
处理: 0147_[临时公告]奥其斯关于公司被纳入失信被执行人名单的公告（补发）.pdf
2026-04-14 16:31:41,558 [INFO]   分类: 公司被纳入 | 公司: 奥其斯科技股份有限公司 | 姓名: 
2026-04-14 16:31:41,558 [INFO] 
处理: 0148_[临时公告]奥其斯关于公司被纳入失信被执行人名单的公告（补发）.pdf
2026-04-14 16:31:41,782 [INFO]   分类: 公司被纳入 | 公司: 奥其斯科技股份有限公司 | 姓名: 
2026-04-14 16:31:41,782 [INFO] 
处理: 0149_[临时公告]奥其斯关于公司被纳入失信被执行人名单的公告（补发）.pdf
2026-04-14 16:31:41,960 [INFO]   分类: 公司被纳入 | 公司: 奥其斯科技股份有限公司 | 姓名: 
2026-04-14 16:31:41,960 [INFO] 
处理: 0150_[临时公告]奥其斯关于公司被纳入失信被执行人名单的公告（补发）.pdf
2026-04-14 16:31:42,139 [INFO]   分类: 公司被纳入 | 公司: 奥其斯科技股份有限公司 | 姓名: 
2026-04-14 16:31:42,139 [INFO] 
处理: 0151_[临时公告]奥其斯关于公司被纳入失信被执行人名单的公告(补发).pdf
2026-04-14 16:31:42,311 [INFO]   分类: 公司被纳入 | 公司: 奥其斯科技股份有限公司 | 姓名: 
2026-04-14 16:31:42,312 [INFO] 
处理: 0152_[临时公告]奥莎动力关于补发公司被纳入失信被执行人公告的声明.pdf
2026-04-14 16:31:42,404 [INFO]   分类: 公司被纳入 | 公司: 公关于公司，获悉公司 | 姓名: 
2026-04-14 16:31:42,404 [INFO] 
处理: 0153_[临时公告]江西广蓝关于公司被纳入失信被执行人的公告.pdf
2026-04-14 16:31:42,634 [INFO]   分类: 公司被纳入 | 公司: 江西省广蓝传动科技股份有限公司 | 姓名: 
2026-04-14 16:31:42,634 [INFO] 
处理: 0154_[临时公告]爱珂科技关于公司被撤销失信被执行人信息的公告(补发).pdf
2026-04-14 16:31:42,660 [INFO]   分类:  | 公司:  | 姓名: 
2026-04-14 16:31:42,660 [INFO] 
处理: 0155_[临时公告]龙昌1关于本公司被纳入失信被执行人的公告.pdf
2026-04-14 16:31:42,826 [INFO]   分类: 公司被纳入 | 公司: 中油龙昌股份有限公司，有关公司 | 姓名: 
2026-04-14 16:31:42,826 [INFO] 
处理: 0156_[临时公告]澳坤生物关于公司总经理被纳入失信被执行人的公告.pdf
2026-04-14 16:31:43,018 [INFO]   分类: 个人被纳入 | 公司:  | 姓名: 李亮
2026-04-14 16:31:43,019 [INFO] 
处理: 0157_[临时公告]宝石金卡关于公司被纳入失信被执行人的公告(补发).pdf
2026-04-14 16:31:43,166 [INFO]   分类: 公司被纳入 | 公司:  | 姓名: 
2026-04-14 16:31:43,166 [INFO] 
处理: 0158_[临时公告]万鸿泰关于公司被撤销失信被执行人的公告.pdf
2026-04-14 16:31:43,267 [INFO]   分类: 公司被撤销 | 公司:  | 姓名: 
2026-04-14 16:31:43,267 [INFO] 
处理: 0159_[临时公告]ST勃达关于公司被纳入失信被执行人的公告(补发).pdf
2026-04-14 16:31:43,532 [INFO]   分类: 公司被纳入 | 公司: 河南勃达微波装备股份有限公司 | 姓名: 
2026-04-14 16:31:43,532 [INFO] 
处理: 0160_[临时公告]ST勃达关于公司被纳入失信被执行人的声明公告.pdf
2026-04-14 16:31:43,625 [INFO]   分类: 公司被纳入 | 公司: 该事项发生后应及时披露关于公司 | 姓名: 
2026-04-14 16:31:43,625 [INFO] 
处理: 0161_[临时公告]ST白兔湖关于公司被纳入失信被执行人的公告(补发).pdf
2026-04-14 16:31:43,908 [INFO]   分类: 公司被纳入 | 公司:  | 姓名: 
2026-04-14 16:31:43,909 [INFO] 
处理: 0162_[临时公告]万鸿泰关于公司被纳入失信被执行人的公告.pdf
2026-04-14 16:31:44,049 [INFO]   分类: 公司被纳入 | 公司: 深圳市万鸿泰健康科技股份有限公司 | 姓名: 
2026-04-14 16:31:44,049 [INFO] 
处理: 0163_[临时公告]佳信捷关于控股股东、实际控制人被纳入失信被执行人的公告.pdf
2026-04-14 16:31:44,274 [INFO]   分类: 个人被纳入 | 公司:  | 姓名: 应当由，王鑫
2026-04-14 16:31:44,274 [INFO] 
处理: 0164_[临时公告]嘉达早教控股股东、实际控制人被纳入失信被执行人的公告.pdf
2026-04-14 16:31:44,547 [INFO]   分类: 个人被纳入 | 公司:  | 姓名: 陈树佳
2026-04-14 16:31:44,547 [INFO] 
处理: 0165_[临时公告]国电能源关于公司被纳入失信被执行人的公告(补发).pdf
2026-04-14 16:31:44,796 [INFO]   分类: 公司被纳入 | 公司: 国电远鹏能源科技股份有限公司 | 姓名: 
2026-04-14 16:31:44,797 [INFO] 
处理: 0166_[临时公告]ST微网信关于公司子公司被纳入失信联合惩戒对象的公告.pdf
2026-04-14 16:31:44,977 [INFO]   分类: 公司被纳入 | 公司: 深圳优派移动通信有限公司 | 姓名: 
2026-04-14 16:31:44,978 [INFO] 
处理: 0167_[临时公告]ST弘峰关于公司被纳入失信被执行人的公告(补发).pdf
2026-04-14 16:31:45,197 [INFO]   分类: 公司被纳入 | 公司: 山东弘峰智能装备股份有限公司 | 姓名: 
2026-04-14 16:31:45,197 [INFO] 
处理: 0168_[临时公告]宇航重工关于公司被纳入失信被执行人的公告(补发).pdf
2026-04-14 16:31:45,545 [INFO]   分类: 公司被纳入 | 公司: 洛阳宇航重工科技股份有限公司 | 姓名: 
2026-04-14 16:31:45,545 [INFO] 
处理: 0169_[临时公告]乐科节能关于公司被纳入失信被执行人名单的公告.pdf
2026-04-14 16:31:45,802 [INFO]   分类: 公司被纳入 | 公司: 江苏乐科节能科技股份有限公司 | 姓名: 
2026-04-14 16:31:45,802 [INFO] 
处理: 0170_[临时公告]白茶股份关于公司被纳入失信被执行人的公告（补发）.pdf
2026-04-14 16:31:46,194 [INFO]   分类: 公司被纳入 | 公司: 福鼎白茶股份有限公司 | 姓名: 
2026-04-14 16:31:46,194 [INFO] 
处理: 0171_[临时公告]奥其斯关于公司被纳入失信被执行人名单的公告（补发）.pdf
2026-04-14 16:31:46,347 [INFO]   分类: 公司被纳入 | 公司: 奥其斯科技股份有限公司 | 姓名: 
2026-04-14 16:31:46,348 [INFO] 
处理: 0172_[临时公告]奥其斯关于公司被纳入失信被执行人名单的公告(补发).pdf
2026-04-14 16:31:46,511 [INFO]   分类: 公司被纳入 | 公司: 奥其斯科技股份有限公司 | 姓名: 
2026-04-14 16:31:46,511 [INFO] 
处理: 0173_[临时公告]尚远环保关于公司被纳入失信被执行人名单的公告.pdf
2026-04-14 16:31:46,742 [INFO]   分类: 公司被纳入 | 公司: 及其子公司，武汉尚远环保股份有限公司 | 姓名: 
2026-04-14 16:31:46,742 [INFO] 
处理: 0174_[临时公告]罗伯特关于公司被纳入失信被执行人名单的公告(补发).pdf
2026-04-14 16:31:46,959 [INFO]   分类: 公司被纳入 | 公司: 安徽罗伯特科技股份有限公司 | 姓名: 
2026-04-14 16:31:46,959 [INFO] 
处理: 0175_[临时公告]永畅兴关于公司被纳入失信被执行人名单的公告(补发).pdf
2026-04-14 16:31:47,136 [INFO]   分类: 公司被纳入 | 公司:  | 姓名: 
2026-04-14 16:31:47,136 [INFO] 
处理: 0176_[临时公告]中科联众关于公司被纳入失信被执行人名单的公告.pdf
2026-04-14 16:31:47,286 [INFO]   分类: 公司被纳入 | 公司: 北京中科联众科技股份有限公司 | 姓名: 
2026-04-14 16:31:47,287 [INFO] 
处理: 0177_[临时公告]双金袜业关于子公司被纳入失信被执行人名单的公告.pdf
2026-04-14 16:31:47,459 [INFO]   分类: 公司被纳入 | 公司: 江苏双金纺织品有限公司 | 姓名: 
2026-04-14 16:31:47,459 [INFO] 
处理: 0178_[临时公告]裕源大通关于公司被纳入失信被执行人名单的公告.pdf
2026-04-14 16:31:47,620 [INFO]   分类: 公司被纳入 | 公司: 北京裕源大通科技股份有限公司 | 姓名: 
2026-04-14 16:31:47,620 [INFO] 
处理: 0179_[临时公告]勇辉生态关于公司被纳入失信被执行人名单的公告.pdf
2026-04-14 16:31:47,821 [INFO]   分类: 公司被纳入 | 公司: 绵阳市勇辉生态农业股份有限公司 | 姓名: 
2026-04-14 16:31:47,821 [INFO] 
处理: 0180_[临时公告]裕源大通关于公司被纳入失信被执行人名单的公告.pdf
2026-04-14 16:31:48,056 [INFO]   分类: 公司被纳入 | 公司: 北京裕源大通科技股份有限公司 | 姓名: 
2026-04-14 16:31:48,057 [INFO] 
处理: 0181_[临时公告]远东国际关于公司被纳入失信被执行人名单的公告.pdf
2026-04-14 16:31:48,271 [INFO]   分类: 公司被纳入 | 公司: 山东远东国际生物化工股份有限公司 | 姓名: 
2026-04-14 16:31:48,272 [INFO] 
处理: 0182_[临时公告]绿苑园林关于公司被纳为失信被执行人名单的公告.pdf
2026-04-14 16:31:48,418 [INFO]   分类: 公司被纳入 | 公司: 湖南绿苑园林股份有限公司 | 姓名: 
2026-04-14 16:31:48,418 [INFO] 
处理: 0183_[临时公告]舜大能源关于公司被纳入失信被执行人名单的公告.pdf
2026-04-14 16:31:48,612 [INFO]   分类: 公司被纳入 | 公司: 江苏舜大新能源股份有限公司 | 姓名: 
2026-04-14 16:31:48,613 [INFO] 
处理: 0184_[临时公告]兴浩新材关于新任总经理不属于失信被执行人公告.pdf
2026-04-14 16:31:48,968 [INFO]   分类: 不属于失信人 | 公司:  | 姓名: 任职，卞康清，清先生
2026-04-14 16:31:48,968 [INFO] 
处理: 0185_[临时公告]金正食品关于公司及其控股股东、实际控制人、董事、高级管理人员被纳入失信被执行人的公告(补发).pdf
2026-04-14 16:31:49,254 [INFO]   分类: 公司及个人被纳入 | 公司: 潍坊金正食品股份有限公司 | 姓名: 单俊凤
2026-04-14 16:31:49,254 [INFO] 
处理: 0186_[临时公告]ST白兔湖关于补发公司控股股东、实际控制人及董事长被纳入失信被执行人名单的声明公告.pdf
2026-04-14 16:31:49,572 [INFO]   分类: 个人被纳入 | 公司:  | 姓名: 汪舵海
2026-04-14 16:31:49,573 [INFO] 
处理: 0187_[临时公告]金开利关于补发公司及其控股股东、实际控制人、董事、高级管理人员被纳入失信被执行人名单的声明公告.pdf
2026-04-14 16:31:49,710 [INFO]   分类: 公司及个人被纳入 | 公司:  | 姓名: 徐伟
2026-04-14 16:31:49,710 [INFO] 
处理: 0188_[临时公告]三信防务关于补发公司、控股股东、实际控制人、董事被纳入失信被执行人名单公告的声明公告.pdf
2026-04-14 16:31:49,840 [INFO]   分类: 公司及个人被纳入 | 公司:  | 姓名: 郭世立，魏可红
2026-04-14 16:31:49,840 [INFO] 
处理: 0189_[临时公告]乐克科技关于公司实际控制人、法定代表人、董事长被撤销失信被执行人名单的公告.pdf
2026-04-14 16:31:49,960 [INFO]   分类: 个人被撤销 | 公司:  | 姓名: 魏杰于，魏杰从
2026-04-14 16:31:49,960 [INFO] 
处理: 0190_[临时公告]睿安特关于补发公司、控股股东、实际控制人、董事长被纳入失信被执行人名单的公告的声明公告.pdf
2026-04-14 16:31:50,102 [INFO]   分类: 公司及个人被纳入 | 公司:  | 姓名: 
2026-04-14 16:31:50,102 [INFO] 
处理: 0191_[临时公告]派芬自控关于公司被纳入失信被执行人名单的公告(补发).pdf
2026-04-14 16:31:50,392 [INFO]   分类: 公司被纳入 | 公司:  | 姓名: 
2026-04-14 16:31:50,392 [INFO] 
处理: 0192_[临时公告]中冷物流关于子公司被列入经营异常名录和严重违法失信企业名单公告.pdf
2026-04-14 16:31:50,570 [INFO]   分类: 公司被纳入 | 公司:  | 姓名: 
2026-04-14 16:31:50,570 [INFO] 
处理: 0193_[临时公告]智信股份关于补发公司被纳入失信被执行人公告的声明公告.pdf
2026-04-14 16:31:50,687 [INFO]   分类: 公司被纳入 | 公司:  | 姓名: 
2026-04-14 16:31:50,688 [INFO] 
处理: 0194_[临时公告]ST胜龙关于公司被纳入失信被执行人名单的公告.pdf
2026-04-14 16:31:50,874 [INFO]   分类: 公司被纳入 | 公司: 北京胜龙科技股份有限公司 | 姓名: 
2026-04-14 16:31:50,875 [INFO] 
处理: 0195_[临时公告]奥其斯关于补发公司被纳入失信被执行人名单的声明公告.pdf
2026-04-14 16:31:51,062 [INFO]   分类: 公司被纳入 | 公司: 事项发生后应及时披露关于公司，奥其斯科技股份有限公司关于公司，科技股份有限公司关于公司 | 姓名: 
2026-04-14 16:31:51,062 [INFO] 
处理: 0196_[临时公告]爱珂科技关于补发公司被撤销失信被执行人信息的公告的情况说明.pdf
2026-04-14 16:31:51,086 [INFO]   分类:  | 公司:  | 姓名: 
2026-04-14 16:31:51,086 [INFO] 
处理: 0197_[临时公告]奥根科技关于控股股东、实际控制人被纳入失信被执行人的公告.pdf
2026-04-14 16:31:51,285 [INFO]   分类: 个人被纳入 | 公司:  | 姓名: 易江
2026-04-14 16:31:51,286 [INFO] 
处理: 0198_[临时公告]元亨利关于公司被纳入失信被执行人名单的公告(补发).pdf
2026-04-14 16:31:51,634 [INFO]   分类: 公司被纳入 | 公司: 以上两笔公司，元亨利珠宝股份有限公司 | 姓名: 
2026-04-14 16:31:51,634 [INFO] 
处理: 0199_[临时公告]宝石金卡关于补发公司被纳入失信被执行人的声明公告.pdf
2026-04-14 16:31:51,652 [INFO]   分类:  | 公司:  | 姓名: 
2026-04-14 16:31:51,653 [INFO] 
处理: 0200_[临时公告]听牧肉牛关于补发监事被纳入失信被执行人的公告的声明公告.pdf
2026-04-14 16:31:51,786 [INFO]   分类: 个人被纳入 | 公司:  | 姓名: 应芳
2026-04-14 16:31:51,786 [INFO] 
处理: 0201_[临时公告]ST白兔湖补发公司被纳入失信被执行人的声明公告.pdf
2026-04-14 16:31:51,920 [INFO]   分类: 公司被纳入 | 公司: 有限公司关于公司，补发公司 | 姓名: 
2026-04-14 16:31:51,920 [INFO] 
处理: 0202_[临时公告]华盛控股关于补发监事被纳为失信被执行人的公告的声明公告.pdf
2026-04-14 16:31:52,043 [INFO]   分类: 个人被纳入 | 公司:  | 姓名: 董秀华
2026-04-14 16:31:52,043 [INFO] 
处理: 0203_[临时公告]创凯智能关于补发公司被纳入失信被执行人的公告的声明公告.pdf
2026-04-14 16:31:52,153 [INFO]   分类: 公司被纳入 | 公司: 法院关于公司 | 姓名: 
2026-04-14 16:31:52,153 [INFO] 
处理: 0204_[临时公告]华维电瓷关于公司、控股股东、实际控制人被撤销失信被执行人的公告.pdf
2026-04-14 16:31:52,274 [INFO]   分类: 公司及个人被撤销 | 公司:  | 姓名: 
2026-04-14 16:31:52,274 [INFO] 
处理: 0205_[临时公告]紫荆股份关于挂牌公司被纳入失信被执行人的公告(补发).pdf
2026-04-14 16:31:52,549 [INFO]   分类: 公司被纳入 | 公司: 福州紫荆动漫游戏股份有限公司 | 姓名: 
2026-04-14 16:31:52,549 [INFO] 
处理: 0206_[临时公告]贵交科关于控股股东及实际控制人被撤销部分失信被执行人信息的公告.pdf
2026-04-14 16:31:52,813 [INFO]   分类: 个人被撤销 | 公司:  | 姓名: 魏璐
2026-04-14 16:31:52,813 [INFO] 
处理: 0207_[临时公告]元亨利关于公司被纳入失信被执行人名单的公告(补发).pdf
2026-04-14 16:31:53,020 [INFO]   分类: 公司被纳入 | 公司: 元亨利珠宝股份有限公司 | 姓名: 
2026-04-14 16:31:53,020 [INFO] 
处理: 0208_[临时公告]精湛光电关于公司、实际控制人被纳入失信被执行人的公告.pdf
2026-04-14 16:31:53,367 [INFO]   分类: 公司及个人被纳入 | 公司: 江苏精湛光电仪器股份有限公司 | 姓名: 瞿世鲲
2026-04-14 16:31:53,367 [INFO] 
处理: 0209_[临时公告]楼兰股份关于全资子公司被纳入失信被执行人的公告.pdf
2026-04-14 16:31:53,961 [INFO]   分类: 公司被纳入 | 公司: 沈阳海纳科技有限公司，深圳楼兰辉煌科技有限公司 | 姓名: 
2026-04-14 16:31:53,961 [INFO] 
处理: 0210_[临时公告]金宏泰关于公司实际控制人被纳入失信被执行人的公告（补发）(补发).pdf
2026-04-14 16:31:54,317 [INFO]   分类: 个人被纳入 | 公司:  | 姓名: 赖泳村
2026-04-14 16:31:54,317 [INFO] 
处理: 0211_[临时公告]双发股份关于补发公司被纳入失信被执行人公告的声明公告.pdf
2026-04-14 16:31:54,407 [INFO]   分类: 公司被纳入 | 公司:  | 姓名: 
2026-04-14 16:31:54,407 [INFO] 
处理: 0212_[临时公告]威龙再造关于控股股东被纳入失信被执行人的补发公告.pdf
2026-04-14 16:31:54,606 [INFO]   分类: 个人被纳入 | 公司:  | 姓名: 凤国保
2026-04-14 16:31:54,607 [INFO] 
处理: 0213_[临时公告]金鼎股份关于公司控股股东被纳入失信被执行人的公告(补发).pdf
2026-04-14 16:31:55,128 [INFO]   分类: 个人被纳入 | 公司: 天津冶金集团有限公司 | 姓名: 
2026-04-14 16:31:55,128 [INFO] 
处理: 0214_[临时公告]白茶股份关于控股股东被纳入失信被执行人的公告（补发）.pdf
2026-04-14 16:31:55,460 [INFO]   分类: 个人被纳入 | 公司: 福建省本源香艺农业投资管理有限公司 | 姓名: 
2026-04-14 16:31:55,461 [INFO] 
处理: 0215_[临时公告]奥其斯关于补发公司被纳入失信被执行人名单的声明公告.pdf
2026-04-14 16:31:55,569 [INFO]   分类: 公司被纳入 | 公司: 事项发生后应及时披露关于公司，奥其斯科技股份有限公司关于公司 | 姓名: 
2026-04-14 16:31:55,569 [INFO] 
处理: 0216_[临时公告]ST明威关于公司被纳入失信被执行人名单的公告.pdf
2026-04-14 16:31:55,700 [INFO]   分类: 公司被纳入 | 公司: 北京宝利明威软件股份有限公司 | 姓名: 
2026-04-14 16:31:55,701 [INFO] 
处理: 0217_[临时公告]罗伯特关于补发公司被纳入失信被执行人名单的声明公告.pdf
2026-04-14 16:31:55,806 [INFO]   分类: 公司被纳入 | 公司: 事项发生后应及时披露关于公司，安徽罗伯特科技股份有限公司关于公司 | 姓名: 
2026-04-14 16:31:55,806 [INFO] 
处理: 0218_[临时公告]疆能股份关于公司被纳入失信被执行人名单的公告 (补发).pdf
2026-04-14 16:31:56,638 [INFO]   分类: 公司被纳入 | 公司: 及其子公司 | 姓名: 
2026-04-14 16:31:56,638 [INFO] 
处理: 0219_[临时公告]ST茂余关于公司被纳入失信被执行人名单的公告.pdf
2026-04-14 16:31:56,766 [INFO]   分类: 公司被纳入 | 公司: 重庆茂余燃气设备股份有限公司 | 姓名: 
2026-04-14 16:31:56,766 [INFO] 
处理: 0220_[临时公告]ST正佰关于公司及实际控制人被纳入失信执行人名单公告.pdf
2026-04-14 16:31:57,217 [INFO]   分类: 公司及个人被纳入 | 公司:  | 姓名: 蔡军强
2026-04-14 16:31:57,217 [INFO] 
处理: 0221_[临时公告]永畅兴关于补发公司被纳入失信被执行人名单的声明公告.pdf
2026-04-14 16:31:57,346 [INFO]   分类: 公司被纳入 | 公司: 限公司关于公司 | 姓名: 
2026-04-14 16:31:57,346 [INFO] 
处理: 0222_[临时公告]ST明威关于公司被纳入失信被执行人名单的公告.pdf
2026-04-14 16:31:57,455 [INFO]   分类: 公司被纳入 | 公司: 北京宝利明威软件股份有限公司 | 姓名: 
2026-04-14 16:31:57,456 [INFO] 
处理: 0223_[临时公告]ST明威关于公司被纳入失信被执行人名单的公告.pdf
2026-04-14 16:31:57,579 [INFO]   分类: 公司被纳入 | 公司: 北京宝利明威软件股份有限公司 | 姓名: 
2026-04-14 16:31:57,579 [INFO] 
处理: 0224_[临时公告]ST瑞格关于公司被纳入失信被执行人名单的公告.pdf
2026-04-14 16:31:57,609 [INFO]   分类:  | 公司:  | 姓名: 
2026-04-14 16:31:57,610 [INFO] 
处理: 0225_[临时公告]易信成关于公司被纳入失信被执行人名单的公告.pdf
2026-04-14 16:31:57,812 [INFO]   分类: 公司被纳入 | 公司: 深圳市易信成科技股份有限公司 | 姓名: 
2026-04-14 16:31:57,812 [INFO] 
处理: 0226_[临时公告]力合节能关于公司继续被纳入失信被执行人名单的公告(补发).pdf
2026-04-14 16:31:58,123 [INFO]   分类: 公司被纳入 | 公司: 焦作力合节能装备股份有限公司 | 姓名: 
2026-04-14 16:31:58,123 [INFO] 
处理: 0227_[临时公告]力合节能关于补发公司被纳入失信执行人名单公告的声明公告.pdf
2026-04-14 16:31:58,223 [INFO]   分类: 公司被纳入 | 公司: 该事项发生后应及时披露关于公司 | 姓名: 
2026-04-14 16:31:58,223 [INFO] 
处理: 0228_[临时公告]ST正佰关于公司实际控制人被撤销失信执行人名单公告.pdf
2026-04-14 16:31:58,363 [INFO]   分类: 个人被撤销 | 公司:  | 姓名: 蔡军强
2026-04-14 16:31:58,364 [INFO] 
处理: 0229_[临时公告]ST明威关于公司被纳入失信被执行人名单的公告.pdf
2026-04-14 16:31:58,531 [INFO]   分类: 公司被纳入 | 公司: 北京宝利明威软件股份有限公司 | 姓名: 
2026-04-14 16:31:58,532 [INFO] 
处理: 0230_[临时公告]正佰电气关于公司及实际控制人被纳入失信执行人名单公告.pdf
2026-04-14 16:31:59,059 [INFO]   分类: 公司及个人被纳入 | 公司:  | 姓名: 蔡军强
2026-04-14 16:31:59,060 [INFO] 
处理: 0231_[临时公告]金宏泰关于公司实际控制人被纳入失信被执行人名单的公告.pdf
2026-04-14 16:31:59,435 [INFO]   分类: 个人被纳入 | 公司:  | 姓名: 赖泳村
2026-04-14 16:31:59,435 [INFO] 
处理: 0232_[临时公告]力合节能关于补发公司被纳入被失信执行人名单公告的声明公告.pdf
2026-04-14 16:31:59,585 [INFO]   分类: 公司被纳入 | 公司: 该事项发生后应及时披露关于公司 | 姓名: 
2026-04-14 16:31:59,585 [INFO] 
处理: 0233_[券商公告]焕鑫新材关于焕鑫新材及其分公司纳入失信被执行人的风险提示公告.pdf
2026-04-14 16:31:59,705 [INFO]   分类: 公司被纳入 | 公司: 昆山分公司，有限公司昆山分公司，江苏焕鑫新材料股份有限公司，江苏焕鑫新材料股份有限公司关于公司，江苏焕鑫新材料股份有限公司及其昆山分公司 | 姓名: 
2026-04-14 16:31:59,705 [INFO] 
处理: 0234_[临时公告]力合节能关于公司被纳入失信被执行人名单的公告(补发).pdf
2026-04-14 16:31:59,983 [INFO]   分类: 公司被纳入 | 公司: 焦作力合节能装备股份有限公司 | 姓名: 
2026-04-14 16:31:59,983 [INFO] 
处理: 0235_[临时公告]海益宝关于公司控股股东被纳入失信被执行人名单的公告.pdf
2026-04-14 16:32:00,310 [INFO]   分类: 个人被纳入 | 公司: 山东海益宝水产股份有限公司 | 姓名: 
2026-04-14 16:32:00,310 [INFO] 
处理: 0236_[临时公告]高瓷科技2018-018：关于公司董事被纳入失信被执行人名单和限制消费人员名单的补发声明公告.pdf
2026-04-14 16:32:00,418 [INFO]   分类: 其他 | 公司:  | 姓名: 
2026-04-14 16:32:00,419 [INFO] 
处理: 0237_[临时公告]派芬自控关于补发公司被纳入失信被执行人名单的声明公告.pdf
2026-04-14 16:32:00,440 [INFO]   分类:  | 公司:  | 姓名: 
2026-04-14 16:32:00,441 [INFO] 
处理: 0238_[临时公告]蓝华科技关于控股股东及实际控制人被纳入失信被执行人的公告.pdf
2026-04-14 16:32:00,631 [INFO]   分类: 个人被纳入 | 公司:  | 姓名: 徐家平
2026-04-14 16:32:00,631 [INFO] 
处理: 0239_[临时公告]ST能讯关于控股股东、实际控制人被纳入失信被执行人的公告(补发).pdf
2026-04-14 16:32:00,845 [INFO]   分类: 个人被纳入 | 公司:  | 姓名: 蒋洪明
2026-04-14 16:32:00,845 [INFO] 
处理: 0240_[临时公告]联力股份关于公司控股股东、实际控制人被纳入失信被执行人的公告.pdf
2026-04-14 16:32:01,077 [INFO]   分类: 个人被纳入 | 公司:  | 姓名: 徐爱龙
2026-04-14 16:32:01,077 [INFO] 
处理: 0241_[临时公告]华维电瓷关于公司、控股股东、实际控制人被纳入失信被执行人的公告(补发).pdf
2026-04-14 16:32:01,406 [INFO]   分类: 公司及个人被纳入 | 公司: 萍乡华维电瓷科技股份有限公司 | 姓名: 胡文华，蒋秀蓉
2026-04-14 16:32:01,406 [INFO] 
处理: 0242_[临时公告]新昶虹关于补发控股子公司被纳入失信被执行人的公告(补发).pdf
2026-04-14 16:32:01,563 [INFO]   分类: 公司被纳入 | 公司: 控股子公司，江阴市金杯电气有限公司 | 姓名: 
2026-04-14 16:32:01,563 [INFO] 
处理: 0243_[临时公告]网弦信息关于公司、控股股东及实际控制人被纳入失信被执行人的公告.pdf
2026-04-14 16:32:02,721 [INFO]   分类: 公司及个人被纳入 | 公司: 北京网弦信息技术股份有限公司 | 姓名: 田永革
2026-04-14 16:32:02,721 [INFO] 
处理: 0244_[临时公告]国电能源关于补发公司被纳入失信被执行人公告的声明公告.pdf
2026-04-14 16:32:02,833 [INFO]   分类: 公司被纳入 | 公司: 国电远鹏能源科技股份有限公司关于公司 | 姓名: 
2026-04-14 16:32:02,833 [INFO] 
处理: 0245_[临时公告]ST腾骏2018-053 关于补发公司被纳入失信被执行人的说明公告.pdf
2026-04-14 16:32:02,847 [INFO]   分类:  | 公司:  | 姓名: 
2026-04-14 16:32:02,847 [INFO] 
处理: 0246_[临时公告]宇航重工关于补发公司被纳入失信被执行人公告的声明公告.pdf
2026-04-14 16:32:02,951 [INFO]   分类: 公司被纳入 | 公司:  | 姓名: 
2026-04-14 16:32:02,951 [INFO] 
处理: 0247_[临时公告]威龙再造关于补发控股股东被纳入失信被执行人公告的声明.pdf
2026-04-14 16:32:03,133 [INFO]   分类: 个人被纳入 | 公司:  | 姓名: 凤国保
2026-04-14 16:32:03,133 [INFO] 
处理: 0248_[临时公告]天开园林关于公司及子公司被纳入失信被执行人的公告.pdf
2026-04-14 16:32:03,356 [INFO]   分类: 公司被纳入 | 公司: 重庆天开园林股份有限公司 | 姓名: 
2026-04-14 16:32:03,356 [INFO] 
处理: 0249_[临时公告]卓越鸿昌关于全资子公司被纳入失信被执行人的公告.pdf
2026-04-14 16:32:03,511 [INFO]   分类: 公司被纳入 | 公司: 泉州有为进出口贸易有限公司 | 姓名: 
2026-04-14 16:32:03,511 [INFO] 
处理: 0250_[临时公告]ST彩通关于公司被纳入失信被执行人名单的进展公告.pdf
2026-04-14 16:32:03,690 [INFO]   分类: 公司被纳入 | 公司: 郑州彩通科技股份有限公司 | 姓名: 
2026-04-14 16:32:03,690 [INFO] 
处理: 0251_[临时公告]欧贝黎关于公司控股股东从失信被执行人名单中撤销的公告.pdf
2026-04-14 16:32:03,788 [INFO]   分类: 个人被撤销 | 公司:  | 姓名: 
2026-04-14 16:32:03,788 [INFO] 
处理: 0252_[临时公告]疆能股份关于补发公司被纳为失信被执行人名单的声明公告.pdf
2026-04-14 16:32:03,964 [INFO]   分类: 公司被纳入 | 公司: 该事项发生后应及时披露关于公司 | 姓名: 
2026-04-14 16:32:03,964 [INFO] 
处理: 0253_[临时公告]天易股份关于子公司被纳入失信被执行人名单的公告.pdf
2026-04-14 16:32:04,254 [INFO]   分类: 公司被纳入 | 公司: 铝窗有限公司，香河天易铝窗有限公司 | 姓名: 
2026-04-14 16:32:04,254 [INFO] 
处理: 0254_[临时公告]ST丰汇关于公司被纳入失信被执行人名单的公告(补发).pdf
2026-04-14 16:32:04,808 [INFO]   分类: 公司被纳入 | 公司: 上海丰汇医学科技股份有限公司 | 姓名: 
2026-04-14 16:32:04,808 [INFO] 
处理: 0255_[临时公告]易诗顿关于公司被纳入失信被执行人名单的公告(补发).pdf
2026-04-14 16:32:05,129 [INFO]   分类: 公司被纳入 | 公司:  | 姓名: 
2026-04-14 16:32:05,129 [INFO] 
处理: 0256_[临时公告]ST欧贝黎关于公司控股股东被纳入失信被执行人名单的公告.pdf
2026-04-14 16:32:05,282 [INFO]   分类: 个人被纳入 | 公司: 欧贝黎新能源科技股份有限公司 | 姓名: 
2026-04-14 16:32:05,282 [INFO] 
处理: 0257_[临时公告]前程能源关于公司被纳入失信被执行人名单的公告(补发).pdf
2026-04-14 16:32:05,508 [INFO]   分类: 公司被纳入 | 公司: 江西前程新能源科技股份有限公司 | 姓名: 
2026-04-14 16:32:05,509 [INFO] 
处理: 0258_[临时公告]海斯迪关于公司及实际控制人被纳入失信被执行人名单的公告(补发).pdf
2026-04-14 16:32:05,875 [INFO]   分类: 公司及个人被纳入 | 公司:  | 姓名: 张晓云
2026-04-14 16:32:05,876 [INFO] 
处理: 0259_[临时公告]三重股份关于公司被纳入失信被执行人名单的公告.pdf
2026-04-14 16:32:06,059 [INFO]   分类: 公司被纳入 | 公司: 决定将公司，烟台三重技术股份有限公司 | 姓名: 
2026-04-14 16:32:06,060 [INFO] 
处理: 0260_[临时公告]松德资源关于公司被纳入失信被执行人名单公告（补发）(补发).pdf
2026-04-14 16:32:06,277 [INFO]   分类: 公司被纳入 | 公司:  | 姓名: 
2026-04-14 16:32:06,278 [INFO] 
处理: 0261_[临时公告]顺泰钨业 关于公司被纳入失信被执行人名单的公告(补发).pdf
2026-04-14 16:32:06,463 [INFO]   分类: 公司被纳入 | 公司: 湖南顺泰钨业股份有限公司 | 姓名: 
2026-04-14 16:32:06,464 [INFO] 
处理: 0262_[临时公告]金正食品关于补发公司及其控股股东、实际控制人、董事、高级管理人员被纳入失信被执行人名单的声明公告.pdf
2026-04-14 16:32:06,581 [INFO]   分类: 公司及个人被纳入 | 公司:  | 姓名: 
2026-04-14 16:32:06,581 [INFO] 
处理: 0263_[临时公告]天宏股份关于公司及其实际控制人、董事被纳入失信被执行人名单、公司涉及诉讼、违规对外担保情况的风险提示性公告.pdf
2026-04-14 16:32:07,652 [INFO]   分类: 公司及个人被纳入 | 公司: 河北天宏制鞋股份有限公司 | 姓名: 刘会同，刘敬学，刘静丽，王欢
2026-04-14 16:32:07,653 [INFO] 
处理: 0264_[临时公告]乐克科技关于补发公司实际控制人、法定代表人、董事长被纳入失信被执行人名单的声明公告.pdf
2026-04-14 16:32:07,853 [INFO]   分类: 个人被纳入 | 公司:  | 姓名: 魏杰
2026-04-14 16:32:07,853 [INFO] 
处理: 0265_[临时公告]元亨利关于公司及实际控制人被纳入失信被执行人名单的公告(补发).pdf
2026-04-14 16:32:08,217 [INFO]   分类: 公司及个人被纳入 | 公司: 以上两笔公司，元亨利珠宝股份有限公司 | 姓名: 谢宗选，黄旭文
2026-04-14 16:32:08,218 [INFO] 
处理: 0266_[临时公告]元亨利关于补发公司被纳入失信被执行人名单公告的声明公告.pdf
2026-04-14 16:32:08,306 [INFO]   分类: 公司被纳入 | 公司:  | 姓名: 
2026-04-14 16:32:08,306 [INFO] 
处理: 0267_[临时公告]ST能讯关于公司被纳入失信被执行人的公告的补发声明公告.pdf
2026-04-14 16:32:08,448 [INFO]   分类: 公司被纳入 | 公司:  | 姓名: 
2026-04-14 16:32:08,448 [INFO] 
处理: 0268_[临时公告]ST雷蒙德关于公司及其控股股股东、实际控制人被纳入失信被执行人的公告.pdf
2026-04-14 16:32:08,905 [INFO]   分类: 公司及个人被纳入 | 公司:  | 姓名: 陈双聘，雷蒙德
2026-04-14 16:32:08,906 [INFO] 
处理: 0269_[临时公告]华盛控股关于补发公司被纳为失信被执行人名单公告的声明公告.pdf
2026-04-14 16:32:09,036 [INFO]   分类: 公司被纳入 | 公司:  | 姓名: 
2026-04-14 16:32:09,037 [INFO] 
处理: 0270_[临时公告]元亨利关于公司及实际控制人被纳入失信被执行人名单的公告(补发).pdf
2026-04-14 16:32:09,278 [INFO]   分类: 公司及个人被纳入 | 公司: 元亨利珠宝股份有限公司 | 姓名: 黄旭文
2026-04-14 16:32:09,279 [INFO] 
处理: 0271_[临时公告]奥莎动力关于公司、控股股东、实际控制人被纳入失信被执行人的公告(补发).pdf
2026-04-14 16:32:09,591 [INFO]   分类: 公司及个人被纳入 | 公司: 湖南奥莎动力集团股份有限公司 | 姓名: 李汉军，进行，黄艳
2026-04-14 16:32:09,591 [INFO] 
处理: 0272_[临时公告]元亨利关于公司及实际控制人被撤销部分失信被执行人名单的公告(补发).pdf
2026-04-14 16:32:09,740 [INFO]   分类: 公司及个人被撤销 | 公司:  | 姓名: 谢宗选
2026-04-14 16:32:09,740 [INFO] 
处理: 0273_[临时公告]大洋股份关于控股股东、实际控制人被纳入失信被执行人的公告(补发).pdf
2026-04-14 16:32:09,901 [INFO]   分类: 个人被纳入 | 公司:  | 姓名: 吴亚萍
2026-04-14 16:32:09,901 [INFO] 
处理: 0274_[临时公告]中和医疗中和医疗-关于补发李立被纳入失信联合惩戒对象公告的声明.pdf
2026-04-14 16:32:10,056 [INFO]   分类: 公司被纳入 | 公司:  | 姓名: 
2026-04-14 16:32:10,057 [INFO] 
处理: 0275_[临时公告]ST卓仕关于公司实际控制人被纳入失信被执行人名单的公告.pdf
2026-04-14 16:32:10,334 [INFO]   分类: 个人被纳入 | 公司: 上海卓展诺力科技有限公司 | 姓名: 刘向东
2026-04-14 16:32:10,334 [INFO] 
处理: 0276_[临时公告]白茶股份关于控股子公司被纳入失信被执行人的公告（补发）.pdf
2026-04-14 16:32:10,789 [INFO]   分类: 公司被纳入 | 公司: 福建省方泰农业科技发展有限公司 | 姓名: 
2026-04-14 16:32:10,789 [INFO] 
处理: 0277_[临时公告]京西创业关于公司控股股东、实际控制人及其控制的公司被纳入失信联合惩戒对象的公告.pdf
2026-04-14 16:32:11,133 [INFO]   分类: 个人被纳入 | 公司:  | 姓名: 
2026-04-14 16:32:11,134 [INFO] 
处理: 0278_[临时公告]易点科技关于公司新增被列入失信被执行人名单涉诉公告.pdf
2026-04-14 16:32:11,400 [INFO]   分类: 公司被纳入 | 公司:  | 姓名: 
2026-04-14 16:32:11,400 [INFO] 
处理: 0279_[临时公告]蓝波绿建关于公司被纳入失信被执行人名单的公告(补发).pdf
2026-04-14 16:32:11,586 [INFO]   分类: 公司被纳入 | 公司:  | 姓名: 
2026-04-14 16:32:11,586 [INFO] 
处理: 0280_[临时公告]易诗顿关于补发公司被纳入失信被执行人名单的声明公告.pdf
2026-04-14 16:32:11,741 [INFO]   分类: 公司被纳入 | 公司: 司关于公司 | 姓名: 
2026-04-14 16:32:11,741 [INFO] 
处理: 0281_[临时公告]金瑞科技关于公司控股股东被纳入失信被执行人名单的公告(补发).pdf
2026-04-14 16:32:12,031 [INFO]   分类: 个人被纳入 | 公司:  | 姓名: 吕尚简
2026-04-14 16:32:12,031 [INFO] 
处理: 0282_[临时公告]金鼎股份关于公司控股股东被纳入失信被执行人名单的公告(补发).pdf
2026-04-14 16:32:12,214 [INFO]   分类: 个人被纳入 | 公司: 天津冶金集团有限公司 | 姓名: 
2026-04-14 16:32:12,214 [INFO] 
处理: 0283_[临时公告]乐美电商关于公司被撤销纳入失信被执行人名单的公告.pdf
2026-04-14 16:32:12,234 [INFO]   分类:  | 公司:  | 姓名: 
2026-04-14 16:32:12,234 [INFO] 
处理: 0284_[临时公告]绿苑园林关于法院已撤销公司被纳入失信被执行人名单的公告.pdf
2026-04-14 16:32:12,372 [INFO]   分类: 公司被撤销 | 公司:  | 姓名: 
2026-04-14 16:32:12,372 [INFO] 
处理: 0285_[临时公告]二十度关于公司及子公司被纳入失信被执行人名单的公告.pdf
2026-04-14 16:32:12,676 [INFO]   分类: 公司被纳入 | 公司: 上述导致公司及子公司，山东二十度智慧供热股份有限公司 | 姓名: 
2026-04-14 16:32:12,676 [INFO] 
处理: 0286_[临时公告]海斯迪关于补发公司及公司实际控制人被纳入失信被执行人名单的公告的说明.pdf
2026-04-14 16:32:12,826 [INFO]   分类: 公司及个人被纳入 | 公司:  | 姓名: 张晓云
2026-04-14 16:32:12,826 [INFO] 
处理: 0287_[临时公告]欧鹏巴赫关于全资子公司被纳入失信被执行人名单的公告.pdf
2026-04-14 16:32:13,066 [INFO]   分类: 公司被纳入 | 公司: 安徽欧鹏巴赫新能源科技有限公司 | 姓名: 
2026-04-14 16:32:13,066 [INFO] 
处理: 0288_[临时公告]焕鑫新材关于公司控股股东、实际控制人被纳入失信被执行人名单的公告.pdf
2026-04-14 16:32:13,384 [INFO]   分类: 个人被纳入 | 公司: 圣华控股集团有限公司 | 姓名: 圣华，钱建华
2026-04-14 16:32:13,385 [INFO] 
处理: 0289_[临时公告]汉术化学关于法院撤销公司被纳入失信被执行人名单的公告.pdf
2026-04-14 16:32:13,514 [INFO]   分类: 公司被撤销 | 公司: 法院已撤销因该案件造成的公司 | 姓名: 
2026-04-14 16:32:13,515 [INFO] 
处理: 0290_[临时公告]顺泰钨业关于补发公司被纳入失信被执行人名单的声明公告.pdf
2026-04-14 16:32:13,634 [INFO]   分类: 公司被纳入 | 公司: 该事项发生后应及时披露关于公司 | 姓名: 
2026-04-14 16:32:13,634 [INFO] 
处理: 0291_[临时公告]金宏泰关于公司实际控制人被纳入失信被执行人名单公告（补发）(补发).pdf
2026-04-14 16:32:13,911 [INFO]   分类: 个人被纳入 | 公司:  | 姓名: 赖泳村
2026-04-14 16:32:13,911 [INFO] 
处理: 0292_[临时公告]元亨利关于公司及实际控制人再次被纳入失信被执行人名单的公告.pdf
2026-04-14 16:32:14,169 [INFO]   分类: 公司及个人被纳入 | 公司:  | 姓名: 谢宗选，黄旭文
2026-04-14 16:32:14,169 [INFO] 
处理: 0293_[临时公告]金鼎股份关于公司控股股东被纳入失信被执行人名单的公告(补发).pdf
2026-04-14 16:32:14,353 [INFO]   分类: 个人被纳入 | 公司: 天津冶金集团有限公司 | 姓名: 
2026-04-14 16:32:14,353 [INFO] 
处理: 0294_[临时公告]ST白兔湖关于公司控股股东、实际控制人、董事长被纳入失信被执行人名单、被出具限制高消费令的公告二(补发).pdf
2026-04-14 16:32:14,586 [INFO]   分类: 个人被纳入 | 公司:  | 姓名: 汪舵海
2026-04-14 16:32:14,586 [INFO] 
处理: 0295_[临时公告]ST白兔湖关于补发公司控股股东、实际控制人及董事长被纳入失信被执行人名单、被出具限制高消费令的声明公告.pdf
2026-04-14 16:32:14,786 [INFO]   分类: 个人被纳入 | 公司:  | 姓名: 汪舵海
2026-04-14 16:32:14,787 [INFO] 
处理: 0296_[临时公告]乐克科技关于公司实际控制人兼法定代表人兼董事长被纳入失信被执行人名单的公告(补发).pdf
2026-04-14 16:32:15,115 [INFO]   分类: 个人被纳入 | 公司:  | 姓名: 魏杰先
2026-04-14 16:32:15,115 [INFO] 
处理: 0297_[临时公告]长风股份关于公司监事会主席被纳入失信被执行人的公告(补发).pdf
2026-04-14 16:32:15,322 [INFO]   分类: 个人被纳入 | 公司:  | 姓名: 朱仁铨
2026-04-14 16:32:15,322 [INFO] 
处理: 0298_[临时公告]名品世家关于公司财务总监被纳入失信被执行人的公告(补发).pdf
2026-04-14 16:32:15,541 [INFO]   分类: 个人被纳入 | 公司:  | 姓名: 任职前，李泽，陈明
2026-04-14 16:32:15,541 [INFO] 
处理: 0299_[临时公告]大麦互娱关于控股子公司被纳入失信被执行人的公告(补发).pdf
2026-04-14 16:32:16,544 [INFO]   分类: 公司被纳入 | 公司: 武汉零度工坊信息科技有限公司 | 姓名: 
2026-04-14 16:32:16,544 [INFO] 
处理: 0300_[临时公告]紫荆股份关于挂牌公司被纳入失信被执行人的公告的补发声明.pdf
2026-04-14 16:32:16,669 [INFO]   分类: 公司被纳入 | 公司: 事项发生后应及时披露关于挂牌公司 | 姓名: 
2026-04-14 16:32:16,669 [INFO] 
处理: 0301_[临时公告]颍元股份关于公司控股股东、实际控制人被撤销失信被执行人名单的公告.pdf
2026-04-14 16:32:16,828 [INFO]   分类: 个人被撤销 | 公司:  | 姓名: 梁亦才
2026-04-14 16:32:16,828 [INFO] 
处理: 0302_[临时公告]华维电瓷关于补发公司、控股股东、实际控制人被纳入失信被执行人公告的声明公告.pdf
2026-04-14 16:32:16,940 [INFO]   分类: 公司及个人被纳入 | 公司:  | 姓名: 胡文华，蒋秀蓉
2026-04-14 16:32:16,940 [INFO] 
处理: 0303_[临时公告]奥莎动力关于补发公司、控股股东、实际控制人被纳入失信被执行人公告的声明.pdf
2026-04-14 16:32:17,071 [INFO]   分类: 公司及个人被纳入 | 公司:  | 姓名: 
2026-04-14 16:32:17,072 [INFO] 
处理: 0304_[临时公告]元亨利关于公司被纳入失信被执行人名单的补发声明公告.pdf
2026-04-14 16:32:17,178 [INFO]   分类: 公司被纳入 | 公司:  | 姓名: 
2026-04-14 16:32:17,178 [INFO] 
处理: 0305_[临时公告]ST明利关于控股子公司、孙公司被纳入失信被执行人的公告.pdf
2026-04-14 16:32:17,573 [INFO]   分类: 公司被纳入 | 公司: 广西利达化工有限公司，广西明利化工有限公司 | 姓名: 
2026-04-14 16:32:17,573 [INFO] 
处理: 0306_[临时公告]智蓝霍斛关于公司控股股东和实际控股人已被撤销失信被执行人名单的公告.pdf
2026-04-14 16:32:17,871 [INFO]   分类: 个人被撤销 | 公司:  | 姓名: 何家杰，和实际
2026-04-14 16:32:17,872 [INFO] 
处理: 0307_[临时公告]金鼎股份关于补发公司控股股东被纳入失信被执行人名单的声明公告.pdf
2026-04-14 16:32:18,011 [INFO]   分类: 个人被纳入 | 公司: 天津冶金集团有限公司 | 姓名: 
2026-04-14 16:32:18,011 [INFO] 
处理: 0308_[临时公告]颍元股份关于控股股东、实际控制人被纳入失信被执行人名单的公告（补发）.pdf
2026-04-14 16:32:18,224 [INFO]   分类: 个人被纳入 | 公司:  | 姓名: 梁亦才
2026-04-14 16:32:18,224 [INFO] 
处理: 0309_[临时公告]聚塑科技关于新增公司被纳入失信被执行人名单的公告二（补发）(补发).pdf
2026-04-14 16:32:18,378 [INFO]   分类: 公司被纳入 | 公司: 河南聚塑管道科技股份有限公司 | 姓名: 
2026-04-14 16:32:18,378 [INFO] 
处理: 0310_[临时公告]艾瑞德关于公司控股股东、实际控制人被纳入失信被执行人名单的公告(补发).pdf
2026-04-14 16:32:18,654 [INFO]   分类: 个人被纳入 | 公司:  | 姓名: 汪舵海
2026-04-14 16:32:18,654 [INFO] 
处理: 0311_[临时公告]ST微网信关于公司子公司被纳入失信被执行人名单的公告.pdf
2026-04-14 16:32:18,680 [INFO]   分类:  | 公司:  | 姓名: 
2026-04-14 16:32:18,680 [INFO] 
处理: 0312_[临时公告]智蓝霍斛关于公司控股股东、实际控制人被纳入失信被执行人名单的公告(补发).pdf
2026-04-14 16:32:18,923 [INFO]   分类: 个人被纳入 | 公司:  | 姓名: 何家杰，和实际
2026-04-14 16:32:18,923 [INFO] 
处理: 0313_[临时公告]元亨利关于公司及实际控制人再次被纳入失信被执行人名单的公告(补发).pdf
2026-04-14 16:32:19,157 [INFO]   分类: 公司及个人被纳入 | 公司: 元亨利珠宝股份有限公司 | 姓名: 元亨，谢宗选，黄旭文
2026-04-14 16:32:19,157 [INFO] 
处理: 0314_[临时公告]金瑞科技关于补发公司控股股东被纳入失信被执行人名单的声明公告.pdf
2026-04-14 16:32:19,293 [INFO]   分类: 个人被纳入 | 公司:  | 姓名: 吕尚简
2026-04-14 16:32:19,293 [INFO] 
处理: 0315_[临时公告]凯路仕关于公司实际控制人被纳入失信被执行人名单的公告(补发).pdf
2026-04-14 16:32:19,464 [INFO]   分类: 个人被纳入 | 公司:  | 姓名: 邓永豪
2026-04-14 16:32:19,465 [INFO] 
处理: 0316_[临时公告]特耐股份关于控股股东被纳入失信被执行人名单的补发声明.pdf
2026-04-14 16:32:19,577 [INFO]   分类: 个人被纳入 | 公司:  | 姓名: 
2026-04-14 16:32:19,578 [INFO] 
处理: 0317_[临时公告]煌盛管件关于公司控股股东、实际控制人被纳入失信被执行人名单的公告(补发).pdf
2026-04-14 16:32:19,969 [INFO]   分类: 个人被纳入 | 公司:  | 姓名: 和高级，邵泰清，邵赛欧
2026-04-14 16:32:19,969 [INFO] 
处理: 0318_[临时公告]北京中科关于控股子公司被纳入失信被执行人名单的公告.pdf
2026-04-14 16:32:20,141 [INFO]   分类: 公司被纳入 | 公司: 巴州中科创新园节能技术有限公司 | 姓名: 
2026-04-14 16:32:20,141 [INFO] 
处理: 0319_[临时公告]鲁冀股份关于公司控股股东、实际控制人被纳入失信被执行人名单的公告.pdf
2026-04-14 16:32:20,517 [INFO]   分类: 个人被纳入 | 公司:  | 姓名: 石大林
2026-04-14 16:32:20,518 [INFO] 
处理: 0320_[临时公告]紫光新能关于控股子公司被纳入失信被执行人名单的公告.pdf
2026-04-14 16:32:20,859 [INFO]   分类: 公司被纳入 | 公司: 月初查询相关网站时尚未查询到子公司 | 姓名: 
2026-04-14 16:32:20,860 [INFO] 
处理: 0321_[券商公告]精英天成国信证券关于精英天成及其控股股东、实际控制人、董事、高级管理人员被纳入失信被执行人等事项的风险提示公告.pdf
2026-04-14 16:32:21,216 [INFO]   分类: 个人被纳入 | 公司:  | 姓名: 
2026-04-14 16:32:21,216 [INFO] 
处理: 0322_[临时公告]大华新材关于公司及控股股东、实际控制人被纳入失信被执行人的公告(补发).pdf
2026-04-14 16:32:21,957 [INFO]   分类: 公司及个人被纳入 | 公司: 江西大华投资集团有限公司，江西大华新材料股份有限公司 | 姓名: 孙华华
2026-04-14 16:32:21,957 [INFO] 
处理: 0323_[临时公告]元亨利关于补发公司及实际控制人被纳入失信被执行人名单公告的声明公告.pdf
2026-04-14 16:32:22,107 [INFO]   分类: 公司及个人被纳入 | 公司:  | 姓名: 
2026-04-14 16:32:22,107 [INFO] 
处理: 0324_[临时公告]ST川马关于公司被纳入失信被执行人、公司及公司实际控制人被纳入限制消费人员的公告.pdf
2026-04-14 16:32:22,438 [INFO]   分类: 公司被纳入 | 公司: 深圳市川马电子股份有限公司 | 姓名: 
2026-04-14 16:32:22,439 [INFO] 
处理: 0325_[临时公告]君辉环保关于公司及其子公司、实际控制人被纳入失信被执行人名单的公告(补发).pdf
2026-04-14 16:32:23,628 [INFO]   分类: 公司及个人被纳入 | 公司:  | 姓名: 王玉石，陈君
2026-04-14 16:32:23,629 [INFO] 
处理: 0326_[临时公告]国顺投资关于补发涉及诉讼、被纳入失信被执行人以及被纳入限制消费人员公告的声明公告.pdf
2026-04-14 16:32:23,785 [INFO]   分类: 个人被纳入 | 公司:  | 姓名: 
2026-04-14 16:32:23,785 [INFO] 
处理: 0327_[临时公告]易电通关于挂牌公司被纳入失信被执行人的公告和涉及诉讼结果公告的补发声明.pdf
2026-04-14 16:32:23,952 [INFO]   分类: 公司被纳入 | 公司: 该事项发生后应及时披露关于挂牌公司 | 姓名: 
2026-04-14 16:32:23,952 [INFO] 
处理: 0328_[临时公告]大麦互娱关于补发控股子公司被纳入失信被执行人公告的说明公告.pdf
2026-04-14 16:32:24,079 [INFO]   分类: 公司被纳入 | 公司: 限公司关于控股子公司 | 姓名: 
2026-04-14 16:32:24,079 [INFO] 
处理: 0329_[临时公告]智蓝霍斛关于公司控股股东、实际控制人被纳入失信被执行人名单的进展情况公告.pdf
2026-04-14 16:32:24,384 [INFO]   分类: 个人被纳入 | 公司:  | 姓名: 何家杰，和实际
2026-04-14 16:32:24,384 [INFO] 
处理: 0330_[临时公告]智蓝霍斛关于公司控股股东、实际控制人被纳入失信被执行人名单的进展情况公告.pdf
2026-04-14 16:32:24,757 [INFO]   分类: 个人被纳入 | 公司:  | 姓名: 何家杰，和实际
2026-04-14 16:32:24,758 [INFO] 
处理: 0331_[临时公告]艾瑞德关于补发公司控股股东、实际控制人被纳入失信被执行人名单的声明公告.pdf
2026-04-14 16:32:24,895 [INFO]   分类: 个人被纳入 | 公司:  | 姓名: 汪舵海
2026-04-14 16:32:24,895 [INFO] 
处理: 0332_[临时公告]ST卓仕关于公司、子公司及实际控制人被纳入失信被执行人名单的公告.pdf
2026-04-14 16:32:26,088 [INFO]   分类: 公司及个人被纳入 | 公司: 上海卓仕物流科技股份有限公司，上海卓展诺力科技有限公司 | 姓名: 刘向东
2026-04-14 16:32:26,089 [INFO] 
处理: 0333_[临时公告]智蓝霍斛关于公司控股股东、实际控制人被纳入失信被执行人名单的进展情况公告.pdf
2026-04-14 16:32:26,465 [INFO]   分类: 个人被纳入 | 公司:  | 姓名: 何家杰，和实际
2026-04-14 16:32:26,465 [INFO] 
处理: 0334_[临时公告]三重股份关于公司被纳入失信被执行人名单、被出具限制消费令的公告.pdf
2026-04-14 16:32:26,713 [INFO]   分类: 公司被纳入 | 公司: 烟台三重技术股份有限公司 | 姓名: 
2026-04-14 16:32:26,714 [INFO] 
处理: 0335_[临时公告]ST丰汇补发关于公司被纳入失信被执行人名单的公告（补发）的声明公告.pdf
2026-04-14 16:32:26,808 [INFO]   分类: 公司被纳入 | 公司:  | 姓名: 
2026-04-14 16:32:26,810 [INFO] 
处理: 0336_[临时公告]凯路仕关于补发公司实际控制人被纳入失信被执行人名单的声明公告.pdf
2026-04-14 16:32:26,912 [INFO]   分类: 个人被纳入 | 公司:  | 姓名: 
2026-04-14 16:32:26,913 [INFO] 
处理: 0337_[临时公告]金鼎股份关于补发公司控股股东被纳入失信被执行人名单公告的声明公告.pdf
2026-04-14 16:32:27,063 [INFO]   分类: 个人被纳入 | 公司: 天津冶金集团有限公司 | 姓名: 
2026-04-14 16:32:27,063 [INFO] 
处理: 0338_[临时公告]富亿达关于公司控股股东、实际控制人被纳入失信被执行人名单的公告.pdf
2026-04-14 16:32:27,337 [INFO]   分类: 个人被纳入 | 公司:  | 姓名: 周晓东
2026-04-14 16:32:27,337 [INFO] 
处理: 0339_[临时公告]前程能源关于公司被纳入失信被执行人名单的补发声明公告.pdf
2026-04-14 16:32:27,451 [INFO]   分类: 公司被纳入 | 公司: 西前程新能源科技股份有限公司关于公司 | 姓名: 
2026-04-14 16:32:27,451 [INFO] 
处理: 0340_[临时公告]彩通科技关于公司控股股东、实际控制人被纳入失信被执行人名单的公告.pdf
2026-04-14 16:32:27,716 [INFO]   分类: 个人被纳入 | 公司:  | 姓名: 和高级，张玉峰
2026-04-14 16:32:27,717 [INFO] 
处理: 0341_[临时公告]ST民生冷关于公司被纳入失信被执行人名单的补发声明公告.pdf
2026-04-14 16:32:27,872 [INFO]   分类: 公司被纳入 | 公司: 生冷链股份有限公司 | 姓名: 
2026-04-14 16:32:27,872 [INFO] 
处理: 0342_[临时公告]金鼎股份关于补发公司控股股东被纳入失信被执行人名单公告的声明公告.pdf
2026-04-14 16:32:28,017 [INFO]   分类: 个人被纳入 | 公司: 天津冶金集团有限公司 | 姓名: 
2026-04-14 16:32:28,018 [INFO] 
处理: 0343_[临时公告]ST能讯关于控股股东、实际控制人被纳入失信被执行人的公告的补发声明公告.pdf
2026-04-14 16:32:28,154 [INFO]   分类: 个人被纳入 | 公司:  | 姓名: 蒋洪明
2026-04-14 16:32:28,154 [INFO] 
处理: 0344_[临时公告]元亨利关于公司及实际控制人被纳入失信被执行人名单的补发声明公告.pdf
2026-04-14 16:32:28,278 [INFO]   分类: 公司及个人被纳入 | 公司:  | 姓名: 
2026-04-14 16:32:28,278 [INFO] 
处理: 0345_[临时公告]元亨利关于公司及实际控制人被撤销部分失信被执行人名单的补发声明公告.pdf
2026-04-14 16:32:28,380 [INFO]   分类: 公司及个人被撤销 | 公司:  | 姓名: 谢宗选
2026-04-14 16:32:28,380 [INFO] 
处理: 0346_[临时公告]金大股份关于控股股东、实际控制人、全资子公司被纳入失信被执行人的公告(补发).pdf
2026-04-14 16:32:29,477 [INFO]   分类: 个人被纳入 | 公司: 实际控制人及全资子公司，浙江金鹤车业有限公司 | 姓名: 章小理，胡昕
2026-04-14 16:32:29,477 [INFO] 
处理: 0347_[临时公告]颍元股份关于补发控股股东、实际控制人被纳入失信被执行人名单的公告的声明公告.pdf
2026-04-14 16:32:29,607 [INFO]   分类: 个人被纳入 | 公司:  | 姓名: 梁亦才
2026-04-14 16:32:29,607 [INFO] 
处理: 0348_[临时公告]ST彩通关于公司控股股东、实际控制人被纳入失信被执行人名单的进展公告.pdf
2026-04-14 16:32:29,890 [INFO]   分类: 个人被纳入 | 公司:  | 姓名: 和高级，张玉峰
2026-04-14 16:32:29,891 [INFO] 
处理: 0349_[临时公告]住百家关于公司控股股东、实际控制人被纳入失信被执行人名单的公告.pdf
2026-04-14 16:32:30,630 [INFO]   分类: 个人被纳入 | 公司:  | 姓名: 张亨德
2026-04-14 16:32:30,630 [INFO] 
处理: 0350_[临时公告]聚塑科技关于公司控股股东、实际控制人被纳入失信被执行人名单的公告（补发）(补发).pdf
2026-04-14 16:32:31,134 [INFO]   分类: 个人被纳入 | 公司:  | 姓名: 杨已，段传
2026-04-14 16:32:31,134 [INFO] 
处理: 0351_[临时公告]裕源大通关于公司实际控制人被纳入失信被执行人名单、被出具限制消费令的公告(补发).pdf
2026-04-14 16:32:31,435 [INFO]   分类: 个人被纳入 | 公司:  | 姓名: 孙玉静
2026-04-14 16:32:31,436 [INFO] 
处理: 0352_[临时公告]松本绿色关于公司控股股东、实际控制人被纳入失信被执行人名单的公告(补发).pdf
2026-04-14 16:32:31,690 [INFO]   分类: 个人被纳入 | 公司:  | 姓名: 邱丽娟
2026-04-14 16:32:31,690 [INFO] 
处理: 0353_[临时公告]ST民生冷关于公司控股股东、实际控制人被纳入失信被执行人名单的公告(补发)（更正后）.pdf
2026-04-14 16:32:31,991 [INFO]   分类: 个人被纳入 | 公司:  | 姓名: 王兰已
2026-04-14 16:32:31,991 [INFO] 
处理: 0354_[临时公告]ST民生冷关于公司控股股东、实际控制人被纳入失信被执行人名单的公告(补发)（已取消）.pdf
2026-04-14 16:32:32,291 [INFO]   分类: 个人被纳入 | 公司:  | 姓名: 王兰已
2026-04-14 16:32:32,291 [INFO] 
处理: 0355_[临时公告]华泰珠宝关于公司控股股东、实际控制人被纳入失信被执行人名单的公告(补发).pdf
2026-04-14 16:32:32,332 [INFO]   分类:  | 公司:  | 姓名: 
2026-04-14 16:32:32,332 [INFO] 
处理: 0356_[临时公告]彩通科技关于公司控股股东、实际控制人再次被纳入失信被执行人名单的公告.pdf
2026-04-14 16:32:32,572 [INFO]   分类: 个人被纳入 | 公司:  | 姓名: 和高级，张玉峰
2026-04-14 16:32:32,572 [INFO] 
处理: 0357_[临时公告]易点科技关于补发公司及控股股东、实际控制人被纳入失信被执行人名单公告(补发).pdf
2026-04-14 16:32:33,372 [INFO]   分类: 公司及个人被纳入 | 公司: 法院已撤销公司 | 姓名: 宋春影，易晓天，易继先
2026-04-14 16:32:33,372 [INFO] 
处理: 0358_[临时公告]顺泰钨业关于公司控股股东、实际控股人被纳入失信被执行人名单的公告(补发).pdf
2026-04-14 16:32:33,713 [INFO]   分类: 个人被纳入 | 公司:  | 姓名: 赵泽安
2026-04-14 16:32:33,713 [INFO] 
处理: 0359_[临时公告]君辉环保关于补发公司及其子公司、实际控制人被纳入失信被执行人名单公告的声明公告.pdf
2026-04-14 16:32:33,840 [INFO]   分类: 公司及个人被纳入 | 公司:  | 姓名: 陈君
2026-04-14 16:32:33,840 [INFO] 
处理: 0360_[临时公告]习尚喜关于公司控股股东、实际控制人及全资子公司被纳入失信被执行人的公告(补发).pdf
2026-04-14 16:32:34,165 [INFO]   分类: 个人被纳入 | 公司: 实际控制人及全资子公司，淄博富喜尔化学有限公司 | 姓名: 郝光顺
2026-04-14 16:32:34,165 [INFO] 
处理: 0361_[券商公告]网信证券关于威龙再造控股股东、实际控制人被列入失信被执行人的风险提示公告.pdf
2026-04-14 16:32:34,386 [INFO]   分类: 个人被纳入 | 公司:  | 姓名: 凤国保，督促公
2026-04-14 16:32:34,386 [INFO] 
处理: 0362_[临时公告]聚塑科技关于新增公司被纳入失信被执行人名单、公司控股股东被出具限制消费令的公告一.pdf
2026-04-14 16:32:34,491 [INFO]   分类: 公司被纳入 | 公司: 河南聚塑管道科技股份有限公司 | 姓名: 
2026-04-14 16:32:34,491 [INFO] 
处理: 0363_[临时公告]白茶股份关于补发涉及诉讼、仲裁、违规对外担保以及被纳入失信被执行人公告的声明公告.pdf
2026-04-14 16:32:34,742 [INFO]   分类: 公司被纳入 | 公司:  | 姓名: 
2026-04-14 16:32:34,742 [INFO] 
处理: 0364_[临时公告]九曲生科关于监事会主席被纳入失信被执行人名单的公告(补发).pdf
2026-04-14 16:32:34,863 [INFO]   分类: 个人被纳入 | 公司:  | 姓名: 关于，龚毕克
2026-04-14 16:32:34,863 [INFO] 
处理: 0365_[临时公告]聚塑科技关于补发公司控股股东、实际控制人被纳入失信被执行人名单的公告的声明公告.pdf
2026-04-14 16:32:34,980 [INFO]   分类: 个人被纳入 | 公司:  | 姓名: 段传
2026-04-14 16:32:34,980 [INFO] 
处理: 0366_[临时公告]煌盛管件关于公司控股股东、实际控制人被纳入失信被执行人名单的公告的补发声明.pdf
2026-04-14 16:32:35,063 [INFO]   分类: 个人被纳入 | 公司:  | 姓名: 邵泰清，邵赛欧
2026-04-14 16:32:35,063 [INFO] 
处理: 0367_[临时公告]宣爱智能关于公司涉及诉讼、股权司法冻结、被纳入失信被执行人的风险提示性公告.pdf
2026-04-14 16:32:35,253 [INFO]   分类: 公司被纳入 | 公司: 披露了公司 | 姓名: 
2026-04-14 16:32:35,253 [INFO] 
处理: 0368_[临时公告]三信防务控股股东、实际控制人被纳入失信被执行人名单公告(补发).pdf
2026-04-14 16:32:35,437 [INFO]   分类: 个人被纳入 | 公司:  | 姓名: 魏可红
2026-04-14 16:32:35,437 [INFO] 
处理: 0369_[临时公告]易点科技关于补发公司及控股股东、实际控制人被纳入失信被执行人名单公告的声明公告.pdf
2026-04-14 16:32:35,527 [INFO]   分类: 公司及个人被纳入 | 公司:  | 姓名: 宋春影，易继先
2026-04-14 16:32:35,527 [INFO] 
处理: 0370_[券商公告]焕鑫新材大通证券关于焕鑫新材控股股东及实际控制人纳入失信被执行人名单的风险提示公告.pdf
2026-04-14 16:32:35,712 [INFO]   分类: 个人被纳入 | 公司: 圣华控股集团有限公司，控股股东圣华控股集团有限公司，股股东圣华控股集团有限公司 | 姓名: 圣华，钱建华
2026-04-14 16:32:35,713 [INFO] 
处理: 0371_[临时公告]大华新材关于公司及控股股东、实际控制人被纳入失信被执行人名单的公告(补发).pdf
2026-04-14 16:32:35,896 [INFO]   分类: 公司及个人被纳入 | 公司:  | 姓名: 孙华华
2026-04-14 16:32:35,896 [INFO] 
处理: 0372_[临时公告]佳盈物流关于公司实际控制人及控股子公司被纳入失信被执行人名单公告(补发).pdf
2026-04-14 16:32:36,193 [INFO]   分类: 个人被纳入 | 公司:  | 姓名: 张勇，申雄斌
2026-04-14 16:32:36,193 [INFO] 
处理: 0373_[临时公告]ST胜龙关于实际控制人、法定代表人、董事长兼总经理被纳入失信被执行人名单和限制消费人员名单的公告(补发).pdf
2026-04-14 16:32:36,374 [INFO]   分类: 个人被纳入 | 公司:  | 姓名: 施智华
2026-04-14 16:32:36,375 [INFO] 
处理: 0374_[临时公告]大华新材关于补发公司及控股股东、实际控制人被纳入失信被执行人名单的声明公告.pdf
2026-04-14 16:32:36,461 [INFO]   分类: 公司及个人被纳入 | 公司:  | 姓名: 孙华华
2026-04-14 16:32:36,461 [INFO] 
处理: 0375_[临时公告]瑞恒科技关于子公司深圳市瑞象科技有限公司被纳入失信被执行人的公告.pdf
2026-04-14 16:32:36,649 [INFO]   分类: 公司被纳入 | 公司: 深圳市瑞象科技有限公司 | 姓名: 
2026-04-14 16:32:36,649 [INFO] 
处理: 0376_[临时公告]金百万关于子公司被纳入失信被执行人名单及相关主体被出具限制消费令等事项的公告(补发).pdf
2026-04-14 16:32:36,960 [INFO]   分类: 个人被纳入 | 公司: 北京金百万餐饮管理有限责任公司 | 姓名: 邓刚，邓超
2026-04-14 16:32:36,960 [INFO] 
处理: 0377_[临时公告]好样传媒关于好样传媒股份有限公司被纳入失信被执行人的公告（已取消）.pdf
2026-04-14 16:32:37,049 [INFO]   分类: 公司被纳入 | 公司: 好样传媒股份有限公司 | 姓名: 
2026-04-14 16:32:37,049 [INFO] 
处理: 0378_[临时公告]名品世家关于补发公司财务总监被纳入失信被执行人的声明公告（2018-065）.pdf
2026-04-14 16:32:37,149 [INFO]   分类: 个人被纳入 | 公司:  | 姓名: 李泽
2026-04-14 16:32:37,150 [INFO] 
处理: 0379_[临时公告]山东科耐关于公司、张天恒、成西之、张翠琴被纳入失信被执行人公告(补发).pdf
2026-04-14 16:32:37,323 [INFO]   分类: 公司被纳入 | 公司:  | 姓名: 
2026-04-14 16:32:37,323 [INFO] 
处理: 0380_[临时公告]大洋股份2018-024 补发关于控股股东、实际控制人被纳入失信被执行人的公告的声明公告.pdf
2026-04-14 16:32:37,397 [INFO]   分类: 个人被纳入 | 公司:  | 姓名: 吴亚萍
2026-04-14 16:32:37,397 [INFO] 
处理: 0381_[临时公告]艾瑞德关于控股股东、实际控制人被纳入失信被执行人名单、被出具限制高消费令的公告二(补发).pdf
2026-04-14 16:32:37,588 [INFO]   分类: 个人被纳入 | 公司:  | 姓名: 汪舵海
2026-04-14 16:32:37,588 [INFO] 
处理: 0382_[临时公告]瑞珑科技关于全资子公司上海韦澜汽车科技有限公司被纳入失信被执行人的公告.pdf
2026-04-14 16:32:37,691 [INFO]   分类: 公司被纳入 | 公司: 上海韦澜汽车科技有限公司 | 姓名: 
2026-04-14 16:32:37,691 [INFO] 
处理: 0383_[临时公告]疆能股份关于公司控股股东、实际控制人及董监高被纳入失信被执行人名单的公告(补发).pdf
2026-04-14 16:32:37,729 [INFO]   分类:  | 公司:  | 姓名: 
2026-04-14 16:32:37,730 [INFO] 
处理: 0384_[临时公告]蓝天环保关于公司控股股东、实际控制人及董监高人员被纳入失信被执行人名单的公告.pdf
2026-04-14 16:32:37,797 [INFO]   分类:  | 公司:  | 姓名: 
2026-04-14 16:32:37,798 [INFO] 
处理: 0385_[临时公告]元亨利关于公司及实际控制人再次被纳入失信被执行人名单公告的补发声明公告.pdf
2026-04-14 16:32:37,889 [INFO]   分类: 公司及个人被纳入 | 公司:  | 姓名: 谢宗选，黄旭文
2026-04-14 16:32:37,889 [INFO] 
处理: 0386_[临时公告]蓝波绿建蓝波绿建：关于补发公司被纳入失信被执行人名单的声明公告.pdf
2026-04-14 16:32:37,954 [INFO]   分类: 公司被纳入 | 公司:  | 姓名: 
2026-04-14 16:32:37,954 [INFO] 
处理: 0387_[临时公告]裕源大通关于补发公司实际控制人被纳入失信被执行人名单并被出具限制消费令公告的声明公告.pdf
2026-04-14 16:32:38,034 [INFO]   分类: 个人被纳入 | 公司:  | 姓名: 
2026-04-14 16:32:38,034 [INFO] 
处理: 0388_[临时公告]凯路仕2018-056 关于补发公司实际控制人被纳入失信被执行人名单的声明公告.pdf
2026-04-14 16:32:38,104 [INFO]   分类: 个人被纳入 | 公司:  | 姓名: 
2026-04-14 16:32:38,104 [INFO] 
处理: 0389_[临时公告]松本绿色关于补发公司控股股东、实际控制人被纳入失信被执行人名单的公告的声明公告.pdf
2026-04-14 16:32:38,167 [INFO]   分类: 个人被纳入 | 公司:  | 姓名: 邱丽娟
2026-04-14 16:32:38,167 [INFO] 
处理: 0390_[临时公告]万芳园艺关于公司控股股东被纳入失信被执行人名单的公告 [2018-040].pdf
2026-04-14 16:32:38,380 [INFO]   分类: 个人被纳入 | 公司:  | 姓名: 万芳，李源
2026-04-14 16:32:38,380 [INFO] 
处理: 0391_[临时公告]ST民生冷关于公司控股股东、实际控制人被纳入失信被执行人名单的公告(补发)(更正公告).pdf
2026-04-14 16:32:38,503 [INFO]   分类: 个人被纳入 | 公司:  | 姓名: 
2026-04-14 16:32:38,503 [INFO] 
处理: 0392_[临时公告]华泰珠宝关于公司控股股东、实际控制人被纳入失信被执行人名单的补发声明.pdf
2026-04-14 16:32:38,528 [INFO]   分类:  | 公司:  | 姓名: 
2026-04-14 16:32:38,528 [INFO] 
处理: 0393_[临时公告]松德资源2018-009：松德资源关于补发公司被纳入失信被执行人名单公告的声明公告.pdf
2026-04-14 16:32:38,585 [INFO]   分类: 公司被纳入 | 公司:  | 姓名: 
2026-04-14 16:32:38,585 [INFO] 
处理: 0394_[临时公告]顺泰钨业关于补发公司控股股东、实际控股人被纳入失信被执行人名单公告的声明公告.pdf
2026-04-14 16:32:38,666 [INFO]   分类: 个人被纳入 | 公司:  | 姓名: 赵泽安
2026-04-14 16:32:38,666 [INFO] 
处理: 0395_[临时公告]大华新材关于补发公司及控股股东、实际控制人被纳入失信被执行人名单的声明公告.pdf
2026-04-14 16:32:38,744 [INFO]   分类: 公司及个人被纳入 | 公司:  | 姓名: 孙华华
2026-04-14 16:32:38,744 [INFO] 
处理: 0396_[临时公告]ST恒忆关于公司原实际控制人、原董事长、公司及控股子公司法定代表人被纳入失信被执行人的提示公告.pdf
2026-04-14 16:32:38,906 [INFO]   分类: 公司及个人被纳入 | 公司:  | 姓名: 林鸿福
2026-04-14 16:32:38,906 [INFO] 
处理: 0397_[券商公告]京东健康华融证券有限公司关于唐山京东大健康股份有限公司新换届董事为被纳入失信被执行人名单的风险提示公告.pdf
2026-04-14 16:32:38,982 [INFO]   分类: 个人被纳入 | 公司:  | 姓名: 和高级，徐耀东，董监高
2026-04-14 16:32:38,982 [INFO] 
处理: 0398_[券商公告]ST新绿海通证券股份有限公司关于山东新绿食品股份有限公司及其董事、监事被纳入失信被执行人名单的风险提示性公告.pdf
2026-04-14 16:32:39,738 [INFO]   分类: 公司及个人被纳入 | 公司: 山东新绿食品股份有限公司 | 姓名: 和董，尤华东，李兰涛，陈星仍
2026-04-14 16:32:39,738 [INFO] 
处理: 0399_[券商公告]天宏股份兴业证券股份有限公司关于天宏股份及其实际控制人、董事被纳入失信被执行人名单、公司涉及诉讼、违规对外担保情况的风险揭示公告.pdf
2026-04-14 16:32:40,232 [INFO]   分类: 个人被纳入 | 公司: 河北天宏制鞋股份有限公司 | 姓名: 刘会同，刘敬学，刘静丽，王欢
2026-04-14 16:32:40,232 [INFO] 
处理: 0400_[临时公告]喜宝动力关于杭州商喜电子商务有限公司被撤销失信被执行人名单补发公告的说明.pdf
2026-04-14 16:32:40,310 [INFO]   分类: 公司被撤销 | 公司:  | 姓名: 
2026-04-14 16:32:40,310 [INFO] 
处理: 0401_[临时公告]山东科耐关于公司、张天恒、张翠琴、成西之被纳入失信被执行人的公告(补发)的声明.pdf
2026-04-14 16:32:40,376 [INFO]   分类: 公司被纳入 | 公司:  | 姓名: 
2026-04-14 16:32:40,376 [INFO] 
处理: 0402_[临时公告]艾瑞德关于补发公司控股股东、实际控制人被纳入失信被执行人名单、被出具限制高消费令的声明公告.pdf
2026-04-14 16:32:40,469 [INFO]   分类: 个人被纳入 | 公司:  | 姓名: 汪舵海
2026-04-14 16:32:40,469 [INFO] 
处理: 0403_[临时公告]疆能股份关于补发公司控股股东、实际控制人、董监高被纳入失信被执行人名单的声明公告.pdf
2026-04-14 16:32:40,487 [INFO]   分类:  | 公司:  | 姓名: 
2026-04-14 16:32:40,487 [INFO] 
处理: 0404_[临时公告]世家装饰关于控股子公司被纳入失信被执行人名单、公司高管被出具限制消费令的公告.pdf
2026-04-14 16:32:40,497 [INFO]   分类:  | 公司:  | 姓名: 
2026-04-14 16:32:40,497 [INFO] 
处理: 0405_[临时公告]乐美电商关于公司及公司控股股东、实际控制人被纳入失信被执行人名单的公告（补发）(补发).pdf
2026-04-14 16:32:40,511 [INFO]   分类:  | 公司:  | 姓名: 
2026-04-14 16:32:40,511 [INFO] 
处理: 0406_[临时公告]ST民生冷关于公司控股股东、实际控制人被纳入失信被执行人名单的补发声明公告.pdf
2026-04-14 16:32:40,595 [INFO]   分类: 个人被纳入 | 公司:  | 姓名: 王兰已
2026-04-14 16:32:40,595 [INFO] 
处理: 0407_[临时公告]派诺光电关于公司及实际控制人、 高级管理人员被纳入失信被执行人名单的公告(补发).pdf
2026-04-14 16:32:40,818 [INFO]   分类: 公司及个人被纳入 | 公司:  | 姓名: 南娜琼，颜志金
2026-04-14 16:32:40,819 [INFO] 
处理: 0408_[临时公告]派诺光电关于补发公司及实际控制人、高级管理人员被纳入失信被执行人名单的声明.pdf
2026-04-14 16:32:40,952 [INFO]   分类: 公司及个人被纳入 | 公司:  | 姓名: 
2026-04-14 16:32:40,952 [INFO] 
处理: 0409_[临时公告]海涛股份关于公司及其实际控制人、法定代表人被列入失信被执行人名单的公告.pdf
2026-04-14 16:32:41,131 [INFO]   分类: 公司及个人被纳入 | 公司:  | 姓名: 崔丹平，许涛
2026-04-14 16:32:41,131 [INFO] 
处理: 0410_[临时公告]三信防务关于补发控股股东、实际控制人被纳入失信被执行人名单公告的声明公告.pdf
2026-04-14 16:32:41,209 [INFO]   分类: 个人被纳入 | 公司:  | 姓名: 魏可红
2026-04-14 16:32:41,209 [INFO] 
处理: 0411_[临时公告]易点科技东北证券关于易点科技及其控股股东、实际控制人被纳入失信被执行人名单的风险提示公告.pdf
2026-04-14 16:32:41,619 [INFO]   分类: 个人被纳入 | 公司: 法院已撤销公司 | 姓名: 宋春影，易晓天，易继先
2026-04-14 16:32:41,619 [INFO] 
处理: 0412_[临时公告]江通传媒关于第一大股东被纳入失信被执行人名单的公告(补发).pdf
2026-04-14 16:32:41,773 [INFO]   分类: 个人被纳入 | 公司: 武汉江松多媒体技术发展有限公司 | 姓名: 江松
2026-04-14 16:32:41,773 [INFO] 
处理: 0413_[临时公告]佳盈物流关于补发公司实际控制人及控股子公司被纳入失信被执行人名单公告的声明公告.pdf
2026-04-14 16:32:41,838 [INFO]   分类: 个人被纳入 | 公司: 及控股子公司 | 姓名: 
2026-04-14 16:32:41,838 [INFO] 
处理: 0414_[券商公告]德化恒忆恒泰证券股份有限公司关于德化恒忆陶瓷艺术股份有限公司及公司实际控制人、董事长、董事被纳入失信被执行人名单的风险提示公告.pdf
2026-04-14 16:32:41,940 [INFO]   分类: 公司及个人被纳入 | 公司:  | 姓名: 卢玉萍，应及时，林鸿福
2026-04-14 16:32:41,940 [INFO] 
处理: 0415_[临时公告]ST胜龙关于实际控制人、法定代表人、董事长兼总经理被纳入失信被执行人名单和限制消费人员名单的补发声明公告.pdf
2026-04-14 16:32:42,073 [INFO]   分类: 其他 | 公司:  | 姓名: 
2026-04-14 16:32:42,074 [INFO] 
处理: 0416_[券商公告]大盛新材国泰君安证券股份有限公司关于浙江大盛新材料股份有限公司及其董事被纳入失信被执行人名单的风险提示性公告.pdf
2026-04-14 16:32:42,271 [INFO]   分类: 公司及个人被纳入 | 公司: 浙江大盛新材料股份有限公司 | 姓名: 吴险峰
2026-04-14 16:32:42,271 [INFO] 
处理: 0417_[临时公告]金百万关于补发子公司被纳入失信被执行人名单及相关主体被出具限制消费令等事项公告的声明公告.pdf
2026-04-14 16:32:42,371 [INFO]   分类: 个人被纳入 | 公司:  | 姓名: 
2026-04-14 16:32:42,371 [INFO] 
处理: 0418_[临时公告]好样传媒关于好样传媒股份有限公司被纳入失信被执行人的公告(更正公告).pdf
2026-04-14 16:32:42,489 [INFO]   分类: 公司被纳入 | 公司:  | 姓名: 
2026-04-14 16:32:42,489 [INFO] 
处理: 0419_[临时公告]习尚喜关于公司控股股东、实际控制人及全资子公司被纳入失信被执行人的补发声明公告.pdf
2026-04-14 16:32:42,548 [INFO]   分类: 个人被纳入 | 公司: 实际控制人及全资子公司 | 姓名: 郝光顺
2026-04-14 16:32:42,548 [INFO] 
处理: 0420_[临时公告]金大股份关于补发控股股东、实际控制人、全资子公司被纳入失信被执行人名单公告的声明公告.pdf
2026-04-14 16:32:42,632 [INFO]   分类: 个人被纳入 | 公司: 控股子公司 | 姓名: 章小理
2026-04-14 16:32:42,632 [INFO] 
处理: 0421_[临时公告]勇辉生态关于江油市人民法院已撤销公司被纳入失信被执行人名单的公告.pdf
2026-04-14 16:32:42,750 [INFO]   分类: 公司被撤销 | 公司: 江油市人民法院已撤销公司 | 姓名: 
2026-04-14 16:32:42,750 [INFO] 
处理: 0422_[临时公告]乐美电商关于公司及公司控股股东、实际控制人被纳入失信被执行人名单的补发声明.pdf
2026-04-14 16:32:42,770 [INFO]   分类:  | 公司:  | 姓名: 
2026-04-14 16:32:42,770 [INFO] 
处理: 0423_[券商公告]中海阳华泰联合证券有限责任公司关于中海阳能源集团股份有限公司被列入失信被执行人、公司董事长被采取限制消费措施的风险提示公告.pdf
2026-04-14 16:32:42,835 [INFO]   分类:  | 公司:  | 姓名: 
2026-04-14 16:32:42,835 [INFO] 
处理: 0424_[券商公告]保通食品申万宏源关于保通食品及其子公司等涉及重大诉讼、公司被纳入失信被执行人的风险提示性公告.pdf
2026-04-14 16:32:42,853 [INFO]   分类:  | 公司:  | 姓名: 
2026-04-14 16:32:42,853 [INFO] 
处理: 0425_[券商公告]奥其斯新时代证券关于奥其斯科技股份有限公司被列入失信执行人名单的风险提示公告.pdf
2026-04-14 16:32:43,155 [INFO]   分类: 公司被纳入 | 公司: 其斯科技股份有限公司关于补发公司，奥其斯科技股份有限公司 | 姓名: 
2026-04-14 16:32:43,155 [INFO] 
处理: 0426_[券商公告]ST白兔湖关于安徽白兔湖动力股份有限公司被纳入失信被执行人的风险提示性公告.pdf
2026-04-14 16:32:43,171 [INFO]   分类:  | 公司:  | 姓名: 
2026-04-14 16:32:43,171 [INFO] 
处理: 0427_[临时公告]喜宝动力关于控股子公司杭州商喜电子商务有限公司被纳入失信被执行人的公告(补发).pdf
2026-04-14 16:32:43,302 [INFO]   分类: 公司被纳入 | 公司: 公司控股子公司杭州商喜电子商务有限公司，杭州商喜电子商务有限公司 | 姓名: 
2026-04-14 16:32:43,302 [INFO] 
处理: 0428_[临时公告]喜宝动力关于控股子公司杭州商喜电子商务有限公司被纳入失信被执行人的补发公告的说明.pdf
2026-04-14 16:32:43,366 [INFO]   分类: 公司被纳入 | 公司:  | 姓名: 
2026-04-14 16:32:43,366 [INFO] 
处理: 0429_[临时公告]喜宝动力关于补发控股子公司杭州商喜电子商务有限公司被纳入失信被执行人的说明公告.pdf
2026-04-14 16:32:43,438 [INFO]   分类: 公司被纳入 | 公司:  | 姓名: 
2026-04-14 16:32:43,438 [INFO] 
处理: 0430_[临时公告]九曲生科关于补发监事会主席被纳入失信被执行人名单并被出具限制消费令的声明公告.pdf
2026-04-14 16:32:43,515 [INFO]   分类: 其他 | 公司:  | 姓名: 龚毕克
2026-04-14 16:32:43,517 [INFO] 
处理: 0431_[临时公告]ST大民关于子公司甘肃华元神谷种业有限公司被纳入失信被执行人名单的公告.pdf
2026-04-14 16:32:43,629 [INFO]   分类: 公司被纳入 | 公司: 甘肃华元神谷种业有限公司 | 姓名: 
2026-04-14 16:32:43,629 [INFO] 
处理: 0432_[临时公告]江通传媒关于补发公司第一大股东被纳入失信被执行人名单公告的声明.pdf
2026-04-14 16:32:43,726 [INFO]   分类: 个人被纳入 | 公司:  | 姓名: 
2026-04-14 16:32:43,726 [INFO] 
处理: 0433_[券商公告]田园婆婆国盛证券有限责任公司关于田园婆婆（北京）食品股份有限公司及其董事长被纳入失信被执行人名单的风险提示公告.pdf
2026-04-14 16:32:43,739 [INFO]   分类:  | 公司:  | 姓名: 
2026-04-14 16:32:43,739 [INFO] 
处理: 0434_[券商公告]ST磊曜东兴证券股份有限公司关于磊曜微电子（上海）股份有限公司及董事长被纳入失信被执行人名单的风险提示公告.pdf
2026-04-14 16:32:43,751 [INFO]   分类:  | 公司:  | 姓名: 
2026-04-14 16:32:43,751 [INFO] 
处理: 0435_[临时公告]喜宝动力关于控股子公司杭州商喜电子商务有限公司被撤销失信被执行人名单的公告.pdf
2026-04-14 16:32:43,820 [INFO]   分类: 公司被撤销 | 公司: 对控股子公司杭州商喜电子商务有限公司 | 姓名: 
2026-04-14 16:32:43,820 [INFO] 
处理: 0436_[临时公告]喜宝动力关于控股子公司杭州商喜电子商务有限公司被纳入失信被执行人的补发公告(补发).pdf
2026-04-14 16:32:43,921 [INFO]   分类: 公司被纳入 | 公司: 公司控股子公司杭州商喜电子商务有限公司，杭州商喜电子商务有限公司 | 姓名: 
2026-04-14 16:32:43,921 [INFO] 
处理: 0437_[临时公告]聚塑科技聚塑科技：关于补发新增公司被纳入失信被执行人名单、公司控股股东被出具限制消费令的公告的声明公告.pdf
2026-04-14 16:32:44,015 [INFO]   分类: 公司被纳入 | 公司:  | 姓名: 
2026-04-14 16:32:44,015 [INFO] 
处理: 0438_[券商公告]中城数据湘财证券关于中城数据股份有限公司被列入失信执行人名单及存在欠税情况的风险提示公告.pdf
2026-04-14 16:32:44,076 [INFO]   分类: 公司被纳入 | 公司:  | 姓名: 
2026-04-14 16:32:44,076 [INFO] 
处理: 0439_[临时公告]卓越钒业关于控股股东攀枝花钢城集团有限公司被纳入失信被执行人名单公告(补发).pdf
2026-04-14 16:32:44,271 [INFO]   分类: 个人被纳入 | 公司: 攀枝花钢城集团有限公司 | 姓名: 尚未，解决该
2026-04-14 16:32:44,271 [INFO] 
处理: 0440_[临时公告]三重股份关于烟台市芝罘区人民法院已撤销公司被纳入失信被执行人名单的公告.pdf
2026-04-14 16:32:44,355 [INFO]   分类: 公司被撤销 | 公司:  | 姓名: 
2026-04-14 16:32:44,355 [INFO] 
处理: 0441_[券商公告]澳坤生物东方花旗证券有限公司关于山西澳坤生物农业股份有限公司补充确认关联交易事项及董事长被列入失信被执行人的风险提示公告.pdf
2026-04-14 16:32:44,507 [INFO]   分类: 个人被纳入 | 公司:  | 姓名: 李学功
2026-04-14 16:32:44,507 [INFO] 
处理: 0442_[券商公告]华艳生物财富证券有限责任公司关于湖南华艳生物科技开发股份有限公司及其控股股东兼董事被纳入失信被执行人名单的风险提示公告.pdf
2026-04-14 16:32:44,754 [INFO]   分类: 公司及个人被纳入 | 公司: 湖南华艳生物科技开发股份有限公司 | 姓名: 刘艳，官建华
2026-04-14 16:32:44,756 [INFO] 
处理: 0443_[临时公告]喜宝动力关于控股子公司杭州商喜电子商务有限公司被纳入失信被执行人名单的公告(补发).pdf
2026-04-14 16:32:44,821 [INFO]   分类: 公司被纳入 | 公司:  | 姓名: 
2026-04-14 16:32:44,822 [INFO] 
处理: 0444_[临时公告]宏力能源关于广州市越秀区人民法院已撤销公司被纳入失信被执行人名单的公告.pdf
2026-04-14 16:32:44,959 [INFO]   分类: 公司被撤销 | 公司: 法院已撤销因该案件造成的公司 | 姓名: 
2026-04-14 16:32:44,960 [INFO] 
处理: 0445_[临时公告]ST民生冷关于宜宾市民生冷链股份有限公司被纳入失信被执行人名单的公告(补发).pdf
2026-04-14 16:32:45,114 [INFO]   分类: 公司被纳入 | 公司: 宜宾市民生冷链股份有限公司 | 姓名: 
2026-04-14 16:32:45,114 [INFO] 
处理: 0446_[券商公告]贵交科兴业证券股份有限公司关于贵州省交通科学研究院股份有限公司控股股东、实际控制人、董事被纳入失信被执行人名单的风险揭示公告.pdf
2026-04-14 16:32:45,598 [INFO]   分类: 个人被纳入 | 公司:  | 姓名: 沈涛，由于，魏璐
2026-04-14 16:32:45,598 [INFO] 
处理: 0447_[券商公告]ST卓仕中国银河证券股份有限公司关于实际控制人被纳入失信被执行人名单的风险揭示公告.pdf
2026-04-14 16:32:45,742 [INFO]   分类: 个人被纳入 | 公司:  | 姓名: 刘向东
2026-04-14 16:32:45,742 [INFO] 
处理: 0448_[临时公告]永畅兴国融证券关于广东永畅兴精密制造股份有限公司被纳入失信被执行人名单的风险提示性公告.pdf
2026-04-14 16:32:45,841 [INFO]   分类: 公司被纳入 | 公司: 广东永畅兴精密制造股份有限公司 | 姓名: 
2026-04-14 16:32:45,841 [INFO] 
处理: 0449_[临时公告]北京中科关于北京市海淀区人民法院已撤销子公司被纳入失信被执行人名单的公告.pdf
2026-04-14 16:32:45,952 [INFO]   分类: 公司被撤销 | 公司: 北京市海淀区人民法院已撤销子公司，针对子公司 | 姓名: 
2026-04-14 16:32:45,952 [INFO] 
处理: 0450_[券商公告]ST白兔湖太平洋证券股份有限公司关于安徽白兔湖动力股份有限公司控股股东、实际控制人及董事长被纳入失信被执行人名单的风险揭示公告.pdf
2026-04-14 16:32:45,978 [INFO]   分类:  | 公司:  | 姓名: 
2026-04-14 16:32:45,978 [INFO] 
处理: 0451_[临时公告]卓越钒业2018-016 关于补发控股股东攀枝花钢城集团有限公司被纳入失信被执行人名单的声明公告.pdf
2026-04-14 16:32:46,082 [INFO]   分类: 个人被纳入 | 公司:  | 姓名: 
2026-04-14 16:32:46,082 [INFO] 
处理: 0452_[临时公告]都市牧歌关于子公司内蒙古牧都羊绒制品有限公司被纳入失信被执行人名单的提示性公告(补发).pdf
2026-04-14 16:32:46,150 [INFO]   分类: 公司被纳入 | 公司: 内蒙古牧都羊绒制品有限公司 | 姓名: 
2026-04-14 16:32:46,150 [INFO] 
处理: 0453_[券商公告]金开利广发证券股份有限公司关于深圳市金开利科技股份有限公司及其控股股东、实际控制人、董事、高级管理人员被纳入失信执行人名单的风险提示性公告.pdf
2026-04-14 16:32:46,371 [INFO]   分类: 公司及个人被纳入 | 公司:  | 姓名: 
2026-04-14 16:32:46,371 [INFO] 
处理: 0454_[券商公告]三信防务开源证券股份有限公司关于南京三信防务装备股份有限公司及其控股股东、实际控制人、董事被纳入失信被执行人名单的风险提示公告.pdf
2026-04-14 16:32:46,618 [INFO]   分类: 公司及个人被纳入 | 公司: 南京三信防务装备股份有限公司 | 姓名: 郭世立，魏可红
2026-04-14 16:32:46,618 [INFO] 
处理: 0455_[券商公告]金禾股份东莞证券关于黑河金禾农业科技股份有限公司被纳入失信被执行人名单的风险提示公告.pdf
2026-04-14 16:32:46,634 [INFO]   分类:  | 公司:  | 姓名: 
2026-04-14 16:32:46,634 [INFO] 
处理: 0456_[券商公告]大洋股份国融证券关于常州大洋线缆股份有限公司实际控制人被纳入失信被执行人名单的风险提示性公告.pdf
2026-04-14 16:32:46,720 [INFO]   分类: 个人被纳入 | 公司:  | 姓名: 吴亚萍
2026-04-14 16:32:46,721 [INFO] 
处理: 0457_[券商公告]奥其斯新时代证券股份有限公司关于奥其斯科技股份有限公司被列入失信执行人名单的风险提示公告.pdf
2026-04-14 16:32:46,900 [INFO]   分类: 公司被纳入 | 公司: 其斯科技股份有限公司关于补发公司，在持续督导的过程中得知公司，奥其斯科技股份有限公司 | 姓名: 
2026-04-14 16:32:46,900 [INFO] 
处理: 0458_[券商公告]元亨利爱建证券有限责任公司关于元亨利珠宝股份有限公司再次被纳入失信被执行人名单的风险提示公告.pdf
2026-04-14 16:32:47,074 [INFO]   分类: 公司被纳入 | 公司: 元亨利珠宝股份有限公司 | 姓名: 
2026-04-14 16:32:47,074 [INFO] 
处理: 0459_[临时公告]金宏泰2018-027：江苏金宏泰科技股份有限公司关于补发公司实际控制人被纳入失信被执行人名单公告的声明公告.pdf
2026-04-14 16:32:47,152 [INFO]   分类: 个人被纳入 | 公司:  | 姓名: 赖泳
2026-04-14 16:32:47,153 [INFO] 
处理: 0460_[券商公告]尚远环保华西证券股份有限公司关于武汉尚远环保股份有限公司被纳入失信被执行人名单的风险提示公告.pdf
2026-04-14 16:32:47,252 [INFO]   分类: 公司被纳入 | 公司: 武汉尚远环保股份有限公司 | 姓名: 
2026-04-14 16:32:47,252 [INFO] 
处理: 0461_[券商公告]关于新疆新华能电气股份有限公司控股股东、实际控制人及董监高人员被纳入失信被执行人名单的风险提示性公告.pdf
2026-04-14 16:32:48,136 [INFO]   分类: 个人被纳入 | 公司:  | 姓名: 和高级，王建友，理人员，董监高
2026-04-14 16:32:48,136 [INFO] 
处理: 0462_[临时公告]金宏泰2018-006：江苏金宏泰科技股份有限公司关于补发公司实际控制人被纳入失信被执行人名单公告的声明公告.pdf
2026-04-14 16:32:48,277 [INFO]   分类: 个人被纳入 | 公司:  | 姓名: 赖泳村
2026-04-14 16:32:48,277 [INFO] 
处理: 0463_[券商公告]ST恒忆恒泰证券股份有限公司关于德化恒忆陶瓷艺术股份有限公司原实际控制人、原董事长、法定代表人被纳入失信被执行人等事项风险提示公告.pdf
2026-04-14 16:32:48,577 [INFO]   分类: 个人被纳入 | 公司:  | 姓名: 仍为林，依照，林鸿福，登记
2026-04-14 16:32:48,577 [INFO] 
处理: 0464_[券商公告]金百万关于北京金百万餐饮股份有限公司子公司被纳入失信被执行人名单及相关主体被出具限制消费令等事项的风险提示公告.pdf
2026-04-14 16:32:48,862 [INFO]   分类: 其他 | 公司: 北京金百万餐饮管理有限责任公司，北京金百万餐饮股份有限公司子公司 | 姓名: 邓刚，邓超
2026-04-14 16:32:48,862 [INFO] 
处理: 0465_[券商公告]紫荆股份西南证券股份有限公司关于福州紫荆动漫游戏股份有限公司被纳入失信被执行人的风险提示公告.pdf
2026-04-14 16:32:49,096 [INFO]   分类: 公司被纳入 | 公司: 福州紫荆动漫游戏股份有限公司 | 姓名: 
2026-04-14 16:32:49,097 [INFO] 
处理: 0466_[券商公告]三信防务开源证券关于三信防务股权被司法冻结及控股股东、实际控制人被纳入失信被执行人名单的风险提示公告.pdf
2026-04-14 16:32:49,131 [INFO]   分类:  | 公司:  | 姓名: 
2026-04-14 16:32:49,131 [INFO] 
处理: 0467_[临时公告]长风股份杭州长风市政园林建设股份有限公司关于补发公司监事会主席被纳入失信被执行人名单的声明公告.pdf
2026-04-14 16:32:49,231 [INFO]   分类: 个人被纳入 | 公司:  | 姓名: 朱仁铨
2026-04-14 16:32:49,231 [INFO] 
处理: 0468_[券商公告]元亨利爱建证券有限责任公司关于元亨利珠宝股份有限公司及实际控制人再次被纳入失信被执行人名单的风险提示公告.pdf
2026-04-14 16:32:49,419 [INFO]   分类: 公司及个人被纳入 | 公司: 元亨利珠宝股份有限公司 | 姓名: 谢宗选，黄旭文
2026-04-14 16:32:49,419 [INFO] 
处理: 0469_[券商公告]罗伯特安信证券股份有限公司关于安徽罗伯特科技股份有限公司被纳入失信被执行人名单的风险提示公告.pdf
2026-04-14 16:32:49,439 [INFO]   分类:  | 公司:  | 姓名: 
2026-04-14 16:32:49,439 [INFO] 
处理: 0470_[临时公告]智蓝霍斛2018-018安徽智蓝霍山石斛股份有限公司关于补发公司控股股东、实际控制人被纳入失信被执行人名单的声明公告.pdf
2026-04-14 16:32:49,566 [INFO]   分类: 个人被纳入 | 公司:  | 姓名: 何家杰
2026-04-14 16:32:49,566 [INFO] 
处理: 0471_[券商公告]广州证券股份有限公司关于新疆新华能电气股份有限公司及其子公司被纳入失信被执行人名单风险提示性公告.pdf
2026-04-14 16:32:49,998 [INFO]   分类: 公司被纳入 | 公司: 券商发现疆能股份及其子公司 | 姓名: 
2026-04-14 16:32:49,998 [INFO] 
处理: 0472_[券商公告]双金袜业国海证券股份有限公司关于诸暨双金袜业股份有限公司子公司被纳入失信被执行人名单的风险提示性公告.pdf
2026-04-14 16:32:50,090 [INFO]   分类: 公司被纳入 | 公司: 双金袜业子公司，江苏双金纺织品有限公司 | 姓名: 
2026-04-14 16:32:50,091 [INFO] 
处理: 0473_[券商公告]ST大民万联证券关于ST大民全资子公司甘肃华元神谷种业有限公司纳入失信被执行人名单的风险提示公告.pdf
2026-04-14 16:32:50,270 [INFO]   分类: 公司被纳入 | 公司: 甘肃华元神谷种业有限公司 | 姓名: 
2026-04-14 16:32:50,271 [INFO] 
处理: 0474_[券商公告]国融证券关于浙江富亿达科技股份有限公司控股股东、实际控制人被纳入失信被执行人名单的风险提示性公告.pdf
2026-04-14 16:32:50,394 [INFO]   分类: 个人被纳入 | 公司:  | 姓名: 周晓东
2026-04-14 16:32:50,394 [INFO] 
处理: 0475_[券商公告]习尚喜光大证券股份有限公司关于山东习尚喜新材料科技股份有限公司控股股东、实际控制人、董事长及子公司被纳入失信被执行人名单的风险提示公告.pdf
2026-04-14 16:32:50,430 [INFO]   分类:  | 公司:  | 姓名: 
2026-04-14 16:32:50,430 [INFO] 
处理: 0476_[券商公告]易电通东北证券股份有限公司关于江苏易电通智慧能源股份有限公司被纳入失信被执行人以及涉及担保事项的风险提示公告.pdf
2026-04-14 16:32:50,619 [INFO]   分类: 公司被纳入 | 公司: 挂牌公司，江苏易电通智慧能源股份有限公司 | 姓名: 
2026-04-14 16:32:50,620 [INFO] 
处理: 0477_[券商公告]ST行悦国金证券股份有限公司关于行悦信息科技股份有限公司被列为失信被执行人的风险提示公告.pdf
2026-04-14 16:32:50,637 [INFO]   分类:  | 公司:  | 姓名: 
2026-04-14 16:32:50,637 [INFO] 
处理: 0478_[券商公告]大麦互娱安信证券关于大麦互娱子公司涉及仲裁且被纳入失信被执行人名单、持有子公司股权被司法冻结的风险提示性公告.pdf
2026-04-14 16:32:50,653 [INFO]   分类:  | 公司:  | 姓名: 
2026-04-14 16:32:50,654 [INFO] 
处理: 0479_[券商公告]ST瑞格东兴证券股份有限公司关于安徽瑞格电梯服务股份有限公司被纳入失信被执行人名单的风险提示公告.pdf
2026-04-14 16:32:50,688 [INFO]   分类:  | 公司:  | 姓名: 
2026-04-14 16:32:50,688 [INFO] 
处理: 0480_[券商公告]ST昊福招商证券股份有限公司关于北京昊福文化传播股份有限公司被纳入失信被执行人名单的风险提示公告.pdf
2026-04-14 16:32:50,940 [INFO]   分类: 公司被纳入 | 公司: 北京昊福文化传播股份有限公司，昊福文化传播股份有限公司 | 姓名: 
2026-04-14 16:32:50,940 [INFO] 
处理: 0481_[券商公告]浙商证券股份有限公司关于深圳市川马电子股份有限公司及其控股股东、实际控制人被纳入失信被执行人等事项的风险提示性公告.pdf
2026-04-14 16:32:51,121 [INFO]   分类: 公司及个人被纳入 | 公司: 主办券商发现公司 | 姓名: 陈绍华，黄永琼
2026-04-14 16:32:51,121 [INFO] 
处理: 0482_[券商公告]宇航重工西南证券股份有限公司关于洛阳宇航重工科技股份有限公司被纳入失信被执行人的风险提示公告.pdf
2026-04-14 16:32:51,282 [INFO]   分类: 公司被纳入 | 公司:  | 姓名: 
2026-04-14 16:32:51,282 [INFO] 
处理: 0483_[券商公告]易诗顿开源证券股份有限公司关于杭州易诗顿服饰股份有限公司被纳入失信被执行人名单的风险提示公告.pdf
2026-04-14 16:32:51,496 [INFO]   分类: 公司被纳入 | 公司: 杭州易诗顿服饰股份有限公司，杭州易诗顿服饰股份有限公司关于公司 | 姓名: 
2026-04-14 16:32:51,497 [INFO] 
处理: 0484_[券商公告]派芬自控中信建投证券股份有限公司关于派芬自控（上海）股份有限公司涉及仲裁并且被列入失信被执行人名单的风险提示公告.pdf
2026-04-14 16:32:51,738 [INFO]   分类: 公司被纳入 | 公司:  | 姓名: 
2026-04-14 16:32:51,738 [INFO] 
处理: 0485_[券商公告]财达证券股份有限公司关于深圳市智坤科技股份有限公司被列入失信被执行人名单等相关事项的风险提示公告.pdf
2026-04-14 16:32:51,891 [INFO]   分类: 公司被纳入 | 公司: 涉及诉讼及公司，深圳市智坤科技股份有限公司，目前主办券商通过网上公开信息查询到公司 | 姓名: 
2026-04-14 16:32:51,891 [INFO] 
处理: 0486_[临时公告]ST川马关于公司、公司控股股东、实际控制人被纳入失信被执行人公司控股股东、实际控制人及公司全资子公司法定代表人被纳入限制消费人员的公告.pdf
2026-04-14 16:32:52,370 [INFO]   分类: 公司及个人被纳入 | 公司: 深圳市川马电子股份有限公司 | 姓名: 陈绍华，黄永琼
2026-04-14 16:32:52,370 [INFO] 
处理: 0487_[券商公告]智蓝霍斛西部证券股份有限公司关于安徽智蓝霍山石斛股份有限公司控股股东、实际控制人被纳入失信执行人名单的风险提示性公告.pdf
2026-04-14 16:32:52,405 [INFO]   分类:  | 公司:  | 姓名: 
2026-04-14 16:32:52,406 [INFO] 
处理: 0488_[券商公告]ST民生冷华西证券股份有限公司关于宜宾市民生冷链股份有限公司被纳入失信被执行人名单的风险提示性公告.pdf
2026-04-14 16:32:52,430 [INFO]   分类:  | 公司:  | 姓名: 
2026-04-14 16:32:52,430 [INFO] 
处理: 0489_[券商公告]ST胜龙东海证券股份有限公司关于北京胜龙科技股份有限公司被纳入失信被执行人名单的风险提示性公告.pdf
2026-04-14 16:32:52,596 [INFO]   分类: 公司被纳入 | 公司: 东海证券股份有限公司关于北京胜龙科技股份有限公司，科技股份有限公司关于公司 | 姓名: 
2026-04-14 16:32:52,596 [INFO] 
处理: 0490_[券商公告]ST东方数天风证券股份有限公司关于东方数码（武汉）股份有限公司及实际控制人被纳入失信被执行人名单等相关事项的风险提示公告.pdf
2026-04-14 16:32:52,824 [INFO]   分类: 公司及个人被纳入 | 公司: 目前主办券商通过网上公开信息查询到公司 | 姓名: 和高级，张友华
2026-04-14 16:32:52,825 [INFO] 
处理: 0491_[临时公告]ST川马关于公司、公司控股股东、实际控制人被纳入失信被执行人公司控股股东、实际控制人及公司全资子公司法定代表人被纳入限制消费人员的公告(补发.pdf
2026-04-14 16:32:53,158 [INFO]   分类: 公司及个人被纳入 | 公司: 深圳市川马电子股份有限公司 | 姓名: 陈绍华，黄永琼
2026-04-14 16:32:53,158 [INFO] 
处理: 0492_[券商公告]爱珂科技方正证券股份有限公司关于宁波爱珂智能科技股份有限公司被纳入失信被执行人名单的风险提示性公告.pdf
2026-04-14 16:32:53,292 [INFO]   分类: 公司被纳入 | 公司: 发现公司，宁波爱珂智能科技股份有限公司 | 姓名: 
2026-04-14 16:32:53,292 [INFO] 
处理: 0493_[券商公告]ST微网信西南证券股份有限公司关于微网信通（北京）通信技术股份有限公司被纳入失信被执行人名单的风险提示性公告.pdf
2026-04-14 16:32:53,440 [INFO]   分类: 公司被纳入 | 公司: 通信技术股份有限公司 | 姓名: 
2026-04-14 16:32:53,440 [INFO] 
处理: 0494_[券商公告]ST胜龙东海证券股份有限公司关于北京胜龙科技股份有限公司实际控制人、董事长、总经理兼法定代表人被纳入失信被执行人名单和限制消费人员名单的风险提示性公.pdf
2026-04-14 16:32:53,786 [INFO]   分类: 其他 | 公司:  | 姓名: 华先生，施智华
2026-04-14 16:32:53,786 [INFO] 
处理: 0495_[券商公告]兴邦车业华创证券有限责任公司关于河北兴邦车业股份有限公司股票被暂停转让进展及被纳入失信被执行人的风险提示公告.pdf
2026-04-14 16:32:54,143 [INFO]   分类: 公司被纳入 | 公司:  | 姓名: 
2026-04-14 16:32:54,143 [INFO] 
处理: 0496_[券商公告]兴邦车业华创证券有限责任公司关于河北兴邦车业股份有限公司股票被暂停转让进展及被纳入失信被执行人的风险提示公告.pdf
2026-04-14 16:32:54,467 [INFO]   分类: 公司被纳入 | 公司:  | 姓名: 
2026-04-14 16:32:54,467 [INFO] 
处理: 0497_[券商公告]兴邦车业华创证券有限责任公司关于河北兴邦车业股份有限公司股票被暂停转让进展及被纳入失信被执行人的风险提示公告.pdf
2026-04-14 16:32:54,738 [INFO]   分类: 公司被纳入 | 公司:  | 姓名: 
2026-04-14 16:32:54,738 [INFO] 
处理: 0498_[券商公告]ST致生中银国际证券股份有限公司关于致生联发信息技术股份有限公司被纳入失信被执行人等风险的提示性公告.pdf
2026-04-14 16:32:54,780 [INFO]   分类: 公司被纳入 | 公司:  | 姓名: 
2026-04-14 16:32:54,781 [INFO] 
处理: 0499_[券商公告]兴邦车业华创证券有限责任公司关于河北兴邦车业股份有限公司股票被暂停转让进展及被纳入失信被执行人的风险提示公告.pdf
2026-04-14 16:32:55,048 [INFO]   分类: 公司被纳入 | 公司:  | 姓名: 
2026-04-14 16:32:55,049 [INFO] 
处理: 0500_[券商公告]继东华明西部证券股份有限公司关于聊城继东华明机械股份有限公司涉及重大诉讼以及公司及实际控制人被纳入失信被执行人等相关风险的提示公告.pdf
2026-04-14 16:32:55,074 [INFO]   分类:  | 公司:  | 姓名: 
2026-04-14 16:32:55,074 [INFO] 
处理: 0501_[券商公告]兴邦车业华创证券有限责任公司关于河北兴邦车业股份有限公司股票被暂停转让进展及被纳入失信被执行人的风险提示公告.pdf
2026-04-14 16:32:55,316 [INFO]   分类: 公司被纳入 | 公司:  | 姓名: 
2026-04-14 16:32:55,316 [INFO] 
处理: 0502_[券商公告]兴邦车业华创证券有限责任公司关于河北兴邦车业股份有限公司股票被暂停转让进展及被纳入失信被执行人的风险提示公告.pdf
2026-04-14 16:32:55,480 [INFO]   分类: 公司被纳入 | 公司:  | 姓名: 
2026-04-14 16:32:55,480 [INFO] 
处理: 0503_[券商公告]国电能源长江证券股份有限公司关于国电远鹏能源科技股份有限公司被纳入失信被执行人名单的风险提示公告.pdf
2026-04-14 16:32:55,500 [INFO]   分类:  | 公司:  | 姓名: 
2026-04-14 16:32:55,500 [INFO] 
处理: 0504_[券商公告]金鼎股份中信建投证券股份有限公司关于天津市金鼎线材制品科技开发股份有限公司控股股东纳入失信被执行名单的风险提示性公告.pdf
2026-04-14 16:32:55,630 [INFO]   分类: 个人被纳入 | 公司: 冶金集团，天津冶金集团有限公司 | 姓名: 
2026-04-14 16:32:55,630 [INFO] 
处理: 0505_[券商公告]颍元股份国融证券股份有限公司关于安徽颍元农业科技股份有限公司控股股东、实际控制人被纳入失信被执行人的风险提示公告.pdf
2026-04-14 16:32:55,717 [INFO]   分类: 个人被纳入 | 公司:  | 姓名: 梁亦才
2026-04-14 16:32:55,717 [INFO] 
处理: 0506_[券商公告]智蓝霍斛西部证券股份有限公司关于安徽智蓝霍山石斛股份有限公司控股股东、实际控制人被纳入失信被执行人名单的风险提示性公告.pdf
2026-04-14 16:32:55,753 [INFO]   分类:  | 公司:  | 姓名: 
2026-04-14 16:32:55,753 [INFO] 
处理: 0507_[券商公告]艾瑞德太平洋证券股份有限公司关于安徽艾瑞德农业装备股份有限公司控股股东、实际控制人被纳入失信被执行人名单的风险揭示公告.pdf
2026-04-14 16:32:55,780 [INFO]   分类:  | 公司:  | 姓名: 
2026-04-14 16:32:55,780 [INFO] 
处理: 0508_[券商公告]乐美电商国融证券股份有限公司关于乐美电商股份有限公司及其控股股东、实际控制人被纳入失信被执行人名单的风险提示公告.pdf
2026-04-14 16:32:55,831 [INFO]   分类:  | 公司:  | 姓名: 
2026-04-14 16:32:55,832 [INFO] 
处理: 0509_[券商公告]裕源大通中信建投证券股份有限公司关于北京裕源大通科技股份有限公司涉及诉讼及被列入失信被执行人名单的风险提示公告.pdf
2026-04-14 16:32:55,945 [INFO]   分类: 公司被纳入 | 公司:  | 姓名: 
2026-04-14 16:32:55,945 [INFO] 
处理: 0510_[券商公告]正佰电气广发证券股份有限公司关于江苏正佰电气股份有限公司持续经营能力和公司及实际控制人被纳入失信执行人名单的风险提示公告.pdf
2026-04-14 16:32:56,362 [INFO]   分类: 公司及个人被纳入 | 公司:  | 姓名: 蔡军强，进行，邓学军，邹欢
2026-04-14 16:32:56,362 [INFO] 
处理: 0511_[券商公告]凯伦科技德邦证券股份有限公司关于江苏凯伦风能科技股份有限公司实际控制人被纳入失信被执行人和限制消费人员的风险提示性公告.pdf
2026-04-14 16:32:56,384 [INFO]   分类:  | 公司:  | 姓名: 
2026-04-14 16:32:56,384 [INFO] 
处理: 0512_[临时公告]ST川马公司、公司控股股东、实际控制人被纳入失信被执行人，公司控股股东、实际控制人及公司全资子公司法定代表人被纳入限制消费人员的补发声明公告.pdf
2026-04-14 16:32:56,571 [INFO]   分类: 公司及个人被纳入 | 公司:  | 姓名: 
2026-04-14 16:32:56,572 [INFO] 
处理: 0513_[券商公告]君辉环保恒泰证券股份有限公司关于天津君辉蓝天环保科技股份有限公司股票被暂停转让、被列入失信被执行人等事项的风险提示公告.pdf
2026-04-14 16:32:57,447 [INFO]   分类: 公司被纳入 | 公司: 君辉环保及其子公司，天津君辉蓝天环保科技股份有限公司 | 姓名: 
2026-04-14 16:32:57,447 [INFO] 
处理: 0514_[券商公告]君辉环保恒泰证券股份有限公司关于天津君辉蓝天环保科技股份有限公司被列入失信被执行人及未及时履行信息披露义务等事项的风险提示公告.pdf
2026-04-14 16:32:57,962 [INFO]   分类: 公司被纳入 | 公司: 君辉环保及其子公司，天津君辉蓝天环保科技股份有限公司及其子公司，环保及其子公司 | 姓名: 
2026-04-14 16:32:57,963 [INFO] 
处理: 0515_[券商公告]ST民生冷华西证券股份有限公司关于宜宾市民生冷链股份有限公司控股股东、实际控制人被纳入失信被执行人名单的风险提示性公告.pdf
2026-04-14 16:32:57,996 [INFO]   分类:  | 公司:  | 姓名: 
2026-04-14 16:32:57,996 [INFO] 
处理: 0516_[券商公告]前程能源财达证券股份有限公司关于江西前程新能源科技股份有限公司被纳入失信被执行人名单的风险提示性公告.pdf
2026-04-14 16:32:58,022 [INFO]   分类:  | 公司:  | 姓名: 
2026-04-14 16:32:58,022 [INFO] 
处理: 0517_[券商公告]ST勃达国泰君安证券股份有限公司关于西藏勃达微波装备股份有限公司涉及诉讼、仲裁、违规对外担保、被列入失信被执行人名单的风险提示性公告.pdf
2026-04-14 16:32:58,354 [INFO]   分类: 公司被纳入 | 公司:  | 姓名: 
2026-04-14 16:32:58,354 [INFO] 
处理: 0518_[券商公告]中讯邮电万联证券股份有限公司关于张家港中讯邮电科技股份有限公司经营异常及被纳入失信被执行人名单的风险提示性公告.pdf
2026-04-14 16:32:58,653 [INFO]   分类: 公司被纳入 | 公司:  | 姓名: 
2026-04-14 16:32:58,654 [INFO] 
处理: 0519_[券商公告]ST卓仕中国银河证券股份有限公司关于上海卓仕物流科技股份有限公司、实际控制人及子公司被纳入失信被执行人名单的风险揭示公告.pdf
2026-04-14 16:32:58,973 [INFO]   分类: 公司及个人被纳入 | 公司: 制人及子公司，实际控制人及子公司 | 姓名: 刘向
2026-04-14 16:32:58,973 [INFO] 
处理: 0520_[券商公告]中国银河证券股份有限公司关于鲁冀管业科技股份有限公司控股股东、实际控制人汪利、石大林被纳入失信被执行人名单的风险揭示公告.pdf
2026-04-14 16:32:59,004 [INFO]   分类:  | 公司:  | 姓名: 
2026-04-14 16:32:59,005 [INFO] 
处理: 0521_[券商公告]享银传媒南京证券股份有限公司关于江苏享银传媒科技股份有限公司股票被暂停转让暨被列为失信被执行人的风险提示性公告.pdf
2026-04-14 16:32:59,098 [INFO]   分类: 其他 | 公司:  | 姓名: 沈建梅
2026-04-14 16:32:59,099 [INFO] 
处理: 0522_[券商公告]国创富盛天风证券股份有限公司关于国创富盛及其控股子公司被纳入失信被执行人名单及公司无法按时披露2017年年度报告的风险提示性公告.pdf
2026-04-14 16:32:59,263 [INFO]   分类: 公司被纳入 | 公司: 上海融数信息科技有限公司，北京国创富盛通信股份有限公司，及其控股子公司，及控股子公司，知悉国创富盛及其控股子公司，融数信息科技有限公司 | 姓名: 
2026-04-14 16:32:59,263 [INFO] 
处理: 0523_[券商公告]金鼎股份中信建投证券股份有限公司关于天津市金鼎线材制品科技开发股份有限公司控股股东纳入失信被执行人名单的风险提示性公告.pdf
2026-04-14 16:32:59,374 [INFO]   分类: 个人被纳入 | 公司: 冶金集团，天津冶金集团有限公司 | 姓名: 
2026-04-14 16:32:59,374 [INFO] 
处理: 0524_[券商公告]派诺光电江海证券有限公司关于江苏派诺光电科技股份有限公司及实际控制人涉及重大诉讼被纳入失信被执行人名单及公司违规对外担保的风险提示性公告.pdf
2026-04-14 16:32:59,417 [INFO]   分类:  | 公司:  | 姓名: 
2026-04-14 16:32:59,417 [INFO] 
处理: 0525_[券商公告]宣爱智能中信建投证券股份有限公司关于北京宣爱智能模拟技术股份有限公司涉及诉讼、股权司法冻结、被纳入失信被执行人的风险提示性公告.pdf
2026-04-14 16:32:59,618 [INFO]   分类: 公司被纳入 | 公司:  | 姓名: 
2026-04-14 16:32:59,618 [INFO] 
处理: 0526_[券商公告]睿安特安信证券股份有限公司关于重庆睿安特盾构技术股份有限公司涉及重大诉讼及实际控制人等被纳入失信被执行人名单等事项的风险提示公告.pdf
2026-04-14 16:32:59,706 [INFO]   分类:  | 公司:  | 姓名: 
2026-04-14 16:32:59,706 [INFO] 
处理: 0527_[券商公告]海斯迪方正证券股份有限公司关于深圳海斯迪能源科技股份有限公司及实际控制人涉及重大诉讼并被纳入失信被执行人名单及公司违规对外担保的风险提示性公告.pdf
2026-04-14 16:33:00,056 [INFO]   分类: 公司及个人被纳入 | 公司:  | 姓名: 张晓云
2026-04-14 16:33:00,056 [INFO] 
处理: 0528_[券商公告]大华新材新时代证券股份有限公司关于江西大华新材料股份有限公司及其控股股东、实际控制人被纳入失信被执行人名单的风险提示性公告.pdf
2026-04-14 16:33:00,274 [INFO]   分类: 公司及个人被纳入 | 公司:  | 姓名: 孙华华
2026-04-14 16:33:00,274 [INFO] 
处理: 0529_[券商公告]金鼎股份中信建投证券股份有限公司关于天津市金鼎线材制品科技开发股份有限公司控股股东被纳入失信被执行人名单的风险提示性公告.pdf
2026-04-14 16:33:00,380 [INFO]   分类: 个人被纳入 | 公司: 冶金集团，天津冶金集团有限公司 | 姓名: 
2026-04-14 16:33:00,380 [INFO] 
处理: 0530_[券商公告]君辉环保恒泰证券股份有限公司关于天津君辉蓝天环保科技股份有限公司股票被暂停转让、被列入失信被执行人、持续经营能力存疑等事项的风险提示公告.pdf
2026-04-14 16:33:01,314 [INFO]   分类: 公司被纳入 | 公司: 君辉环保及其子公司，天津君辉蓝天环保科技股份有限公司 | 姓名: 
2026-04-14 16:33:01,314 [INFO] 
处理: 0531_[券商公告]金大股份国信证券股份有限公司关于金大智能技术股份有限公司控股股东、实际控制人及全资子公司被纳入失信被执行人名单等相关事项的风险提示性公告.pdf
2026-04-14 16:33:01,466 [INFO]   分类: 个人被纳入 | 公司: 全资子公司 | 姓名: 章小理，胡昕，董监高
2026-04-14 16:33:01,466 [INFO] 
处理: 0532_[券商公告]东和环保开源证券股份有限公司关于河南东和环保科技股份有限公司控股股东、实际控制人股权被司法冻结及相关主体被纳入失信被执行人名单的风险提示性公告.pdf
2026-04-14 16:33:01,540 [INFO]   分类: 个人被纳入 | 公司:  | 姓名: 李栋，李鲁方
2026-04-14 16:33:01,540 [INFO] 
处理: 0533_[券商公告]松本绿色广发证券股份有限公司关于广东松本绿色新材股份有限公司控股股东、实际控制人邱丽娟被纳入失信被执行人名单的风险揭示公告.pdf
2026-04-14 16:33:01,616 [INFO]   分类: 个人被纳入 | 公司:  | 姓名: 邱丽娟
2026-04-14 16:33:01,616 [INFO] 
处理: 0534_[券商公告]华协农业财通证券关于甘肃华协农业生物科技股份有限公司被纳入失信被执行人、持续经营能力不确定、无法披露2017年年度报告的风险提示性公告.pdf
2026-04-14 16:33:01,632 [INFO]   分类:  | 公司:  | 姓名: 
2026-04-14 16:33:01,632 [INFO] 
处理: 0535_[券商公告]煌盛管件西部证券股份有限公司关于温州煌盛管件股份有限公司控股股东、实际控制人被纳入失信被执行人名单及其持有公司股权将被司法拍卖而使公司存在实际控制人.pdf
2026-04-14 16:33:01,652 [INFO]   分类:  | 公司:  | 姓名: 
2026-04-14 16:33:01,652 [INFO] 
处理: 0536_[券商公告]鲁冀股份中国银河证券股份有限公司关于鲁冀管业科技股份有限公司控股股东、实际控制人汪利、石大林被纳入失信被执行人名单的风险揭示公告.pdf
2026-04-14 16:33:01,680 [INFO]   分类:  | 公司:  | 姓名: 
2026-04-14 16:33:01,680 [INFO] 
处理: 0537_[券商公告]聚业装备安信证券股份有限公司关于江苏聚业机械装备股份有限公司实际控制人被纳入失信被执行人名单及公司持续经营能力存在重大不确定性的风险提示公告.pdf
2026-04-14 16:33:01,739 [INFO]   分类:  | 公司:  | 姓名: 
2026-04-14 16:33:01,739 [INFO] 
处理: 0538_[券商公告]ST派诺江海证券有限公司关于江苏派诺光电科技股份有限公司及其实际控制人违规担保、涉及多项诉讼、被纳入失信被执行人名单及未履行信息披露义务的风险提示性.pdf
2026-04-14 16:33:01,785 [INFO]   分类:  | 公司:  | 姓名: 
2026-04-14 16:33:01,785 [INFO] 
处理: 0539_[券商公告]鲁冀股份中国银河证券股份有限公司关于鲁冀管业科技股份有限公司控股股东、实际控制人石大林股权被司法冻结暨被纳入失信被执行人名单的风险揭示公告.pdf
2026-04-14 16:33:01,797 [INFO]   分类:  | 公司:  | 姓名: 
2026-04-14 16:33:01,797 [INFO] 
处理: 0540_[券商公告]鲁冀股份中国银河证券股份有限公司关于鲁冀管业科技股份有限公司控股股东、实际控制人汪利、石大林被再次纳入失信被执行人名单以及不能规范履行信息披露义务的.pdf
2026-04-14 16:33:01,956 [INFO]   分类: 个人被纳入 | 公司:  | 姓名: 汪利，石大林
2026-04-14 16:33:01,971 [INFO] 
结果已保存: D:\This computer\desktop\2018失信人文件-pdf（540）\失信人信息提取结果_分类版.csv
2026-04-14 16:33:01,971 [INFO] 
完成！共 540 条记录
2026-04-14 16:33:01,972 [INFO] 分类[公司被纳入]: 192 条
2026-04-14 16:33:01,972 [INFO] 分类[公司被撤销]: 19 条
2026-04-14 16:33:01,972 [INFO] 分类[个人被纳入]: 168 条
2026-04-14 16:33:01,972 [INFO] 分类[个人被撤销]: 17 条
2026-04-14 16:33:01,972 [INFO] 分类[公司及个人被纳入]: 74 条
2026-04-14 16:33:01,972 [INFO] 分类[公司及个人被撤销]: 6 条
2026-04-14 16:33:01,972 [INFO] 分类[不属于失信人]: 4 条
2026-04-14 16:33:01,972 [INFO] 分类[其他]: 6 条
