2026-04-14 16:44:15,353 [INFO] LAC 已加载
2026-04-14 16:44:20,471 [DEBUG] Building prefix dict from the default dictionary ...
2026-04-14 16:44:20,472 [DEBUG] Loading model from cache C:\Users\25485\AppData\Local\Temp\jieba.cache
2026-04-14 16:44:20,898 [DEBUG] Loading model cost 0.427 seconds.
2026-04-14 16:44:20,898 [DEBUG] Prefix dict has been built successfully.
2026-04-14 16:44:20,901 [INFO] 
处理: 0001_[临时公告]辽宁天佐公司被纳为“失信执行人名单”的公告.pdf
2026-04-14 16:44:20,997 [INFO]   分类: 公司被纳入 | 公司: 辽宁天佐羊绒纺织股份有限公司 | 姓名: 
2026-04-14 16:44:20,997 [INFO] 
处理: 0002_[临时公告]开普勒关于新任董事不属于失信被执行人公告.pdf
2026-04-14 16:44:21,161 [INFO]   分类: 不属于失信人 | 公司:  | 姓名: 任职，开普勒，董晟，高飞飞
2026-04-14 16:44:21,161 [INFO] 
处理: 0003_[临时公告]利欣制药关于公司曾被纳为失信被执行人的公告.pdf
2026-04-14 16:44:21,420 [INFO]   分类: 公司被纳入 | 公司: 河南利欣制药股份有限公司 | 姓名: 
2026-04-14 16:44:21,420 [INFO] 
处理: 0004_[临时公告]鸣利来关于公司被纳入失信被执行人名单的公告.pdf
2026-04-14 16:44:21,674 [INFO]   分类: 公司被纳入 | 公司: 湖北鸣利来冶金机械股份有限公司 | 姓名: 
2026-04-14 16:44:21,674 [INFO] 
处理: 0005_[临时公告]埃森诺关于公司被纳入失信被执行人名单的公告.pdf
2026-04-14 16:44:21,899 [INFO]   分类: 公司被纳入 | 公司: 沈阳埃森诺信息技术股份有限公司 | 姓名: 
2026-04-14 16:44:21,899 [INFO] 
处理: 0006_[临时公告]斯迈柯关于公司被纳入失信被执行人名单的公告.pdf
2026-04-14 16:44:22,049 [INFO]   分类: 公司被纳入 | 公司:  | 姓名: 
2026-04-14 16:44:22,049 [INFO] 
处理: 0007_[临时公告]一恒贞关于公司被纳为失信被执行人名单的公告.pdf
2026-04-14 16:44:22,169 [INFO]   分类: 公司被纳入 | 公司: 河南一恒贞珠宝股份有限公司 | 姓名: 
2026-04-14 16:44:22,169 [INFO] 
处理: 0008_[临时公告]领先环保关于新任董事不是失信被执行人的公告.pdf
2026-04-14 16:44:22,268 [INFO]   分类: 其他 | 公司:  | 姓名: 周亚娟
2026-04-14 16:44:22,268 [INFO] 
处理: 0009_[临时公告]凤凰电气关于公司被纳入失信被执行人名单的公告.pdf
2026-04-14 16:44:22,455 [INFO]   分类: 公司被纳入 | 公司: 江苏凤凰电气股份有限公司 | 姓名: 
2026-04-14 16:44:22,455 [INFO] 
处理: 0010_[临时公告]宏力能源关于公司被纳入失信被执行人名单的公告.pdf
2026-04-14 16:44:22,586 [INFO]   分类: 公司被纳入 | 公司: 山东宏力热泵能源股份有限公司 | 姓名: 
2026-04-14 16:44:22,586 [INFO] 
处理: 0011_[临时公告]佳瑞高科公司被纳入失信被执行人名单的公告(补发).pdf
2026-04-14 16:44:22,614 [INFO]   分类:  | 公司:  | 姓名: 
2026-04-14 16:44:22,614 [INFO] 
处理: 0011_[临时公告]佳瑞高科公司被纳入失信被执行人名单的公告(补发)_可搜索.pdf
2026-04-14 16:44:22,754 [INFO]   分类: 公司被纳入 | 公司: 获悉公司 | 姓名: 
2026-04-14 16:44:22,754 [INFO] 
处理: 0012_[临时公告]彩通科技关于公司被纳入失信被执行人名单的公告.pdf
2026-04-14 16:44:22,834 [INFO]   分类: 公司被纳入 | 公司: 郑州彩通科技股份有限公司 | 姓名: 
2026-04-14 16:44:22,834 [INFO] 
处理: 0013_[临时公告]汉术化学关于公司被纳入失信被执行人名单的公告.pdf
2026-04-14 16:44:22,938 [INFO]   分类: 公司被纳入 | 公司: 西安汉术化学工程股份有限公司 | 姓名: 
2026-04-14 16:44:22,938 [INFO] 
处理: 0014_[临时公告]ST丰汇关于公司被纳入失信被执行人名单的公告.pdf
2026-04-14 16:44:23,071 [INFO]   分类: 公司被纳入 | 公司: 上海丰汇医学科技股份有限公司 | 姓名: 
2026-04-14 16:44:23,071 [INFO] 
处理: 0015_[临时公告]ST中试关于公司被纳入失信被执行人名单的公告.pdf
2026-04-14 16:44:23,216 [INFO]   分类: 公司被纳入 | 公司: 除上述公司 | 姓名: 
2026-04-14 16:44:23,216 [INFO] 
处理: 0016_[临时公告]宣爱智能关于公司被纳入失信被执行人名单的公告.pdf
2026-04-14 16:44:23,384 [INFO]   分类: 公司被纳入 | 公司: 北京宣爱智能模拟技术股份有限公司 | 姓名: 
2026-04-14 16:44:23,384 [INFO] 
处理: 0017_[临时公告]宏力能源关于公司被纳入失信被执行人名单的公告.pdf
2026-04-14 16:44:23,528 [INFO]   分类: 公司被纳入 | 公司: 山东宏力热泵能源股份有限公司 | 姓名: 
2026-04-14 16:44:23,528 [INFO] 
处理: 0018_[临时公告]ST丰汇关于公司被纳入失信被执行人名单的公告.pdf
2026-04-14 16:44:23,664 [INFO]   分类: 公司被纳入 | 公司: 上海丰汇医学科技股份有限公司 | 姓名: 
2026-04-14 16:44:23,664 [INFO] 
处理: 0019_[临时公告]今鼎股份关于公司被纳为失信被执行人名单的公告.pdf
2026-04-14 16:44:23,777 [INFO]   分类: 公司被纳入 | 公司: 上海今鼎矿产品股份有限公司 | 姓名: 
2026-04-14 16:44:23,778 [INFO] 
处理: 0020_[临时公告]大众生态关于公司被纳入失信被执行人名单的公告.pdf
2026-04-14 16:44:23,899 [INFO]   分类: 公司被纳入 | 公司: 成都大众生态园林股份有限公司 | 姓名: 
2026-04-14 16:44:23,900 [INFO] 
处理: 0021_[临时公告]凤凰电气关于公司被纳入失信被执行人名单的公告.pdf
2026-04-14 16:44:23,999 [INFO]   分类: 公司被纳入 | 公司: 江苏凤凰电气股份有限公司 | 姓名: 
2026-04-14 16:44:23,999 [INFO] 
处理: 0022_[临时公告]欧安电气关于公司被纳入失信被执行人名单的公告.pdf
2026-04-14 16:44:24,133 [INFO]   分类: 公司被纳入 | 公司: 湖北欧安电气股份有限公司 | 姓名: 
2026-04-14 16:44:24,133 [INFO] 
处理: 0023_[临时公告]新绿股份关于公司被纳为失信被执行人名单的公告.pdf
2026-04-14 16:44:24,412 [INFO]   分类: 公司被纳入 | 公司: 山东新绿食品股份有限公司 | 姓名: 
2026-04-14 16:44:24,412 [INFO] 
处理: 0024_[临时公告]东河股份关于新任监事不属于失信被执行人的公告.pdf
2026-04-14 16:44:24,427 [INFO]   分类:  | 公司:  | 姓名: 
2026-04-14 16:44:24,427 [INFO] 
处理: 0024_[临时公告]东河股份关于新任监事不属于失信被执行人的公告_可搜索.pdf
2026-04-14 16:44:24,481 [INFO]   分类: 不属于失信人 | 公司:  | 姓名: 台仔，法阮，陈仁杯
2026-04-14 16:44:24,481 [INFO] 
处理: 0025_[临时公告]ST中试关于公司被纳入失信被执行人名单的公告.pdf
2026-04-14 16:44:24,736 [INFO]   分类: 公司被纳入 | 公司: 除上述公司 | 姓名: 
2026-04-14 16:44:24,736 [INFO] 
处理: 0026_[临时公告]弘方股份关于公司被纳入失信被执行人名单的公告.pdf
2026-04-14 16:44:24,918 [INFO]   分类: 公司被纳入 | 公司: 除上述公司 | 姓名: 
2026-04-14 16:44:24,918 [INFO] 
处理: 0027_[临时公告]易点科技关于公司被纳入失信被执行人名单的公告.pdf
2026-04-14 16:44:25,024 [INFO]   分类: 公司被纳入 | 公司: 除上述公司 | 姓名: 
2026-04-14 16:44:25,024 [INFO] 
处理: 0028_[临时公告]镭蒙机电关于公司被纳入失信被执行人名单的公告(OCR).pdf
2026-04-14 16:44:25,140 [INFO]   分类: 公司被纳入 | 公司:  | 姓名: 
2026-04-14 16:44:25,140 [INFO] 
处理: 0028_[临时公告]镭蒙机电关于公司被纳入失信被执行人名单的公告.pdf
2026-04-14 16:44:25,168 [INFO]   分类:  | 公司:  | 姓名: 
2026-04-14 16:44:25,168 [INFO] 
处理: 0029_[临时公告]凤凰电气关于公司被纳入失信被执行人名单的公告.pdf
2026-04-14 16:44:25,342 [INFO]   分类: 公司被纳入 | 公司: 除上述公司 | 姓名: 
2026-04-14 16:44:25,342 [INFO] 
处理: 0030_[临时公告]安普生物关于公司被纳入失信被执行人名单的公告.pdf
2026-04-14 16:44:25,523 [INFO]   分类: 公司被纳入 | 公司: 除上述公司 | 姓名: 
2026-04-14 16:44:25,523 [INFO] 
处理: 0031_[临时公告]盈美软装关于公司被纳入失信被执行人名单的公告.pdf
2026-04-14 16:44:25,692 [INFO]   分类: 公司被纳入 | 公司: 除上述公司 | 姓名: 
2026-04-14 16:44:25,692 [INFO] 
处理: 0032_[临时公告]博汇股份关于公司被纳入失信被执行人名单的公告.pdf
2026-04-14 16:44:25,897 [INFO]   分类: 公司被纳入 | 公司: 除上述公司 | 姓名: 
2026-04-14 16:44:25,898 [INFO] 
处理: 0033_[临时公告]ST一恒贞关于公司被纳为失信被执行人名单的公告.pdf
2026-04-14 16:44:26,026 [INFO]   分类: 公司被纳入 | 公司: 河南一恒贞珠宝股份有限公司 | 姓名: 
2026-04-14 16:44:26,026 [INFO] 
处理: 0034_[临时公告]鸣利来关于法院撤消公司被纳入失信执行名单的公告.pdf
2026-04-14 16:44:26,147 [INFO]   分类: 公司被纳入 | 公司:  | 姓名: 
2026-04-14 16:44:26,147 [INFO] 
处理: 0035_[临时公告]今鼎股份关于公司已被撤销失信被执行人名单的公告.pdf
2026-04-14 16:44:26,196 [INFO]   分类: 公司被撤销 | 公司:  | 姓名: 
2026-04-14 16:44:26,197 [INFO] 
处理: 0036_[临时公告]大众生态关于公司从失信被执行人名单中撤销的公告.pdf
2026-04-14 16:44:26,408 [INFO]   分类: 公司被撤销 | 公司: 成都大众生态园林股份有限公司 | 姓名: 
2026-04-14 16:44:26,408 [INFO] 
处理: 0037_[临时公告]瑞孚净化关于公司从失信被执行人名单中撤销的公告.pdf
2026-04-14 16:44:26,539 [INFO]   分类: 公司被撤销 | 公司: 郑州瑞孚净化股份有限公司 | 姓名: 
2026-04-14 16:44:26,540 [INFO] 
处理: 0038_[临时公告]大众生态关于公司从失信被执行人名单中撤销的公告.pdf
2026-04-14 16:44:26,624 [INFO]   分类: 公司被撤销 | 公司:  | 姓名: 
2026-04-14 16:44:26,625 [INFO] 
处理: 0039_[临时公告]ST鑫秋关于公司、张友秋被列入失信被执行人的公告.pdf
2026-04-14 16:44:26,669 [INFO]   分类: 公司被纳入 | 公司:  | 姓名: 
2026-04-14 16:44:26,669 [INFO] 
处理: 0040_[临时公告]欧安电气关于公司从失信被执行人名单中撤销的公告.pdf
2026-04-14 16:44:26,733 [INFO]   分类: 公司被撤销 | 公司:  | 姓名: 
2026-04-14 16:44:26,733 [INFO] 
处理: 0041_[临时公告]华中自控关于公司被纳入失信执行人名单的公告(补发).pdf
2026-04-14 16:44:26,843 [INFO]   分类: 公司被纳入 | 公司: 日系统公布公司，知悉公司 | 姓名: 
2026-04-14 16:44:26,843 [INFO] 
处理: 0042_[临时公告]华中自控关于公司被纳入失信执行人名单的公告说明.pdf
2026-04-14 16:44:26,914 [INFO]   分类: 公司被纳入 | 公司: 华中自控技术发展股份有限公司关于公司 | 姓名: 
2026-04-14 16:44:26,914 [INFO] 
处理: 0043_[临时公告]华盛控股关于公司董事被纳为失信被执行人名单的公告.pdf
2026-04-14 16:44:27,107 [INFO]   分类: 个人被纳入 | 公司:  | 姓名: 董秀华
2026-04-14 16:44:27,107 [INFO] 
处理: 0044_[临时公告]天线宝宝关于公司被纳入失信被执行人名单的公告(补发).pdf
2026-04-14 16:44:27,189 [INFO]   分类: 公司被纳入 | 公司: 福建天线宝宝食品股份有限公司 | 姓名: 
2026-04-14 16:44:27,189 [INFO] 
处理: 0045_[临时公告]三重股份关于公司被纳入失信被执行人名单的公告(补发).pdf
2026-04-14 16:44:27,329 [INFO]   分类: 公司被纳入 | 公司: 烟台三重技术股份有限公司 | 姓名: 
2026-04-14 16:44:27,329 [INFO] 
处理: 0046_[临时公告]疆能股份关于公司被纳入失信被执行人名单的公告 (补发).pdf
2026-04-14 16:44:27,585 [INFO]   分类: 公司被纳入 | 公司: 新疆新华能电气股份有限公司 | 姓名: 
2026-04-14 16:44:27,585 [INFO] 
处理: 0047_[临时公告]三重股份关于公司被纳入失信被执行人名单的公告(补发).pdf
2026-04-14 16:44:27,721 [INFO]   分类: 公司被纳入 | 公司: 烟台三重技术股份有限公司 | 姓名: 
2026-04-14 16:44:27,721 [INFO] 
处理: 0048_[临时公告]疆能股份关于公司被纳入失信被执行人名单的公告(补发)(OCR).pdf
2026-04-14 16:44:27,883 [INFO]   分类: 公司被纳入 | 公司:  | 姓名: 
2026-04-14 16:44:27,883 [INFO] 
处理: 0048_[临时公告]疆能股份关于公司被纳入失信被执行人名单的公告(补发).pdf
2026-04-14 16:44:27,906 [INFO]   分类:  | 公司:  | 姓名: 
2026-04-14 16:44:27,906 [INFO] 
处理: 0049_[临时公告]长宝科技关于公司被纳入失信被执行人名单的公告(补发)(OCR).pdf
2026-04-14 16:44:28,041 [INFO]   分类: 公司被纳入 | 公司:  | 姓名: 
2026-04-14 16:44:28,041 [INFO] 
处理: 0049_[临时公告]长宝科技关于公司被纳入失信被执行人名单的公告(补发).pdf
2026-04-14 16:44:28,154 [INFO]   分类:  | 公司:  | 姓名: 
2026-04-14 16:44:28,154 [INFO] 
处理: 0050_[临时公告]物华股份关于公司被纳为失信被执行人名单的公告(补发).pdf
2026-04-14 16:44:28,268 [INFO]   分类: 公司被纳入 | 公司: 河北物华循环资源股份有限公司 | 姓名: 
2026-04-14 16:44:28,268 [INFO] 
处理: 0051_[临时公告]国龙医疗关于新任董事、监事不属于失信被执行人的公告.pdf
2026-04-14 16:44:28,321 [INFO]   分类:  | 公司:  | 姓名: 
2026-04-14 16:44:28,321 [INFO] 
处理: 0052_[临时公告]润港林业关于公司被纳入失信被执行人名单的公告(补发).pdf
2026-04-14 16:44:28,421 [INFO]   分类: 公司被纳入 | 公司:  | 姓名: 
2026-04-14 16:44:28,421 [INFO] 
处理: 0053_[临时公告]至诚复材关于控股股东被纳入失信被执行人名单的公告.pdf
2026-04-14 16:44:28,567 [INFO]   分类: 个人被纳入 | 公司:  | 姓名: 
2026-04-14 16:44:28,567 [INFO] 
处理: 0054_[临时公告]莱泰园林关于公司被纳入失信被执行人名单的公告(补发).pdf
2026-04-14 16:44:28,726 [INFO]   分类: 公司被纳入 | 公司: 除上述公司 | 姓名: 
2026-04-14 16:44:28,727 [INFO] 
处理: 0055_[临时公告]华盛控股关于公司董事已被撤销失信被执行人名单的公告.pdf
2026-04-14 16:44:28,836 [INFO]   分类: 个人被撤销 | 公司:  | 姓名: 董秀华
2026-04-14 16:44:28,836 [INFO] 
处理: 0056_[临时公告]元亨利关于公司再次被纳入失信被执行人名单的公告(补发).pdf
2026-04-14 16:44:29,015 [INFO]   分类: 公司被纳入 | 公司:  | 姓名: 
2026-04-14 16:44:29,015 [INFO] 
处理: 0057_[临时公告]安阳机床关于全资子公司被纳入失信被执行人名单的公告.pdf
2026-04-14 16:44:29,174 [INFO]   分类: 公司被纳入 | 公司: 全资子公司安阳盛隆铸造有限公司，安阳盛隆铸造有限公司 | 姓名: 
2026-04-14 16:44:29,174 [INFO] 
处理: 0058_[临时公告]长宝科技关于补发公司被纳入失信执行人名单的声明公告(OCR).pdf
2026-04-14 16:44:29,269 [INFO]   分类: 公司被纳入 | 公司: 该事项发生后应及时披露关于公司 | 姓名: 
2026-04-14 16:44:29,270 [INFO] 
处理: 0058_[临时公告]长宝科技关于补发公司被纳入失信执行人名单的声明公告.pdf
2026-04-14 16:44:29,290 [INFO]   分类:  | 公司:  | 姓名: 
2026-04-14 16:44:29,290 [INFO] 
处理: 0059_[临时公告]德业变频关于新任高级管理人员不属于失信被执行人公告.pdf
2026-04-14 16:44:29,369 [INFO]   分类: 不属于失信人 | 公司:  | 姓名: 张璐梦
2026-04-14 16:44:29,369 [INFO] 
处理: 0060_[临时公告]莱泰园林关于公司已被撤销纳入失信被执行人名单的公告.pdf
2026-04-14 16:44:29,474 [INFO]   分类: 公司被撤销 | 公司: 法院已撤销公司 | 姓名: 
2026-04-14 16:44:29,474 [INFO] 
处理: 0061_[临时公告]博汇股份关于公司已被撤销纳入失信被执行人名单的公告.pdf
2026-04-14 16:44:29,538 [INFO]   分类: 公司被撤销 | 公司: 法院已撤销公司 | 姓名: 
2026-04-14 16:44:29,538 [INFO] 
处理: 0062_[临时公告]许继配电关于公司被纳入失信被执行人名单及进展的公告(补发).pdf
2026-04-14 16:44:29,636 [INFO]   分类: 公司被纳入 | 公司:  | 姓名: 
2026-04-14 16:44:29,636 [INFO] 
处理: 0063_[临时公告]天线宝宝关于补发公司被纳入失信被执行人名单的声明公告.pdf
2026-04-14 16:44:29,737 [INFO]   分类: 公司被纳入 | 公司:  | 姓名: 
2026-04-14 16:44:29,737 [INFO] 
处理: 0064_[临时公告]三重股份关于补发公司被纳入失信被执行人名单的声明公告.pdf
2026-04-14 16:44:29,804 [INFO]   分类: 公司被纳入 | 公司: 该事项发生后应及时披露关于公司 | 姓名: 
2026-04-14 16:44:29,804 [INFO] 
处理: 0065_[临时公告]疆能股份关于补发公司被纳入失信被执行人名单的声明公告.pdf
2026-04-14 16:44:29,923 [INFO]   分类: 公司被纳入 | 公司:  | 姓名: 
2026-04-14 16:44:29,924 [INFO] 
处理: 0066_[临时公告]大宏智能关于公司董事被纳为失信被执行人名单的公告(补发)(OCR).pdf
2026-04-14 16:44:30,064 [INFO]   分类: 个人被纳入 | 公司:  | 姓名: 向志军
2026-04-14 16:44:30,064 [INFO] 
处理: 0066_[临时公告]大宏智能关于公司董事被纳为失信被执行人名单的公告(补发).pdf
2026-04-14 16:44:30,100 [INFO]   分类:  | 公司:  | 姓名: 
2026-04-14 16:44:30,100 [INFO] 
处理: 0067_[临时公告]郑州远见关于公司及董事长被纳入为失信被执行人名单的公告.pdf
2026-04-14 16:44:30,305 [INFO]   分类: 公司及个人被纳入 | 公司: 郑州远见安全装备股份有限公司 | 姓名: 孙红州
2026-04-14 16:44:30,305 [INFO] 
处理: 0068_[临时公告]贵之步关于公司被纳入失信被执行人名单及进展的公告(补发).pdf
2026-04-14 16:44:30,451 [INFO]   分类: 公司被纳入 | 公司:  | 姓名: 
2026-04-14 16:44:30,451 [INFO] 
处理: 0069_[临时公告]斯迈柯关于法院已撤销公司被纳入失信被执行人名单的公告.pdf
2026-04-14 16:44:30,545 [INFO]   分类: 公司被撤销 | 公司: 院已撤销公司 | 姓名: 
2026-04-14 16:44:30,545 [INFO] 
处理: 0070_[临时公告]凤凰电气关于法院已撤销公司被纳入失信被执行人名单的公告.pdf
2026-04-14 16:44:30,594 [INFO]   分类: 公司被撤销 | 公司:  | 姓名: 
2026-04-14 16:44:30,594 [INFO] 
处理: 0071_[临时公告]银都传媒关于公司、关杭军、李文被列入失信联合惩戒对象的公告(OCR).pdf
2026-04-14 16:44:30,719 [INFO]   分类: 公司被纳入 | 公司:  | 姓名: 
2026-04-14 16:44:30,719 [INFO] 
处理: 0071_[临时公告]银都传媒关于公司、关杭军、李文被列入失信联合惩戒对象的公告.pdf
2026-04-14 16:44:30,761 [INFO]   分类: 公司被纳入 | 公司:  | 姓名: 
2026-04-14 16:44:30,761 [INFO] 
处理: 0072_[临时公告]三重股份关于补发公司被纳入失信被执行人名单的声明公告.pdf
2026-04-14 16:44:30,842 [INFO]   分类: 公司被纳入 | 公司:  | 姓名: 
2026-04-14 16:44:30,842 [INFO] 
处理: 0073_[临时公告]疆能股份关于补发公司被纳入失信被执行人名单的声明公告.pdf
2026-04-14 16:44:30,873 [INFO]   分类:  | 公司:  | 姓名: 
2026-04-14 16:44:30,873 [INFO] 
处理: 0073_[临时公告]疆能股份关于补发公司被纳入失信被执行人名单的声明公告_可搜索.pdf
2026-04-14 16:44:30,944 [INFO]   分类: 公司被纳入 | 公司:  | 姓名: 
2026-04-14 16:44:30,944 [INFO] 
处理: 0074_[临时公告]ST泰壹关于公司及董事长被纳入为失信被执行人名单的公告.pdf
2026-04-14 16:44:31,117 [INFO]   分类: 公司及个人被纳入 | 公司: 重庆泰壹环保新能源开发股份有限公司 | 姓名: 张小满，张莉雪
2026-04-14 16:44:31,117 [INFO] 
处理: 0075_[临时公告]山东开泰关于公司控股股东被纳入失信被执行人名单的公告.pdf
2026-04-14 16:44:31,362 [INFO]   分类: 个人被纳入 | 公司:  | 姓名: 
2026-04-14 16:44:31,363 [INFO] 
处理: 0076_[临时公告]宁宇科技关于新任高管不为失信联合惩戒对象的补充说明公告.pdf
2026-04-14 16:44:31,445 [INFO]   分类: 个人被纳入 | 公司:  | 姓名: 李大明，李小红，龙锦基
2026-04-14 16:44:31,445 [INFO] 
处理: 0077_[临时公告]唯优传媒关于新任高管不为失信联合惩戒对象的补充说明公告.pdf
2026-04-14 16:44:31,526 [INFO]   分类: 个人被纳入 | 公司:  | 姓名: 万国，毛悦
2026-04-14 16:44:31,527 [INFO] 
处理: 0078_[临时公告]易点科技关于法院已撤销公司被纳入失信被执行人名单的公告.pdf
2026-04-14 16:44:31,622 [INFO]   分类: 公司被撤销 | 公司: 截至本公告日法院已撤销公司 | 姓名: 
2026-04-14 16:44:31,622 [INFO] 
处理: 0079_[临时公告]凤凰电气关于法院已撤销公司被纳入失信被执行人名单的公告.pdf
2026-04-14 16:44:31,689 [INFO]   分类: 公司被撤销 | 公司:  | 姓名: 
2026-04-14 16:44:31,689 [INFO] 
处理: 0080_[临时公告]中搜网络关于法院已撤销公司被纳入失信被执行人名单的公告.pdf
2026-04-14 16:44:31,734 [INFO]   分类: 公司被撤销 | 公司: 院已撤销公司 | 姓名: 
2026-04-14 16:44:31,735 [INFO] 
处理: 0081_[临时公告]驰达飞机关于高管任命及新任高管不属于失信被执行人公告.pdf
2026-04-14 16:44:31,882 [INFO]   分类: 不属于失信人 | 公司:  | 姓名: 杜书铭
2026-04-14 16:44:31,882 [INFO] 
处理: 0082_[临时公告]精华教育关于董事任命及新任董事不属于失信被执行人的公告.pdf
2026-04-14 16:44:32,009 [INFO]   分类: 不属于失信人 | 公司:  | 姓名: 王成群，郭磊，郭陶
2026-04-14 16:44:32,009 [INFO] 
处理: 0083_[临时公告]碧佳实业关于董事任命及新任董事不属于失信被执行人的公告(OCR)(1).pdf
2026-04-14 16:44:32,293 [INFO]   分类: 不属于失信人 | 公司:  | 姓名: 张桢，张祯
2026-04-14 16:44:32,293 [INFO] 
处理: 0083_[临时公告]碧佳实业关于董事任命及新任董事不属于失信被执行人的公告(OCR).pdf
2026-04-14 16:44:32,488 [INFO]   分类: 不属于失信人 | 公司:  | 姓名: 张桢，张祯
2026-04-14 16:44:32,488 [INFO] 
处理: 0083_[临时公告]碧佳实业关于董事任命及新任董事不属于失信被执行人的公告.pdf
2026-04-14 16:44:32,606 [INFO]   分类: 不属于失信人 | 公司:  | 姓名: 宋贵虎，张祯，毕伍振
2026-04-14 16:44:32,606 [INFO] 
处理: 0084_[临时公告]元亨利关于公司及实际控制人被纳入失信被执行人名单的公告(补发).pdf
2026-04-14 16:44:32,906 [INFO]   分类: 公司及个人被纳入 | 公司:  | 姓名: 王艳苹，谢宗选，黄旭文
2026-04-14 16:44:32,906 [INFO] 
处理: 0085_[临时公告]许继配电关于补发公司被纳入失信被执行人名单公告的声明公告.pdf
2026-04-14 16:44:32,965 [INFO]   分类: 公司被纳入 | 公司:  | 姓名: 
2026-04-14 16:44:32,965 [INFO] 
处理: 0086_[临时公告]科贝科技关于法院已撤销公司被纳入失信被执行人名单的公告(补发).pdf
2026-04-14 16:44:33,084 [INFO]   分类: 公司被撤销 | 公司:  | 姓名: 
2026-04-14 16:44:33,084 [INFO] 
处理: 0087_[临时公告]汉镒资产关于公司及实际控制人被纳为失信被执行人名单的公告.pdf
2026-04-14 16:44:33,315 [INFO]   分类: 公司及个人被纳入 | 公司:  | 姓名: 郭钧
2026-04-14 16:44:33,315 [INFO] 
处理: 0088_[临时公告]中和医疗关于控股股东、实际控制人被纳为失信被执行人名单的公告.pdf
2026-04-14 16:44:33,529 [INFO]   分类: 个人被纳入 | 公司:  | 姓名: 李立，韩丽丽
2026-04-14 16:44:33,529 [INFO] 
处理: 0089_[临时公告]元亨利关于公司再次被纳入失信被执行人名单公告的补发声明公告.pdf
2026-04-14 16:44:33,722 [INFO]   分类: 公司被纳入 | 公司:  | 姓名: 
2026-04-14 16:44:33,722 [INFO] 
处理: 0090_[临时公告]安阳机床关于全资子公司已被撤销纳入失信被执行人名单的公告.pdf
2026-04-14 16:44:33,793 [INFO]   分类: 公司被撤销 | 公司:  | 姓名: 
2026-04-14 16:44:33,793 [INFO] 
处理: 0091_[临时公告]金鼎股份关于公司控股股东被纳入失信被执行人名单的公告(补发).pdf
2026-04-14 16:44:34,108 [INFO]   分类: 个人被纳入 | 公司: 天津冶金集团有限公司 | 姓名: 
2026-04-14 16:44:34,108 [INFO] 
处理: 0092_[临时公告]疆能股份关于公司及子公司被纳入失信被执行人名单的公告(补发)(OCR).pdf
2026-04-14 16:44:34,318 [INFO]   分类: 公司被纳入 | 公司:  | 姓名: 
2026-04-14 16:44:34,318 [INFO] 
处理: 0092_[临时公告]疆能股份关于公司及子公司被纳入失信被执行人名单的公告(补发).pdf
2026-04-14 16:44:34,347 [INFO]   分类:  | 公司:  | 姓名: 
2026-04-14 16:44:34,347 [INFO] 
处理: 0093_[临时公告]润港林业017-关于公司被纳入失信被执行人名单的公告补发说明.pdf
2026-04-14 16:44:34,462 [INFO]   分类: 公司被纳入 | 公司: 广西钦州润港林业股份有限公司关于公司 | 姓名: 
2026-04-14 16:44:34,462 [INFO] 
处理: 0094_[临时公告]和韵文化关于公司以及实际控制人被纳入失信被执行人名单的公告.pdf
2026-04-14 16:44:34,738 [INFO]   分类: 个人被纳入 | 公司:  | 姓名: 徐和贵
2026-04-14 16:44:34,738 [INFO] 
处理: 0095_[临时公告]莱泰园林关于补发公司被纳入失信被执行人名单的公告的声明公告.pdf
2026-04-14 16:44:34,887 [INFO]   分类: 公司被纳入 | 公司: 该事项发生后应及时披露关于公司 | 姓名: 
2026-04-14 16:44:34,888 [INFO] 
处理: 0096_[临时公告]东安液压关于公司实际控制人被纳入失信被执行人名单的公告(补发).pdf
2026-04-14 16:44:35,024 [INFO]   分类: 个人被纳入 | 公司:  | 姓名: 庞彩萍
2026-04-14 16:44:35,024 [INFO] 
处理: 0097_[临时公告]佳瑞高科公司控股股东、实际控制人被纳入失信被执行人名单的公告.pdf
2026-04-14 16:44:35,045 [INFO]   分类:  | 公司:  | 姓名: 
2026-04-14 16:44:35,046 [INFO] 
处理: 0097_[临时公告]佳瑞高科公司控股股东、实际控制人被纳入失信被执行人名单的公告_可搜索.pdf
2026-04-14 16:44:35,167 [INFO]   分类: 个人被纳入 | 公司:  | 姓名: 谢秋欣
2026-04-14 16:44:35,167 [INFO] 
处理: 0098_[临时公告]安科文化关于控股股东、实际控制人被纳入失信执行人名单的公告.pdf
2026-04-14 16:44:35,366 [INFO]   分类: 个人被纳入 | 公司:  | 姓名: 安轩，陈洪
2026-04-14 16:44:35,366 [INFO] 
处理: 0099_[临时公告]元亨利关于补发公司及实际控制人被纳入失信被执行人名单的声明公告.pdf
2026-04-14 16:44:35,481 [INFO]   分类: 公司及个人被纳入 | 公司:  | 姓名: 谢宗，黄旭文
2026-04-14 16:44:35,481 [INFO] 
处理: 0100_[临时公告]科贝科技关于补发法院已撤销公司被纳入失信被执行人名单的声明公告.pdf
2026-04-14 16:44:35,591 [INFO]   分类: 公司被撤销 | 公司: 撤销公司 | 姓名: 
2026-04-14 16:44:35,591 [INFO] 
处理: 0101_[临时公告]广建装饰关于公司及其控股股东、董事被列入失信被执行名单的公告(补发).pdf
2026-04-14 16:44:35,720 [INFO]   分类: 公司及个人被纳入 | 公司:  | 姓名: 东泰清，叶东已
2026-04-14 16:44:35,720 [INFO] 
处理: 0102_[临时公告]ST一恒贞关于控股股东、实际控制人被纳为失信被执行人名单的公告.pdf
2026-04-14 16:44:35,871 [INFO]   分类: 个人被纳入 | 公司:  | 姓名: 张斌，黄飞雪
2026-04-14 16:44:35,871 [INFO] 
处理: 0103_[临时公告]疆能股份关于补发公司及子公司被纳入失信被执行人名单的声明公告.pdf
2026-04-14 16:44:35,893 [INFO]   分类:  | 公司:  | 姓名: 
2026-04-14 16:44:35,893 [INFO] 
处理: 0103_[临时公告]疆能股份关于补发公司及子公司被纳入失信被执行人名单的声明公告_可搜索.pdf
2026-04-14 16:44:36,030 [INFO]   分类: 公司被纳入 | 公司:  | 姓名: 
2026-04-14 16:44:36,030 [INFO] 
处理: 0104_[临时公告]白水农夫关于控股股东、实际控制人从失信被执行人名单库中删除的公告.pdf
2026-04-14 16:44:36,127 [INFO]   分类: 个人被撤销 | 公司:  | 姓名: 信用
2026-04-14 16:44:36,127 [INFO] 
处理: 0105_[券商公告]一恒贞：主办券商关于一恒贞被纳为失信被执行人名单的风险提示性公告(OCR).pdf
2026-04-14 16:44:36,182 [INFO]   分类: 公司被纳入 | 公司: 关十公司 | 姓名: 
2026-04-14 16:44:36,183 [INFO] 
处理: 0105_[券商公告]一恒贞：主办券商关于一恒贞被纳为失信被执行人名单的风险提示性公告.pdf
2026-04-14 16:44:36,203 [INFO]   分类:  | 公司:  | 姓名: 
2026-04-14 16:44:36,203 [INFO] 
处理: 0106_[临时公告]海斯迪关于控股股东、实际控制人已被撤销纳入失信被执行人名单的公告.pdf
2026-04-14 16:44:36,301 [INFO]   分类: 个人被撤销 | 公司:  | 姓名: 张晓云
2026-04-14 16:44:36,301 [INFO] 
处理: 0107_[临时公告]海斯迪关于控股股东、实际控制人被纳入失信被执行人名单的进展公告.pdf
2026-04-14 16:44:36,385 [INFO]   分类: 个人被纳入 | 公司:  | 姓名: 
2026-04-14 16:44:36,387 [INFO] 
处理: 0108_[临时公告]海斯迪关于公司控股股东、实际控制人被纳入失信被执行人名单的公告(补发).pdf
2026-04-14 16:44:36,603 [INFO]   分类: 个人被纳入 | 公司:  | 姓名: 张晓云
2026-04-14 16:44:36,603 [INFO] 
处理: 0109_[临时公告]海益宝关于控股股东、实际控制人从失信被执行人名单库中删除的公告.pdf
2026-04-14 16:44:36,668 [INFO]   分类: 个人被撤销 | 公司:  | 姓名: 信用
2026-04-14 16:44:36,668 [INFO] 
处理: 0110_[临时公告]海益宝关于控股股东、实际控制人被纳入失信被执行人名单的进展公告.pdf
2026-04-14 16:44:36,802 [INFO]   分类: 个人被纳入 | 公司:  | 姓名: 在平安，海益宝，范立强
2026-04-14 16:44:36,803 [INFO] 
处理: 0111_[临时公告]佳瑞高科关于公司控股股东、实际控制人被纳入失信被执行人名单的公告.pdf
2026-04-14 16:44:36,999 [INFO]   分类: 个人被纳入 | 公司:  | 姓名: 谢秋欣
2026-04-14 16:44:36,999 [INFO] 
处理: 0112_[临时公告]宏力能源关于昌乐县人民法院已撤销公司被纳入失信被执行人名单的公告.pdf
2026-04-14 16:44:37,088 [INFO]   分类: 公司被撤销 | 公司: 法院已撤销因该案件造成的公司 | 姓名: 
2026-04-14 16:44:37,088 [INFO] 
处理: 0113_[临时公告]华协农业关于公司及控股股东、实际控制人被纳入失信被执行人名单的公告.pdf
2026-04-14 16:44:37,112 [INFO]   分类:  | 公司:  | 姓名: 
2026-04-14 16:44:37,112 [INFO] 
处理: 0113_[临时公告]华协农业关于公司及控股股东、实际控制人被纳入失信被执行人名单的公告_可搜索.pdf
2026-04-14 16:44:37,188 [INFO]   分类: 公司及个人被纳入 | 公司: 甘肃华协农业生物科技股份有限公司 | 姓名: 王明琴
2026-04-14 16:44:37,189 [INFO] 
处理: 0114_[临时公告]佳瑞高科2017-120 关于补发公司被纳入失信被执行人名单公告的声明.pdf
2026-04-14 16:44:37,200 [INFO]   分类:  | 公司:  | 姓名: 
2026-04-14 16:44:37,200 [INFO] 
处理: 0114_[临时公告]佳瑞高科2017-120 关于补发公司被纳入失信被执行人名单公告的声明_可搜索.pdf
2026-04-14 16:44:37,235 [INFO]   分类: 公司被纳入 | 公司:  | 姓名: 
2026-04-14 16:44:37,235 [INFO] 
处理: 0115_[券商公告]佳瑞高科安信证券关于佳瑞高科被纳入失信被执行人名单的风险提供公告.pdf
2026-04-14 16:44:37,251 [INFO]   分类:  | 公司:  | 姓名: 
2026-04-14 16:44:37,251 [INFO] 
处理: 0115_[券商公告]佳瑞高科安信证券关于佳瑞高科被纳入失信被执行人名单的风险提供公告_可搜索.pdf
2026-04-14 16:44:37,371 [INFO]   分类: 公司被纳入 | 公司:  | 姓名: 
2026-04-14 16:44:37,371 [INFO] 
处理: 0116_[临时公告]至诚复材关于法院已撤销公司控股股东被纳入失信被执行人名单的公告(补发).pdf
2026-04-14 16:44:37,480 [INFO]   分类: 个人被撤销 | 公司:  | 姓名: 
2026-04-14 16:44:37,481 [INFO] 
处理: 0117_[临时公告]ST瑞泽关于控股股东、实际控制人被纳为失信被执行人名单的公告(补发)(补发).pdf
2026-04-14 16:44:37,618 [INFO]   分类: 个人被纳入 | 公司:  | 姓名: 刘珍华
2026-04-14 16:44:37,618 [INFO] 
处理: 0118_[临时公告]永丰食品关于公司控股股东、实际控制人被纳入失信被执行人名单的公告(补发).pdf
2026-04-14 16:44:37,994 [INFO]   分类: 个人被纳入 | 公司:  | 姓名: 白世洲，进行
2026-04-14 16:44:37,994 [INFO] 
处理: 0119_[临时公告]安科文化关于控股股东、实际控制人已被撤销纳入失信被执行人名单的公告.pdf
2026-04-14 16:44:38,095 [INFO]   分类: 个人被撤销 | 公司:  | 姓名: 陈洪
2026-04-14 16:44:38,095 [INFO] 
处理: 0120_[临时公告]京东健康关于控股股东、实际控制人、董事、监事被纳入失信执行人名单的公告(补发).pdf
2026-04-14 16:44:38,345 [INFO]   分类: 个人被纳入 | 公司:  | 姓名: 崔国玲，徐征，徐耀东
2026-04-14 16:44:38,345 [INFO] 
处理: 0121_[临时公告]元亨利关于公司及其控股股东、实际控制人被纳入失信被执行人名单的公告(补发).pdf
2026-04-14 16:44:38,477 [INFO]   分类: 公司及个人被纳入 | 公司:  | 姓名: 谢宗选
2026-04-14 16:44:38,477 [INFO] 
处理: 0122_[临时公告]雨神电竞关于公司控股股东、实际控制人被纳入失信被执行人名单的公告(补发).pdf
2026-04-14 16:44:38,650 [INFO]   分类: 个人被纳入 | 公司:  | 姓名: 马洪麟
2026-04-14 16:44:38,651 [INFO] 
处理: 0123_[临时公告]诺晟股份关于公司控股股东、实际控制人被纳入失信被执行人名单的公告(补发).pdf
2026-04-14 16:44:38,866 [INFO]   分类: 个人被纳入 | 公司:  | 姓名: 
2026-04-14 16:44:38,866 [INFO] 
处理: 0124_[券商公告]ST中试中泰证券关于中试电力被纳入失信被执行人名单的风险提示公告.pdf
2026-04-14 16:44:38,911 [INFO]   分类: 公司被纳入 | 公司: 湖北中试电力科技股份有限公司 | 姓名: 
2026-04-14 16:44:38,911 [INFO] 
处理: 0125_[临时公告]东安液压关于补发公司实际控制人被纳入失信被执行人名单的公告的说明.pdf
2026-04-14 16:44:39,006 [INFO]   分类: 个人被纳入 | 公司:  | 姓名: 庞彩萍
2026-04-14 16:44:39,006 [INFO] 
处理: 0126_[临时公告]白水农夫关于公司控股股东、实际控制人被纳入失信被执行人名单的公告(补发).pdf
2026-04-14 16:44:39,114 [INFO]   分类: 个人被纳入 | 公司:  | 姓名: 吴治德
2026-04-14 16:44:39,114 [INFO] 
处理: 0127_[临时公告]宏力能源关于南京市秦淮区人民法院已撤销公司被纳入失信被执行人名单的公告.pdf
2026-04-14 16:44:39,174 [INFO]   分类: 公司被撤销 | 公司: 法院已撤销因该案件造成的公司 | 姓名: 
2026-04-14 16:44:39,174 [INFO] 
处理: 0128_[券商公告]方正证券关于许继配电被纳入失信被执行人名单及进展情况的风险提示性公告.pdf
2026-04-14 16:44:39,250 [INFO]   分类: 公司被纳入 | 公司:  | 姓名: 
2026-04-14 16:44:39,250 [INFO] 
处理: 0129_[临时公告]天线宝宝关于公司控股股东、实际控制人被纳入失信被执行人名单的公告（补发）(补发).pdf
2026-04-14 16:44:39,349 [INFO]   分类: 个人被纳入 | 公司:  | 姓名: 许志忠
2026-04-14 16:44:39,349 [INFO] 
处理: 0130_[临时公告]天线宝宝关于补发公司控股股东、实际控制人被纳入失信被执行人名单的声明公告.pdf
2026-04-14 16:44:39,437 [INFO]   分类: 个人被纳入 | 公司:  | 姓名: 许志忠
2026-04-14 16:44:39,437 [INFO] 
处理: 0131_[临时公告]怡莲蚕桑关于公司及控股股东、实际控制人被纳入失信被执行人名单的提示性公告.pdf
2026-04-14 16:44:39,455 [INFO]   分类:  | 公司:  | 姓名: 
2026-04-14 16:44:39,455 [INFO] 
处理: 0132_[临时公告]至诚复材关于补发法院已撤销公司控股股东被纳入失信被执行人名单的声明公告.pdf
2026-04-14 16:44:39,568 [INFO]   分类: 个人被撤销 | 公司:  | 姓名: 
2026-04-14 16:44:39,568 [INFO] 
处理: 0133_[券商公告]贵之步方正证券关于贵之步被纳入失信被执行人名单及进展的风险提示性公告.pdf
2026-04-14 16:44:39,747 [INFO]   分类: 公司被纳入 | 公司:  | 姓名: 
2026-04-14 16:44:39,747 [INFO] 
处理: 0134_[临时公告]ST天智关于公司及公司控股股东、实际控制人被纳入失信被执行人名单的公告.pdf
2026-04-14 16:44:39,944 [INFO]   分类: 公司及个人被纳入 | 公司: 安徽天智信息科技集团股份有限公司，实际控制人及公司 | 姓名: 赵宁
2026-04-14 16:44:39,944 [INFO] 
处理: 0135_[临时公告]永丰食品关于公司控股股东、 实际控制人被纳入失信被执行人名单公告的补发说明.pdf
2026-04-14 16:44:40,145 [INFO]   分类: 个人被纳入 | 公司: 中小企业股份转让系统指定信息披露平台上披露公司 | 姓名: 白世洲
2026-04-14 16:44:40,145 [INFO] 
处理: 0136_[临时公告]华泰珠宝关于公司控股股东、实际控制人、董事被纳入失信被执行人名单的公告(补发).pdf
2026-04-14 16:44:40,194 [INFO]   分类:  | 公司:  | 姓名: 
2026-04-14 16:44:40,194 [INFO] 
处理: 0136_[临时公告]华泰珠宝关于公司控股股东、实际控制人、董事被纳入失信被执行人名单的公告(补发)_可搜索.pdf
2026-04-14 16:44:40,269 [INFO]   分类: 个人被纳入 | 公司:  | 姓名: 胡文壶
2026-04-14 16:44:40,269 [INFO] 
处理: 0137_[临时公告]白水农夫关于补发公司控股股东、实际控制人被纳入失信被执行人名单的公告说明.pdf
2026-04-14 16:44:40,392 [INFO]   分类: 个人被纳入 | 公司:  | 姓名: 吴治德
2026-04-14 16:44:40,392 [INFO] 
处理: 0138_[临时公告]海斯迪关于补发公司控股股东、实际控制人被纳入失信被执行人名单的公告的说明.pdf
2026-04-14 16:44:40,482 [INFO]   分类: 个人被纳入 | 公司:  | 姓名: 张晓云
2026-04-14 16:44:40,482 [INFO] 
处理: 0139_[临时公告]广建装饰关于公司及其控股股东、董事被列入失信被执行名单的公告的补发声明公告.pdf
2026-04-14 16:44:40,621 [INFO]   分类: 公司及个人被纳入 | 公司:  | 姓名: 叶东已
2026-04-14 16:44:40,622 [INFO] 
处理: 0140_[临时公告]物华股份2017-014-物华股份-关于补发公司被纳入失信被执行人名单的公告的说明.pdf
2026-04-14 16:44:40,687 [INFO]   分类: 公司被纳入 | 公司: 司关于公司 | 姓名: 
2026-04-14 16:44:40,687 [INFO] 
处理: 0141_[临时公告]雨神电竞关于补发公司控股股东、实际控制人被纳入失信被执行人名单的公告的说明.pdf
2026-04-14 16:44:40,795 [INFO]   分类: 个人被纳入 | 公司:  | 姓名: 马洪麟
2026-04-14 16:44:40,795 [INFO] 
处理: 0142_[临时公告]诺晟股份关于补发公司控股股东、实际控制人被纳入失信被执行人名单的公告的说明.pdf
2026-04-14 16:44:40,897 [INFO]   分类: 个人被纳入 | 公司:  | 姓名: 
2026-04-14 16:44:40,897 [INFO] 
处理: 0143_[临时公告]申舟物流关于公司控股股东和实际控制人被纳入失信被执行人名单已被撤销的公告.pdf
2026-04-14 16:44:40,958 [INFO]   分类: 个人被纳入 | 公司:  | 姓名: 包明
2026-04-14 16:44:40,958 [INFO] 
处理: 0144_[临时公告]中搜网络关于公司被纳入失信被执行人名单及武汉分公司被列入经营异常名录的公告.pdf
2026-04-14 16:44:40,993 [INFO]   分类:  | 公司:  | 姓名: 
2026-04-14 16:44:40,993 [INFO] 
处理: 0144_[临时公告]中搜网络关于公司被纳入失信被执行人名单及武汉分公司被列入经营异常名录的公告_可搜索.pdf
2026-04-14 16:44:41,131 [INFO]   分类: 公司被纳入 | 公司: 除上还公司 | 姓名: 
2026-04-14 16:44:41,132 [INFO] 
处理: 0145_[券商公告]中泰证券关于辽宁天佐涉诉违规对外担保及被纳入失信被执行人名单的风险提示公告.pdf
2026-04-14 16:44:41,229 [INFO]   分类: 公司被纳入 | 公司:  | 姓名: 
2026-04-14 16:44:41,229 [INFO] 
处理: 0146_[临时公告]华泰珠宝关于法院已撤销将公司控股股东、实际控制人、董事被纳入失信被执行人名单的公告.pdf
2026-04-14 16:44:41,260 [INFO]   分类:  | 公司:  | 姓名: 
2026-04-14 16:44:41,260 [INFO] 
处理: 0147_[券商公告]物华股份关于河北物华循环资源股份有限公司被纳入失信被执行人名单的风险提示性公告.pdf
2026-04-14 16:44:41,357 [INFO]   分类: 公司被纳入 | 公司:  | 姓名: 
2026-04-14 16:44:41,357 [INFO] 
处理: 0148_[临时公告]华泰珠宝关于公司控股股东、实际控制人、董事被纳入失信被执行人名单的公告的补发声明公告.pdf
2026-04-14 16:44:41,395 [INFO]   分类:  | 公司:  | 姓名: 
2026-04-14 16:44:41,395 [INFO] 
处理: 0148_[临时公告]华泰珠宝关于公司控股股东、实际控制人、董事被纳入失信被执行人名单的公告的补发声明公告_可搜索.pdf
2026-04-14 16:44:41,439 [INFO]   分类: 个人被纳入 | 公司:  | 姓名: 胡文壶
2026-04-14 16:44:41,439 [INFO] 
处理: 0149_[临时公告]元亨利关于补发公司及其控股股东、实际控制人被纳入失信被执行人名单公告的声明公告.pdf
2026-04-14 16:44:41,510 [INFO]   分类: 公司及个人被纳入 | 公司:  | 姓名: 谢宗选
2026-04-14 16:44:41,510 [INFO] 
处理: 0150_[券商公告]辽宁天佐中泰证券关于辽宁天佐涉诉违规对外担保及被纳入失信被执行人名单的风险提示公告.pdf
2026-04-14 16:44:41,623 [INFO]   分类: 公司被纳入 | 公司:  | 姓名: 
2026-04-14 16:44:41,623 [INFO] 
处理: 0151_[券商公告]辽宁天佐中泰证券关于辽宁天佐涉诉违规对外担保及被纳入失信被执行人名单的风险提示公告.pdf
2026-04-14 16:44:41,736 [INFO]   分类: 公司被纳入 | 公司:  | 姓名: 
2026-04-14 16:44:41,736 [INFO] 
处理: 0152_[临时公告]京东健康京东健康：关于补发控股股东、实际控制人、董事、监事被纳入失信被执行人名单公告的声明公告.pdf
2026-04-14 16:44:41,852 [INFO]   分类: 个人被纳入 | 公司:  | 姓名: 国玲，徐征，徐耀东
2026-04-14 16:44:41,852 [INFO] 
处理: 0153_[临时公告]雪阳坯衫关于补发公司控股股东、实际控制人、部分董事及公司被纳入失信被执行人名单及撤销的公告的声明.pdf
2026-04-14 16:44:41,874 [INFO]   分类:  | 公司:  | 姓名: 
2026-04-14 16:44:41,874 [INFO] 
处理: 0154_[临时公告]雪阳坯衫关于公司控股股东、实际控制人、部分董事及公司被纳入失信被执行人名单及撤销的公告（补发）..pdf
2026-04-14 16:44:41,957 [INFO]   分类: 公司及个人被纳入 | 公司:  | 姓名: 刘红中，史国强，杨天岳，雪阳
2026-04-14 16:44:41,957 [INFO] 
处理: 0155_[券商公告]镭蒙机电财通证券股份有限公司关于镭蒙机电股份有限公司被纳入失信被执行人名单的风险提示公告.pdf
2026-04-14 16:44:42,054 [INFO]   分类: 公司被纳入 | 公司:  | 姓名: 
2026-04-14 16:44:42,054 [INFO] 
处理: 0156_[券商公告]汉术化学国海证券股份有限公司关于西安汉术化学工程股份有限公司被纳入失信被执行人名单的风险提示性公告.pdf
2026-04-14 16:44:42,130 [INFO]   分类: 公司被纳入 | 公司: 司关于公司，西安汉术化学工程股份有限公司 | 姓名: 
2026-04-14 16:44:42,130 [INFO] 
处理: 0157_[券商公告]ST中试中泰证券股份有限公司关于湖北中试电力科技股份有限公司被纳入失信被执行人名单的风险提示公告.pdf
2026-04-14 16:44:42,175 [INFO]   分类: 公司被纳入 | 公司: 湖北中试电力科技股份有限公司 | 姓名: 
2026-04-14 16:44:42,175 [INFO] 
处理: 0158_[券商公告]润港林业国海证券股份有限公司关于广西钦州润港林业股份有限公司被纳入失信被执行人名单的风险提示公.pdf
2026-04-14 16:44:42,258 [INFO]   分类: 公司被纳入 | 公司: 广西钦州润港林业股份有限公司 | 姓名: 
2026-04-14 16:44:42,258 [INFO] 
处理: 0159_[券商公告]弘方股份恒泰证券股份有限公司关于湖北弘方科技股份有限公司被纳入失信被执行人名单的风险提示性公告.pdf
2026-04-14 16:44:42,345 [INFO]   分类: 公司被纳入 | 公司: 湖北弘方科技股份有限公司 | 姓名: 
2026-04-14 16:44:42,345 [INFO] 
处理: 0160_[券商公告]易点科技东北证券股份有限公司关于长春易点科技股份有限公司被纳入失信被执行人名单的风险提示公告.pdf
2026-04-14 16:44:42,440 [INFO]   分类: 公司被纳入 | 公司:  | 姓名: 
2026-04-14 16:44:42,440 [INFO] 
处理: 0161_[券商公告]海益宝中国银河证券股份有限公司关于海益宝控股股东、实际控制人被纳入失信被执行人名单的风险揭示公告.pdf
2026-04-14 16:44:42,521 [INFO]   分类: 个人被纳入 | 公司:  | 姓名: 海益宝，范立强
2026-04-14 16:44:42,521 [INFO] 
处理: 0162_[券商公告]天众合金渤海证券股份有限公司关于沈阳天众合金股份有限公司被列入失信被执行人名单等事项重大风险提示公告.pdf
2026-04-14 16:44:42,920 [INFO]   分类: 公司被纳入 | 公司: 沈阳天众合金股份有限公司 | 姓名: 
2026-04-14 16:44:42,920 [INFO] 
处理: 0163_[券商公告]斯迈柯长城证券股份有限公司关于南京斯迈柯特种金属装备股份有限公司被纳入失信被执行人名单的风险提示性公告.pdf
2026-04-14 16:44:43,086 [INFO]   分类: 公司被纳入 | 公司: 南京斯迈柯特种金属装备股份有限公司，南京斯迈柯特种金属装备股份有限公司关于公司 | 姓名: 
2026-04-14 16:44:43,086 [INFO] 
处理: 0164_[券商公告]京东健康华融证券有限公司关于唐山京东大健康股份有限公司实际控制人、董事、监事被纳入失信被执行人名单的风险提示公告.pdf
2026-04-14 16:44:43,207 [INFO]   分类: 个人被纳入 | 公司:  | 姓名: 和高级，崔国玲，徐征，徐耀东，董监高
2026-04-14 16:44:43,207 [INFO] 
处理: 0165_[券商公告]广州证券股份有限公司关于成都雨神电竞科技股份有限公司实际控制人、控股股东属于失信联合惩戒对象的风险提示性公告.pdf
2026-04-14 16:44:43,317 [INFO]   分类: 个人被纳入 | 公司:  | 姓名: 和高级，董监高，马洪麟
2026-04-14 16:44:43,318 [INFO] 
处理: 0166_[券商公告]申舟物流万联证券股份有限公司关于上海申舟物流股份有限公司及其控股股东被纳入失信被执行人名单的风险提示公告.pdf
2026-04-14 16:44:43,421 [INFO]   分类: 公司及个人被纳入 | 公司:  | 姓名: 包明，陈万莉
2026-04-14 16:44:43,421 [INFO] 
处理: 0167_[券商公告]盈美软装东吴证券股份有限公司关于江苏盈美软装艺术设计股份有限公司被纳入失信被执行人名单的风险提示性公告.pdf
2026-04-14 16:44:43,483 [INFO]   分类: 公司被纳入 | 公司: 江苏盈美软装艺术设计股份有限公司 | 姓名: 
2026-04-14 16:44:43,483 [INFO] 
处理: 0168_[券商公告]广建装饰安信证券股份有限公司关于重庆广建装饰股份有限公司及其控股股东、董事被纳入失信被执行人名单的风险提示公告.pdf
2026-04-14 16:44:43,500 [INFO]   分类:  | 公司:  | 姓名: 
2026-04-14 16:44:43,500 [INFO] 
处理: 0169_[券商公告]元璋精工长江证券股份有限公司关于苏州元璋精工科技股份有限公司控股股东、实际控制人被纳入失信执行人名单的风险提示公告.pdf
2026-04-14 16:44:43,589 [INFO]   分类: 个人被纳入 | 公司:  | 姓名: 陆俊翼
2026-04-14 16:44:43,589 [INFO] 
处理: 0170_[券商公告]东安液压中国中投证券有限责任公司关于哈尔滨东安液压机械股份有限公司实际控制人被纳入失信被执行人名单的风险揭示公告.pdf
2026-04-14 16:44:43,647 [INFO]   分类: 个人被纳入 | 公司:  | 姓名: 庞彩萍
2026-04-14 16:44:43,648 [INFO] 
处理: 0171_[券商公告]金洋新材安信证券股份有限公司关于宜春金洋新材料股份有限公司董事及高级管理人员属于失信联合惩戒对象的风险提示性公告(OCR).pdf
2026-04-14 16:44:43,711 [INFO]   分类: 个人被纳入 | 公司:  | 姓名: 桂贤友，法阮，程贤友
2026-04-14 16:44:43,711 [INFO] 
处理: 0171_[券商公告]金洋新材安信证券股份有限公司关于宜春金洋新材料股份有限公司董事及高级管理人员属于失信联合惩戒对象的风险提示性公告.pdf
2026-04-14 16:44:43,752 [INFO]   分类:  | 公司:  | 姓名: 
2026-04-14 16:44:43,752 [INFO] 
处理: 0172_[券商公告]ST东方数天风证券关于ST东方数涉及诉讼、实际控制人被纳入失信被执行人名单及未及时履行信息披露义务等相关事项的风险提示公告.pdf
2026-04-14 16:44:43,971 [INFO]   分类: 个人被纳入 | 公司:  | 姓名: 和高级，张友华，徐华
2026-04-14 16:44:43,971 [INFO] 
处理: 0173_[券商公告]白水农夫安信证券股份有限公司关于福建白水农夫农业股份有限公司实际控制人股权被司法冻结及被纳入失信被执行人名单的风险提示公告(OCR).pdf
2026-04-14 16:44:44,170 [INFO]   分类: 个人被纳入 | 公司:  | 姓名: 关治德，吴治德，进行
2026-04-14 16:44:44,170 [INFO] 
处理: 0173_[券商公告]白水农夫安信证券股份有限公司关于福建白水农夫农业股份有限公司实际控制人股权被司法冻结及被纳入失信被执行人名单的风险提示公告.pdf
2026-04-14 16:44:44,192 [INFO]   分类:  | 公司:  | 姓名: 
2026-04-14 16:44:44,192 [INFO] 
处理: 0174_[券商公告]华中自控万联证券有限责任公司关于武汉华中自控技术发展股份有限公司及其控股股东、实际控制人被纳入失信被执行人名单之风险提示公告.pdf
2026-04-14 16:44:44,365 [INFO]   分类: 公司及个人被纳入 | 公司:  | 姓名: 张尧南
2026-04-14 16:44:44,365 [INFO] 
处理: 0175_[券商公告]中和医疗恒泰证券股份有限公司关于北京亿邦中和医疗科技股份有限公司控股股东、实际控制人及董事被纳入失信被执行人名单的风险提示公告.pdf
2026-04-14 16:44:44,504 [INFO]   分类: 个人被纳入 | 公司:  | 姓名: 和高级，李立，董监高，韩丽丽
2026-04-14 16:44:44,505 [INFO] 
处理: 0176_[券商公告]安普生物安信证券股份有限公司关于洛阳安普生物科技股份有限公司及其实际控制人被列为失信被执行人、贷款逾期、违规担保等事项的风险提示公告(OCR).pdf
2026-04-14 16:44:44,627 [INFO]   分类: 其他 | 公司:  | 姓名: 刘志鹏，无法
2026-04-14 16:44:44,627 [INFO] 
处理: 0176_[券商公告]安普生物安信证券股份有限公司关于洛阳安普生物科技股份有限公司及其实际控制人被列为失信被执行人、贷款逾期、违规担保等事项的风险提示公告.pdf
2026-04-14 16:44:44,638 [INFO]   分类:  | 公司:  | 姓名: 
2026-04-14 16:44:44,638 [INFO] 
处理: 0177_[券商公告]金鼎股份中信建投证券股份有限公司关于天津市金鼎线材制品科技开发股份有限公司控股股东涉及诉讼并被纳入失信被执行人名单的风险提示性公告.pdf
2026-04-14 16:44:45,093 [INFO]   分类: 个人被纳入 | 公司: 冶金集团，天津冶金集团有限公司 | 姓名: 
2026-04-14 16:44:45,093 [INFO] 
处理: 0178_[券商公告]木村树东兴证券股份有限公司关于宁波木村树鞋业股份有限公司涉及诉讼被纳入失信执行人名单并被采取限制出境、拘留等强制措施的风险揭示性公告.pdf
2026-04-14 16:44:45,203 [INFO]   分类: 公司被纳入 | 公司: 宁波木村树鞋业股份有限公司 | 姓名: 
2026-04-14 16:44:45,203 [INFO] 
处理: 0179_[券商公告]疆能股份广州证券股份有限公司关于新疆新华能电气股份有限公司及其子公司被纳入失信被执行人名单、关联方资金占用进展情况的风险提示性公告.pdf
2026-04-14 16:44:45,386 [INFO]   分类: 公司被纳入 | 公司: 券商发现疆能股份及其子公司 | 姓名: 
2026-04-14 16:44:45,386 [INFO] 
处理: 0180_[券商公告]ST赛诺达方正证券股份有限公司关于天津市赛诺达智能技术股份有限公司公司被纳入失信执行人名单、不履行信息披露义务的风险提示性公告.pdf
2026-04-14 16:44:45,466 [INFO]   分类: 公司被纳入 | 公司: 天津市赛诺达智能技术股份有限公司 | 姓名: 
2026-04-14 16:44:45,466 [INFO] 
处理: 0181_[券商公告]渤海证券股份有限公司关于沈阳天众合金股份有限公司相关董事、高级管理人员被纳入失信被执行人名单、股东股权被司法冻结等事项的风险提示公告.pdf
2026-04-14 16:44:45,845 [INFO]   分类: 个人被纳入 | 公司: 沈阳天众合金股份有限公司 | 姓名: 和高级，张沫，张连仲，董监高，高璟利
2026-04-14 16:44:45,845 [INFO] 
处理: 0182_[券商公告]佳瑞高科安信证券股份有限公司关于平顶山佳瑞高科实业股份有限公司股权被司法冻结及实际控制人被纳入失信被执行人名单的风险提示公告(OCR).pdf
2026-04-14 16:44:45,925 [INFO]   分类: 个人被纳入 | 公司:  | 姓名: 谢秋灰
2026-04-14 16:44:45,925 [INFO] 
处理: 0182_[券商公告]佳瑞高科安信证券股份有限公司关于平顶山佳瑞高科实业股份有限公司股权被司法冻结及实际控制人被纳入失信被执行人名单的风险提示公告.pdf
2026-04-14 16:44:45,960 [INFO]   分类:  | 公司:  | 姓名: 
2026-04-14 16:44:45,968 [INFO] 
结果已保存: D:\This computer\desktop\2017年失信人文件-调试用-扫描件已处理\失信人信息提取结果_分类版.csv
2026-04-14 16:44:45,968 [INFO] 
完成！共 207 条记录
2026-04-14 16:44:45,969 [INFO] 分类[公司被纳入]: 85 条
2026-04-14 16:44:45,969 [INFO] 分类[公司被撤销]: 17 条
2026-04-14 16:44:45,969 [INFO] 分类[个人被纳入]: 47 条
2026-04-14 16:44:45,969 [INFO] 分类[个人被撤销]: 7 条
2026-04-14 16:44:45,969 [INFO] 分类[公司及个人被纳入]: 14 条
2026-04-14 16:44:45,969 [INFO] 分类[不属于失信人]: 8 条
2026-04-14 16:44:45,969 [INFO] 分类[其他]: 2 条
