2026-03-25 12:55:55,019 [INFO] 加载了 1008 个姓氏
2026-03-25 12:55:55,020 [DEBUG] Building prefix dict from the default dictionary ...
2026-03-25 12:55:55,445 [DEBUG] Dumping model to file cache C:\Users\25485\AppData\Local\Temp\jieba.cache
2026-03-25 12:55:55,477 [DEBUG] Loading model cost 0.457 seconds.
2026-03-25 12:55:55,478 [DEBUG] Prefix dict has been built successfully.
2026-03-25 12:55:55,479 [INFO] jieba 分词已启用（职位粘连修正）
2026-03-25 12:55:55,481 [INFO] 找到 207 个 PDF 文件
2026-03-25 12:55:55,481 [INFO] 
处理文件: 0001_[临时公告]辽宁天佐公司被纳为“失信执行人名单”的公告.pdf
2026-03-25 12:55:55,534 [INFO]   证券代码: 835519  证券简称: 辽宁天佐  公告时间: 2017年10月26日
2026-03-25 12:55:55,534 [INFO]   未提取到失信被执行人自然人姓名
2026-03-25 12:55:55,534 [INFO]   失信被执行人（公司）: 辽宁天佐羊绒纺织股份有限公司
2026-03-25 12:55:55,534 [INFO]   案号: (2017)冀 0633 执 448 号
2026-03-25 12:55:55,534 [INFO] 
处理文件: 0002_[临时公告]开普勒关于新任董事不属于失信被执行人公告.pdf
2026-03-25 12:55:55,622 [INFO]   证券代码: 838302  证券简称: 开普勒  公告时间: 2017年7月18日
2026-03-25 12:55:55,622 [INFO]   失信被执行人（自然人）: 任职，高飞
2026-03-25 12:55:55,622 [INFO]   对应职位: 董事，董事会
2026-03-25 12:55:55,622 [INFO]   未提取到案号
2026-03-25 12:55:55,622 [INFO] 
处理文件: 0003_[临时公告]利欣制药关于公司曾被纳为失信被执行人的公告.pdf
2026-03-25 12:55:55,753 [INFO]   证券代码: 834866  证券简称: 利欣制药  公告时间: 2017年12月29日
2026-03-25 12:55:55,753 [INFO]   未提取到失信被执行人自然人姓名
2026-03-25 12:55:55,753 [INFO]   失信被执行人（公司）: 河南利欣制药股份有限公司
2026-03-25 12:55:55,753 [INFO]   案号: (2015)通执字第 03800 号，(2016)皖 0304 执 630 号，(2015)通执字第 03792 号
2026-03-25 12:55:55,753 [INFO] 
处理文件: 0004_[临时公告]鸣利来关于公司被纳入失信被执行人名单的公告.pdf
2026-03-25 12:55:55,938 [INFO]   证券代码: 833107  证券简称: 鸣利来  公告时间: 2017年10月16日
2026-03-25 12:55:55,939 [INFO]   未提取到失信被执行人自然人姓名
2026-03-25 12:55:55,939 [INFO]   失信被执行人（公司）: 湖北鸣利来冶金机械股份有限公司
2026-03-25 12:55:55,939 [INFO]   案号: （2017）赣 0725 执 83 号
2026-03-25 12:55:55,939 [INFO] 
处理文件: 0005_[临时公告]埃森诺关于公司被纳入失信被执行人名单的公告.pdf
2026-03-25 12:55:56,042 [INFO]   证券代码: 835467  证券简称: 埃森诺  公告时间: 2017年9月28日
2026-03-25 12:55:56,042 [INFO]   未提取到失信被执行人自然人姓名
2026-03-25 12:55:56,042 [INFO]   失信被执行人（公司）: 沈阳埃森诺信息技术股份有限公司
2026-03-25 12:55:56,042 [INFO]   案号: (2017)辽0112执2044号
2026-03-25 12:55:56,042 [INFO] 
处理文件: 0006_[临时公告]斯迈柯关于公司被纳入失信被执行人名单的公告.pdf
2026-03-25 12:55:56,132 [INFO]   证券代码: 832528  证券简称: 斯迈柯  公告时间: 2017年9月26日
2026-03-25 12:55:56,132 [INFO]   未提取到失信被执行人自然人姓名
2026-03-25 12:55:56,132 [INFO]   未提取到案号
2026-03-25 12:55:56,132 [INFO] 
处理文件: 0007_[临时公告]一恒贞关于公司被纳为失信被执行人名单的公告.pdf
2026-03-25 12:55:56,237 [INFO]   证券代码: 833652  证券简称: 一恒贞  公告时间: 2017年6月19日
2026-03-25 12:55:56,238 [INFO]   未提取到失信被执行人自然人姓名
2026-03-25 12:55:56,238 [INFO]   失信被执行人（公司）: 河南一恒贞珠宝股份有限公司
2026-03-25 12:55:56,238 [INFO]   案号: (2017)豫01执264号，(2017)豫0103执1309号，(2017)豫0104执1012号，(2017)豫0105执3734号
2026-03-25 12:55:56,238 [INFO] 
处理文件: 0008_[临时公告]领先环保关于新任董事不是失信被执行人的公告.pdf
2026-03-25 12:55:56,311 [INFO]   证券代码: 833439  证券简称: 领先环保  公告时间: 2017年1月6日
2026-03-25 12:55:56,311 [INFO]   失信被执行人（自然人）: 周亚娟
2026-03-25 12:55:56,311 [INFO]   对应职位: 董事会
2026-03-25 12:55:56,311 [INFO]   未提取到案号
2026-03-25 12:55:56,311 [INFO] 
处理文件: 0009_[临时公告]凤凰电气关于公司被纳入失信被执行人名单的公告.pdf
2026-03-25 12:55:56,421 [INFO]   证券代码: 838480  证券简称: 凤凰电气  公告时间: 2017年12月27日
2026-03-25 12:55:56,421 [INFO]   未提取到失信被执行人自然人姓名
2026-03-25 12:55:56,421 [INFO]   失信被执行人（公司）: 江苏凤凰电气股份有限公司
2026-03-25 12:55:56,422 [INFO]   案号: (2017)鲁 0306 执 629 号，(2017)苏 1323 执 4695 号，(2017)粤 0183 执 1232 号
2026-03-25 12:55:56,422 [INFO] 
处理文件: 0010_[临时公告]宏力能源关于公司被纳入失信被执行人名单的公告.pdf
2026-03-25 12:55:56,532 [INFO]   证券代码: 832556  证券简称: 宏力能源  公告时间: 2017年12月11日
2026-03-25 12:55:56,532 [INFO]   未提取到失信被执行人自然人姓名
2026-03-25 12:55:56,532 [INFO]   失信被执行人（公司）: 山东宏力热泵能源股份有限公司
2026-03-25 12:55:56,532 [INFO]   未提取到案号
2026-03-25 12:55:56,532 [INFO] 
处理文件: 0011_[临时公告]佳瑞高科公司被纳入失信被执行人名单的公告(补发).pdf
2026-03-25 12:55:56,560 [INFO]   [提示] 以下页面疑似扫描件，已跳过：第 [1, 2, 3, 4] 页
2026-03-25 12:55:56,560 [WARNING]   [警告] 文件无可提取文本（可能全为扫描件），跳过。
2026-03-25 12:55:56,560 [INFO]   证券代码:   证券简称:   公告时间: 
2026-03-25 12:55:56,560 [INFO]   未提取到失信被执行人自然人姓名
2026-03-25 12:55:56,560 [INFO]   未提取到案号
2026-03-25 12:55:56,560 [INFO] 
处理文件: 0011_[临时公告]佳瑞高科公司被纳入失信被执行人名单的公告(补发)_可搜索.pdf
2026-03-25 12:55:56,657 [INFO]   证券代码:   证券简称:   公告时间: 
2026-03-25 12:55:56,657 [INFO]   未提取到失信被执行人自然人姓名
2026-03-25 12:55:56,657 [INFO]   未提取到案号
2026-03-25 12:55:56,657 [INFO] 
处理文件: 0012_[临时公告]彩通科技关于公司被纳入失信被执行人名单的公告.pdf
2026-03-25 12:55:56,711 [INFO]   证券代码: 831191  证券简称: 彩通科技  公告时间: 2017年11月16日
2026-03-25 12:55:56,711 [INFO]   未提取到失信被执行人自然人姓名
2026-03-25 12:55:56,711 [INFO]   失信被执行人（公司）: 郑州彩通科技股份有限公司
2026-03-25 12:55:56,711 [INFO]   案号: （2017）豫 0191 执 4994 号
2026-03-25 12:55:56,711 [INFO] 
处理文件: 0013_[临时公告]汉术化学关于公司被纳入失信被执行人名单的公告.pdf
2026-03-25 12:55:56,781 [INFO]   证券代码: 832829  证券简称: 汉术化学  公告时间: 2017年11月9日
2026-03-25 12:55:56,781 [INFO]   未提取到失信被执行人自然人姓名
2026-03-25 12:55:56,781 [INFO]   失信被执行人（公司）: 西安汉术化学工程股份有限公司
2026-03-25 12:55:56,781 [INFO]   案号: （2017）陕 0113 执 2256 号
2026-03-25 12:55:56,781 [INFO] 
处理文件: 0014_[临时公告]ST丰汇关于公司被纳入失信被执行人名单的公告.pdf
2026-03-25 12:55:56,884 [INFO]   证券代码: 831364  证券简称: ST丰汇  公告时间: 2017年11月6日
2026-03-25 12:55:56,884 [INFO]   未提取到失信被执行人自然人姓名
2026-03-25 12:55:56,884 [INFO]   失信被执行人（公司）: 上海丰汇医学科技股份有限公司
2026-03-25 12:55:56,884 [INFO]   案号: (2017)沪01执966号
2026-03-25 12:55:56,884 [INFO] 
处理文件: 0015_[临时公告]ST中试关于公司被纳入失信被执行人名单的公告.pdf
2026-03-25 12:55:56,993 [INFO]   证券代码: 430291  证券简称: ST  公告时间: 2017年11月3日
2026-03-25 12:55:56,993 [INFO]   未提取到失信被执行人自然人姓名
2026-03-25 12:55:56,993 [INFO]   案号: （2017）鄂 0192 执 546 号，（2017）鄂 0192 执 11 号
2026-03-25 12:55:56,993 [INFO] 
处理文件: 0016_[临时公告]宣爱智能关于公司被纳入失信被执行人名单的公告.pdf
2026-03-25 12:55:57,098 [INFO]   证券代码:   证券简称:   公告时间: 2017年9月21日
2026-03-25 12:55:57,098 [INFO]   未提取到失信被执行人自然人姓名
2026-03-25 12:55:57,098 [INFO]   失信被执行人（公司）: 北京宣爱智能模拟技术股份有限公司
2026-03-25 12:55:57,098 [INFO]   案号: (2017)京0108执5801号，(2017)京0108执5800号
2026-03-25 12:55:57,098 [INFO] 
处理文件: 0017_[临时公告]宏力能源关于公司被纳入失信被执行人名单的公告.pdf
2026-03-25 12:55:57,177 [INFO]   证券代码: 832556  证券简称: 宏力能源  公告时间: 2017年9月21日
2026-03-25 12:55:57,177 [INFO]   未提取到失信被执行人自然人姓名
2026-03-25 12:55:57,177 [INFO]   失信被执行人（公司）: 山东宏力热泵能源股份有限公司
2026-03-25 12:55:57,177 [INFO]   未提取到案号
2026-03-25 12:55:57,177 [INFO] 
处理文件: 0018_[临时公告]ST丰汇关于公司被纳入失信被执行人名单的公告.pdf
2026-03-25 12:55:57,265 [INFO]   证券代码: 831364  证券简称: ST丰汇  公告时间: 2017年9月13日
2026-03-25 12:55:57,265 [INFO]   未提取到失信被执行人自然人姓名
2026-03-25 12:55:57,265 [INFO]   失信被执行人（公司）: 上海丰汇医学科技股份有限公司
2026-03-25 12:55:57,265 [INFO]   案号: (2017)沪01执00125号，(2017)沪0115执3761号
2026-03-25 12:55:57,265 [INFO] 
处理文件: 0019_[临时公告]今鼎股份关于公司被纳为失信被执行人名单的公告.pdf
2026-03-25 12:55:57,315 [INFO]   证券代码: 839503  证券简称: 今鼎股份  公告时间: 2017年9月1日
2026-03-25 12:55:57,315 [INFO]   未提取到失信被执行人自然人姓名
2026-03-25 12:55:57,315 [INFO]   失信被执行人（公司）: 上海今鼎矿产品股份有限公司
2026-03-25 12:55:57,315 [INFO]   案号: (2017)闽0205执101号
2026-03-25 12:55:57,315 [INFO] 
处理文件: 0020_[临时公告]大众生态关于公司被纳入失信被执行人名单的公告.pdf
2026-03-25 12:55:57,379 [INFO]   证券代码: 836043  证券简称: 大众生态  公告时间: 2017年8月23日
2026-03-25 12:55:57,379 [INFO]   未提取到失信被执行人自然人姓名
2026-03-25 12:55:57,379 [INFO]   失信被执行人（公司）: 成都大众生态园林股份有限公司
2026-03-25 12:55:57,379 [INFO]   案号: (2017)川 0107 执 4273 号
2026-03-25 12:55:57,379 [INFO] 
处理文件: 0021_[临时公告]凤凰电气关于公司被纳入失信被执行人名单的公告.pdf
2026-03-25 12:55:57,442 [INFO]   证券代码: 838480  证券简称: 凤凰电气  公告时间: 2017年8月16日
2026-03-25 12:55:57,442 [INFO]   未提取到失信被执行人自然人姓名
2026-03-25 12:55:57,442 [INFO]   失信被执行人（公司）: 江苏凤凰电气股份有限公司
2026-03-25 12:55:57,442 [INFO]   案号: (2017)苏 1081 执 756 号
2026-03-25 12:55:57,442 [INFO] 
处理文件: 0022_[临时公告]欧安电气关于公司被纳入失信被执行人名单的公告.pdf
2026-03-25 12:55:57,518 [INFO]   证券代码: 831125  证券简称: 欧安电气  公告时间: 2017年7月7日
2026-03-25 12:55:57,518 [INFO]   未提取到失信被执行人自然人姓名
2026-03-25 12:55:57,518 [INFO]   失信被执行人（公司）: 湖北欧安电气股份有限公司
2026-03-25 12:55:57,518 [INFO]   案号: (2017)鄂 0111 执 1397 号
2026-03-25 12:55:57,518 [INFO] 
处理文件: 0023_[临时公告]新绿股份关于公司被纳为失信被执行人名单的公告.pdf
2026-03-25 12:55:57,682 [INFO]   证券代码: 834632  证券简称: 新绿股份  公告时间: 2017年7月3日
2026-03-25 12:55:57,682 [INFO]   未提取到失信被执行人自然人姓名
2026-03-25 12:55:57,682 [INFO]   失信被执行人（公司）: 山东新绿食品股份有限公司
2026-03-25 12:55:57,682 [INFO]   案号: （2016）鲁 1302 号，（2016）鲁 1302 号执 4781 号，（2016）鲁 1302 执 4782 号，(2017)京 0106 执 4566 号，（2016）鲁 0831 执 990 号
2026-03-25 12:55:57,682 [INFO] 
处理文件: 0024_[临时公告]东河股份关于新任监事不属于失信被执行人的公告.pdf
2026-03-25 12:55:57,705 [INFO]   [提示] 以下页面疑似扫描件，已跳过：第 [1, 2] 页
2026-03-25 12:55:57,705 [WARNING]   [警告] 文件无可提取文本（可能全为扫描件），跳过。
2026-03-25 12:55:57,705 [INFO]   证券代码:   证券简称:   公告时间: 
2026-03-25 12:55:57,705 [INFO]   未提取到失信被执行人自然人姓名
2026-03-25 12:55:57,705 [INFO]   未提取到案号
2026-03-25 12:55:57,705 [INFO] 
处理文件: 0024_[临时公告]东河股份关于新任监事不属于失信被执行人的公告_可搜索.pdf
2026-03-25 12:55:57,760 [INFO]   证券代码:   证券简称:   公告时间: 
2026-03-25 12:55:57,760 [INFO]   失信被执行人（自然人）: 陈仁杯
2026-03-25 12:55:57,760 [INFO]   对应职位: 监事
2026-03-25 12:55:57,760 [INFO]   未提取到案号
2026-03-25 12:55:57,760 [INFO] 
处理文件: 0025_[临时公告]ST中试关于公司被纳入失信被执行人名单的公告.pdf
2026-03-25 12:55:57,912 [INFO]   证券代码: 430291  证券简称: ST中试  公告时间: 2017年5月8日
2026-03-25 12:55:57,912 [INFO]   未提取到失信被执行人自然人姓名
2026-03-25 12:55:57,912 [INFO]   未提取到案号
2026-03-25 12:55:57,912 [INFO] 
处理文件: 0026_[临时公告]弘方股份关于公司被纳入失信被执行人名单的公告.pdf
2026-03-25 12:55:58,040 [INFO]   证券代码: 839235  证券简称: 弘方股份  公告时间: 2017年5月4日
2026-03-25 12:55:58,040 [INFO]   未提取到失信被执行人自然人姓名
2026-03-25 12:55:58,040 [INFO]   未提取到案号
2026-03-25 12:55:58,040 [INFO] 
处理文件: 0027_[临时公告]易点科技关于公司被纳入失信被执行人名单的公告.pdf
2026-03-25 12:55:58,107 [INFO]   证券代码: 831679  证券简称: 易点科技  公告时间: 2017年4月25日
2026-03-25 12:55:58,107 [INFO]   未提取到失信被执行人自然人姓名
2026-03-25 12:55:58,107 [INFO]   未提取到案号
2026-03-25 12:55:58,107 [INFO] 
处理文件: 0028_[临时公告]镭蒙机电关于公司被纳入失信被执行人名单的公告(OCR).pdf
2026-03-25 12:55:58,187 [INFO]   证券代码:   证券简称:   公告时间: 2017年4月21日
2026-03-25 12:55:58,187 [INFO]   未提取到失信被执行人自然人姓名
2026-03-25 12:55:58,187 [INFO]   未提取到案号
2026-03-25 12:55:58,187 [INFO] 
处理文件: 0028_[临时公告]镭蒙机电关于公司被纳入失信被执行人名单的公告.pdf
2026-03-25 12:55:58,208 [INFO]   [提示] 以下页面疑似扫描件，已跳过：第 [1, 2, 3] 页
2026-03-25 12:55:58,208 [WARNING]   [警告] 文件无可提取文本（可能全为扫描件），跳过。
2026-03-25 12:55:58,208 [INFO]   证券代码:   证券简称:   公告时间: 
2026-03-25 12:55:58,208 [INFO]   未提取到失信被执行人自然人姓名
2026-03-25 12:55:58,209 [INFO]   未提取到案号
2026-03-25 12:55:58,209 [INFO] 
处理文件: 0029_[临时公告]凤凰电气关于公司被纳入失信被执行人名单的公告.pdf
2026-03-25 12:55:58,314 [INFO]   证券代码: 838480  证券简称: 凤凰电气  公告时间: 2017年4月5日
2026-03-25 12:55:58,314 [INFO]   未提取到失信被执行人自然人姓名
2026-03-25 12:55:58,314 [INFO]   未提取到案号
2026-03-25 12:55:58,314 [INFO] 
处理文件: 0030_[临时公告]安普生物关于公司被纳入失信被执行人名单的公告.pdf
2026-03-25 12:55:58,387 [INFO]   证券代码: 839248  证券简称: 安普生物  公告时间: 2017年2月28日
2026-03-25 12:55:58,387 [INFO]   失信被执行人（自然人）: 刘志鹏
2026-03-25 12:55:58,387 [INFO]   对应职位: 控股股东
2026-03-25 12:55:58,387 [INFO]   未提取到案号
2026-03-25 12:55:58,387 [INFO] 
处理文件: 0031_[临时公告]盈美软装关于公司被纳入失信被执行人名单的公告.pdf
2026-03-25 12:55:58,495 [INFO]   证券代码: 838985  证券简称: 盈美软装  公告时间: 2017年1月20日
2026-03-25 12:55:58,495 [INFO]   未提取到失信被执行人自然人姓名
2026-03-25 12:55:58,495 [INFO]   未提取到案号
2026-03-25 12:55:58,495 [INFO] 
处理文件: 0032_[临时公告]博汇股份关于公司被纳入失信被执行人名单的公告.pdf
2026-03-25 12:55:58,592 [INFO]   证券代码: 831213  证券简称: 博汇股份  公告时间: 2017年1月6日
2026-03-25 12:55:58,592 [INFO]   未提取到失信被执行人自然人姓名
2026-03-25 12:55:58,592 [INFO]   未提取到案号
2026-03-25 12:55:58,592 [INFO] 
处理文件: 0033_[临时公告]ST一恒贞关于公司被纳为失信被执行人名单的公告.pdf
2026-03-25 12:55:58,657 [INFO]   证券代码: 833652  证券简称: 一恒贞  公告时间: 2017年12月18日
2026-03-25 12:55:58,657 [INFO]   未提取到失信被执行人自然人姓名
2026-03-25 12:55:58,657 [INFO]   失信被执行人（公司）: 河南一恒贞珠宝股份有限公司
2026-03-25 12:55:58,657 [INFO]   案号: (2017)豫1624执1457号
2026-03-25 12:55:58,657 [INFO] 
处理文件: 0034_[临时公告]鸣利来关于法院撤消公司被纳入失信执行名单的公告.pdf
2026-03-25 12:55:58,713 [INFO]   证券代码: 833107  证券简称: 鸣利来  公告时间: 2017年11月30日
2026-03-25 12:55:58,714 [INFO]   未提取到失信被执行人自然人姓名
2026-03-25 12:55:58,714 [INFO]   失信被执行人（公司）: 关于法院已撤销公司，法院已撤销公司
2026-03-25 12:55:58,714 [INFO]   未提取到案号
2026-03-25 12:55:58,714 [INFO] 
处理文件: 0035_[临时公告]今鼎股份关于公司已被撤销失信被执行人名单的公告.pdf
2026-03-25 12:55:58,765 [INFO]   证券代码: 839503  证券简称: 今鼎股份  公告时间: 2017年9月13日
2026-03-25 12:55:58,765 [INFO]   未提取到失信被执行人自然人姓名
2026-03-25 12:55:58,765 [INFO]   未提取到案号
2026-03-25 12:55:58,765 [INFO] 
处理文件: 0036_[临时公告]大众生态关于公司从失信被执行人名单中撤销的公告.pdf
2026-03-25 12:55:58,875 [INFO]   证券代码: 836043  证券简称: 大众生态  公告时间: 2017年9月4日
2026-03-25 12:55:58,875 [INFO]   未提取到失信被执行人自然人姓名
2026-03-25 12:55:58,875 [INFO]   失信被执行人（公司）: 成都大众生态园林股份有限公司
2026-03-25 12:55:58,876 [INFO]   案号: (2016)川 0115 执 1161 号，(2016)川 0115 执 1160 号，(2016)川 0115 执 1156 号，(2016)川 0115 执 1155 号，(2016)川 0115 执 1162 号
2026-03-25 12:55:58,876 [INFO] 
处理文件: 0037_[临时公告]瑞孚净化关于公司从失信被执行人名单中撤销的公告.pdf
2026-03-25 12:55:58,930 [INFO]   证券代码: 836087  证券简称: 瑞孚净化  公告时间: 2017年9月1日
2026-03-25 12:55:58,930 [INFO]   未提取到失信被执行人自然人姓名
2026-03-25 12:55:58,930 [INFO]   失信被执行人（公司）: 郑州瑞孚净化股份有限公司
2026-03-25 12:55:58,930 [INFO]   未提取到案号
2026-03-25 12:55:58,930 [INFO] 
处理文件: 0038_[临时公告]大众生态关于公司从失信被执行人名单中撤销的公告.pdf
2026-03-25 12:55:58,984 [INFO]   证券代码: 836043  证券简称: 大众生态  公告时间: 2017年8月25日
2026-03-25 12:55:58,984 [INFO]   未提取到失信被执行人自然人姓名
2026-03-25 12:55:58,984 [INFO]   未提取到案号
2026-03-25 12:55:58,984 [INFO] 
处理文件: 0039_[临时公告]ST鑫秋关于公司、张友秋被列入失信被执行人的公告.pdf
2026-03-25 12:55:59,029 [INFO]   证券代码: 832268  证券简称: ST  公告时间: 2017年8月14日
2026-03-25 12:55:59,029 [INFO]   失信被执行人（自然人）: 张友秋
2026-03-25 12:55:59,029 [INFO]   对应职位: 董事
2026-03-25 12:55:59,029 [INFO]   未提取到案号
2026-03-25 12:55:59,029 [INFO] 
处理文件: 0040_[临时公告]欧安电气关于公司从失信被执行人名单中撤销的公告.pdf
2026-03-25 12:55:59,082 [INFO]   证券代码: 831125  证券简称: 欧安电气  公告时间: 2017年8月9日
2026-03-25 12:55:59,082 [INFO]   未提取到失信被执行人自然人姓名
2026-03-25 12:55:59,082 [INFO]   未提取到案号
2026-03-25 12:55:59,082 [INFO] 
处理文件: 0041_[临时公告]华中自控关于公司被纳入失信执行人名单的公告(补发).pdf
2026-03-25 12:55:59,221 [INFO]   证券代码: 837140  证券简称: 华中自控  公告时间: 2017年5月9日
2026-03-25 12:55:59,221 [INFO]   未提取到失信被执行人自然人姓名
2026-03-25 12:55:59,221 [INFO]   失信被执行人（公司）: 日系统公布公司
2026-03-25 12:55:59,221 [INFO]   未提取到案号
2026-03-25 12:55:59,221 [INFO] 
处理文件: 0042_[临时公告]华中自控关于公司被纳入失信执行人名单的公告说明.pdf
2026-03-25 12:55:59,293 [INFO]   证券代码: 837140  证券简称: 华中自控  公告时间: 2017年5月9日
2026-03-25 12:55:59,293 [INFO]   未提取到失信被执行人自然人姓名
2026-03-25 12:55:59,293 [INFO]   失信被执行人（公司）: 关于补发公司
2026-03-25 12:55:59,293 [INFO]   未提取到案号
2026-03-25 12:55:59,293 [INFO] 
处理文件: 0043_[临时公告]华盛控股关于公司董事被纳为失信被执行人名单的公告.pdf
2026-03-25 12:55:59,371 [INFO]   证券代码: 430686  证券简称: 华盛控股  公告时间: 2017年12月6日
2026-03-25 12:55:59,371 [INFO]   失信被执行人（自然人）: 董秀华
2026-03-25 12:55:59,371 [INFO]   对应职位: 董事
2026-03-25 12:55:59,371 [INFO]   案号: (2017)皖 1103 执 63 号
2026-03-25 12:55:59,371 [INFO] 
处理文件: 0044_[临时公告]天线宝宝关于公司被纳入失信被执行人名单的公告(补发).pdf
2026-03-25 12:55:59,420 [INFO]   证券代码: 834580  证券简称: 天线宝宝  公告时间: 2017年12月5日
2026-03-25 12:55:59,420 [INFO]   未提取到失信被执行人自然人姓名
2026-03-25 12:55:59,420 [INFO]   失信被执行人（公司）: 福建天线宝宝食品股份有限公司
2026-03-25 12:55:59,421 [INFO]   案号: （2017）闽 0581 执 4394 号
2026-03-25 12:55:59,421 [INFO] 
处理文件: 0045_[临时公告]三重股份关于公司被纳入失信被执行人名单的公告(补发).pdf
2026-03-25 12:55:59,502 [INFO]   证券代码: 831411  证券简称: 三重股份  公告时间: 2017年12月5日
2026-03-25 12:55:59,502 [INFO]   未提取到失信被执行人自然人姓名
2026-03-25 12:55:59,502 [INFO]   失信被执行人（公司）: 烟台三重技术股份有限公司
2026-03-25 12:55:59,502 [INFO]   案号: （2017）鲁 0602 执 2117 号
2026-03-25 12:55:59,502 [INFO] 
处理文件: 0046_[临时公告]疆能股份关于公司被纳入失信被执行人名单的公告 (补发).pdf
2026-03-25 12:55:59,658 [INFO]   证券代码: 831572  证券简称: 疆能股份  公告时间: 2017年12月5日
2026-03-25 12:55:59,659 [INFO]   未提取到失信被执行人自然人姓名
2026-03-25 12:55:59,659 [INFO]   失信被执行人（公司）: 新疆新华能电气股份有限公司
2026-03-25 12:55:59,659 [INFO]   案号: （2017）新 2301 执 2075 号，（2017）新 2301 执 1471 号，（2017）沪 0120 执 5161 号，（2017）新 2301 执 1414 号，（2017）辽 0214 执 2268 号
2026-03-25 12:55:59,659 [INFO] 
处理文件: 0047_[临时公告]三重股份关于公司被纳入失信被执行人名单的公告(补发).pdf
2026-03-25 12:55:59,748 [INFO]   证券代码: 831411  证券简称: 三重股份  公告时间: 2017年8月2日
2026-03-25 12:55:59,748 [INFO]   未提取到失信被执行人自然人姓名
2026-03-25 12:55:59,748 [INFO]   失信被执行人（公司）: 烟台三重技术股份有限公司
2026-03-25 12:55:59,748 [INFO]   案号: （2017）鲁 0602 执 987 号
2026-03-25 12:55:59,748 [INFO] 
处理文件: 0048_[临时公告]疆能股份关于公司被纳入失信被执行人名单的公告(补发)(OCR).pdf
2026-03-25 12:55:59,879 [INFO]   证券代码:   证券简称:   公告时间: 
2026-03-25 12:55:59,879 [INFO]   未提取到失信被执行人自然人姓名
2026-03-25 12:55:59,879 [INFO]   未提取到案号
2026-03-25 12:55:59,879 [INFO] 
处理文件: 0048_[临时公告]疆能股份关于公司被纳入失信被执行人名单的公告(补发).pdf
2026-03-25 12:55:59,905 [INFO]   [提示] 以下页面疑似扫描件，已跳过：第 [1, 2, 3, 4] 页
2026-03-25 12:55:59,905 [WARNING]   [警告] 文件无可提取文本（可能全为扫描件），跳过。
2026-03-25 12:55:59,905 [INFO]   证券代码:   证券简称:   公告时间: 
2026-03-25 12:55:59,905 [INFO]   未提取到失信被执行人自然人姓名
2026-03-25 12:55:59,905 [INFO]   未提取到案号
2026-03-25 12:55:59,905 [INFO] 
处理文件: 0049_[临时公告]长宝科技关于公司被纳入失信被执行人名单的公告(补发)(OCR).pdf
2026-03-25 12:56:00,016 [INFO]   证券代码:   证券简称:   公告时间: 
2026-03-25 12:56:00,016 [INFO]   失信被执行人（自然人）: 公可破
2026-03-25 12:56:00,016 [INFO]   对应职位: （未提取到职位）
2026-03-25 12:56:00,016 [INFO]   未提取到案号
2026-03-25 12:56:00,016 [INFO] 
处理文件: 0049_[临时公告]长宝科技关于公司被纳入失信被执行人名单的公告(补发).pdf
2026-03-25 12:56:00,120 [INFO]   [提示] 以下页面疑似扫描件，已跳过：第 [1, 2] 页
2026-03-25 12:56:00,121 [WARNING]   [警告] 文件无可提取文本（可能全为扫描件），跳过。
2026-03-25 12:56:00,121 [INFO]   证券代码:   证券简称:   公告时间: 
2026-03-25 12:56:00,121 [INFO]   未提取到失信被执行人自然人姓名
2026-03-25 12:56:00,121 [INFO]   未提取到案号
2026-03-25 12:56:00,121 [INFO] 
处理文件: 0050_[临时公告]物华股份关于公司被纳为失信被执行人名单的公告(补发).pdf
2026-03-25 12:56:00,207 [INFO]   证券代码: 835224  证券简称: 物华股份  公告时间: 2017年6月29日
2026-03-25 12:56:00,207 [INFO]   未提取到失信被执行人自然人姓名
2026-03-25 12:56:00,207 [INFO]   失信被执行人（公司）: 河北物华循环资源股份有限公司
2026-03-25 12:56:00,207 [INFO]   案号: (2017)津 02 执 264 号
2026-03-25 12:56:00,207 [INFO] 
处理文件: 0051_[临时公告]国龙医疗关于新任董事、监事不属于失信被执行人的公告.pdf
2026-03-25 12:56:00,270 [INFO]   [提示] 以下页面疑似扫描件，已跳过：第 [1, 2] 页
2026-03-25 12:56:00,271 [WARNING]   [警告] 文件无可提取文本（可能全为扫描件），跳过。
2026-03-25 12:56:00,271 [INFO]   证券代码:   证券简称:   公告时间: 
2026-03-25 12:56:00,271 [INFO]   未提取到失信被执行人自然人姓名
2026-03-25 12:56:00,271 [INFO]   未提取到案号
2026-03-25 12:56:00,271 [INFO] 
处理文件: 0052_[临时公告]润港林业关于公司被纳入失信被执行人名单的公告(补发).pdf
2026-03-25 12:56:00,336 [INFO]   证券代码: 832438  证券简称: 润港林业  公告时间: 2017年6月15日
2026-03-25 12:56:00,337 [INFO]   未提取到失信被执行人自然人姓名
2026-03-25 12:56:00,337 [INFO]   未提取到案号
2026-03-25 12:56:00,337 [INFO] 
处理文件: 0053_[临时公告]至诚复材关于控股股东被纳入失信被执行人名单的公告.pdf
2026-03-25 12:56:00,453 [INFO]   证券代码: 837851  证券简称: 至诚复材  公告时间: 2017年4月6日
2026-03-25 12:56:00,453 [INFO]   未提取到失信被执行人自然人姓名
2026-03-25 12:56:00,453 [INFO]   未提取到案号
2026-03-25 12:56:00,453 [INFO] 
处理文件: 0054_[临时公告]莱泰园林关于公司被纳入失信被执行人名单的公告(补发).pdf
2026-03-25 12:56:00,560 [INFO]   证券代码: 837673  证券简称: 莱泰园林  公告时间: 2017年3月28日
2026-03-25 12:56:00,560 [INFO]   未提取到失信被执行人自然人姓名
2026-03-25 12:56:00,560 [INFO]   未提取到案号
2026-03-25 12:56:00,560 [INFO] 
处理文件: 0055_[临时公告]华盛控股关于公司董事已被撤销失信被执行人名单的公告.pdf
2026-03-25 12:56:00,604 [INFO]   证券代码: 430686  证券简称: 华盛控股  公告时间: 2017年12月11日
2026-03-25 12:56:00,604 [INFO]   失信被执行人（自然人）: 董秀，董秀华
2026-03-25 12:56:00,604 [INFO]   对应职位: 董事，董事
2026-03-25 12:56:00,604 [INFO]   未提取到案号
2026-03-25 12:56:00,604 [INFO] 
处理文件: 0056_[临时公告]元亨利关于公司再次被纳入失信被执行人名单的公告(补发).pdf
2026-03-25 12:56:00,694 [INFO]   证券代码: 838832  证券简称: 元亨利  公告时间: 2017年9月13日
2026-03-25 12:56:00,694 [INFO]   失信被执行人（自然人）: 谢宗选
2026-03-25 12:56:00,694 [INFO]   对应职位: 控股股东
2026-03-25 12:56:00,694 [INFO]   未提取到案号
2026-03-25 12:56:00,694 [INFO] 
处理文件: 0057_[临时公告]安阳机床关于全资子公司被纳入失信被执行人名单的公告.pdf
2026-03-25 12:56:00,763 [INFO]   证券代码: 831577  证券简称: 安阳机床  公告时间: 2017年8月22日
2026-03-25 12:56:00,763 [INFO]   未提取到失信被执行人自然人姓名
2026-03-25 12:56:00,763 [INFO]   失信被执行人（公司）: 关于全资子公司，安阳盛隆铸造有限公司
2026-03-25 12:56:00,763 [INFO]   案号: （2017）豫 0506 执 130 号
2026-03-25 12:56:00,763 [INFO] 
处理文件: 0058_[临时公告]长宝科技关于补发公司被纳入失信执行人名单的声明公告(OCR).pdf
2026-03-25 12:56:00,821 [INFO]   证券代码:   证券简称:   公告时间: 
2026-03-25 12:56:00,821 [INFO]   未提取到失信被执行人自然人姓名
2026-03-25 12:56:00,821 [INFO]   失信被执行人（公司）: 关于补发公司，该事项发生后应及时披露关于公司
2026-03-25 12:56:00,821 [INFO]   未提取到案号
2026-03-25 12:56:00,821 [INFO] 
处理文件: 0058_[临时公告]长宝科技关于补发公司被纳入失信执行人名单的声明公告.pdf
2026-03-25 12:56:00,843 [INFO]   [提示] 以下页面疑似扫描件，已跳过：第 [1, 2] 页
2026-03-25 12:56:00,843 [WARNING]   [警告] 文件无可提取文本（可能全为扫描件），跳过。
2026-03-25 12:56:00,843 [INFO]   证券代码:   证券简称:   公告时间: 
2026-03-25 12:56:00,843 [INFO]   未提取到失信被执行人自然人姓名
2026-03-25 12:56:00,843 [INFO]   未提取到案号
2026-03-25 12:56:00,843 [INFO] 
处理文件: 0059_[临时公告]德业变频关于新任高级管理人员不属于失信被执行人公告.pdf
2026-03-25 12:56:00,890 [INFO]   证券代码: 832525  证券简称: 德业变频  公告时间: 2017年6月15日
2026-03-25 12:56:00,891 [INFO]   失信被执行人（自然人）: 张璐，张璐梦
2026-03-25 12:56:00,891 [INFO]   对应职位: 总经理，总经理
2026-03-25 12:56:00,891 [INFO]   未提取到案号
2026-03-25 12:56:00,891 [INFO] 
处理文件: 0060_[临时公告]莱泰园林关于公司已被撤销纳入失信被执行人名单的公告.pdf
2026-03-25 12:56:01,003 [INFO]   证券代码: 837673  证券简称: 莱泰园林  公告时间: 2017年4月5日
2026-03-25 12:56:01,003 [INFO]   未提取到失信被执行人自然人姓名
2026-03-25 12:56:01,003 [INFO]   失信被执行人（公司）: 法院已撤销公司
2026-03-25 12:56:01,003 [INFO]   未提取到案号
2026-03-25 12:56:01,003 [INFO] 
处理文件: 0061_[临时公告]博汇股份关于公司已被撤销纳入失信被执行人名单的公告.pdf
2026-03-25 12:56:01,043 [INFO]   证券代码: 831213  证券简称: 博汇股份  公告时间: 2017年1月12日
2026-03-25 12:56:01,043 [INFO]   未提取到失信被执行人自然人姓名
2026-03-25 12:56:01,044 [INFO]   失信被执行人（公司）: 法院已撤销公司
2026-03-25 12:56:01,044 [INFO]   未提取到案号
2026-03-25 12:56:01,044 [INFO] 
处理文件: 0062_[临时公告]许继配电关于公司被纳入失信被执行人名单及进展的公告(补发).pdf
2026-03-25 12:56:01,105 [INFO]   证券代码: 839205  证券简称: 许继配电  公告时间: 2017年12月11日
2026-03-25 12:56:01,105 [INFO]   未提取到失信被执行人自然人姓名
2026-03-25 12:56:01,105 [INFO]   未提取到案号
2026-03-25 12:56:01,105 [INFO] 
处理文件: 0063_[临时公告]天线宝宝关于补发公司被纳入失信被执行人名单的声明公告.pdf
2026-03-25 12:56:01,173 [INFO]   证券代码: 834580  证券简称: 天线宝宝  公告时间: 2017年12月5日
2026-03-25 12:56:01,173 [INFO]   未提取到失信被执行人自然人姓名
2026-03-25 12:56:01,173 [INFO]   失信被执行人（公司）: 关于补发公司
2026-03-25 12:56:01,173 [INFO]   未提取到案号
2026-03-25 12:56:01,173 [INFO] 
处理文件: 0064_[临时公告]三重股份关于补发公司被纳入失信被执行人名单的声明公告.pdf
2026-03-25 12:56:01,247 [INFO]   证券代码: 831411  证券简称: 三重股份  公告时间: 2017年12月5日
2026-03-25 12:56:01,247 [INFO]   未提取到失信被执行人自然人姓名
2026-03-25 12:56:01,247 [INFO]   失信被执行人（公司）: 关于补发公司
2026-03-25 12:56:01,247 [INFO]   未提取到案号
2026-03-25 12:56:01,248 [INFO] 
处理文件: 0065_[临时公告]疆能股份关于补发公司被纳入失信被执行人名单的声明公告.pdf
2026-03-25 12:56:01,321 [INFO]   证券代码: 831572  证券简称: 疆能股份  公告时间: 2017年12月5日
2026-03-25 12:56:01,321 [INFO]   未提取到失信被执行人自然人姓名
2026-03-25 12:56:01,321 [INFO]   失信被执行人（公司）: 关于补发公司
2026-03-25 12:56:01,321 [INFO]   未提取到案号
2026-03-25 12:56:01,321 [INFO] 
处理文件: 0066_[临时公告]大宏智能关于公司董事被纳为失信被执行人名单的公告(补发)(OCR).pdf
2026-03-25 12:56:01,450 [INFO]   证券代码:   证券简称:   公告时间: 
2026-03-25 12:56:01,450 [INFO]   失信被执行人（自然人）: 向志军
2026-03-25 12:56:01,450 [INFO]   对应职位: 董事
2026-03-25 12:56:01,450 [INFO]   案号: (2017)郭1002执636号
2026-03-25 12:56:01,450 [INFO] 
处理文件: 0066_[临时公告]大宏智能关于公司董事被纳为失信被执行人名单的公告(补发).pdf
2026-03-25 12:56:01,483 [INFO]   [提示] 以下页面疑似扫描件，已跳过：第 [1, 2, 3, 4] 页
2026-03-25 12:56:01,483 [WARNING]   [警告] 文件无可提取文本（可能全为扫描件），跳过。
2026-03-25 12:56:01,483 [INFO]   证券代码:   证券简称:   公告时间: 
2026-03-25 12:56:01,483 [INFO]   未提取到失信被执行人自然人姓名
2026-03-25 12:56:01,484 [INFO]   未提取到案号
2026-03-25 12:56:01,484 [INFO] 
处理文件: 0067_[临时公告]郑州远见关于公司及董事长被纳入为失信被执行人名单的公告.pdf
2026-03-25 12:56:01,581 [INFO]   证券代码: 832183  证券简称: 郑州远见  公告时间: 2017年10月17日
2026-03-25 12:56:01,581 [INFO]   失信被执行人（自然人）: 孙红州
2026-03-25 12:56:01,581 [INFO]   对应职位: 法定代表人
2026-03-25 12:56:01,581 [INFO]   失信被执行人（公司）: 郑州远见安全装备股份有限公司
2026-03-25 12:56:01,581 [INFO]   案号: (2017)豫0183执1775号，(2016)豫0183执3222号
2026-03-25 12:56:01,581 [INFO] 
处理文件: 0068_[临时公告]贵之步关于公司被纳入失信被执行人名单及进展的公告(补发).pdf
2026-03-25 12:56:01,680 [INFO]   证券代码: 833789  证券简称: 贵之步  公告时间: 2017年10月10日
2026-03-25 12:56:01,680 [INFO]   未提取到失信被执行人自然人姓名
2026-03-25 12:56:01,680 [INFO]   未提取到案号
2026-03-25 12:56:01,680 [INFO] 
处理文件: 0069_[临时公告]斯迈柯关于法院已撤销公司被纳入失信被执行人名单的公告.pdf
2026-03-25 12:56:01,720 [INFO]   证券代码: 832528  证券简称: 斯迈柯  公告时间: 2017年10月10日
2026-03-25 12:56:01,720 [INFO]   未提取到失信被执行人自然人姓名
2026-03-25 12:56:01,720 [INFO]   失信被执行人（公司）: 关于法院已撤销公司，院已撤销公司
2026-03-25 12:56:01,720 [INFO]   未提取到案号
2026-03-25 12:56:01,720 [INFO] 
处理文件: 0070_[临时公告]凤凰电气关于法院已撤销公司被纳入失信被执行人名单的公告.pdf
2026-03-25 12:56:01,756 [INFO]   证券代码: 838480  证券简称: 凤凰电气  公告时间: 2017年9月13日
2026-03-25 12:56:01,756 [INFO]   未提取到失信被执行人自然人姓名
2026-03-25 12:56:01,756 [INFO]   失信被执行人（公司）: 关于法院已撤销公司
2026-03-25 12:56:01,756 [INFO]   未提取到案号
2026-03-25 12:56:01,756 [INFO] 
处理文件: 0071_[临时公告]银都传媒关于公司、关杭军、李文被列入失信联合惩戒对象的公告(OCR).pdf
2026-03-25 12:56:01,832 [INFO]   证券代码:   证券简称:   公告时间: 
2026-03-25 12:56:01,833 [INFO]   未提取到失信被执行人自然人姓名
2026-03-25 12:56:01,833 [INFO]   未提取到案号
2026-03-25 12:56:01,833 [INFO] 
处理文件: 0071_[临时公告]银都传媒关于公司、关杭军、李文被列入失信联合惩戒对象的公告.pdf
2026-03-25 12:56:01,864 [INFO]   证券代码:   证券简称: 银都传媒  公告时间: 
2026-03-25 12:56:01,864 [INFO]   未提取到失信被执行人自然人姓名
2026-03-25 12:56:01,864 [INFO]   未提取到案号
2026-03-25 12:56:01,864 [INFO] 
处理文件: 0072_[临时公告]三重股份关于补发公司被纳入失信被执行人名单的声明公告.pdf
2026-03-25 12:56:01,930 [INFO]   证券代码: 831411  证券简称: 三重股份  公告时间: 2017年8月2日
2026-03-25 12:56:01,930 [INFO]   未提取到失信被执行人自然人姓名
2026-03-25 12:56:01,930 [INFO]   失信被执行人（公司）: 关于补发公司
2026-03-25 12:56:01,930 [INFO]   未提取到案号
2026-03-25 12:56:01,930 [INFO] 
处理文件: 0073_[临时公告]疆能股份关于补发公司被纳入失信被执行人名单的声明公告.pdf
2026-03-25 12:56:01,963 [INFO]   [提示] 以下页面疑似扫描件，已跳过：第 [1, 2] 页
2026-03-25 12:56:01,963 [WARNING]   [警告] 文件无可提取文本（可能全为扫描件），跳过。
2026-03-25 12:56:01,963 [INFO]   证券代码:   证券简称:   公告时间: 
2026-03-25 12:56:01,963 [INFO]   未提取到失信被执行人自然人姓名
2026-03-25 12:56:01,963 [INFO]   未提取到案号
2026-03-25 12:56:01,963 [INFO] 
处理文件: 0073_[临时公告]疆能股份关于补发公司被纳入失信被执行人名单的声明公告_可搜索.pdf
2026-03-25 12:56:02,017 [INFO]   证券代码:   证券简称:   公告时间: 
2026-03-25 12:56:02,017 [INFO]   未提取到失信被执行人自然人姓名
2026-03-25 12:56:02,017 [INFO]   未提取到案号
2026-03-25 12:56:02,017 [INFO] 
处理文件: 0074_[临时公告]ST泰壹关于公司及董事长被纳入为失信被执行人名单的公告.pdf
2026-03-25 12:56:02,113 [INFO]   证券代码: 835986  证券简称: ST泰壹  公告时间: 2017年7月17日
2026-03-25 12:56:02,113 [INFO]   失信被执行人（自然人）: 张莉雪
2026-03-25 12:56:02,113 [INFO]   对应职位: （未提取到职位）
2026-03-25 12:56:02,113 [INFO]   失信被执行人（公司）: 重庆泰壹环保新能源开发股份有限公司
2026-03-25 12:56:02,113 [INFO]   案号: (2017)渝0105执4101号
2026-03-25 12:56:02,113 [INFO] 
处理文件: 0075_[临时公告]山东开泰关于公司控股股东被纳入失信被执行人名单的公告.pdf
2026-03-25 12:56:02,228 [INFO]   证券代码: 832846  证券简称: 山东开泰  公告时间: 2017年7月4日
2026-03-25 12:56:02,228 [INFO]   未提取到失信被执行人自然人姓名
2026-03-25 12:56:02,228 [INFO]   未提取到案号
2026-03-25 12:56:02,228 [INFO] 
处理文件: 0076_[临时公告]宁宇科技关于新任高管不为失信联合惩戒对象的补充说明公告.pdf
2026-03-25 12:56:02,268 [INFO]   证券代码: 833927  证券简称: 宁宇科技  公告时间: 2017年6月30日
2026-03-25 12:56:02,268 [INFO]   失信被执行人（自然人）: 李小红，龙锦基
2026-03-25 12:56:02,268 [INFO]   对应职位: 董事，董事会
2026-03-25 12:56:02,268 [INFO]   未提取到案号
2026-03-25 12:56:02,268 [INFO] 
处理文件: 0077_[临时公告]唯优传媒关于新任高管不为失信联合惩戒对象的补充说明公告.pdf
2026-03-25 12:56:02,310 [INFO]   证券代码: 835488  证券简称: 唯优传媒  公告时间: 2017年6月20日
2026-03-25 12:56:02,310 [INFO]   失信被执行人（自然人）: 万国
2026-03-25 12:56:02,310 [INFO]   对应职位: 董事会
2026-03-25 12:56:02,310 [INFO]   未提取到案号
2026-03-25 12:56:02,310 [INFO] 
处理文件: 0078_[临时公告]易点科技关于法院已撤销公司被纳入失信被执行人名单的公告.pdf
2026-03-25 12:56:02,360 [INFO]   证券代码: 831679  证券简称: 易点科技  公告时间: 2017年5月26日
2026-03-25 12:56:02,360 [INFO]   未提取到失信被执行人自然人姓名
2026-03-25 12:56:02,360 [INFO]   失信被执行人（公司）: 关于法院已撤销公司，截至本公告日法院已撤销公司
2026-03-25 12:56:02,360 [INFO]   未提取到案号
2026-03-25 12:56:02,361 [INFO] 
处理文件: 0079_[临时公告]凤凰电气关于法院已撤销公司被纳入失信被执行人名单的公告.pdf
2026-03-25 12:56:02,405 [INFO]   证券代码: 838480  证券简称: 凤凰电气  公告时间: 2017年4月18日
2026-03-25 12:56:02,405 [INFO]   未提取到失信被执行人自然人姓名
2026-03-25 12:56:02,405 [INFO]   失信被执行人（公司）: 关于法院已撤销公司，法院已撤销公司
2026-03-25 12:56:02,405 [INFO]   未提取到案号
2026-03-25 12:56:02,405 [INFO] 
处理文件: 0080_[临时公告]中搜网络关于法院已撤销公司被纳入失信被执行人名单的公告.pdf
2026-03-25 12:56:02,460 [INFO]   证券代码: 430339  证券简称: 中搜网络  公告时间: 2017年4月6日
2026-03-25 12:56:02,460 [INFO]   未提取到失信被执行人自然人姓名
2026-03-25 12:56:02,460 [INFO]   失信被执行人（公司）: 关于法院已撤销公司，院已撤销公司
2026-03-25 12:56:02,460 [INFO]   未提取到案号
2026-03-25 12:56:02,460 [INFO] 
处理文件: 0081_[临时公告]驰达飞机关于高管任命及新任高管不属于失信被执行人公告.pdf
2026-03-25 12:56:02,590 [INFO]   证券代码: 834913  证券简称: 驰达飞机  公告时间: 2017年3月24日
2026-03-25 12:56:02,590 [INFO]   失信被执行人（自然人）: 任期，成员，杜书铭
2026-03-25 12:56:02,590 [INFO]   对应职位: 董事会，董事会，总监
2026-03-25 12:56:02,590 [INFO]   未提取到案号
2026-03-25 12:56:02,590 [INFO] 
处理文件: 0082_[临时公告]精华教育关于董事任命及新任董事不属于失信被执行人的公告.pdf
2026-03-25 12:56:02,688 [INFO]   证券代码: 838553  证券简称: 精华教育  公告时间: 2017年1月23日
2026-03-25 12:56:02,688 [INFO]   失信被执行人（自然人）: 任免，任免将，任命，任命及，成员，王成群，郭磊，郭陶
2026-03-25 12:56:02,688 [INFO]   对应职位: 董事，董事会，董事，董事，董事会，董事，董事，董事长
2026-03-25 12:56:02,688 [INFO]   未提取到案号
2026-03-25 12:56:02,688 [INFO] 
处理文件: 0083_[临时公告]碧佳实业关于董事任命及新任董事不属于失信被执行人的公告(OCR)(1).pdf
2026-03-25 12:56:02,856 [INFO]   证券代码:   证券简称:   公告时间: 
2026-03-25 12:56:02,856 [INFO]   失信被执行人（自然人）: 任免，任免将，张桢，张祯，成员
2026-03-25 12:56:02,856 [INFO]   对应职位: 董事，董事，董事，董事，董事会
2026-03-25 12:56:02,856 [INFO]   未提取到案号
2026-03-25 12:56:02,856 [INFO] 
处理文件: 0083_[临时公告]碧佳实业关于董事任命及新任董事不属于失信被执行人的公告(OCR).pdf
2026-03-25 12:56:02,967 [INFO]   证券代码:   证券简称:   公告时间: 
2026-03-25 12:56:02,968 [INFO]   失信被执行人（自然人）: 任免，任免将，张桢，张祯，成员
2026-03-25 12:56:02,968 [INFO]   对应职位: 董事，董事，董事，董事，董事会
2026-03-25 12:56:02,968 [INFO]   未提取到案号
2026-03-25 12:56:02,968 [INFO] 
处理文件: 0083_[临时公告]碧佳实业关于董事任命及新任董事不属于失信被执行人的公告.pdf
2026-03-25 12:56:03,063 [INFO]   证券代码: 838467  证券简称: 碧佳实业  公告时间: 2017年1月16日
2026-03-25 12:56:03,063 [INFO]   失信被执行人（自然人）: 任免，任免将，任命，任命及，宋贵虎，张祯，成员，毕伍，毕伍振
2026-03-25 12:56:03,064 [INFO]   对应职位: 董事，董事会，董事，董事，董事，董事，董事会，董事长，董事长
2026-03-25 12:56:03,064 [INFO]   未提取到案号
2026-03-25 12:56:03,064 [INFO] 
处理文件: 0084_[临时公告]元亨利关于公司及实际控制人被纳入失信被执行人名单的公告(补发).pdf
2026-03-25 12:56:03,191 [INFO]   证券代码: 838832  证券简称: 元亨利  公告时间: 2017年12月27日
2026-03-25 12:56:03,191 [INFO]   失信被执行人（自然人）: 谢宗选，黄旭文
2026-03-25 12:56:03,191 [INFO]   对应职位: 实际控制人，实际控制人
2026-03-25 12:56:03,191 [INFO]   未提取到案号
2026-03-25 12:56:03,191 [INFO] 
处理文件: 0085_[临时公告]许继配电关于补发公司被纳入失信被执行人名单公告的声明公告.pdf
2026-03-25 12:56:03,249 [INFO]   证券代码: 839205  证券简称: 许继配电  公告时间: 2017年12月11日
2026-03-25 12:56:03,249 [INFO]   未提取到失信被执行人自然人姓名
2026-03-25 12:56:03,249 [INFO]   失信被执行人（公司）: 关于补发公司
2026-03-25 12:56:03,249 [INFO]   未提取到案号
2026-03-25 12:56:03,249 [INFO] 
处理文件: 0086_[临时公告]科贝科技关于法院已撤销公司被纳入失信被执行人名单的公告(补发).pdf
2026-03-25 12:56:03,340 [INFO]   证券代码: 838775  证券简称: 科贝科技  公告时间: 2017年10月26日
2026-03-25 12:56:03,341 [INFO]   未提取到失信被执行人自然人姓名
2026-03-25 12:56:03,341 [INFO]   失信被执行人（公司）: 关于法院已撤销公司
2026-03-25 12:56:03,341 [INFO]   未提取到案号
2026-03-25 12:56:03,341 [INFO] 
处理文件: 0087_[临时公告]汉镒资产关于公司及实际控制人被纳为失信被执行人名单的公告.pdf
2026-03-25 12:56:03,492 [INFO]   证券代码: 831796  证券简称: 汉镒资产  公告时间: 2017年10月25日
2026-03-25 12:56:03,492 [INFO]   失信被执行人（自然人）: 郭钧
2026-03-25 12:56:03,492 [INFO]   对应职位: 实际控制人
2026-03-25 12:56:03,493 [INFO]   案号: （2017）津 0104 执 873 号，（2016）津 0116 执 81074 号，（2016）津 0104 执 3647 号
2026-03-25 12:56:03,493 [INFO] 
处理文件: 0088_[临时公告]中和医疗关于控股股东、实际控制人被纳为失信被执行人名单的公告.pdf
2026-03-25 12:56:03,565 [INFO]   证券代码: 839550  证券简称: 中和医疗  公告时间: 2017年9月22日
2026-03-25 12:56:03,565 [INFO]   失信被执行人（自然人）: 李立，李立及，韩丽丽
2026-03-25 12:56:03,565 [INFO]   对应职位: 控股股东，控股股东，控股股东
2026-03-25 12:56:03,565 [INFO]   案号: （2017）沪 0115 执 16379 号
2026-03-25 12:56:03,565 [INFO] 
处理文件: 0089_[临时公告]元亨利关于公司再次被纳入失信被执行人名单公告的补发声明公告.pdf
2026-03-25 12:56:03,607 [INFO]   证券代码: 838832  证券简称: 元亨利  公告时间: 2017年9月13日
2026-03-25 12:56:03,607 [INFO]   未提取到失信被执行人自然人姓名
2026-03-25 12:56:03,607 [INFO]   未提取到案号
2026-03-25 12:56:03,607 [INFO] 
处理文件: 0090_[临时公告]安阳机床关于全资子公司已被撤销纳入失信被执行人名单的公告.pdf
2026-03-25 12:56:03,657 [INFO]   证券代码: 831577  证券简称: 安阳机床  公告时间: 2017年8月29日
2026-03-25 12:56:03,657 [INFO]   未提取到失信被执行人自然人姓名
2026-03-25 12:56:03,657 [INFO]   失信被执行人（公司）: 关于全资子公司
2026-03-25 12:56:03,657 [INFO]   未提取到案号
2026-03-25 12:56:03,657 [INFO] 
处理文件: 0091_[临时公告]金鼎股份关于公司控股股东被纳入失信被执行人名单的公告(补发).pdf
2026-03-25 12:56:03,822 [INFO]   证券代码: 835293  证券简称: 金鼎股份  公告时间: 2017年8月15日
2026-03-25 12:56:03,822 [INFO]   未提取到失信被执行人自然人姓名
2026-03-25 12:56:03,822 [INFO]   失信被执行人（公司）: 天津冶金集团有限公司，的控股股东天津冶金集团有限公司
2026-03-25 12:56:03,822 [INFO]   案号: (2016)京03执837号，(2017)京01执30号，(2016)京03执恢11号
2026-03-25 12:56:03,822 [INFO] 
处理文件: 0092_[临时公告]疆能股份关于公司及子公司被纳入失信被执行人名单的公告(补发)(OCR).pdf
2026-03-25 12:56:04,003 [INFO]   证券代码:   证券简称:   公告时间: 
2026-03-25 12:56:04,003 [INFO]   未提取到失信被执行人自然人姓名
2026-03-25 12:56:04,003 [INFO]   未提取到案号
2026-03-25 12:56:04,003 [INFO] 
处理文件: 0092_[临时公告]疆能股份关于公司及子公司被纳入失信被执行人名单的公告(补发).pdf
2026-03-25 12:56:04,037 [INFO]   [提示] 以下页面疑似扫描件，已跳过：第 [1, 2, 3, 4] 页
2026-03-25 12:56:04,037 [WARNING]   [警告] 文件无可提取文本（可能全为扫描件），跳过。
2026-03-25 12:56:04,037 [INFO]   证券代码:   证券简称:   公告时间: 
2026-03-25 12:56:04,037 [INFO]   未提取到失信被执行人自然人姓名
2026-03-25 12:56:04,038 [INFO]   未提取到案号
2026-03-25 12:56:04,038 [INFO] 
处理文件: 0093_[临时公告]润港林业017-关于公司被纳入失信被执行人名单的公告补发说明.pdf
2026-03-25 12:56:04,104 [INFO]   证券代码: 832438  证券简称: 润港林业  公告时间: 2017年6月15日
2026-03-25 12:56:04,104 [INFO]   失信被执行人（自然人）: 张立新
2026-03-25 12:56:04,104 [INFO]   对应职位: 董事长
2026-03-25 12:56:04,104 [INFO]   失信被执行人（公司）: 时在全国中小企业股份转让系统指定信息披露平台上披露公司
2026-03-25 12:56:04,104 [INFO]   未提取到案号
2026-03-25 12:56:04,104 [INFO] 
处理文件: 0094_[临时公告]和韵文化关于公司以及实际控制人被纳入失信被执行人名单的公告.pdf
2026-03-25 12:56:04,354 [INFO]   证券代码: 836358  证券简称: 和韵文化  公告时间: 2017年5月9日
2026-03-25 12:56:04,354 [INFO]   失信被执行人（自然人）: 徐和贵
2026-03-25 12:56:04,354 [INFO]   对应职位: 实际控制人
2026-03-25 12:56:04,354 [INFO]   未提取到案号
2026-03-25 12:56:04,354 [INFO] 
处理文件: 0095_[临时公告]莱泰园林关于补发公司被纳入失信被执行人名单的公告的声明公告.pdf
2026-03-25 12:56:04,430 [INFO]   证券代码: 837673  证券简称: 莱泰园林  公告时间: 2017年3月28日
2026-03-25 12:56:04,431 [INFO]   未提取到失信被执行人自然人姓名
2026-03-25 12:56:04,431 [INFO]   失信被执行人（公司）: 关于补发公司
2026-03-25 12:56:04,431 [INFO]   未提取到案号
2026-03-25 12:56:04,431 [INFO] 
处理文件: 0096_[临时公告]东安液压关于公司实际控制人被纳入失信被执行人名单的公告(补发).pdf
2026-03-25 12:56:04,529 [INFO]   证券代码: 430672  证券简称: 东安液压  公告时间: 2017年3月23日
2026-03-25 12:56:04,529 [INFO]   失信被执行人（自然人）: 庞彩萍
2026-03-25 12:56:04,530 [INFO]   对应职位: 实际控制人
2026-03-25 12:56:04,530 [INFO]   未提取到案号
2026-03-25 12:56:04,530 [INFO] 
处理文件: 0097_[临时公告]佳瑞高科公司控股股东、实际控制人被纳入失信被执行人名单的公告.pdf
2026-03-25 12:56:04,557 [INFO]   [提示] 以下页面疑似扫描件，已跳过：第 [1, 2, 3, 4] 页
2026-03-25 12:56:04,557 [WARNING]   [警告] 文件无可提取文本（可能全为扫描件），跳过。
2026-03-25 12:56:04,557 [INFO]   证券代码:   证券简称:   公告时间: 
2026-03-25 12:56:04,557 [INFO]   未提取到失信被执行人自然人姓名
2026-03-25 12:56:04,557 [INFO]   未提取到案号
2026-03-25 12:56:04,557 [INFO] 
处理文件: 0097_[临时公告]佳瑞高科公司控股股东、实际控制人被纳入失信被执行人名单的公告_可搜索.pdf
2026-03-25 12:56:04,659 [INFO]   证券代码: 832244  证券简称:   公告时间: 
2026-03-25 12:56:04,659 [INFO]   失信被执行人（自然人）: 谢秋欣
2026-03-25 12:56:04,659 [INFO]   对应职位: 控股股东
2026-03-25 12:56:04,659 [INFO]   未提取到案号
2026-03-25 12:56:04,659 [INFO] 
处理文件: 0098_[临时公告]安科文化关于控股股东、实际控制人被纳入失信执行人名单的公告.pdf
2026-03-25 12:56:04,746 [INFO]   证券代码: 839533  证券简称: 安科文化  公告时间: 2017年1月10日
2026-03-25 12:56:04,746 [INFO]   失信被执行人（自然人）: 安轩，陈洪，陈洪与
2026-03-25 12:56:04,746 [INFO]   对应职位: 控股股东，控股股东，控股股东
2026-03-25 12:56:04,746 [INFO]   未提取到案号
2026-03-25 12:56:04,746 [INFO] 
处理文件: 0099_[临时公告]元亨利关于补发公司及实际控制人被纳入失信被执行人名单的声明公告.pdf
2026-03-25 12:56:04,805 [INFO]   证券代码: 838832  证券简称: 元亨利  公告时间: 2017年12月27日
2026-03-25 12:56:04,805 [INFO]   失信被执行人（自然人）: 黄旭文
2026-03-25 12:56:04,805 [INFO]   对应职位: 实际控制人
2026-03-25 12:56:04,805 [INFO]   未提取到案号
2026-03-25 12:56:04,805 [INFO] 
处理文件: 0100_[临时公告]科贝科技关于补发法院已撤销公司被纳入失信被执行人名单的声明公告.pdf
2026-03-25 12:56:04,852 [INFO]   证券代码: 838775  证券简称: 科贝科技  公告时间: 2017年10月26日
2026-03-25 12:56:04,852 [INFO]   未提取到失信被执行人自然人姓名
2026-03-25 12:56:04,852 [INFO]   失信被执行人（公司）: 关于补发法院已撤销公司
2026-03-25 12:56:04,852 [INFO]   未提取到案号
2026-03-25 12:56:04,852 [INFO] 
处理文件: 0101_[临时公告]广建装饰关于公司及其控股股东、董事被列入失信被执行名单的公告(补发).pdf
2026-03-25 12:56:05,029 [INFO]   证券代码: 831262  证券简称: 广建装饰  公告时间: 2017年9月27日
2026-03-25 12:56:05,030 [INFO]   失信被执行人（自然人）: 叶东，叶东已，泰清
2026-03-25 12:56:05,030 [INFO]   对应职位: 董事，董事，控股股东
2026-03-25 12:56:05,030 [INFO]   未提取到案号
2026-03-25 12:56:05,030 [INFO] 
处理文件: 0102_[临时公告]ST一恒贞关于控股股东、实际控制人被纳为失信被执行人名单的公告.pdf
2026-03-25 12:56:05,108 [INFO]   证券代码: 833652  证券简称: 一恒贞  公告时间: 2017年8月18日
2026-03-25 12:56:05,108 [INFO]   失信被执行人（自然人）: 张斌，黄飞雪
2026-03-25 12:56:05,108 [INFO]   对应职位: 控股股东，控股股东
2026-03-25 12:56:05,108 [INFO]   案号: (2017)豫01执264号，(2017)豫0205执389号，(2017)豫0105执3734号，(2017)豫0104执1012号
2026-03-25 12:56:05,108 [INFO] 
处理文件: 0103_[临时公告]疆能股份关于补发公司及子公司被纳入失信被执行人名单的声明公告.pdf
2026-03-25 12:56:05,135 [INFO]   [提示] 以下页面疑似扫描件，已跳过：第 [1, 2] 页
2026-03-25 12:56:05,135 [WARNING]   [警告] 文件无可提取文本（可能全为扫描件），跳过。
2026-03-25 12:56:05,135 [INFO]   证券代码:   证券简称:   公告时间: 
2026-03-25 12:56:05,135 [INFO]   未提取到失信被执行人自然人姓名
2026-03-25 12:56:05,135 [INFO]   未提取到案号
2026-03-25 12:56:05,135 [INFO] 
处理文件: 0103_[临时公告]疆能股份关于补发公司及子公司被纳入失信被执行人名单的声明公告_可搜索.pdf
2026-03-25 12:56:05,226 [INFO]   证券代码:   证券简称:   公告时间: 
2026-03-25 12:56:05,226 [INFO]   未提取到失信被执行人自然人姓名
2026-03-25 12:56:05,226 [INFO]   未提取到案号
2026-03-25 12:56:05,226 [INFO] 
处理文件: 0104_[临时公告]白水农夫关于控股股东、实际控制人从失信被执行人名单库中删除的公告.pdf
2026-03-25 12:56:05,280 [INFO]   证券代码: 831436  证券简称: 白水农夫  公告时间: 2017年6月20日
2026-03-25 12:56:05,280 [INFO]   失信被执行人（自然人）: 信用
2026-03-25 12:56:05,280 [INFO]   对应职位: 控股股东
2026-03-25 12:56:05,280 [INFO]   未提取到案号
2026-03-25 12:56:05,280 [INFO] 
处理文件: 0105_[券商公告]一恒贞：主办券商关于一恒贞被纳为失信被执行人名单的风险提示性公告(OCR).pdf
2026-03-25 12:56:05,355 [INFO]   证券代码:   证券简称:   公告时间: 
2026-03-25 12:56:05,355 [INFO]   未提取到失信被执行人自然人姓名
2026-03-25 12:56:05,355 [INFO]   未提取到案号
2026-03-25 12:56:05,355 [INFO] 
处理文件: 0105_[券商公告]一恒贞：主办券商关于一恒贞被纳为失信被执行人名单的风险提示性公告.pdf
2026-03-25 12:56:05,378 [INFO]   [提示] 以下页面疑似扫描件，已跳过：第 [1, 2] 页
2026-03-25 12:56:05,378 [WARNING]   [警告] 文件无可提取文本（可能全为扫描件），跳过。
2026-03-25 12:56:05,378 [INFO]   证券代码:   证券简称:   公告时间: 
2026-03-25 12:56:05,378 [INFO]   未提取到失信被执行人自然人姓名
2026-03-25 12:56:05,378 [INFO]   未提取到案号
2026-03-25 12:56:05,378 [INFO] 
处理文件: 0106_[临时公告]海斯迪关于控股股东、实际控制人已被撤销纳入失信被执行人名单的公告.pdf
2026-03-25 12:56:05,434 [INFO]   证券代码: 831997  证券简称: 海斯迪  公告时间: 2017年4月21日
2026-03-25 12:56:05,434 [INFO]   失信被执行人（自然人）: 张晓云
2026-03-25 12:56:05,434 [INFO]   对应职位: 控股股东
2026-03-25 12:56:05,434 [INFO]   未提取到案号
2026-03-25 12:56:05,434 [INFO] 
处理文件: 0107_[临时公告]海斯迪关于控股股东、实际控制人被纳入失信被执行人名单的进展公告.pdf
2026-03-25 12:56:05,472 [INFO]   证券代码: 831997  证券简称: 海斯迪  公告时间: 2017年4月5日
2026-03-25 12:56:05,472 [INFO]   未提取到失信被执行人自然人姓名
2026-03-25 12:56:05,473 [INFO]   未提取到案号
2026-03-25 12:56:05,473 [INFO] 
处理文件: 0108_[临时公告]海斯迪关于公司控股股东、实际控制人被纳入失信被执行人名单的公告(补发).pdf
2026-03-25 12:56:05,634 [INFO]   证券代码: 831997  证券简称: 海斯迪  公告时间: 2017年2月27日
2026-03-25 12:56:05,635 [INFO]   失信被执行人（自然人）: 张晓云
2026-03-25 12:56:05,635 [INFO]   对应职位: 控股股东
2026-03-25 12:56:05,635 [INFO]   未提取到案号
2026-03-25 12:56:05,635 [INFO] 
处理文件: 0109_[临时公告]海益宝关于控股股东、实际控制人从失信被执行人名单库中删除的公告.pdf
2026-03-25 12:56:05,699 [INFO]   证券代码: 831955  证券简称: 海益宝  公告时间: 2017年1月20日
2026-03-25 12:56:05,699 [INFO]   失信被执行人（自然人）: 信用
2026-03-25 12:56:05,699 [INFO]   对应职位: 控股股东
2026-03-25 12:56:05,699 [INFO]   未提取到案号
2026-03-25 12:56:05,699 [INFO] 
处理文件: 0110_[临时公告]海益宝关于控股股东、实际控制人被纳入失信被执行人名单的进展公告.pdf
2026-03-25 12:56:05,780 [INFO]   证券代码: 831955  证券简称: 海益宝  公告时间: 2017年1月13日
2026-03-25 12:56:05,780 [INFO]   失信被执行人（自然人）: 在平安
2026-03-25 12:56:05,780 [INFO]   对应职位: 控股股东
2026-03-25 12:56:05,780 [INFO]   未提取到案号
2026-03-25 12:56:05,780 [INFO] 
处理文件: 0111_[临时公告]佳瑞高科关于公司控股股东、实际控制人被纳入失信被执行人名单的公告.pdf
2026-03-25 12:56:05,880 [INFO]   证券代码: 832244  证券简称: 佳瑞高科  公告时间: 2017年1月12日
2026-03-25 12:56:05,880 [INFO]   失信被执行人（自然人）: 谢秋欣
2026-03-25 12:56:05,880 [INFO]   对应职位: 控股股东
2026-03-25 12:56:05,880 [INFO]   未提取到案号
2026-03-25 12:56:05,880 [INFO] 
处理文件: 0112_[临时公告]宏力能源关于昌乐县人民法院已撤销公司被纳入失信被执行人名单的公告.pdf
2026-03-25 12:56:05,948 [INFO]   证券代码: 832556  证券简称: 宏力能源  公告时间: 2017年12月18日
2026-03-25 12:56:05,948 [INFO]   未提取到失信被执行人自然人姓名
2026-03-25 12:56:05,948 [INFO]   失信被执行人（公司）: 法院已撤销因该案件造成的公司
2026-03-25 12:56:05,948 [INFO]   未提取到案号
2026-03-25 12:56:05,948 [INFO] 
处理文件: 0113_[临时公告]华协农业关于公司及控股股东、实际控制人被纳入失信被执行人名单的公告.pdf
2026-03-25 12:56:05,975 [INFO]   [提示] 以下页面疑似扫描件，已跳过：第 [1, 2, 3] 页
2026-03-25 12:56:05,975 [WARNING]   [警告] 文件无可提取文本（可能全为扫描件），跳过。
2026-03-25 12:56:05,975 [INFO]   证券代码:   证券简称:   公告时间: 
2026-03-25 12:56:05,975 [INFO]   未提取到失信被执行人自然人姓名
2026-03-25 12:56:05,975 [INFO]   未提取到案号
2026-03-25 12:56:05,975 [INFO] 
处理文件: 0113_[临时公告]华协农业关于公司及控股股东、实际控制人被纳入失信被执行人名单的公告_可搜索.pdf
2026-03-25 12:56:06,038 [INFO]   证券代码: 834140  证券简称: 华协农业  公告时间: 2017年12月13日
2026-03-25 12:56:06,038 [INFO]   失信被执行人（自然人）: 王明，王明琴
2026-03-25 12:56:06,038 [INFO]   对应职位: 控股股东，控股股东
2026-03-25 12:56:06,038 [INFO]   失信被执行人（公司）: 甘肃华协农业生物科技股份有限公司
2026-03-25 12:56:06,038 [INFO]   案号: (2017)甘01执328号
2026-03-25 12:56:06,038 [INFO] 
处理文件: 0114_[临时公告]佳瑞高科2017-120 关于补发公司被纳入失信被执行人名单公告的声明.pdf
2026-03-25 12:56:06,056 [INFO]   [提示] 以下页面疑似扫描件，已跳过：第 [1] 页
2026-03-25 12:56:06,057 [WARNING]   [警告] 文件无可提取文本（可能全为扫描件），跳过。
2026-03-25 12:56:06,057 [INFO]   证券代码:   证券简称:   公告时间: 
2026-03-25 12:56:06,057 [INFO]   未提取到失信被执行人自然人姓名
2026-03-25 12:56:06,057 [INFO]   未提取到案号
2026-03-25 12:56:06,057 [INFO] 
处理文件: 0114_[临时公告]佳瑞高科2017-120 关于补发公司被纳入失信被执行人名单公告的声明_可搜索.pdf
2026-03-25 12:56:06,105 [INFO]   证券代码:   证券简称: 住瑞高科  公告时间: 
2026-03-25 12:56:06,105 [INFO]   未提取到失信被执行人自然人姓名
2026-03-25 12:56:06,105 [INFO]   失信被执行人（公司）: 关于补发公司，平顶山佳瑞高科实业股份有限公司关于公司
2026-03-25 12:56:06,105 [INFO]   未提取到案号
2026-03-25 12:56:06,106 [INFO] 
处理文件: 0115_[券商公告]佳瑞高科安信证券关于佳瑞高科被纳入失信被执行人名单的风险提供公告.pdf
2026-03-25 12:56:06,121 [INFO]   [提示] 以下页面疑似扫描件，已跳过：第 [1, 2, 3] 页
2026-03-25 12:56:06,121 [WARNING]   [警告] 文件无可提取文本（可能全为扫描件），跳过。
2026-03-25 12:56:06,121 [INFO]   证券代码:   证券简称:   公告时间: 
2026-03-25 12:56:06,121 [INFO]   未提取到失信被执行人自然人姓名
2026-03-25 12:56:06,121 [INFO]   未提取到案号
2026-03-25 12:56:06,121 [INFO] 
处理文件: 0115_[券商公告]佳瑞高科安信证券关于佳瑞高科被纳入失信被执行人名单的风险提供公告_可搜索.pdf
2026-03-25 12:56:06,227 [INFO]   证券代码:   证券简称:   公告时间: 2017年8月25日
2026-03-25 12:56:06,227 [INFO]   未提取到失信被执行人自然人姓名
2026-03-25 12:56:06,227 [INFO]   案号: (2017)1象0402执101号
2026-03-25 12:56:06,227 [INFO] 
处理文件: 0116_[临时公告]至诚复材关于法院已撤销公司控股股东被纳入失信被执行人名单的公告(补发).pdf
2026-03-25 12:56:06,275 [INFO]   证券代码: 837851  证券简称: 至诚复材  公告时间: 2017年11月8日
2026-03-25 12:56:06,275 [INFO]   未提取到失信被执行人自然人姓名
2026-03-25 12:56:06,275 [INFO]   未提取到案号
2026-03-25 12:56:06,275 [INFO] 
处理文件: 0117_[临时公告]ST瑞泽关于控股股东、实际控制人被纳为失信被执行人名单的公告(补发)(补发).pdf
2026-03-25 12:56:06,358 [INFO]   证券代码: 833235  证券简称: ST  公告时间: 2017年10月19日
2026-03-25 12:56:06,358 [INFO]   失信被执行人（自然人）: 刘珍华
2026-03-25 12:56:06,358 [INFO]   对应职位: 实际控制人
2026-03-25 12:56:06,358 [INFO]   案号: (2016)鲁0612执1346号
2026-03-25 12:56:06,358 [INFO] 
处理文件: 0118_[临时公告]永丰食品关于公司控股股东、实际控制人被纳入失信被执行人名单的公告(补发).pdf
2026-03-25 12:56:06,681 [INFO]   证券代码: 835566  证券简称: 永丰食品  公告时间: 2017年9月21日
2026-03-25 12:56:06,681 [INFO]   失信被执行人（自然人）: 白世洲，进行
2026-03-25 12:56:06,681 [INFO]   对应职位: 实际控制人，控股股东
2026-03-25 12:56:06,681 [INFO]   未提取到案号
2026-03-25 12:56:06,681 [INFO] 
处理文件: 0119_[临时公告]安科文化关于控股股东、实际控制人已被撤销纳入失信被执行人名单的公告.pdf
2026-03-25 12:56:06,758 [INFO]   证券代码: 839533  证券简称: 安科文化  公告时间: 2017年8月4日
2026-03-25 12:56:06,758 [INFO]   失信被执行人（自然人）: 陈洪
2026-03-25 12:56:06,758 [INFO]   对应职位: 实际控制人
2026-03-25 12:56:06,758 [INFO]   未提取到案号
2026-03-25 12:56:06,758 [INFO] 
处理文件: 0120_[临时公告]京东健康关于控股股东、实际控制人、董事、监事被纳入失信执行人名单的公告(补发).pdf
2026-03-25 12:56:06,915 [INFO]   证券代码: 832916  证券简称: 京东健康  公告时间: 2017年6月26日
2026-03-25 12:56:06,915 [INFO]   失信被执行人（自然人）: 崔国，崔国玲，徐征，徐耀，徐耀东
2026-03-25 12:56:06,915 [INFO]   对应职位: 董事长，董事长，董事长，控股股东，控股股东
2026-03-25 12:56:06,915 [INFO]   未提取到案号
2026-03-25 12:56:06,915 [INFO] 
处理文件: 0121_[临时公告]元亨利关于公司及其控股股东、实际控制人被纳入失信被执行人名单的公告(补发).pdf
2026-03-25 12:56:07,007 [INFO]   证券代码: 838832  证券简称: 元亨利  公告时间: 2017年6月21日
2026-03-25 12:56:07,007 [INFO]   失信被执行人（自然人）: 谢宗选
2026-03-25 12:56:07,007 [INFO]   对应职位: 控股股东
2026-03-25 12:56:07,007 [INFO]   未提取到案号
2026-03-25 12:56:07,007 [INFO] 
处理文件: 0122_[临时公告]雨神电竞关于公司控股股东、实际控制人被纳入失信被执行人名单的公告(补发).pdf
2026-03-25 12:56:07,091 [INFO]   证券代码: 835997  证券简称: 雨神电竞  公告时间: 2017年6月19日
2026-03-25 12:56:07,091 [INFO]   失信被执行人（自然人）: 马洪麟
2026-03-25 12:56:07,091 [INFO]   对应职位: 控股股东
2026-03-25 12:56:07,091 [INFO]   未提取到案号
2026-03-25 12:56:07,091 [INFO] 
处理文件: 0123_[临时公告]诺晟股份关于公司控股股东、实际控制人被纳入失信被执行人名单的公告(补发).pdf
2026-03-25 12:56:07,203 [INFO]   证券代码: 832104  证券简称: 诺晟股份  公告时间: 2017年6月9日
2026-03-25 12:56:07,203 [INFO]   未提取到失信被执行人自然人姓名
2026-03-25 12:56:07,203 [INFO]   未提取到案号
2026-03-25 12:56:07,203 [INFO] 
处理文件: 0124_[券商公告]ST中试中泰证券关于中试电力被纳入失信被执行人名单的风险提示公告.pdf
2026-03-25 12:56:07,253 [INFO]   证券代码: 430291  证券简称: ST  公告时间: 2017年5月8日
2026-03-25 12:56:07,253 [INFO]   未提取到失信被执行人自然人姓名
2026-03-25 12:56:07,253 [INFO]   失信被执行人（公司）: 关于湖北中试电力科技股份有限公司
2026-03-25 12:56:07,253 [INFO]   未提取到案号
2026-03-25 12:56:07,253 [INFO] 
处理文件: 0125_[临时公告]东安液压关于补发公司实际控制人被纳入失信被执行人名单的公告的说明.pdf
2026-03-25 12:56:07,346 [INFO]   证券代码: 430672  证券简称: 东安液压  公告时间: 2017年3月23日
2026-03-25 12:56:07,346 [INFO]   失信被执行人（自然人）: 庞彩萍
2026-03-25 12:56:07,346 [INFO]   对应职位: 实际控制人
2026-03-25 12:56:07,346 [INFO]   未提取到案号
2026-03-25 12:56:07,346 [INFO] 
处理文件: 0126_[临时公告]白水农夫关于公司控股股东、实际控制人被纳入失信被执行人名单的公告(补发).pdf
2026-03-25 12:56:07,445 [INFO]   证券代码: 831436  证券简称: 白水农夫  公告时间: 2017年3月6日
2026-03-25 12:56:07,446 [INFO]   失信被执行人（自然人）: 吴治德
2026-03-25 12:56:07,446 [INFO]   对应职位: 控股股东
2026-03-25 12:56:07,446 [INFO]   未提取到案号
2026-03-25 12:56:07,446 [INFO] 
处理文件: 0127_[临时公告]宏力能源关于南京市秦淮区人民法院已撤销公司被纳入失信被执行人名单的公告.pdf
2026-03-25 12:56:07,521 [INFO]   证券代码: 832556  证券简称: 宏力能源  公告时间: 2017年12月29日
2026-03-25 12:56:07,521 [INFO]   未提取到失信被执行人自然人姓名
2026-03-25 12:56:07,521 [INFO]   失信被执行人（公司）: 法院已撤销因该案件造成的公司
2026-03-25 12:56:07,521 [INFO]   未提取到案号
2026-03-25 12:56:07,521 [INFO] 
处理文件: 0128_[券商公告]方正证券关于许继配电被纳入失信被执行人名单及进展情况的风险提示性公告.pdf
2026-03-25 12:56:07,593 [INFO]   证券代码: 839205  证券简称: 许继配电，证券代码：839205，以下简  公告时间: 2017年12月11日
2026-03-25 12:56:07,593 [INFO]   未提取到失信被执行人自然人姓名
2026-03-25 12:56:07,593 [INFO]   未提取到案号
2026-03-25 12:56:07,593 [INFO] 
处理文件: 0129_[临时公告]天线宝宝关于公司控股股东、实际控制人被纳入失信被执行人名单的公告（补发）(补发).pdf
2026-03-25 12:56:07,651 [INFO]   证券代码: 834580  证券简称: 天线宝宝  公告时间: 2017年12月5日
2026-03-25 12:56:07,651 [INFO]   失信被执行人（自然人）: 许志忠
2026-03-25 12:56:07,651 [INFO]   对应职位: （未提取到职位）
2026-03-25 12:56:07,651 [INFO]   案号: （2017）沪 0101 执 5642 号
2026-03-25 12:56:07,651 [INFO] 
处理文件: 0130_[临时公告]天线宝宝关于补发公司控股股东、实际控制人被纳入失信被执行人名单的声明公告.pdf
2026-03-25 12:56:07,755 [INFO]   证券代码: 834580  证券简称: 天线宝宝  公告时间: 2017年12月5日
2026-03-25 12:56:07,755 [INFO]   失信被执行人（自然人）: 许志忠
2026-03-25 12:56:07,755 [INFO]   对应职位: 实际控制人
2026-03-25 12:56:07,755 [INFO]   未提取到案号
2026-03-25 12:56:07,755 [INFO] 
处理文件: 0131_[临时公告]怡莲蚕桑关于公司及控股股东、实际控制人被纳入失信被执行人名单的提示性公告.pdf
2026-03-25 12:56:07,788 [INFO]   [提示] 以下页面疑似扫描件，已跳过：第 [1, 2, 3, 4, 5, 6] 页
2026-03-25 12:56:07,789 [WARNING]   [警告] 文件无可提取文本（可能全为扫描件），跳过。
2026-03-25 12:56:07,789 [INFO]   证券代码:   证券简称:   公告时间: 
2026-03-25 12:56:07,789 [INFO]   未提取到失信被执行人自然人姓名
2026-03-25 12:56:07,789 [INFO]   未提取到案号
2026-03-25 12:56:07,789 [INFO] 
处理文件: 0132_[临时公告]至诚复材关于补发法院已撤销公司控股股东被纳入失信被执行人名单的声明公告.pdf
2026-03-25 12:56:07,843 [INFO]   证券代码: 837851  证券简称: 至诚复材  公告时间: 2017年11月8日
2026-03-25 12:56:07,843 [INFO]   未提取到失信被执行人自然人姓名
2026-03-25 12:56:07,843 [INFO]   未提取到案号
2026-03-25 12:56:07,843 [INFO] 
处理文件: 0133_[券商公告]贵之步方正证券关于贵之步被纳入失信被执行人名单及进展的风险提示性公告.pdf
2026-03-25 12:56:07,960 [INFO]   证券代码: 833789  证券简称: 贵之步，证券代码：833789，以下简  公告时间: 2017年10月10日
2026-03-25 12:56:07,960 [INFO]   未提取到失信被执行人自然人姓名
2026-03-25 12:56:07,961 [INFO]   未提取到案号
2026-03-25 12:56:07,961 [INFO] 
处理文件: 0134_[临时公告]ST天智关于公司及公司控股股东、实际控制人被纳入失信被执行人名单的公告.pdf
2026-03-25 12:56:08,071 [INFO]   证券代码: 833145  证券简称: ST  公告时间: 2017年9月28日
2026-03-25 12:56:08,071 [INFO]   失信被执行人（自然人）: 赵宁
2026-03-25 12:56:08,071 [INFO]   对应职位: 控股股东
2026-03-25 12:56:08,071 [INFO]   失信被执行人（公司）: 安徽天智信息科技集团股份有限公司，实际控制人及公司
2026-03-25 12:56:08,071 [INFO]   案号: (2015)包执字第 02628 号，(2016)皖 0103 执 1041 号
2026-03-25 12:56:08,071 [INFO] 
处理文件: 0135_[临时公告]永丰食品关于公司控股股东、 实际控制人被纳入失信被执行人名单公告的补发说明.pdf
2026-03-25 12:56:08,142 [INFO]   证券代码: 835566  证券简称: 永丰食品  公告时间: 2017年9月21日
2026-03-25 12:56:08,142 [INFO]   失信被执行人（自然人）: 白世洲
2026-03-25 12:56:08,143 [INFO]   对应职位: 董事长
2026-03-25 12:56:08,143 [INFO]   失信被执行人（公司）: 中小企业股份转让系统指定信息披露平台上披露公司
2026-03-25 12:56:08,143 [INFO]   未提取到案号
2026-03-25 12:56:08,143 [INFO] 
处理文件: 0136_[临时公告]华泰珠宝关于公司控股股东、实际控制人、董事被纳入失信被执行人名单的公告(补发).pdf
2026-03-25 12:56:08,189 [INFO]   [提示] 以下页面疑似扫描件，已跳过：第 [1, 2] 页
2026-03-25 12:56:08,189 [WARNING]   [警告] 文件无可提取文本（可能全为扫描件），跳过。
2026-03-25 12:56:08,189 [INFO]   证券代码:   证券简称:   公告时间: 
2026-03-25 12:56:08,189 [INFO]   未提取到失信被执行人自然人姓名
2026-03-25 12:56:08,189 [INFO]   未提取到案号
2026-03-25 12:56:08,189 [INFO] 
处理文件: 0136_[临时公告]华泰珠宝关于公司控股股东、实际控制人、董事被纳入失信被执行人名单的公告(补发)_可搜索.pdf
2026-03-25 12:56:08,242 [INFO]   证券代码: 839741  证券简称: 华奉珠宝  公告时间: 
2026-03-25 12:56:08,242 [INFO]   失信被执行人（自然人）: 胡文壶，金体
2026-03-25 12:56:08,242 [INFO]   对应职位: 控股股东，董事会
2026-03-25 12:56:08,242 [INFO]   未提取到案号
2026-03-25 12:56:08,242 [INFO] 
处理文件: 0137_[临时公告]白水农夫关于补发公司控股股东、实际控制人被纳入失信被执行人名单的公告说明.pdf
2026-03-25 12:56:08,286 [INFO]   证券代码: 831436  证券简称: 白水农夫  公告时间: 2017年3月6日
2026-03-25 12:56:08,286 [INFO]   失信被执行人（自然人）: 吴治德
2026-03-25 12:56:08,286 [INFO]   对应职位: 控股股东
2026-03-25 12:56:08,286 [INFO]   未提取到案号
2026-03-25 12:56:08,287 [INFO] 
处理文件: 0138_[临时公告]海斯迪关于补发公司控股股东、实际控制人被纳入失信被执行人名单的公告的说明.pdf
2026-03-25 12:56:08,362 [INFO]   证券代码: 831997  证券简称: 海斯迪  公告时间: 2017年2月27日
2026-03-25 12:56:08,362 [INFO]   失信被执行人（自然人）: 张晓云
2026-03-25 12:56:08,362 [INFO]   对应职位: 控股股东
2026-03-25 12:56:08,362 [INFO]   未提取到案号
2026-03-25 12:56:08,362 [INFO] 
处理文件: 0139_[临时公告]广建装饰关于公司及其控股股东、董事被列入失信被执行名单的公告的补发声明公告.pdf
2026-03-25 12:56:08,409 [INFO]   证券代码: 831262  证券简称: 广建装饰  公告时间: 2017年9月27日
2026-03-25 12:56:08,409 [INFO]   失信被执行人（自然人）: 叶东，叶东已
2026-03-25 12:56:08,410 [INFO]   对应职位: 董事，董事
2026-03-25 12:56:08,410 [INFO]   未提取到案号
2026-03-25 12:56:08,410 [INFO] 
处理文件: 0140_[临时公告]物华股份2017-014-物华股份-关于补发公司被纳入失信被执行人名单的公告的说明.pdf
2026-03-25 12:56:08,459 [INFO]   证券代码: 835224  证券简称: 物华股份  公告时间: 2017年6月29日
2026-03-25 12:56:08,459 [INFO]   未提取到失信被执行人自然人姓名
2026-03-25 12:56:08,459 [INFO]   失信被执行人（公司）: 关于补发公司
2026-03-25 12:56:08,459 [INFO]   未提取到案号
2026-03-25 12:56:08,459 [INFO] 
处理文件: 0141_[临时公告]雨神电竞关于补发公司控股股东、实际控制人被纳入失信被执行人名单的公告的说明.pdf
2026-03-25 12:56:08,520 [INFO]   证券代码: 835997  证券简称: 雨神电竞  公告时间: 2017年6月19日
2026-03-25 12:56:08,520 [INFO]   失信被执行人（自然人）: 马洪麟
2026-03-25 12:56:08,520 [INFO]   对应职位: 控股股东
2026-03-25 12:56:08,520 [INFO]   未提取到案号
2026-03-25 12:56:08,520 [INFO] 
处理文件: 0142_[临时公告]诺晟股份关于补发公司控股股东、实际控制人被纳入失信被执行人名单的公告的说明.pdf
2026-03-25 12:56:08,588 [INFO]   证券代码: 832104  证券简称: 诺晟股份  公告时间: 2017年6月9日
2026-03-25 12:56:08,588 [INFO]   未提取到失信被执行人自然人姓名
2026-03-25 12:56:08,588 [INFO]   未提取到案号
2026-03-25 12:56:08,588 [INFO] 
处理文件: 0143_[临时公告]申舟物流关于公司控股股东和实际控制人被纳入失信被执行人名单已被撤销的公告.pdf
2026-03-25 12:56:08,643 [INFO]   证券代码: 837346  证券简称: 申舟物流  公告时间: 2017年3月10日
2026-03-25 12:56:08,644 [INFO]   失信被执行人（自然人）: 包明
2026-03-25 12:56:08,644 [INFO]   对应职位: 控股股东
2026-03-25 12:56:08,644 [INFO]   未提取到案号
2026-03-25 12:56:08,644 [INFO] 
处理文件: 0144_[临时公告]中搜网络关于公司被纳入失信被执行人名单及武汉分公司被列入经营异常名录的公告.pdf
2026-03-25 12:56:08,659 [INFO]   [提示] 以下页面疑似扫描件，已跳过：第 [1, 2, 3] 页
2026-03-25 12:56:08,659 [WARNING]   [警告] 文件无可提取文本（可能全为扫描件），跳过。
2026-03-25 12:56:08,659 [INFO]   证券代码:   证券简称:   公告时间: 
2026-03-25 12:56:08,659 [INFO]   未提取到失信被执行人自然人姓名
2026-03-25 12:56:08,659 [INFO]   未提取到案号
2026-03-25 12:56:08,659 [INFO] 
处理文件: 0144_[临时公告]中搜网络关于公司被纳入失信被执行人名单及武汉分公司被列入经营异常名录的公告_可搜索.pdf
2026-03-25 12:56:08,711 [INFO]   证券代码:   证券简称:   公告时间: 2017年2月6日
2026-03-25 12:56:08,711 [INFO]   未提取到失信被执行人自然人姓名
2026-03-25 12:56:08,711 [INFO]   案号: (2016)京0108执12179号
2026-03-25 12:56:08,711 [INFO] 
处理文件: 0145_[券商公告]中泰证券关于辽宁天佐涉诉违规对外担保及被纳入失信被执行人名单的风险提示公告.pdf
2026-03-25 12:56:08,834 [INFO]   证券代码: 835519  证券简称: 辽宁天佐，证券代码：835519，以  公告时间: 2017年10月26日
2026-03-25 12:56:08,834 [INFO]   失信被执行人（自然人）: 朱力，朱力所
2026-03-25 12:56:08,834 [INFO]   对应职位: 实际控制人，实际控制人
2026-03-25 12:56:08,834 [INFO]   未提取到案号
2026-03-25 12:56:08,834 [INFO] 
处理文件: 0146_[临时公告]华泰珠宝关于法院已撤销将公司控股股东、实际控制人、董事被纳入失信被执行人名单的公告.pdf
2026-03-25 12:56:08,860 [INFO]   [提示] 以下页面疑似扫描件，已跳过：第 [1, 2] 页
2026-03-25 12:56:08,860 [WARNING]   [警告] 文件无可提取文本（可能全为扫描件），跳过。
2026-03-25 12:56:08,861 [INFO]   证券代码:   证券简称:   公告时间: 
2026-03-25 12:56:08,861 [INFO]   未提取到失信被执行人自然人姓名
2026-03-25 12:56:08,861 [INFO]   未提取到案号
2026-03-25 12:56:08,861 [INFO] 
处理文件: 0147_[券商公告]物华股份关于河北物华循环资源股份有限公司被纳入失信被执行人名单的风险提示性公告.pdf
2026-03-25 12:56:08,912 [INFO]   证券代码:   证券简称: “物华股份”，证券代码：“835224”，以下简称：“物华股份”  公告时间: 2017年6月29日
2026-03-25 12:56:08,912 [INFO]   未提取到失信被执行人自然人姓名
2026-03-25 12:56:08,912 [INFO]   未提取到案号
2026-03-25 12:56:08,912 [INFO] 
处理文件: 0148_[临时公告]华泰珠宝关于公司控股股东、实际控制人、董事被纳入失信被执行人名单的公告的补发声明公告.pdf
2026-03-25 12:56:08,987 [INFO]   [提示] 以下页面疑似扫描件，已跳过：第 [1, 2] 页
2026-03-25 12:56:08,987 [WARNING]   [警告] 文件无可提取文本（可能全为扫描件），跳过。
2026-03-25 12:56:08,987 [INFO]   证券代码:   证券简称:   公告时间: 
2026-03-25 12:56:08,987 [INFO]   未提取到失信被执行人自然人姓名
2026-03-25 12:56:08,987 [INFO]   未提取到案号
2026-03-25 12:56:08,987 [INFO] 
处理文件: 0148_[临时公告]华泰珠宝关于公司控股股东、实际控制人、董事被纳入失信被执行人名单的公告的补发声明公告_可搜索.pdf
2026-03-25 12:56:09,028 [INFO]   证券代码:   证券简称: 华泰珠宝  公告时间: 
2026-03-25 12:56:09,028 [INFO]   失信被执行人（自然人）: 胡文壶
2026-03-25 12:56:09,028 [INFO]   对应职位: 控股股东
2026-03-25 12:56:09,028 [INFO]   未提取到案号
2026-03-25 12:56:09,028 [INFO] 
处理文件: 0149_[临时公告]元亨利关于补发公司及其控股股东、实际控制人被纳入失信被执行人名单公告的声明公告.pdf
2026-03-25 12:56:09,085 [INFO]   证券代码: 838832  证券简称: 元亨利  公告时间: 2017年6月21日
2026-03-25 12:56:09,085 [INFO]   失信被执行人（自然人）: 谢宗选
2026-03-25 12:56:09,085 [INFO]   对应职位: 控股股东
2026-03-25 12:56:09,085 [INFO]   未提取到案号
2026-03-25 12:56:09,085 [INFO] 
处理文件: 0150_[券商公告]辽宁天佐中泰证券关于辽宁天佐涉诉违规对外担保及被纳入失信被执行人名单的风险提示公告.pdf
2026-03-25 12:56:09,189 [INFO]   证券代码: 835519  证券简称: 辽宁天佐，证券代码：835519，以  公告时间: 2017年12月26日
2026-03-25 12:56:09,189 [INFO]   失信被执行人（自然人）: 朱力，朱力所，朱天佐
2026-03-25 12:56:09,189 [INFO]   对应职位: 实际控制人，实际控制人，实际控制人
2026-03-25 12:56:09,189 [INFO]   未提取到案号
2026-03-25 12:56:09,189 [INFO] 
处理文件: 0151_[券商公告]辽宁天佐中泰证券关于辽宁天佐涉诉违规对外担保及被纳入失信被执行人名单的风险提示公告.pdf
2026-03-25 12:56:09,295 [INFO]   证券代码: 835519  证券简称: 辽宁天佐，证券代码：835519，以  公告时间: 2017年11月29日
2026-03-25 12:56:09,295 [INFO]   失信被执行人（自然人）: 朱力，朱力所，朱天佐
2026-03-25 12:56:09,295 [INFO]   对应职位: 实际控制人，实际控制人，实际控制人
2026-03-25 12:56:09,295 [INFO]   未提取到案号
2026-03-25 12:56:09,295 [INFO] 
处理文件: 0152_[临时公告]京东健康京东健康：关于补发控股股东、实际控制人、董事、监事被纳入失信被执行人名单公告的声明公告.pdf
2026-03-25 12:56:09,404 [INFO]   证券代码: 832916  证券简称: 京东健康  公告时间: 2017年6月26日
2026-03-25 12:56:09,404 [INFO]   失信被执行人（自然人）: 徐征，徐耀东
2026-03-25 12:56:09,404 [INFO]   对应职位: 董事长，控股股东
2026-03-25 12:56:09,404 [INFO]   未提取到案号
2026-03-25 12:56:09,404 [INFO] 
处理文件: 0153_[临时公告]雪阳坯衫关于补发公司控股股东、实际控制人、部分董事及公司被纳入失信被执行人名单及撤销的公告的声明.pdf
2026-03-25 12:56:09,434 [INFO]   [提示] 以下页面疑似扫描件，已跳过：第 [1] 页
2026-03-25 12:56:09,435 [WARNING]   [警告] 文件无可提取文本（可能全为扫描件），跳过。
2026-03-25 12:56:09,435 [INFO]   证券代码:   证券简称:   公告时间: 
2026-03-25 12:56:09,435 [INFO]   未提取到失信被执行人自然人姓名
2026-03-25 12:56:09,435 [INFO]   未提取到案号
2026-03-25 12:56:09,435 [INFO] 
处理文件: 0154_[临时公告]雪阳坯衫关于公司控股股东、实际控制人、部分董事及公司被纳入失信被执行人名单及撤销的公告（补发）..pdf
2026-03-25 12:56:09,533 [INFO]   证券代码: 833889  证券简称: 雪阳坯衫  公告时间: 2017年11月16日
2026-03-25 12:56:09,534 [INFO]   失信被执行人（自然人）: 刘红中，杨天岳，雪阳
2026-03-25 12:56:09,534 [INFO]   对应职位: 控股股东，法定代表人，控股股东
2026-03-25 12:56:09,534 [INFO]   未提取到案号
2026-03-25 12:56:09,534 [INFO] 
处理文件: 0155_[券商公告]镭蒙机电财通证券股份有限公司关于镭蒙机电股份有限公司被纳入失信被执行人名单的风险提示公告.pdf
2026-03-25 12:56:09,606 [INFO]   证券代码:   证券简称:   公告时间: 2017年4月21日
2026-03-25 12:56:09,606 [INFO]   未提取到失信被执行人自然人姓名
2026-03-25 12:56:09,606 [INFO]   失信被执行人（公司）: 关于镭蒙机电股份有限公司
2026-03-25 12:56:09,606 [INFO]   未提取到案号
2026-03-25 12:56:09,606 [INFO] 
处理文件: 0156_[券商公告]汉术化学国海证券股份有限公司关于西安汉术化学工程股份有限公司被纳入失信被执行人名单的风险提示性公告.pdf
2026-03-25 12:56:09,676 [INFO]   证券代码: 832829  证券简称: 汉术化学，  公告时间: 2017年11月9日
2026-03-25 12:56:09,676 [INFO]   未提取到失信被执行人自然人姓名
2026-03-25 12:56:09,676 [INFO]   失信被执行人（公司）: 关于西安汉术化学工程股份有限公司，西安汉术化学工程股份有限公司
2026-03-25 12:56:09,676 [INFO]   案号: （2017）陕 0113 执 2256 号
2026-03-25 12:56:09,676 [INFO] 
处理文件: 0157_[券商公告]ST中试中泰证券股份有限公司关于湖北中试电力科技股份有限公司被纳入失信被执行人名单的风险提示公告.pdf
2026-03-25 12:56:09,706 [INFO]   证券代码: 430291  证券简称: ST  公告时间: 2017年11月3日
2026-03-25 12:56:09,706 [INFO]   未提取到失信被执行人自然人姓名
2026-03-25 12:56:09,706 [INFO]   失信被执行人（公司）: 关于湖北中试电力科技股份有限公司
2026-03-25 12:56:09,706 [INFO]   未提取到案号
2026-03-25 12:56:09,706 [INFO] 
处理文件: 0158_[券商公告]润港林业国海证券股份有限公司关于广西钦州润港林业股份有限公司被纳入失信被执行人名单的风险提示公.pdf
2026-03-25 12:56:09,758 [INFO]   证券代码: 832438  证券简称: 润港林业，以下简称“润港林业”）  公告时间: 2017年6月15日
2026-03-25 12:56:09,758 [INFO]   未提取到失信被执行人自然人姓名
2026-03-25 12:56:09,758 [INFO]   失信被执行人（公司）: 关于广西钦州润港林业股份有限公司，广西钦州润港林业股份有限公司
2026-03-25 12:56:09,759 [INFO]   案号: (2016)桂0702执736号
2026-03-25 12:56:09,759 [INFO] 
处理文件: 0159_[券商公告]弘方股份恒泰证券股份有限公司关于湖北弘方科技股份有限公司被纳入失信被执行人名单的风险提示性公告.pdf
2026-03-25 12:56:09,854 [INFO]   证券代码: 839235  证券简称: 弘方股份，以下  公告时间: 2017年5月4日
2026-03-25 12:56:09,854 [INFO]   未提取到失信被执行人自然人姓名
2026-03-25 12:56:09,854 [INFO]   失信被执行人（公司）: 关于湖北弘方科技股份有限公司
2026-03-25 12:56:09,854 [INFO]   未提取到案号
2026-03-25 12:56:09,854 [INFO] 
处理文件: 0160_[券商公告]易点科技东北证券股份有限公司关于长春易点科技股份有限公司被纳入失信被执行人名单的风险提示公告.pdf
2026-03-25 12:56:09,930 [INFO]   证券代码: 831679  证券简称: 易点科技，以下  公告时间: 2017年4月25日
2026-03-25 12:56:09,930 [INFO]   未提取到失信被执行人自然人姓名
2026-03-25 12:56:09,930 [INFO]   失信被执行人（公司）: 关于长春易点科技股份有限公司
2026-03-25 12:56:09,930 [INFO]   未提取到案号
2026-03-25 12:56:09,930 [INFO] 
处理文件: 0161_[券商公告]海益宝中国银河证券股份有限公司关于海益宝控股股东、实际控制人被纳入失信被执行人名单的风险揭示公告.pdf
2026-03-25 12:56:10,000 [INFO]   证券代码: 831955  证券简称:   公告时间: 2017年1月11日
2026-03-25 12:56:10,000 [INFO]   失信被执行人（自然人）: 范立
2026-03-25 12:56:10,000 [INFO]   对应职位: 实际控制人
2026-03-25 12:56:10,000 [INFO]   未提取到案号
2026-03-25 12:56:10,001 [INFO] 
处理文件: 0162_[券商公告]天众合金渤海证券股份有限公司关于沈阳天众合金股份有限公司被列入失信被执行人名单等事项重大风险提示公告.pdf
2026-03-25 12:56:10,228 [INFO]   证券代码:   证券简称:   公告时间: 2017年12月22日
2026-03-25 12:56:10,229 [INFO]   失信被执行人（自然人）: 和高级，尚未，张丽华，张沫，张沫及，成员，成员和，是否，由萨沙
2026-03-25 12:56:10,229 [INFO]   对应职位: 董事，董事会，法定代表人，主席，控股股东，董事会，董事会，总经理，监事
2026-03-25 12:56:10,229 [INFO]   失信被执行人（公司）: 关于沈阳天众合金股份有限公司
2026-03-25 12:56:10,229 [INFO]   未提取到案号
2026-03-25 12:56:10,229 [INFO] 
处理文件: 0163_[券商公告]斯迈柯长城证券股份有限公司关于南京斯迈柯特种金属装备股份有限公司被纳入失信被执行人名单的风险提示性公告.pdf
2026-03-25 12:56:10,313 [INFO]   证券代码:   证券简称: “斯迈柯”，证券代码：  公告时间: 2017年9月26日
2026-03-25 12:56:10,313 [INFO]   未提取到失信被执行人自然人姓名
2026-03-25 12:56:10,313 [INFO]   失信被执行人（公司）: 关于南京斯迈柯特种金属装备股份有限公司
2026-03-25 12:56:10,313 [INFO]   未提取到案号
2026-03-25 12:56:10,313 [INFO] 
处理文件: 0164_[券商公告]京东健康华融证券有限公司关于唐山京东大健康股份有限公司实际控制人、董事、监事被纳入失信被执行人名单的风险提示公告.pdf
2026-03-25 12:56:10,361 [INFO]   证券代码: 832916  证券简称: 京  公告时间: 2017年6月26日
2026-03-25 12:56:10,361 [INFO]   失信被执行人（自然人）: 和高级，崔国玲，徐征，徐耀东
2026-03-25 12:56:10,361 [INFO]   对应职位: 董事，董事，董事长，董事长
2026-03-25 12:56:10,361 [INFO]   未提取到案号
2026-03-25 12:56:10,361 [INFO] 
处理文件: 0165_[券商公告]广州证券股份有限公司关于成都雨神电竞科技股份有限公司实际控制人、控股股东属于失信联合惩戒对象的风险提示性公告.pdf
2026-03-25 12:56:10,409 [INFO]   证券代码: 835997  证券简称:   公告时间: 2017年6月19日
2026-03-25 12:56:10,409 [INFO]   失信被执行人（自然人）: 和高级，马洪麟
2026-03-25 12:56:10,409 [INFO]   对应职位: 董事，实际控制人
2026-03-25 12:56:10,409 [INFO]   未提取到案号
2026-03-25 12:56:10,409 [INFO] 
处理文件: 0166_[券商公告]申舟物流万联证券股份有限公司关于上海申舟物流股份有限公司及其控股股东被纳入失信被执行人名单的风险提示公告.pdf
2026-03-25 12:56:10,452 [INFO]   证券代码: 837346  证券简称: 申舟  公告时间: 2017年5月12日
2026-03-25 12:56:10,452 [INFO]   失信被执行人（自然人）: 包明
2026-03-25 12:56:10,452 [INFO]   对应职位: 控股股东
2026-03-25 12:56:10,452 [INFO]   未提取到案号
2026-03-25 12:56:10,452 [INFO] 
处理文件: 0167_[券商公告]盈美软装东吴证券股份有限公司关于江苏盈美软装艺术设计股份有限公司被纳入失信被执行人名单的风险提示性公告.pdf
2026-03-25 12:56:10,509 [INFO]   证券代码: 838985  证券简称: 盈美软  公告时间: 2017年1月20日
2026-03-25 12:56:10,509 [INFO]   未提取到失信被执行人自然人姓名
2026-03-25 12:56:10,509 [INFO]   失信被执行人（公司）: 关于江苏盈美软装艺术设计股份有限公司
2026-03-25 12:56:10,509 [INFO]   未提取到案号
2026-03-25 12:56:10,509 [INFO] 
处理文件: 0168_[券商公告]广建装饰安信证券股份有限公司关于重庆广建装饰股份有限公司及其控股股东、董事被纳入失信被执行人名单的风险提示公告.pdf
2026-03-25 12:56:10,545 [INFO]   [提示] 以下页面疑似扫描件，已跳过：第 [1, 2, 3] 页
2026-03-25 12:56:10,545 [WARNING]   [警告] 文件无可提取文本（可能全为扫描件），跳过。
2026-03-25 12:56:10,545 [INFO]   证券代码:   证券简称:   公告时间: 
2026-03-25 12:56:10,546 [INFO]   未提取到失信被执行人自然人姓名
2026-03-25 12:56:10,546 [INFO]   未提取到案号
2026-03-25 12:56:10,546 [INFO] 
处理文件: 0169_[券商公告]元璋精工长江证券股份有限公司关于苏州元璋精工科技股份有限公司控股股东、实际控制人被纳入失信执行人名单的风险提示公告.pdf
2026-03-25 12:56:10,609 [INFO]   证券代码: 836211  证券简称: 元璋精工，证券代码：836211，  公告时间: 2017年7月4日
2026-03-25 12:56:10,609 [INFO]   失信被执行人（自然人）: 陆俊翼
2026-03-25 12:56:10,609 [INFO]   对应职位: 控股股东
2026-03-25 12:56:10,609 [INFO]   案号: （2017）苏 0114 执 889 号
2026-03-25 12:56:10,609 [INFO] 
处理文件: 0170_[券商公告]东安液压中国中投证券有限责任公司关于哈尔滨东安液压机械股份有限公司实际控制人被纳入失信被执行人名单的风险揭示公告.pdf
2026-03-25 12:56:10,664 [INFO]   证券代码: 430672  证券简称:   公告时间: 2017年3月22日
2026-03-25 12:56:10,664 [INFO]   未提取到失信被执行人自然人姓名
2026-03-25 12:56:10,664 [INFO]   未提取到案号
2026-03-25 12:56:10,664 [INFO] 
处理文件: 0171_[券商公告]金洋新材安信证券股份有限公司关于宜春金洋新材料股份有限公司董事及高级管理人员属于失信联合惩戒对象的风险提示性公告(OCR).pdf
2026-03-25 12:56:10,760 [INFO]   证券代码: 832490  证券简称: 金洋  公告时间: 
2026-03-25 12:56:10,760 [INFO]   失信被执行人（自然人）: 桂贤友，程贤友
2026-03-25 12:56:10,760 [INFO]   对应职位: 董事，总经理
2026-03-25 12:56:10,760 [INFO]   未提取到案号
2026-03-25 12:56:10,760 [INFO] 
处理文件: 0171_[券商公告]金洋新材安信证券股份有限公司关于宜春金洋新材料股份有限公司董事及高级管理人员属于失信联合惩戒对象的风险提示性公告.pdf
2026-03-25 12:56:10,792 [INFO]   [提示] 以下页面疑似扫描件，已跳过：第 [1] 页
2026-03-25 12:56:10,792 [WARNING]   [警告] 文件无可提取文本（可能全为扫描件），跳过。
2026-03-25 12:56:10,792 [INFO]   证券代码:   证券简称:   公告时间: 
2026-03-25 12:56:10,793 [INFO]   未提取到失信被执行人自然人姓名
2026-03-25 12:56:10,793 [INFO]   未提取到案号
2026-03-25 12:56:10,793 [INFO] 
处理文件: 0172_[券商公告]ST东方数天风证券关于ST东方数涉及诉讼、实际控制人被纳入失信被执行人名单及未及时履行信息披露义务等相关事项的风险提示公告.pdf
2026-03-25 12:56:11,008 [INFO]   证券代码: 834207  证券简称: ST东方数，证券代码：834207，以下简称“东方数码”或“公司”）的主  公告时间: 2017年12月26日
2026-03-25 12:56:11,008 [INFO]   失信被执行人（自然人）: 和高级，张友，张友华，徐华
2026-03-25 12:56:11,008 [INFO]   对应职位: 董事，实际控制人，实际控制人，执行董事
2026-03-25 12:56:11,008 [INFO]   案号: (2017)鄂0111执2117号
2026-03-25 12:56:11,008 [INFO] 
处理文件: 0173_[券商公告]白水农夫安信证券股份有限公司关于福建白水农夫农业股份有限公司实际控制人股权被司法冻结及被纳入失信被执行人名单的风险提示公告(OCR).pdf
2026-03-25 12:56:11,165 [INFO]   证券代码:   证券简称:   公告时间: 
2026-03-25 12:56:11,165 [INFO]   失信被执行人（自然人）: 关治德，吴治德，进行
2026-03-25 12:56:11,166 [INFO]   对应职位: 实际控制人，实际控制人，实际控制人
2026-03-25 12:56:11,166 [INFO]   未提取到案号
2026-03-25 12:56:11,166 [INFO] 
处理文件: 0173_[券商公告]白水农夫安信证券股份有限公司关于福建白水农夫农业股份有限公司实际控制人股权被司法冻结及被纳入失信被执行人名单的风险提示公告.pdf
2026-03-25 12:56:11,189 [INFO]   [提示] 以下页面疑似扫描件，已跳过：第 [1, 2] 页
2026-03-25 12:56:11,190 [WARNING]   [警告] 文件无可提取文本（可能全为扫描件），跳过。
2026-03-25 12:56:11,190 [INFO]   证券代码:   证券简称:   公告时间: 
2026-03-25 12:56:11,190 [INFO]   未提取到失信被执行人自然人姓名
2026-03-25 12:56:11,190 [INFO]   未提取到案号
2026-03-25 12:56:11,190 [INFO] 
处理文件: 0174_[券商公告]华中自控万联证券有限责任公司关于武汉华中自控技术发展股份有限公司及其控股股东、实际控制人被纳入失信被执行人名单之风险提示公告.pdf
2026-03-25 12:56:11,283 [INFO]   证券代码:   证券简称:   公告时间: 
2026-03-25 12:56:11,283 [INFO]   未提取到失信被执行人自然人姓名
2026-03-25 12:56:11,283 [INFO]   未提取到案号
2026-03-25 12:56:11,283 [INFO] 
处理文件: 0175_[券商公告]中和医疗恒泰证券股份有限公司关于北京亿邦中和医疗科技股份有限公司控股股东、实际控制人及董事被纳入失信被执行人名单的风险提示公告.pdf
2026-03-25 12:56:11,336 [INFO]   证券代码:   证券简称: 中和医疗，证券代码  公告时间: 2017年9月22日
2026-03-25 12:56:11,336 [INFO]   失信被执行人（自然人）: 和高级，李立，李立及，韩丽丽
2026-03-25 12:56:11,336 [INFO]   对应职位: 董事，控股股东，控股股东，实际控制人
2026-03-25 12:56:11,336 [INFO]   未提取到案号
2026-03-25 12:56:11,336 [INFO] 
处理文件: 0176_[券商公告]安普生物安信证券股份有限公司关于洛阳安普生物科技股份有限公司及其实际控制人被列为失信被执行人、贷款逾期、违规担保等事项的风险提示公告(OCR).pdf
2026-03-25 12:56:11,434 [INFO]   证券代码:   证券简称:   公告时间: 2017年9月8日
2026-03-25 12:56:11,435 [INFO]   失信被执行人（自然人）: 刘志鹏，无法
2026-03-25 12:56:11,435 [INFO]   对应职位: 实际控制人，实际控制人
2026-03-25 12:56:11,435 [INFO]   失信被执行人（公司）: 际控制人及公司
2026-03-25 12:56:11,435 [INFO]   未提取到案号
2026-03-25 12:56:11,435 [INFO] 
处理文件: 0176_[券商公告]安普生物安信证券股份有限公司关于洛阳安普生物科技股份有限公司及其实际控制人被列为失信被执行人、贷款逾期、违规担保等事项的风险提示公告.pdf
2026-03-25 12:56:11,450 [WARNING]   [警告] 文件无可提取文本（可能全为扫描件），跳过。
2026-03-25 12:56:11,450 [INFO]   证券代码:   证券简称:   公告时间: 
2026-03-25 12:56:11,450 [INFO]   未提取到失信被执行人自然人姓名
2026-03-25 12:56:11,450 [INFO]   未提取到案号
2026-03-25 12:56:11,450 [INFO] 
处理文件: 0177_[券商公告]金鼎股份中信建投证券股份有限公司关于天津市金鼎线材制品科技开发股份有限公司控股股东涉及诉讼并被纳入失信被执行人名单的风险提示性公告.pdf
2026-03-25 12:56:11,727 [INFO]   证券代码:   证券简称:   公告时间: 2017年8月15日
2026-03-25 12:56:11,727 [INFO]   未提取到失信被执行人自然人姓名
2026-03-25 12:56:11,727 [INFO]   失信被执行人（公司）: 天津冶金集团有限公司
2026-03-25 12:56:11,727 [INFO]   案号: (2016)京03执837号，(2017)京01执30号，(2016)京03执恢11号
2026-03-25 12:56:11,728 [INFO] 
处理文件: 0178_[券商公告]木村树东兴证券股份有限公司关于宁波木村树鞋业股份有限公司涉及诉讼被纳入失信执行人名单并被采取限制出境、拘留等强制措施的风险揭示性公告.pdf
2026-03-25 12:56:11,824 [INFO]   证券代码: 832845  证券简称:   公告时间: 2017年6月30日
2026-03-25 12:56:11,824 [INFO]   未提取到失信被执行人自然人姓名
2026-03-25 12:56:11,824 [INFO]   失信被执行人（公司）: 被执行人宁波木村树鞋业股份有限公司
2026-03-25 12:56:11,824 [INFO]   未提取到案号
2026-03-25 12:56:11,825 [INFO] 
处理文件: 0179_[券商公告]疆能股份广州证券股份有限公司关于新疆新华能电气股份有限公司及其子公司被纳入失信被执行人名单、关联方资金占用进展情况的风险提示性公告.pdf
2026-03-25 12:56:11,930 [INFO]   证券代码: 831572  证券简称: 疆能股份，证券代码：831572，以下简  公告时间: 2017年6月28日
2026-03-25 12:56:11,930 [INFO]   失信被执行人（自然人）: 王建友
2026-03-25 12:56:11,930 [INFO]   对应职位: 实际控制人
2026-03-25 12:56:11,930 [INFO]   失信被执行人（公司）: 券商发现疆能股份及其子公司
2026-03-25 12:56:11,930 [INFO]   未提取到案号
2026-03-25 12:56:11,930 [INFO] 
处理文件: 0180_[券商公告]ST赛诺达方正证券股份有限公司关于天津市赛诺达智能技术股份有限公司公司被纳入失信执行人名单、不履行信息披露义务的风险提示性公告.pdf
2026-03-25 12:56:12,007 [INFO]   证券代码: 430231  证券简称:   公告时间: 2017年6月19日
2026-03-25 12:56:12,007 [INFO]   未提取到失信被执行人自然人姓名
2026-03-25 12:56:12,007 [INFO]   失信被执行人（公司）: 天津市赛诺达智能技术股份有限公司
2026-03-25 12:56:12,007 [INFO]   案号: (2016)津 0101 执 970 号
2026-03-25 12:56:12,007 [INFO] 
处理文件: 0181_[券商公告]渤海证券股份有限公司关于沈阳天众合金股份有限公司相关董事、高级管理人员被纳入失信被执行人名单、股东股权被司法冻结等事项的风险提示公告.pdf
2026-03-25 12:56:12,179 [INFO]   证券代码:   证券简称:   公告时间: 2017年6月7日
2026-03-25 12:56:12,179 [INFO]   失信被执行人（自然人）: 和高级，张沫，张沫及，张沫系，张连仲，高璟利
2026-03-25 12:56:12,179 [INFO]   对应职位: 董事，董事长，控股股东，董事长，董事，董事
2026-03-25 12:56:12,179 [INFO]   失信被执行人（公司）: 沈阳天众合金股份有限公司
2026-03-25 12:56:12,179 [INFO]   案号: （2017）辽0111 执698号，（2017）辽0111执654号，（2017）辽0111 执699号，（2017）辽0111执698号，（2017）辽0111执699号
2026-03-25 12:56:12,179 [INFO] 
处理文件: 0182_[券商公告]佳瑞高科安信证券股份有限公司关于平顶山佳瑞高科实业股份有限公司股权被司法冻结及实际控制人被纳入失信被执行人名单的风险提示公告(OCR).pdf
2026-03-25 12:56:12,218 [INFO]   证券代码:   证券简称:   公告时间: 2017年2月20日
2026-03-25 12:56:12,218 [INFO]   失信被执行人（自然人）: 谢秋灰
2026-03-25 12:56:12,218 [INFO]   对应职位: 实际控制人
2026-03-25 12:56:12,218 [INFO]   未提取到案号
2026-03-25 12:56:12,218 [INFO] 
处理文件: 0182_[券商公告]佳瑞高科安信证券股份有限公司关于平顶山佳瑞高科实业股份有限公司股权被司法冻结及实际控制人被纳入失信被执行人名单的风险提示公告.pdf
2026-03-25 12:56:12,250 [INFO]   [提示] 以下页面疑似扫描件，已跳过：第 [1, 2] 页
2026-03-25 12:56:12,250 [WARNING]   [警告] 文件无可提取文本（可能全为扫描件），跳过。
2026-03-25 12:56:12,250 [INFO]   证券代码:   证券简称:   公告时间: 
2026-03-25 12:56:12,250 [INFO]   未提取到失信被执行人自然人姓名
2026-03-25 12:56:12,250 [INFO]   未提取到案号
2026-03-25 12:56:12,255 [INFO] 
结果已保存到: D:\This computer\desktop\2017年失信人文件-调试用-扫描件已处理\失信人信息提取结果_完整版.csv
2026-03-25 12:56:12,255 [INFO] 
处理完成！共处理 207 条记录
2026-03-25 12:56:12,255 [INFO] 成功提取失信被执行人姓名: 77 条
2026-03-25 12:56:12,255 [INFO] 成功提取失信被执行人公司: 74 条
2026-03-25 12:56:12,255 [INFO] 成功提取案号: 46 条
2026-03-25 12:56:12,256 [INFO] 
提取到的所有失信被执行人姓名:
2026-03-25 12:56:12,256 [INFO]   万国
2026-03-25 12:56:12,256 [INFO]   任免
2026-03-25 12:56:12,256 [INFO]   任免将
2026-03-25 12:56:12,256 [INFO]   任命
2026-03-25 12:56:12,256 [INFO]   任命及
2026-03-25 12:56:12,256 [INFO]   任期
2026-03-25 12:56:12,256 [INFO]   任职
2026-03-25 12:56:12,256 [INFO]   信用
2026-03-25 12:56:12,256 [INFO]   公可破
2026-03-25 12:56:12,256 [INFO]   关治德
2026-03-25 12:56:12,256 [INFO]   刘志鹏
2026-03-25 12:56:12,256 [INFO]   刘珍华
2026-03-25 12:56:12,256 [INFO]   刘红中
2026-03-25 12:56:12,256 [INFO]   包明
2026-03-25 12:56:12,256 [INFO]   叶东
2026-03-25 12:56:12,256 [INFO]   叶东已
2026-03-25 12:56:12,256 [INFO]   向志军
2026-03-25 12:56:12,256 [INFO]   吴治德
2026-03-25 12:56:12,256 [INFO]   周亚娟
2026-03-25 12:56:12,256 [INFO]   和高级
2026-03-25 12:56:12,257 [INFO]   在平安
2026-03-25 12:56:12,257 [INFO]   孙红州
2026-03-25 12:56:12,257 [INFO]   安轩
2026-03-25 12:56:12,257 [INFO]   宋贵虎
2026-03-25 12:56:12,257 [INFO]   尚未
2026-03-25 12:56:12,257 [INFO]   崔国
2026-03-25 12:56:12,257 [INFO]   崔国玲
2026-03-25 12:56:12,257 [INFO]   庞彩萍
2026-03-25 12:56:12,257 [INFO]   张丽华
2026-03-25 12:56:12,257 [INFO]   张友
2026-03-25 12:56:12,257 [INFO]   张友华
2026-03-25 12:56:12,257 [INFO]   张友秋
2026-03-25 12:56:12,257 [INFO]   张斌
2026-03-25 12:56:12,257 [INFO]   张晓云
2026-03-25 12:56:12,257 [INFO]   张桢
2026-03-25 12:56:12,257 [INFO]   张沫
2026-03-25 12:56:12,257 [INFO]   张沫及
2026-03-25 12:56:12,257 [INFO]   张沫系
2026-03-25 12:56:12,257 [INFO]   张璐
2026-03-25 12:56:12,257 [INFO]   张璐梦
2026-03-25 12:56:12,257 [INFO]   张祯
2026-03-25 12:56:12,257 [INFO]   张立新
2026-03-25 12:56:12,258 [INFO]   张莉雪
2026-03-25 12:56:12,258 [INFO]   张连仲
2026-03-25 12:56:12,258 [INFO]   徐华
2026-03-25 12:56:12,258 [INFO]   徐和贵
2026-03-25 12:56:12,258 [INFO]   徐征
2026-03-25 12:56:12,258 [INFO]   徐耀
2026-03-25 12:56:12,258 [INFO]   徐耀东
2026-03-25 12:56:12,258 [INFO]   成员
2026-03-25 12:56:12,258 [INFO]   成员和
2026-03-25 12:56:12,258 [INFO]   无法
2026-03-25 12:56:12,258 [INFO]   是否
2026-03-25 12:56:12,258 [INFO]   朱力
2026-03-25 12:56:12,258 [INFO]   朱力所
2026-03-25 12:56:12,258 [INFO]   朱天佐
2026-03-25 12:56:12,258 [INFO]   李小红
2026-03-25 12:56:12,258 [INFO]   李立
2026-03-25 12:56:12,258 [INFO]   李立及
2026-03-25 12:56:12,258 [INFO]   杜书铭
2026-03-25 12:56:12,258 [INFO]   杨天岳
2026-03-25 12:56:12,258 [INFO]   桂贤友
2026-03-25 12:56:12,258 [INFO]   毕伍
2026-03-25 12:56:12,259 [INFO]   毕伍振
2026-03-25 12:56:12,259 [INFO]   泰清
2026-03-25 12:56:12,259 [INFO]   王建友
2026-03-25 12:56:12,259 [INFO]   王成群
2026-03-25 12:56:12,259 [INFO]   王明
2026-03-25 12:56:12,259 [INFO]   王明琴
2026-03-25 12:56:12,259 [INFO]   由萨沙
2026-03-25 12:56:12,259 [INFO]   白世洲
2026-03-25 12:56:12,259 [INFO]   程贤友
2026-03-25 12:56:12,259 [INFO]   胡文壶
2026-03-25 12:56:12,259 [INFO]   范立
2026-03-25 12:56:12,259 [INFO]   董秀
2026-03-25 12:56:12,259 [INFO]   董秀华
2026-03-25 12:56:12,259 [INFO]   许志忠
2026-03-25 12:56:12,259 [INFO]   谢宗选
2026-03-25 12:56:12,259 [INFO]   谢秋欣
2026-03-25 12:56:12,259 [INFO]   谢秋灰
2026-03-25 12:56:12,259 [INFO]   赵宁
2026-03-25 12:56:12,259 [INFO]   进行
2026-03-25 12:56:12,259 [INFO]   郭磊
2026-03-25 12:56:12,260 [INFO]   郭钧
2026-03-25 12:56:12,260 [INFO]   郭陶
2026-03-25 12:56:12,260 [INFO]   金体
2026-03-25 12:56:12,260 [INFO]   陆俊翼
2026-03-25 12:56:12,260 [INFO]   陈仁杯
2026-03-25 12:56:12,260 [INFO]   陈洪
2026-03-25 12:56:12,260 [INFO]   陈洪与
2026-03-25 12:56:12,260 [INFO]   雪阳
2026-03-25 12:56:12,260 [INFO]   韩丽丽
2026-03-25 12:56:12,261 [INFO]   马洪麟
2026-03-25 12:56:12,261 [INFO]   高璟利
2026-03-25 12:56:12,261 [INFO]   高飞
2026-03-25 12:56:12,261 [INFO]   黄旭文
2026-03-25 12:56:12,261 [INFO]   黄飞雪
2026-03-25 12:56:12,261 [INFO]   龙锦基
