2026-04-01 11:52:23,641 [INFO] LAC 已加载（NER 姓名识别启用）
2026-04-01 11:52:34,663 [INFO] 加载了 1008 个姓氏
2026-04-01 11:52:34,664 [DEBUG] Building prefix dict from the default dictionary ...
2026-04-01 11:52:35,368 [DEBUG] Dumping model to file cache C:\Users\25485\AppData\Local\Temp\jieba.cache
2026-04-01 11:52:35,410 [DEBUG] Loading model cost 0.745 seconds.
2026-04-01 11:52:35,410 [DEBUG] Prefix dict has been built successfully.
2026-04-01 11:52:35,412 [INFO] jieba 分词已启用（职位粘连修正）
2026-04-01 11:52:35,412 [INFO] LAC NER 已启用（含失信语句姓名识别）
2026-04-01 11:52:35,412 [INFO] 找到 207 个 PDF 文件
2026-04-01 11:52:35,413 [INFO] 
处理文件: 0001_[临时公告]辽宁天佐公司被纳为“失信执行人名单”的公告.pdf
2026-04-01 11:52:35,537 [INFO]   标题结论: 被纳入失信
2026-04-01 11:52:35,537 [INFO]   证券代码: 835519  证券简称: 辽宁天佐  公告时间: 2017年10月26日
2026-04-01 11:52:35,537 [INFO]   未提取到确认姓名
2026-04-01 11:52:35,537 [INFO]   失信被执行人公司: 辽宁天佐羊绒纺织股份有限公司
2026-04-01 11:52:35,537 [INFO]   案号: (2017)冀 0633 执 448 号
2026-04-01 11:52:35,537 [INFO] 
处理文件: 0002_[临时公告]开普勒关于新任董事不属于失信被执行人公告.pdf
2026-04-01 11:52:35,695 [INFO]   标题结论: 未被纳入失信
2026-04-01 11:52:35,695 [INFO]   证券代码: 838302  证券简称: 开普勒  公告时间: 2017年7月18日
2026-04-01 11:52:35,696 [INFO]   确认姓名: 任职，开普勒，董晟，高飞，高飞飞
2026-04-01 11:52:35,696 [INFO]   对应职位: 董事，董事，董事，董事，董事
2026-04-01 11:52:35,696 [INFO] 
处理文件: 0003_[临时公告]利欣制药关于公司曾被纳为失信被执行人的公告.pdf
2026-04-01 11:52:36,078 [INFO]   标题结论: 被纳入失信
2026-04-01 11:52:36,078 [INFO]   证券代码: 834866  证券简称: 利欣制药  公告时间: 2017年12月29日
2026-04-01 11:52:36,079 [INFO]   未提取到确认姓名
2026-04-01 11:52:36,079 [INFO]   失信被执行人公司: 河南利欣制药股份有限公司
2026-04-01 11:52:36,079 [INFO]   案号: (2015)通执字第 03792 号，(2015)通执字第 03800 号，(2016)皖 0304 执 630 号
2026-04-01 11:52:36,079 [INFO] 
处理文件: 0004_[临时公告]鸣利来关于公司被纳入失信被执行人名单的公告.pdf
2026-04-01 11:52:36,355 [INFO]   标题结论: 被纳入失信
2026-04-01 11:52:36,356 [INFO]   证券代码: 833107  证券简称: 鸣利来  公告时间: 2017年10月16日
2026-04-01 11:52:36,356 [INFO]   未提取到确认姓名
2026-04-01 11:52:36,356 [INFO]   失信被执行人公司: 湖北鸣利来冶金机械股份有限公司
2026-04-01 11:52:36,356 [INFO]   案号: （2017）赣 0725 执 83 号
2026-04-01 11:52:36,356 [INFO] 
处理文件: 0005_[临时公告]埃森诺关于公司被纳入失信被执行人名单的公告.pdf
2026-04-01 11:52:36,512 [INFO]   标题结论: 被纳入失信
2026-04-01 11:52:36,513 [INFO]   证券代码: 835467  证券简称: 埃森诺  公告时间: 2017年9月28日
2026-04-01 11:52:36,513 [INFO]   未提取到确认姓名
2026-04-01 11:52:36,513 [INFO]   可疑姓名（待人工核实）: 孙立新
2026-04-01 11:52:36,513 [INFO]   失信被执行人公司: 沈阳埃森诺信息技术股份有限公司
2026-04-01 11:52:36,513 [INFO]   案号: (2017)辽0112执2044号
2026-04-01 11:52:36,513 [INFO] 
处理文件: 0006_[临时公告]斯迈柯关于公司被纳入失信被执行人名单的公告.pdf
2026-04-01 11:52:36,699 [INFO]   标题结论: 被纳入失信
2026-04-01 11:52:36,699 [INFO]   证券代码: 832528  证券简称: 斯迈柯  公告时间: 2017年9月26日
2026-04-01 11:52:36,699 [INFO]   未提取到确认姓名
2026-04-01 11:52:36,699 [INFO] 
处理文件: 0007_[临时公告]一恒贞关于公司被纳为失信被执行人名单的公告.pdf
2026-04-01 11:52:36,852 [INFO]   标题结论: 被纳入失信
2026-04-01 11:52:36,852 [INFO]   证券代码: 833652  证券简称: 一恒贞  公告时间: 2017年6月19日
2026-04-01 11:52:36,852 [INFO]   未提取到确认姓名
2026-04-01 11:52:36,852 [INFO]   可疑姓名（待人工核实）: 伍振，孟俊梅，张燕清
2026-04-01 11:52:36,852 [INFO]   失信被执行人公司: 河南一恒贞珠宝股份有限公司
2026-04-01 11:52:36,852 [INFO]   案号: (2017)豫01执264号，(2017)豫0104执1012号，(2017)豫0103执1309号，(2017)豫0105执3734号
2026-04-01 11:52:36,853 [INFO] 
处理文件: 0008_[临时公告]领先环保关于新任董事不是失信被执行人的公告.pdf
2026-04-01 11:52:36,959 [INFO]   标题结论: 被纳入失信
2026-04-01 11:52:36,959 [INFO]   证券代码: 833439  证券简称: 领先环保  公告时间: 2017年1月6日
2026-04-01 11:52:36,960 [INFO]   确认姓名: 周亚娟
2026-04-01 11:52:36,960 [INFO]   对应职位: 董事
2026-04-01 11:52:36,960 [INFO] 
处理文件: 0009_[临时公告]凤凰电气关于公司被纳入失信被执行人名单的公告.pdf
2026-04-01 11:52:37,180 [INFO]   标题结论: 被纳入失信
2026-04-01 11:52:37,180 [INFO]   证券代码: 838480  证券简称: 凤凰电气  公告时间: 2017年12月27日
2026-04-01 11:52:37,181 [INFO]   未提取到确认姓名
2026-04-01 11:52:37,181 [INFO]   可疑姓名（待人工核实）: 可依
2026-04-01 11:52:37,181 [INFO]   失信被执行人公司: 江苏凤凰电气股份有限公司
2026-04-01 11:52:37,181 [INFO]   案号: (2017)鲁 0306 执 629 号，(2017)苏 1323 执 4695 号，(2017)粤 0183 执 1232 号
2026-04-01 11:52:37,181 [INFO] 
处理文件: 0010_[临时公告]宏力能源关于公司被纳入失信被执行人名单的公告.pdf
2026-04-01 11:52:37,371 [INFO]   标题结论: 被纳入失信
2026-04-01 11:52:37,371 [INFO]   证券代码: 832556  证券简称: 宏力能源  公告时间: 2017年12月11日
2026-04-01 11:52:37,371 [INFO]   未提取到确认姓名
2026-04-01 11:52:37,371 [INFO]   失信被执行人公司: 山东宏力热泵能源股份有限公司
2026-04-01 11:52:37,371 [INFO] 
处理文件: 0011_[临时公告]佳瑞高科公司被纳入失信被执行人名单的公告(补发).pdf
2026-04-01 11:52:37,402 [INFO]   [提示] 以下页面疑似扫描件，已跳过：第 [1, 2, 3, 4] 页
2026-04-01 11:52:37,402 [WARNING]   [警告] 文件无可提取文本（可能全为扫描件），跳过。
2026-04-01 11:52:37,402 [INFO]   标题结论: （未识别）
2026-04-01 11:52:37,402 [INFO]   证券代码:   证券简称:   公告时间: 
2026-04-01 11:52:37,403 [INFO]   未提取到确认姓名
2026-04-01 11:52:37,403 [INFO] 
处理文件: 0011_[临时公告]佳瑞高科公司被纳入失信被执行人名单的公告(补发)_可搜索.pdf
2026-04-01 11:52:37,539 [INFO]   标题结论: 被纳入失信
2026-04-01 11:52:37,539 [INFO]   证券代码:   证券简称:   公告时间: 
2026-04-01 11:52:37,539 [INFO]   未提取到确认姓名
2026-04-01 11:52:37,539 [INFO]   可疑姓名（待人工核实）: 刘东吟，刘东呤，刘东岭，张春旭，王外苏，谢秋欣
2026-04-01 11:52:37,539 [INFO] 
处理文件: 0012_[临时公告]彩通科技关于公司被纳入失信被执行人名单的公告.pdf
2026-04-01 11:52:37,664 [INFO]   标题结论: 被纳入失信
2026-04-01 11:52:37,665 [INFO]   证券代码: 831191  证券简称: 彩通科技  公告时间: 2017年11月16日
2026-04-01 11:52:37,665 [INFO]   未提取到确认姓名
2026-04-01 11:52:37,665 [INFO]   失信被执行人公司: 郑州彩通科技股份有限公司
2026-04-01 11:52:37,665 [INFO]   案号: （2017）豫 0191 执 4994 号
2026-04-01 11:52:37,665 [INFO] 
处理文件: 0013_[临时公告]汉术化学关于公司被纳入失信被执行人名单的公告.pdf
2026-04-01 11:52:37,778 [INFO]   标题结论: 被纳入失信
2026-04-01 11:52:37,778 [INFO]   证券代码: 832829  证券简称: 汉术化学  公告时间: 2017年11月9日
2026-04-01 11:52:37,778 [INFO]   未提取到确认姓名
2026-04-01 11:52:37,778 [INFO]   失信被执行人公司: 西安汉术化学工程股份有限公司
2026-04-01 11:52:37,778 [INFO]   案号: （2017）陕 0113 执 2256 号
2026-04-01 11:52:37,778 [INFO] 
处理文件: 0014_[临时公告]ST丰汇关于公司被纳入失信被执行人名单的公告.pdf
2026-04-01 11:52:37,933 [INFO]   标题结论: 被纳入失信
2026-04-01 11:52:37,933 [INFO]   证券代码: 831364  证券简称: ST丰汇  公告时间: 2017年11月6日
2026-04-01 11:52:37,934 [INFO]   确认姓名: 欧阳春炜
2026-04-01 11:52:37,934 [INFO]   对应职位: （无）
2026-04-01 11:52:37,934 [INFO]   失信被执行人公司: 上海丰汇医学科技股份有限公司
2026-04-01 11:52:37,934 [INFO]   案号: (2017)沪01执966号
2026-04-01 11:52:37,934 [INFO] 
处理文件: 0015_[临时公告]ST中试关于公司被纳入失信被执行人名单的公告.pdf
2026-04-01 11:52:38,124 [INFO]   标题结论: 被纳入失信
2026-04-01 11:52:38,124 [INFO]   证券代码: 430291  证券简称: ST  公告时间: 2017年11月3日
2026-04-01 11:52:38,124 [INFO]   未提取到确认姓名
2026-04-01 11:52:38,124 [INFO]   案号: （2017）鄂 0192 执 11 号，（2017）鄂 0192 执 546 号
2026-04-01 11:52:38,124 [INFO] 
处理文件: 0016_[临时公告]宣爱智能关于公司被纳入失信被执行人名单的公告.pdf
2026-04-01 11:52:38,381 [INFO]   标题结论: 被纳入失信
2026-04-01 11:52:38,381 [INFO]   证券代码:   证券简称:   公告时间: 2017年9月21日
2026-04-01 11:52:38,381 [INFO]   确认姓名: 于晓辉
2026-04-01 11:52:38,381 [INFO]   对应职位: （无）
2026-04-01 11:52:38,381 [INFO]   可疑姓名（待人工核实）: 丁海涛，刁红岩，刘仕化，王晓茜，董易
2026-04-01 11:52:38,381 [INFO]   失信被执行人公司: 北京宣爱智能模拟技术股份有限公司
2026-04-01 11:52:38,382 [INFO]   案号: (2017)京0108执5800号，(2017)京0108执5801号
2026-04-01 11:52:38,382 [INFO] 
处理文件: 0017_[临时公告]宏力能源关于公司被纳入失信被执行人名单的公告.pdf
2026-04-01 11:52:38,609 [INFO]   标题结论: 被纳入失信
2026-04-01 11:52:38,609 [INFO]   证券代码: 832556  证券简称: 宏力能源  公告时间: 2017年9月21日
2026-04-01 11:52:38,609 [INFO]   未提取到确认姓名
2026-04-01 11:52:38,609 [INFO]   失信被执行人公司: 山东宏力热泵能源股份有限公司
2026-04-01 11:52:38,609 [INFO] 
处理文件: 0018_[临时公告]ST丰汇关于公司被纳入失信被执行人名单的公告.pdf
2026-04-01 11:52:38,802 [INFO]   标题结论: 被纳入失信
2026-04-01 11:52:38,803 [INFO]   证券代码: 831364  证券简称: ST丰汇  公告时间: 2017年9月13日
2026-04-01 11:52:38,803 [INFO]   确认姓名: 欧阳春炜，邬城钧
2026-04-01 11:52:38,803 [INFO]   对应职位: ，
2026-04-01 11:52:38,803 [INFO]   失信被执行人公司: 上海丰汇医学科技股份有限公司
2026-04-01 11:52:38,803 [INFO]   案号: (2017)沪01执00125号，(2017)沪0115执3761号
2026-04-01 11:52:38,803 [INFO] 
处理文件: 0019_[临时公告]今鼎股份关于公司被纳为失信被执行人名单的公告.pdf
2026-04-01 11:52:38,962 [INFO]   标题结论: 被纳入失信
2026-04-01 11:52:38,963 [INFO]   证券代码: 839503  证券简称: 今鼎股份  公告时间: 2017年9月1日
2026-04-01 11:52:38,963 [INFO]   未提取到确认姓名
2026-04-01 11:52:38,963 [INFO]   失信被执行人公司: 上海今鼎矿产品股份有限公司
2026-04-01 11:52:38,963 [INFO]   案号: (2017)闽0205执101号
2026-04-01 11:52:38,963 [INFO] 
处理文件: 0020_[临时公告]大众生态关于公司被纳入失信被执行人名单的公告.pdf
2026-04-01 11:52:39,138 [INFO]   标题结论: 被纳入失信
2026-04-01 11:52:39,138 [INFO]   证券代码: 836043  证券简称: 大众生态  公告时间: 2017年8月23日
2026-04-01 11:52:39,138 [INFO]   未提取到确认姓名
2026-04-01 11:52:39,138 [INFO]   失信被执行人公司: 成都大众生态园林股份有限公司
2026-04-01 11:52:39,138 [INFO]   案号: (2017)川 0107 执 4273 号
2026-04-01 11:52:39,139 [INFO] 
处理文件: 0021_[临时公告]凤凰电气关于公司被纳入失信被执行人名单的公告.pdf
2026-04-01 11:52:39,297 [INFO]   标题结论: 被纳入失信
2026-04-01 11:52:39,297 [INFO]   证券代码: 838480  证券简称: 凤凰电气  公告时间: 2017年8月16日
2026-04-01 11:52:39,297 [INFO]   未提取到确认姓名
2026-04-01 11:52:39,297 [INFO]   失信被执行人公司: 江苏凤凰电气股份有限公司
2026-04-01 11:52:39,297 [INFO]   案号: (2017)苏 1081 执 756 号
2026-04-01 11:52:39,297 [INFO] 
处理文件: 0022_[临时公告]欧安电气关于公司被纳入失信被执行人名单的公告.pdf
2026-04-01 11:52:39,451 [INFO]   标题结论: 被纳入失信
2026-04-01 11:52:39,451 [INFO]   证券代码: 831125  证券简称: 欧安电气  公告时间: 2017年7月7日
2026-04-01 11:52:39,451 [INFO]   确认姓名: 杨辉
2026-04-01 11:52:39,451 [INFO]   对应职位: 法定代表人
2026-04-01 11:52:39,451 [INFO]   失信被执行人公司: 湖北欧安电气股份有限公司
2026-04-01 11:52:39,451 [INFO]   案号: (2017)鄂 0111 执 1397 号
2026-04-01 11:52:39,452 [INFO] 
处理文件: 0023_[临时公告]新绿股份关于公司被纳为失信被执行人名单的公告.pdf
2026-04-01 11:52:39,761 [INFO]   标题结论: 被纳入失信
2026-04-01 11:52:39,761 [INFO]   证券代码: 834632  证券简称: 新绿股份  公告时间: 2017年7月3日
2026-04-01 11:52:39,761 [INFO]   未提取到确认姓名
2026-04-01 11:52:39,761 [INFO]   可疑姓名（待人工核实）: 张俪铧
2026-04-01 11:52:39,762 [INFO]   失信被执行人公司: 山东新绿食品股份有限公司
2026-04-01 11:52:39,762 [INFO]   案号: （2016）鲁 1302 号执 4781 号，(2017)京 0106 执 4566 号，（2016）鲁 1302 执 4782 号，（2016）鲁 0831 执 990 号，（2016）鲁 1302 号
2026-04-01 11:52:39,762 [INFO] 
处理文件: 0024_[临时公告]东河股份关于新任监事不属于失信被执行人的公告.pdf
2026-04-01 11:52:39,785 [INFO]   [提示] 以下页面疑似扫描件，已跳过：第 [1, 2] 页
2026-04-01 11:52:39,785 [WARNING]   [警告] 文件无可提取文本（可能全为扫描件），跳过。
2026-04-01 11:52:39,785 [INFO]   标题结论: （未识别）
2026-04-01 11:52:39,786 [INFO]   证券代码:   证券简称:   公告时间: 
2026-04-01 11:52:39,786 [INFO]   未提取到确认姓名
2026-04-01 11:52:39,786 [INFO] 
处理文件: 0024_[临时公告]东河股份关于新任监事不属于失信被执行人的公告_可搜索.pdf
2026-04-01 11:52:39,916 [INFO]   标题结论: （未识别）
2026-04-01 11:52:39,916 [INFO]   证券代码:   证券简称:   公告时间: 
2026-04-01 11:52:39,916 [INFO]   确认姓名: 台仔，法阮，陈仁杯，陈还
2026-04-01 11:52:39,916 [INFO]   对应职位: 监事，，监事，
2026-04-01 11:52:39,916 [INFO] 
处理文件: 0025_[临时公告]ST中试关于公司被纳入失信被执行人名单的公告.pdf
2026-04-01 11:52:40,226 [INFO]   标题结论: 被纳入失信
2026-04-01 11:52:40,226 [INFO]   证券代码: 430291  证券简称: ST中试  公告时间: 2017年5月8日
2026-04-01 11:52:40,226 [INFO]   未提取到确认姓名
2026-04-01 11:52:40,226 [INFO]   可疑姓名（待人工核实）: 周东，罗丹，陈冰
2026-04-01 11:52:40,226 [INFO] 
处理文件: 0026_[临时公告]弘方股份关于公司被纳入失信被执行人名单的公告.pdf
2026-04-01 11:52:40,426 [INFO]   标题结论: 被纳入失信
2026-04-01 11:52:40,426 [INFO]   证券代码: 839235  证券简称: 弘方股份  公告时间: 2017年5月4日
2026-04-01 11:52:40,427 [INFO]   未提取到确认姓名
2026-04-01 11:52:40,427 [INFO] 
处理文件: 0027_[临时公告]易点科技关于公司被纳入失信被执行人名单的公告.pdf
2026-04-01 11:52:40,610 [INFO]   标题结论: 被纳入失信
2026-04-01 11:52:40,610 [INFO]   证券代码: 831679  证券简称: 易点科技  公告时间: 2017年4月25日
2026-04-01 11:52:40,610 [INFO]   未提取到确认姓名
2026-04-01 11:52:40,610 [INFO] 
处理文件: 0028_[临时公告]镭蒙机电关于公司被纳入失信被执行人名单的公告(OCR).pdf
2026-04-01 11:52:40,807 [INFO]   标题结论: 被纳入失信
2026-04-01 11:52:40,809 [INFO]   证券代码:   证券简称:   公告时间: 2017年4月21日
2026-04-01 11:52:40,809 [INFO]   未提取到确认姓名
2026-04-01 11:52:40,809 [INFO] 
处理文件: 0028_[临时公告]镭蒙机电关于公司被纳入失信被执行人名单的公告.pdf
2026-04-01 11:52:40,832 [INFO]   [提示] 以下页面疑似扫描件，已跳过：第 [1, 2, 3] 页
2026-04-01 11:52:40,832 [WARNING]   [警告] 文件无可提取文本（可能全为扫描件），跳过。
2026-04-01 11:52:40,832 [INFO]   标题结论: （未识别）
2026-04-01 11:52:40,832 [INFO]   证券代码:   证券简称:   公告时间: 
2026-04-01 11:52:40,832 [INFO]   未提取到确认姓名
2026-04-01 11:52:40,833 [INFO] 
处理文件: 0029_[临时公告]凤凰电气关于公司被纳入失信被执行人名单的公告.pdf
2026-04-01 11:52:41,013 [INFO]   标题结论: 被纳入失信
2026-04-01 11:52:41,013 [INFO]   证券代码: 838480  证券简称: 凤凰电气  公告时间: 2017年4月5日
2026-04-01 11:52:41,013 [INFO]   未提取到确认姓名
2026-04-01 11:52:41,013 [INFO] 
处理文件: 0030_[临时公告]安普生物关于公司被纳入失信被执行人名单的公告.pdf
2026-04-01 11:52:41,176 [INFO]   标题结论: 被纳入失信
2026-04-01 11:52:41,176 [INFO]   证券代码: 839248  证券简称: 安普生物  公告时间: 2017年2月28日
2026-04-01 11:52:41,176 [INFO]   确认姓名: 刘志鹏，张依忠
2026-04-01 11:52:41,176 [INFO]   对应职位: 控股股东，
2026-04-01 11:52:41,176 [INFO] 
处理文件: 0031_[临时公告]盈美软装关于公司被纳入失信被执行人名单的公告.pdf
2026-04-01 11:52:41,471 [INFO]   标题结论: 被纳入失信
2026-04-01 11:52:41,471 [INFO]   证券代码: 838985  证券简称: 盈美软装  公告时间: 2017年1月20日
2026-04-01 11:52:41,471 [INFO]   未提取到确认姓名
2026-04-01 11:52:41,471 [INFO] 
处理文件: 0032_[临时公告]博汇股份关于公司被纳入失信被执行人名单的公告.pdf
2026-04-01 11:52:41,706 [INFO]   标题结论: 被纳入失信
2026-04-01 11:52:41,707 [INFO]   证券代码: 831213  证券简称: 博汇股份  公告时间: 2017年1月6日
2026-04-01 11:52:41,707 [INFO]   未提取到确认姓名
2026-04-01 11:52:41,707 [INFO] 
处理文件: 0033_[临时公告]ST一恒贞关于公司被纳为失信被执行人名单的公告.pdf
2026-04-01 11:52:41,828 [INFO]   标题结论: 被纳入失信
2026-04-01 11:52:41,828 [INFO]   证券代码: 833652  证券简称: 一恒贞  公告时间: 2017年12月18日
2026-04-01 11:52:41,828 [INFO]   未提取到确认姓名
2026-04-01 11:52:41,828 [INFO]   失信被执行人公司: 河南一恒贞珠宝股份有限公司
2026-04-01 11:52:41,828 [INFO]   案号: (2017)豫1624执1457号
2026-04-01 11:52:41,828 [INFO] 
处理文件: 0034_[临时公告]鸣利来关于法院撤消公司被纳入失信执行名单的公告.pdf
2026-04-01 11:52:41,969 [INFO]   标题结论: 被纳入失信
2026-04-01 11:52:41,969 [INFO]   证券代码: 833107  证券简称: 鸣利来  公告时间: 2017年11月30日
2026-04-01 11:52:41,969 [INFO]   未提取到确认姓名
2026-04-01 11:52:41,969 [INFO]   失信被执行人公司: 关于法院已撤销公司，法院已撤销公司
2026-04-01 11:52:41,969 [INFO] 
处理文件: 0035_[临时公告]今鼎股份关于公司已被撤销失信被执行人名单的公告.pdf
2026-04-01 11:52:42,037 [INFO]   标题结论: 未被纳入失信
2026-04-01 11:52:42,037 [INFO]   证券代码: 839503  证券简称: 今鼎股份  公告时间: 2017年9月13日
2026-04-01 11:52:42,038 [INFO]   未提取到确认姓名
2026-04-01 11:52:42,038 [INFO] 
处理文件: 0036_[临时公告]大众生态关于公司从失信被执行人名单中撤销的公告.pdf
2026-04-01 11:52:42,400 [INFO]   标题结论: 被纳入失信
2026-04-01 11:52:42,401 [INFO]   证券代码: 836043  证券简称: 大众生态  公告时间: 2017年9月4日
2026-04-01 11:52:42,401 [INFO]   确认姓名: 严文富，淡国贤，郑福华
2026-04-01 11:52:42,401 [INFO]   对应职位: ，，
2026-04-01 11:52:42,401 [INFO]   可疑姓名（待人工核实）: 伍仟，郭福昌
2026-04-01 11:52:42,401 [INFO]   失信被执行人公司: 成都大众生态园林股份有限公司
2026-04-01 11:52:42,401 [INFO]   案号: (2016)川 0115 执 1162 号，(2016)川 0115 执 1161 号，(2016)川 0115 执 1160 号，(2016)川 0115 执 1155 号，(2016)川 0115 执 1156 号
2026-04-01 11:52:42,401 [INFO] 
处理文件: 0037_[临时公告]瑞孚净化关于公司从失信被执行人名单中撤销的公告.pdf
2026-04-01 11:52:42,548 [INFO]   标题结论: 被纳入失信
2026-04-01 11:52:42,548 [INFO]   证券代码: 836087  证券简称: 瑞孚净化  公告时间: 2017年9月1日
2026-04-01 11:52:42,548 [INFO]   未提取到确认姓名
2026-04-01 11:52:42,548 [INFO]   可疑姓名（待人工核实）: 冯峡
2026-04-01 11:52:42,548 [INFO]   失信被执行人公司: 郑州瑞孚净化股份有限公司
2026-04-01 11:52:42,548 [INFO] 
处理文件: 0038_[临时公告]大众生态关于公司从失信被执行人名单中撤销的公告.pdf
2026-04-01 11:52:42,664 [INFO]   标题结论: 被纳入失信
2026-04-01 11:52:42,664 [INFO]   证券代码: 836043  证券简称: 大众生态  公告时间: 2017年8月25日
2026-04-01 11:52:42,664 [INFO]   未提取到确认姓名
2026-04-01 11:52:42,664 [INFO] 
处理文件: 0039_[临时公告]ST鑫秋关于公司、张友秋被列入失信被执行人的公告.pdf
2026-04-01 11:52:42,722 [INFO]   标题结论: 被纳入失信
2026-04-01 11:52:42,723 [INFO]   证券代码: 832268  证券简称: ST  公告时间: 2017年8月14日
2026-04-01 11:52:42,723 [INFO]   确认姓名: 张友秋
2026-04-01 11:52:42,723 [INFO]   对应职位: 董事
2026-04-01 11:52:42,723 [INFO] 
处理文件: 0040_[临时公告]欧安电气关于公司从失信被执行人名单中撤销的公告.pdf
2026-04-01 11:52:42,834 [INFO]   标题结论: 被纳入失信
2026-04-01 11:52:42,834 [INFO]   证券代码: 831125  证券简称: 欧安电气  公告时间: 2017年8月9日
2026-04-01 11:52:42,834 [INFO]   未提取到确认姓名
2026-04-01 11:52:42,834 [INFO] 
处理文件: 0041_[临时公告]华中自控关于公司被纳入失信执行人名单的公告(补发).pdf
2026-04-01 11:52:43,024 [INFO]   标题结论: 被纳入失信
2026-04-01 11:52:43,024 [INFO]   证券代码: 837140  证券简称: 华中自控  公告时间: 2017年5月9日
2026-04-01 11:52:43,024 [INFO]   未提取到确认姓名
2026-04-01 11:52:43,024 [INFO]   失信被执行人公司: 日系统公布公司
2026-04-01 11:52:43,024 [INFO] 
处理文件: 0042_[临时公告]华中自控关于公司被纳入失信执行人名单的公告说明.pdf
2026-04-01 11:52:43,182 [INFO]   标题结论: 被纳入失信
2026-04-01 11:52:43,182 [INFO]   证券代码: 837140  证券简称: 华中自控  公告时间: 2017年5月9日
2026-04-01 11:52:43,182 [INFO]   未提取到确认姓名
2026-04-01 11:52:43,182 [INFO]   失信被执行人公司: 关于补发公司
2026-04-01 11:52:43,182 [INFO] 
处理文件: 0043_[临时公告]华盛控股关于公司董事被纳为失信被执行人名单的公告.pdf
2026-04-01 11:52:43,352 [INFO]   标题结论: 被纳入失信
2026-04-01 11:52:43,352 [INFO]   证券代码: 430686  证券简称: 华盛控股  公告时间: 2017年12月6日
2026-04-01 11:52:43,352 [INFO]   确认姓名: 董秀华
2026-04-01 11:52:43,352 [INFO]   对应职位: 董事
2026-04-01 11:52:43,352 [INFO]   可疑姓名（待人工核实）: 王成华，盛义良，董舒玉
2026-04-01 11:52:43,352 [INFO]   案号: (2017)皖 1103 执 63 号
2026-04-01 11:52:43,352 [INFO] 
处理文件: 0044_[临时公告]天线宝宝关于公司被纳入失信被执行人名单的公告(补发).pdf
2026-04-01 11:52:43,500 [INFO]   标题结论: 被纳入失信
2026-04-01 11:52:43,501 [INFO]   证券代码: 834580  证券简称: 天线宝宝  公告时间: 2017年12月5日
2026-04-01 11:52:43,501 [INFO]   未提取到确认姓名
2026-04-01 11:52:43,501 [INFO]   失信被执行人公司: 福建天线宝宝食品股份有限公司
2026-04-01 11:52:43,501 [INFO]   案号: （2017）闽 0581 执 4394 号
2026-04-01 11:52:43,501 [INFO] 
处理文件: 0045_[临时公告]三重股份关于公司被纳入失信被执行人名单的公告(补发).pdf
2026-04-01 11:52:43,677 [INFO]   标题结论: 被纳入失信
2026-04-01 11:52:43,677 [INFO]   证券代码: 831411  证券简称: 三重股份  公告时间: 2017年12月5日
2026-04-01 11:52:43,678 [INFO]   未提取到确认姓名
2026-04-01 11:52:43,678 [INFO]   失信被执行人公司: 烟台三重技术股份有限公司
2026-04-01 11:52:43,678 [INFO]   案号: （2017）鲁 0602 执 2117 号
2026-04-01 11:52:43,678 [INFO] 
处理文件: 0046_[临时公告]疆能股份关于公司被纳入失信被执行人名单的公告 (补发).pdf
2026-04-01 11:52:44,051 [INFO]   标题结论: 被纳入失信
2026-04-01 11:52:44,051 [INFO]   证券代码: 831572  证券简称: 疆能股份  公告时间: 2017年12月5日
2026-04-01 11:52:44,051 [INFO]   未提取到确认姓名
2026-04-01 11:52:44,051 [INFO]   失信被执行人公司: 新疆新华能电气股份有限公司
2026-04-01 11:52:44,051 [INFO]   案号: （2017）沪 0120 执 5161 号，（2017）辽 0214 执 2268 号，（2017）新 2301 执 1471 号，（2017）新 2301 执 1414 号，（2017）新 2301 执 2075 号
2026-04-01 11:52:44,052 [INFO] 
处理文件: 0047_[临时公告]三重股份关于公司被纳入失信被执行人名单的公告(补发).pdf
2026-04-01 11:52:44,186 [INFO]   标题结论: 被纳入失信
2026-04-01 11:52:44,186 [INFO]   证券代码: 831411  证券简称: 三重股份  公告时间: 2017年8月2日
2026-04-01 11:52:44,186 [INFO]   未提取到确认姓名
2026-04-01 11:52:44,186 [INFO]   失信被执行人公司: 烟台三重技术股份有限公司
2026-04-01 11:52:44,186 [INFO]   案号: （2017）鲁 0602 执 987 号
2026-04-01 11:52:44,186 [INFO] 
处理文件: 0048_[临时公告]疆能股份关于公司被纳入失信被执行人名单的公告(补发)(OCR).pdf
2026-04-01 11:52:44,368 [INFO]   标题结论: （未识别）
2026-04-01 11:52:44,368 [INFO]   证券代码:   证券简称:   公告时间: 
2026-04-01 11:52:44,368 [INFO]   未提取到确认姓名
2026-04-01 11:52:44,368 [INFO] 
处理文件: 0048_[临时公告]疆能股份关于公司被纳入失信被执行人名单的公告(补发).pdf
2026-04-01 11:52:44,398 [INFO]   [提示] 以下页面疑似扫描件，已跳过：第 [1, 2, 3, 4] 页
2026-04-01 11:52:44,398 [WARNING]   [警告] 文件无可提取文本（可能全为扫描件），跳过。
2026-04-01 11:52:44,398 [INFO]   标题结论: （未识别）
2026-04-01 11:52:44,398 [INFO]   证券代码:   证券简称:   公告时间: 
2026-04-01 11:52:44,398 [INFO]   未提取到确认姓名
2026-04-01 11:52:44,398 [INFO] 
处理文件: 0049_[临时公告]长宝科技关于公司被纳入失信被执行人名单的公告(补发)(OCR).pdf
2026-04-01 11:52:44,576 [INFO]   标题结论: 被纳入失信
2026-04-01 11:52:44,576 [INFO]   证券代码:   证券简称:   公告时间: 
2026-04-01 11:52:44,576 [INFO]   确认姓名: 公可破
2026-04-01 11:52:44,576 [INFO]   对应职位: （无）
2026-04-01 11:52:44,576 [INFO]   可疑姓名（待人工核实）: 阮天
2026-04-01 11:52:44,576 [INFO] 
处理文件: 0049_[临时公告]长宝科技关于公司被纳入失信被执行人名单的公告(补发).pdf
2026-04-01 11:52:44,683 [INFO]   [提示] 以下页面疑似扫描件，已跳过：第 [1, 2] 页
2026-04-01 11:52:44,683 [WARNING]   [警告] 文件无可提取文本（可能全为扫描件），跳过。
2026-04-01 11:52:44,683 [INFO]   标题结论: （未识别）
2026-04-01 11:52:44,683 [INFO]   证券代码:   证券简称:   公告时间: 
2026-04-01 11:52:44,683 [INFO]   未提取到确认姓名
2026-04-01 11:52:44,683 [INFO] 
处理文件: 0050_[临时公告]物华股份关于公司被纳为失信被执行人名单的公告(补发).pdf
2026-04-01 11:52:44,866 [INFO]   标题结论: 被纳入失信
2026-04-01 11:52:44,867 [INFO]   证券代码: 835224  证券简称: 物华股份  公告时间: 2017年6月29日
2026-04-01 11:52:44,867 [INFO]   未提取到确认姓名
2026-04-01 11:52:44,867 [INFO]   失信被执行人公司: 河北物华循环资源股份有限公司
2026-04-01 11:52:44,867 [INFO]   案号: (2017)津 02 执 264 号
2026-04-01 11:52:44,867 [INFO] 
处理文件: 0051_[临时公告]国龙医疗关于新任董事、监事不属于失信被执行人的公告.pdf
2026-04-01 11:52:44,934 [INFO]   [提示] 以下页面疑似扫描件，已跳过：第 [1, 2] 页
2026-04-01 11:52:44,934 [WARNING]   [警告] 文件无可提取文本（可能全为扫描件），跳过。
2026-04-01 11:52:44,934 [INFO]   标题结论: （未识别）
2026-04-01 11:52:44,935 [INFO]   证券代码:   证券简称:   公告时间: 
2026-04-01 11:52:44,935 [INFO]   未提取到确认姓名
2026-04-01 11:52:44,935 [INFO] 
处理文件: 0052_[临时公告]润港林业关于公司被纳入失信被执行人名单的公告(补发).pdf
2026-04-01 11:52:45,144 [INFO]   标题结论: 被纳入失信
2026-04-01 11:52:45,144 [INFO]   证券代码: 832438  证券简称: 润港林业  公告时间: 2017年6月15日
2026-04-01 11:52:45,144 [INFO]   未提取到确认姓名
2026-04-01 11:52:45,144 [INFO]   可疑姓名（待人工核实）: 卜业观
2026-04-01 11:52:45,144 [INFO] 
处理文件: 0053_[临时公告]至诚复材关于控股股东被纳入失信被执行人名单的公告.pdf
2026-04-01 11:52:45,332 [INFO]   标题结论: 被纳入失信
2026-04-01 11:52:45,332 [INFO]   证券代码: 837851  证券简称: 至诚复材  公告时间: 2017年4月6日
2026-04-01 11:52:45,332 [INFO]   未提取到确认姓名
2026-04-01 11:52:45,332 [INFO]   可疑姓名（待人工核实）: 吴文华，杜建国，邱世清
2026-04-01 11:52:45,332 [INFO] 
处理文件: 0054_[临时公告]莱泰园林关于公司被纳入失信被执行人名单的公告(补发).pdf
2026-04-01 11:52:45,548 [INFO]   标题结论: 被纳入失信
2026-04-01 11:52:45,548 [INFO]   证券代码: 837673  证券简称: 莱泰园林  公告时间: 2017年3月28日
2026-04-01 11:52:45,548 [INFO]   确认姓名: 李江元
2026-04-01 11:52:45,548 [INFO]   对应职位: （无）
2026-04-01 11:52:45,548 [INFO] 
处理文件: 0055_[临时公告]华盛控股关于公司董事已被撤销失信被执行人名单的公告.pdf
2026-04-01 11:52:45,651 [INFO]   标题结论: 未被纳入失信
2026-04-01 11:52:45,652 [INFO]   证券代码: 430686  证券简称: 华盛控股  公告时间: 2017年12月11日
2026-04-01 11:52:45,652 [INFO]   确认姓名: 董秀，董秀华
2026-04-01 11:52:45,652 [INFO]   对应职位: 董事，董事
2026-04-01 11:52:45,652 [INFO] 
处理文件: 0056_[临时公告]元亨利关于公司再次被纳入失信被执行人名单的公告(补发).pdf
2026-04-01 11:52:45,884 [INFO]   标题结论: 被纳入失信
2026-04-01 11:52:45,884 [INFO]   证券代码: 838832  证券简称: 元亨利  公告时间: 2017年9月13日
2026-04-01 11:52:45,884 [INFO]   确认姓名: 谢宗选
2026-04-01 11:52:45,884 [INFO]   对应职位: 控股股东
2026-04-01 11:52:45,884 [INFO]   可疑姓名（待人工核实）: 元亨
2026-04-01 11:52:45,884 [INFO] 
处理文件: 0057_[临时公告]安阳机床关于全资子公司被纳入失信被执行人名单的公告.pdf
2026-04-01 11:52:46,074 [INFO]   标题结论: 被纳入失信
2026-04-01 11:52:46,074 [INFO]   证券代码: 831577  证券简称: 安阳机床  公告时间: 2017年8月22日
2026-04-01 11:52:46,074 [INFO]   未提取到确认姓名
2026-04-01 11:52:46,074 [INFO]   失信被执行人公司: 关于全资子公司，安阳盛隆铸造有限公司
2026-04-01 11:52:46,075 [INFO]   案号: （2017）豫 0506 执 130 号
2026-04-01 11:52:46,075 [INFO] 
处理文件: 0058_[临时公告]长宝科技关于补发公司被纳入失信执行人名单的声明公告(OCR).pdf
2026-04-01 11:52:46,177 [INFO]   标题结论: 被纳入失信
2026-04-01 11:52:46,177 [INFO]   证券代码:   证券简称:   公告时间: 
2026-04-01 11:52:46,177 [INFO]   未提取到确认姓名
2026-04-01 11:52:46,178 [INFO]   可疑姓名（待人工核实）: 信恩
2026-04-01 11:52:46,178 [INFO]   失信被执行人公司: 关于补发公司，该事项发生后应及时披露关于公司
2026-04-01 11:52:46,178 [INFO] 
处理文件: 0058_[临时公告]长宝科技关于补发公司被纳入失信执行人名单的声明公告.pdf
2026-04-01 11:52:46,201 [INFO]   [提示] 以下页面疑似扫描件，已跳过：第 [1, 2] 页
2026-04-01 11:52:46,202 [WARNING]   [警告] 文件无可提取文本（可能全为扫描件），跳过。
2026-04-01 11:52:46,202 [INFO]   标题结论: （未识别）
2026-04-01 11:52:46,202 [INFO]   证券代码:   证券简称:   公告时间: 
2026-04-01 11:52:46,202 [INFO]   未提取到确认姓名
2026-04-01 11:52:46,202 [INFO] 
处理文件: 0059_[临时公告]德业变频关于新任高级管理人员不属于失信被执行人公告.pdf
2026-04-01 11:52:46,346 [INFO]   标题结论: 未被纳入失信
2026-04-01 11:52:46,346 [INFO]   证券代码: 832525  证券简称: 德业变频  公告时间: 2017年6月15日
2026-04-01 11:52:46,346 [INFO]   确认姓名: 张璐，张璐梦
2026-04-01 11:52:46,346 [INFO]   对应职位: 总经理，总经理
2026-04-01 11:52:46,346 [INFO] 
处理文件: 0060_[临时公告]莱泰园林关于公司已被撤销纳入失信被执行人名单的公告.pdf
2026-04-01 11:52:46,499 [INFO]   标题结论: 被纳入失信
2026-04-01 11:52:46,499 [INFO]   证券代码: 837673  证券简称: 莱泰园林  公告时间: 2017年4月5日
2026-04-01 11:52:46,499 [INFO]   未提取到确认姓名
2026-04-01 11:52:46,499 [INFO]   可疑姓名（待人工核实）: 李江元
2026-04-01 11:52:46,499 [INFO]   失信被执行人公司: 法院已撤销公司
2026-04-01 11:52:46,499 [INFO] 
处理文件: 0061_[临时公告]博汇股份关于公司已被撤销纳入失信被执行人名单的公告.pdf
2026-04-01 11:52:46,634 [INFO]   标题结论: 被纳入失信
2026-04-01 11:52:46,634 [INFO]   证券代码: 831213  证券简称: 博汇股份  公告时间: 2017年1月12日
2026-04-01 11:52:46,634 [INFO]   未提取到确认姓名
2026-04-01 11:52:46,634 [INFO]   失信被执行人公司: 法院已撤销公司
2026-04-01 11:52:46,634 [INFO] 
处理文件: 0062_[临时公告]许继配电关于公司被纳入失信被执行人名单及进展的公告(补发).pdf
2026-04-01 11:52:46,813 [INFO]   标题结论: 被纳入失信
2026-04-01 11:52:46,813 [INFO]   证券代码: 839205  证券简称: 许继配电  公告时间: 2017年12月11日
2026-04-01 11:52:46,813 [INFO]   未提取到确认姓名
2026-04-01 11:52:46,813 [INFO]   可疑姓名（待人工核实）: 何书堂，何文昭，何雨川，张瑞花，许继，魏北
2026-04-01 11:52:46,813 [INFO] 
处理文件: 0063_[临时公告]天线宝宝关于补发公司被纳入失信被执行人名单的声明公告.pdf
2026-04-01 11:52:46,970 [INFO]   标题结论: 被纳入失信
2026-04-01 11:52:46,970 [INFO]   证券代码: 834580  证券简称: 天线宝宝  公告时间: 2017年12月5日
2026-04-01 11:52:46,970 [INFO]   未提取到确认姓名
2026-04-01 11:52:46,971 [INFO]   失信被执行人公司: 关于补发公司
2026-04-01 11:52:46,971 [INFO] 
处理文件: 0064_[临时公告]三重股份关于补发公司被纳入失信被执行人名单的声明公告.pdf
2026-04-01 11:52:47,109 [INFO]   标题结论: 被纳入失信
2026-04-01 11:52:47,109 [INFO]   证券代码: 831411  证券简称: 三重股份  公告时间: 2017年12月5日
2026-04-01 11:52:47,109 [INFO]   未提取到确认姓名
2026-04-01 11:52:47,109 [INFO]   失信被执行人公司: 关于补发公司
2026-04-01 11:52:47,109 [INFO] 
处理文件: 0065_[临时公告]疆能股份关于补发公司被纳入失信被执行人名单的声明公告.pdf
2026-04-01 11:52:47,241 [INFO]   标题结论: 被纳入失信
2026-04-01 11:52:47,241 [INFO]   证券代码: 831572  证券简称: 疆能股份  公告时间: 2017年12月5日
2026-04-01 11:52:47,241 [INFO]   未提取到确认姓名
2026-04-01 11:52:47,241 [INFO]   失信被执行人公司: 关于补发公司
2026-04-01 11:52:47,241 [INFO] 
处理文件: 0066_[临时公告]大宏智能关于公司董事被纳为失信被执行人名单的公告(补发)(OCR).pdf
2026-04-01 11:52:47,450 [INFO]   标题结论: 被纳入失信
2026-04-01 11:52:47,450 [INFO]   证券代码:   证券简称:   公告时间: 
2026-04-01 11:52:47,450 [INFO]   确认姓名: 向志军
2026-04-01 11:52:47,450 [INFO]   对应职位: 董事
2026-04-01 11:52:47,450 [INFO]   可疑姓名（待人工核实）: 利恩
2026-04-01 11:52:47,450 [INFO]   案号: (2017)郭1002执636号
2026-04-01 11:52:47,450 [INFO] 
处理文件: 0066_[临时公告]大宏智能关于公司董事被纳为失信被执行人名单的公告(补发).pdf
2026-04-01 11:52:47,494 [INFO]   [提示] 以下页面疑似扫描件，已跳过：第 [1, 2, 3, 4] 页
2026-04-01 11:52:47,494 [WARNING]   [警告] 文件无可提取文本（可能全为扫描件），跳过。
2026-04-01 11:52:47,494 [INFO]   标题结论: （未识别）
2026-04-01 11:52:47,494 [INFO]   证券代码:   证券简称:   公告时间: 
2026-04-01 11:52:47,494 [INFO]   未提取到确认姓名
2026-04-01 11:52:47,494 [INFO] 
处理文件: 0067_[临时公告]郑州远见关于公司及董事长被纳入为失信被执行人名单的公告.pdf
2026-04-01 11:52:47,786 [INFO]   标题结论: 被纳入失信
2026-04-01 11:52:47,786 [INFO]   证券代码: 832183  证券简称: 郑州远见  公告时间: 2017年10月17日
2026-04-01 11:52:47,786 [INFO]   确认姓名: 孙红州
2026-04-01 11:52:47,786 [INFO]   对应职位: 法定代表人
2026-04-01 11:52:47,786 [INFO]   失信被执行人公司: 郑州远见安全装备股份有限公司
2026-04-01 11:52:47,786 [INFO]   案号: (2017)豫0183执1775号，(2016)豫0183执3222号
2026-04-01 11:52:47,786 [INFO] 
处理文件: 0068_[临时公告]贵之步关于公司被纳入失信被执行人名单及进展的公告(补发).pdf
2026-04-01 11:52:47,964 [INFO]   标题结论: 被纳入失信
2026-04-01 11:52:47,964 [INFO]   证券代码: 833789  证券简称: 贵之步  公告时间: 2017年10月10日
2026-04-01 11:52:47,964 [INFO]   未提取到确认姓名
2026-04-01 11:52:47,964 [INFO]   可疑姓名（待人工核实）: 韩红，韩红于
2026-04-01 11:52:47,964 [INFO] 
处理文件: 0069_[临时公告]斯迈柯关于法院已撤销公司被纳入失信被执行人名单的公告.pdf
2026-04-01 11:52:48,073 [INFO]   标题结论: 被纳入失信
2026-04-01 11:52:48,073 [INFO]   证券代码: 832528  证券简称: 斯迈柯  公告时间: 2017年10月10日
2026-04-01 11:52:48,073 [INFO]   未提取到确认姓名
2026-04-01 11:52:48,073 [INFO]   失信被执行人公司: 关于法院已撤销公司，院已撤销公司
2026-04-01 11:52:48,073 [INFO] 
处理文件: 0070_[临时公告]凤凰电气关于法院已撤销公司被纳入失信被执行人名单的公告.pdf
2026-04-01 11:52:48,139 [INFO]   标题结论: 被纳入失信
2026-04-01 11:52:48,139 [INFO]   证券代码: 838480  证券简称: 凤凰电气  公告时间: 2017年9月13日
2026-04-01 11:52:48,139 [INFO]   未提取到确认姓名
2026-04-01 11:52:48,139 [INFO]   失信被执行人公司: 关于法院已撤销公司
2026-04-01 11:52:48,139 [INFO] 
处理文件: 0071_[临时公告]银都传媒关于公司、关杭军、李文被列入失信联合惩戒对象的公告(OCR).pdf
2026-04-01 11:52:48,299 [INFO]   标题结论: （未识别）
2026-04-01 11:52:48,300 [INFO]   证券代码:   证券简称:   公告时间: 
2026-04-01 11:52:48,300 [INFO]   未提取到确认姓名
2026-04-01 11:52:48,300 [INFO] 
处理文件: 0071_[临时公告]银都传媒关于公司、关杭军、李文被列入失信联合惩戒对象的公告.pdf
2026-04-01 11:52:48,351 [INFO]   标题结论: 被纳入失信
2026-04-01 11:52:48,351 [INFO]   证券代码:   证券简称: 银都传媒  公告时间: 
2026-04-01 11:52:48,351 [INFO]   未提取到确认姓名
2026-04-01 11:52:48,352 [INFO]   可疑姓名（待人工核实）: 李文
2026-04-01 11:52:48,352 [INFO] 
处理文件: 0072_[临时公告]三重股份关于补发公司被纳入失信被执行人名单的声明公告.pdf
2026-04-01 11:52:48,458 [INFO]   标题结论: 被纳入失信
2026-04-01 11:52:48,458 [INFO]   证券代码: 831411  证券简称: 三重股份  公告时间: 2017年8月2日
2026-04-01 11:52:48,459 [INFO]   未提取到确认姓名
2026-04-01 11:52:48,459 [INFO]   失信被执行人公司: 关于补发公司
2026-04-01 11:52:48,459 [INFO] 
处理文件: 0073_[临时公告]疆能股份关于补发公司被纳入失信被执行人名单的声明公告.pdf
2026-04-01 11:52:48,526 [INFO]   [提示] 以下页面疑似扫描件，已跳过：第 [1, 2] 页
2026-04-01 11:52:48,527 [WARNING]   [警告] 文件无可提取文本（可能全为扫描件），跳过。
2026-04-01 11:52:48,527 [INFO]   标题结论: （未识别）
2026-04-01 11:52:48,527 [INFO]   证券代码:   证券简称:   公告时间: 
2026-04-01 11:52:48,527 [INFO]   未提取到确认姓名
2026-04-01 11:52:48,527 [INFO] 
处理文件: 0073_[临时公告]疆能股份关于补发公司被纳入失信被执行人名单的声明公告_可搜索.pdf
2026-04-01 11:52:48,650 [INFO]   标题结论: （未识别）
2026-04-01 11:52:48,650 [INFO]   证券代码:   证券简称:   公告时间: 
2026-04-01 11:52:48,650 [INFO]   未提取到确认姓名
2026-04-01 11:52:48,650 [INFO] 
处理文件: 0074_[临时公告]ST泰壹关于公司及董事长被纳入为失信被执行人名单的公告.pdf
2026-04-01 11:52:48,859 [INFO]   标题结论: 被纳入失信
2026-04-01 11:52:48,859 [INFO]   证券代码: 835986  证券简称: ST泰壹  公告时间: 2017年7月17日
2026-04-01 11:52:48,859 [INFO]   确认姓名: 张小满，张莉雪
2026-04-01 11:52:48,859 [INFO]   对应职位: 法定代表人，
2026-04-01 11:52:48,859 [INFO]   失信被执行人公司: 重庆泰壹环保新能源开发股份有限公司
2026-04-01 11:52:48,859 [INFO]   案号: (2017)渝0105执4101号
2026-04-01 11:52:48,859 [INFO] 
处理文件: 0075_[临时公告]山东开泰关于公司控股股东被纳入失信被执行人名单的公告.pdf
2026-04-01 11:52:49,134 [INFO]   标题结论: 被纳入失信
2026-04-01 11:52:49,134 [INFO]   证券代码: 832846  证券简称: 山东开泰  公告时间: 2017年7月4日
2026-04-01 11:52:49,134 [INFO]   未提取到确认姓名
2026-04-01 11:52:49,135 [INFO] 
处理文件: 0076_[临时公告]宁宇科技关于新任高管不为失信联合惩戒对象的补充说明公告.pdf
2026-04-01 11:52:49,222 [INFO]   标题结论: 被纳入失信
2026-04-01 11:52:49,222 [INFO]   证券代码: 833927  证券简称: 宁宇科技  公告时间: 2017年6月30日
2026-04-01 11:52:49,222 [INFO]   确认姓名: 李大明，李小红，龙锦基
2026-04-01 11:52:49,222 [INFO]   对应职位: 秘书，董事，董事
2026-04-01 11:52:49,222 [INFO] 
处理文件: 0077_[临时公告]唯优传媒关于新任高管不为失信联合惩戒对象的补充说明公告.pdf
2026-04-01 11:52:49,340 [INFO]   标题结论: 被纳入失信
2026-04-01 11:52:49,341 [INFO]   证券代码: 835488  证券简称: 唯优传媒  公告时间: 2017年6月20日
2026-04-01 11:52:49,341 [INFO]   确认姓名: 万国，毛悦
2026-04-01 11:52:49,341 [INFO]   对应职位: 董事，秘书
2026-04-01 11:52:49,341 [INFO] 
处理文件: 0078_[临时公告]易点科技关于法院已撤销公司被纳入失信被执行人名单的公告.pdf
2026-04-01 11:52:49,441 [INFO]   标题结论: 被纳入失信
2026-04-01 11:52:49,441 [INFO]   证券代码: 831679  证券简称: 易点科技  公告时间: 2017年5月26日
2026-04-01 11:52:49,441 [INFO]   未提取到确认姓名
2026-04-01 11:52:49,441 [INFO]   失信被执行人公司: 关于法院已撤销公司，截至本公告日法院已撤销公司
2026-04-01 11:52:49,441 [INFO] 
处理文件: 0079_[临时公告]凤凰电气关于法院已撤销公司被纳入失信被执行人名单的公告.pdf
2026-04-01 11:52:49,532 [INFO]   标题结论: 被纳入失信
2026-04-01 11:52:49,533 [INFO]   证券代码: 838480  证券简称: 凤凰电气  公告时间: 2017年4月18日
2026-04-01 11:52:49,533 [INFO]   未提取到确认姓名
2026-04-01 11:52:49,533 [INFO]   失信被执行人公司: 关于法院已撤销公司，法院已撤销公司
2026-04-01 11:52:49,533 [INFO] 
处理文件: 0080_[临时公告]中搜网络关于法院已撤销公司被纳入失信被执行人名单的公告.pdf
2026-04-01 11:52:49,614 [INFO]   标题结论: 被纳入失信
2026-04-01 11:52:49,614 [INFO]   证券代码: 430339  证券简称: 中搜网络  公告时间: 2017年4月6日
2026-04-01 11:52:49,614 [INFO]   未提取到确认姓名
2026-04-01 11:52:49,614 [INFO]   失信被执行人公司: 关于法院已撤销公司，院已撤销公司
2026-04-01 11:52:49,614 [INFO] 
处理文件: 0081_[临时公告]驰达飞机关于高管任命及新任高管不属于失信被执行人公告.pdf
2026-04-01 11:52:49,752 [INFO]   标题结论: 未被纳入失信
2026-04-01 11:52:49,752 [INFO]   证券代码: 834913  证券简称: 驰达飞机  公告时间: 2017年3月24日
2026-04-01 11:52:49,752 [INFO]   确认姓名: 书铭，杜书铭
2026-04-01 11:52:49,752 [INFO]   对应职位: 总监，总监
2026-04-01 11:52:49,752 [INFO] 
处理文件: 0082_[临时公告]精华教育关于董事任命及新任董事不属于失信被执行人的公告.pdf
2026-04-01 11:52:49,910 [INFO]   标题结论: 未被纳入失信
2026-04-01 11:52:49,910 [INFO]   证券代码: 838553  证券简称: 精华教育  公告时间: 2017年1月23日
2026-04-01 11:52:49,911 [INFO]   确认姓名: 任命，任命及，王成群，郭磊，郭陶
2026-04-01 11:52:49,911 [INFO]   对应职位: 董事，董事，董事，董事，董事长
2026-04-01 11:52:49,911 [INFO] 
处理文件: 0083_[临时公告]碧佳实业关于董事任命及新任董事不属于失信被执行人的公告(OCR)(1).pdf
2026-04-01 11:52:50,181 [INFO]   标题结论: （未识别）
2026-04-01 11:52:50,181 [INFO]   证券代码:   证券简称:   公告时间: 
2026-04-01 11:52:50,181 [INFO]   确认姓名: 任免，任免将，张桢，张祯
2026-04-01 11:52:50,181 [INFO]   对应职位: 董事，董事，董事，董事
2026-04-01 11:52:50,181 [INFO]   可疑姓名（待人工核实）: 任新董，任贡公，信失，信执，董重，阮院极
2026-04-01 11:52:50,181 [INFO] 
处理文件: 0083_[临时公告]碧佳实业关于董事任命及新任董事不属于失信被执行人的公告(OCR).pdf
2026-04-01 11:52:50,472 [INFO]   标题结论: （未识别）
2026-04-01 11:52:50,473 [INFO]   证券代码:   证券简称:   公告时间: 
2026-04-01 11:52:50,473 [INFO]   确认姓名: 任免，任免将，张桢，张祯
2026-04-01 11:52:50,473 [INFO]   对应职位: 董事，董事，董事，董事
2026-04-01 11:52:50,473 [INFO]   可疑姓名（待人工核实）: 任新董，任贡公，信失，信执，董重，阮院极
2026-04-01 11:52:50,473 [INFO] 
处理文件: 0083_[临时公告]碧佳实业关于董事任命及新任董事不属于失信被执行人的公告.pdf
2026-04-01 11:52:50,634 [INFO]   标题结论: 未被纳入失信
2026-04-01 11:52:50,634 [INFO]   证券代码: 838467  证券简称: 碧佳实业  公告时间: 2017年1月16日
2026-04-01 11:52:50,634 [INFO]   确认姓名: 任免，任免将，任命，任命及，宋贵虎，张祯，毕伍，毕伍振
2026-04-01 11:52:50,634 [INFO]   对应职位: 董事，董事，董事，董事，董事，董事，董事长，董事长
2026-04-01 11:52:50,634 [INFO] 
处理文件: 0084_[临时公告]元亨利关于公司及实际控制人被纳入失信被执行人名单的公告(补发).pdf
2026-04-01 11:52:50,966 [INFO]   标题结论: 被纳入失信
2026-04-01 11:52:50,967 [INFO]   证券代码: 838832  证券简称: 元亨利  公告时间: 2017年12月27日
2026-04-01 11:52:50,967 [INFO]   确认姓名: 王艳苹，谢宗，谢宗选，黄旭文
2026-04-01 11:52:50,967 [INFO]   对应职位: ，实际控制人，实际控制人，实际控制人
2026-04-01 11:52:50,967 [INFO] 
处理文件: 0085_[临时公告]许继配电关于补发公司被纳入失信被执行人名单公告的声明公告.pdf
2026-04-01 11:52:51,047 [INFO]   标题结论: 被纳入失信
2026-04-01 11:52:51,047 [INFO]   证券代码: 839205  证券简称: 许继配电  公告时间: 2017年12月11日
2026-04-01 11:52:51,047 [INFO]   未提取到确认姓名
2026-04-01 11:52:51,047 [INFO]   可疑姓名（待人工核实）: 何书堂，何文昭，何雨川，张瑞花，许继
2026-04-01 11:52:51,047 [INFO]   失信被执行人公司: 关于补发公司
2026-04-01 11:52:51,047 [INFO] 
处理文件: 0086_[临时公告]科贝科技关于法院已撤销公司被纳入失信被执行人名单的公告(补发).pdf
2026-04-01 11:52:51,174 [INFO]   标题结论: 被纳入失信
2026-04-01 11:52:51,174 [INFO]   证券代码: 838775  证券简称: 科贝科技  公告时间: 2017年10月26日
2026-04-01 11:52:51,174 [INFO]   未提取到确认姓名
2026-04-01 11:52:51,174 [INFO]   可疑姓名（待人工核实）: 刘坤，刘坤祥
2026-04-01 11:52:51,174 [INFO]   失信被执行人公司: 关于法院已撤销公司
2026-04-01 11:52:51,174 [INFO] 
处理文件: 0087_[临时公告]汉镒资产关于公司及实际控制人被纳为失信被执行人名单的公告.pdf
2026-04-01 11:52:51,469 [INFO]   标题结论: 被纳入失信
2026-04-01 11:52:51,469 [INFO]   证券代码: 831796  证券简称: 汉镒资产  公告时间: 2017年10月25日
2026-04-01 11:52:51,469 [INFO]   确认姓名: 郭钧
2026-04-01 11:52:51,469 [INFO]   对应职位: 实际控制人
2026-04-01 11:52:51,469 [INFO]   可疑姓名（待人工核实）: 汉镒，韩建民
2026-04-01 11:52:51,470 [INFO]   案号: （2017）津 0104 执 873 号，（2016）津 0116 执 81074 号，（2016）津 0104 执 3647 号
2026-04-01 11:52:51,470 [INFO] 
处理文件: 0088_[临时公告]中和医疗关于控股股东、实际控制人被纳为失信被执行人名单的公告.pdf
2026-04-01 11:52:51,613 [INFO]   标题结论: 被纳入失信
2026-04-01 11:52:51,613 [INFO]   证券代码: 839550  证券简称: 中和医疗  公告时间: 2017年9月22日
2026-04-01 11:52:51,613 [INFO]   确认姓名: 李立，李立及，韩丽丽
2026-04-01 11:52:51,613 [INFO]   对应职位: 控股股东，控股股东，控股股东
2026-04-01 11:52:51,613 [INFO]   案号: （2017）沪 0115 执 16379 号
2026-04-01 11:52:51,613 [INFO] 
处理文件: 0089_[临时公告]元亨利关于公司再次被纳入失信被执行人名单公告的补发声明公告.pdf
2026-04-01 11:52:51,784 [INFO]   标题结论: 被纳入失信
2026-04-01 11:52:51,784 [INFO]   证券代码: 838832  证券简称: 元亨利  公告时间: 2017年9月13日
2026-04-01 11:52:51,784 [INFO]   未提取到确认姓名
2026-04-01 11:52:51,784 [INFO]   可疑姓名（待人工核实）: 元亨
2026-04-01 11:52:51,784 [INFO] 
处理文件: 0090_[临时公告]安阳机床关于全资子公司已被撤销纳入失信被执行人名单的公告.pdf
2026-04-01 11:52:51,865 [INFO]   标题结论: 被纳入失信
2026-04-01 11:52:51,865 [INFO]   证券代码: 831577  证券简称: 安阳机床  公告时间: 2017年8月29日
2026-04-01 11:52:51,865 [INFO]   未提取到确认姓名
2026-04-01 11:52:51,865 [INFO]   失信被执行人公司: 关于全资子公司
2026-04-01 11:52:51,865 [INFO] 
处理文件: 0091_[临时公告]金鼎股份关于公司控股股东被纳入失信被执行人名单的公告(补发).pdf
2026-04-01 11:52:52,264 [INFO]   标题结论: 被纳入失信
2026-04-01 11:52:52,264 [INFO]   证券代码: 835293  证券简称: 金鼎股份  公告时间: 2017年8月15日
2026-04-01 11:52:52,265 [INFO]   未提取到确认姓名
2026-04-01 11:52:52,265 [INFO]   失信被执行人公司: 天津冶金集团有限公司，的控股股东天津冶金集团有限公司
2026-04-01 11:52:52,265 [INFO]   案号: (2016)京03执837号，(2017)京01执30号，(2016)京03执恢11号
2026-04-01 11:52:52,265 [INFO] 
处理文件: 0092_[临时公告]疆能股份关于公司及子公司被纳入失信被执行人名单的公告(补发)(OCR).pdf
2026-04-01 11:52:52,498 [INFO]   标题结论: （未识别）
2026-04-01 11:52:52,498 [INFO]   证券代码:   证券简称:   公告时间: 
2026-04-01 11:52:52,498 [INFO]   未提取到确认姓名
2026-04-01 11:52:52,498 [INFO] 
处理文件: 0092_[临时公告]疆能股份关于公司及子公司被纳入失信被执行人名单的公告(补发).pdf
2026-04-01 11:52:52,524 [INFO]   [提示] 以下页面疑似扫描件，已跳过：第 [1, 2, 3, 4] 页
2026-04-01 11:52:52,525 [WARNING]   [警告] 文件无可提取文本（可能全为扫描件），跳过。
2026-04-01 11:52:52,525 [INFO]   标题结论: （未识别）
2026-04-01 11:52:52,525 [INFO]   证券代码:   证券简称:   公告时间: 
2026-04-01 11:52:52,525 [INFO]   未提取到确认姓名
2026-04-01 11:52:52,525 [INFO] 
处理文件: 0093_[临时公告]润港林业017-关于公司被纳入失信被执行人名单的公告补发说明.pdf
2026-04-01 11:52:52,680 [INFO]   标题结论: 被纳入失信
2026-04-01 11:52:52,680 [INFO]   证券代码: 832438  证券简称: 润港林业  公告时间: 2017年6月15日
2026-04-01 11:52:52,680 [INFO]   确认姓名: 张立新
2026-04-01 11:52:52,680 [INFO]   对应职位: 董事长
2026-04-01 11:52:52,680 [INFO]   失信被执行人公司: 时在全国中小企业股份转让系统指定信息披露平台上披露公司
2026-04-01 11:52:52,680 [INFO] 
处理文件: 0094_[临时公告]和韵文化关于公司以及实际控制人被纳入失信被执行人名单的公告.pdf
2026-04-01 11:52:53,026 [INFO]   标题结论: 被纳入失信
2026-04-01 11:52:53,026 [INFO]   证券代码: 836358  证券简称: 和韵文化  公告时间: 2017年5月9日
2026-04-01 11:52:53,026 [INFO]   确认姓名: 徐和贵，陈洁
2026-04-01 11:52:53,026 [INFO]   对应职位: 实际控制人，实际控制人
2026-04-01 11:52:53,026 [INFO]   可疑姓名（待人工核实）: 吴小，吴小燕，吴艳，杨静，樊海江，王丽，王丽于，韩伟
2026-04-01 11:52:53,026 [INFO] 
处理文件: 0095_[临时公告]莱泰园林关于补发公司被纳入失信被执行人名单的公告的声明公告.pdf
2026-04-01 11:52:53,177 [INFO]   标题结论: 被纳入失信
2026-04-01 11:52:53,177 [INFO]   证券代码: 837673  证券简称: 莱泰园林  公告时间: 2017年3月28日
2026-04-01 11:52:53,178 [INFO]   未提取到确认姓名
2026-04-01 11:52:53,178 [INFO]   失信被执行人公司: 关于补发公司
2026-04-01 11:52:53,178 [INFO] 
处理文件: 0096_[临时公告]东安液压关于公司实际控制人被纳入失信被执行人名单的公告(补发).pdf
2026-04-01 11:52:53,350 [INFO]   标题结论: 被纳入失信
2026-04-01 11:52:53,351 [INFO]   证券代码: 430672  证券简称: 东安液压  公告时间: 2017年3月23日
2026-04-01 11:52:53,351 [INFO]   确认姓名: 庞彩萍
2026-04-01 11:52:53,351 [INFO]   对应职位: 实际控制人
2026-04-01 11:52:53,351 [INFO] 
处理文件: 0097_[临时公告]佳瑞高科公司控股股东、实际控制人被纳入失信被执行人名单的公告.pdf
2026-04-01 11:52:53,374 [INFO]   [提示] 以下页面疑似扫描件，已跳过：第 [1, 2, 3, 4] 页
2026-04-01 11:52:53,374 [WARNING]   [警告] 文件无可提取文本（可能全为扫描件），跳过。
2026-04-01 11:52:53,374 [INFO]   标题结论: （未识别）
2026-04-01 11:52:53,374 [INFO]   证券代码:   证券简称:   公告时间: 
2026-04-01 11:52:53,374 [INFO]   未提取到确认姓名
2026-04-01 11:52:53,374 [INFO] 
处理文件: 0097_[临时公告]佳瑞高科公司控股股东、实际控制人被纳入失信被执行人名单的公告_可搜索.pdf
2026-04-01 11:52:53,500 [INFO]   标题结论: 被纳入失信
2026-04-01 11:52:53,500 [INFO]   证券代码: 832244  证券简称:   公告时间: 
2026-04-01 11:52:53,500 [INFO]   确认姓名: 关信，秋欣，谢秋欣
2026-04-01 11:52:53,500 [INFO]   对应职位: 控股股东，控股股东，控股股东
2026-04-01 11:52:53,500 [INFO]   可疑姓名（待人工核实）: 信思，冯研，刘东岭，刘乐畸，刘华师，刘平师，张春旭
2026-04-01 11:52:53,500 [INFO] 
处理文件: 0098_[临时公告]安科文化关于控股股东、实际控制人被纳入失信执行人名单的公告.pdf
2026-04-01 11:52:53,706 [INFO]   标题结论: 被纳入失信
2026-04-01 11:52:53,706 [INFO]   证券代码: 839533  证券简称: 安科文化  公告时间: 2017年1月10日
2026-04-01 11:52:53,706 [INFO]   确认姓名: 倪胜，安轩，张少华，朱萍，王静，陈洪，陈洪与，陈洪因
2026-04-01 11:52:53,706 [INFO]   对应职位: ，控股股东，实际控制人，，，控股股东，控股股东，
2026-04-01 11:52:53,706 [INFO] 
处理文件: 0099_[临时公告]元亨利关于补发公司及实际控制人被纳入失信被执行人名单的声明公告.pdf
2026-04-01 11:52:53,878 [INFO]   标题结论: 被纳入失信
2026-04-01 11:52:53,878 [INFO]   证券代码: 838832  证券简称: 元亨利  公告时间: 2017年12月27日
2026-04-01 11:52:53,879 [INFO]   确认姓名: 谢宗，黄旭文
2026-04-01 11:52:53,879 [INFO]   对应职位: 实际控制人，实际控制人
2026-04-01 11:52:53,879 [INFO]   可疑姓名（待人工核实）: 元亨
2026-04-01 11:52:53,879 [INFO] 
处理文件: 0100_[临时公告]科贝科技关于补发法院已撤销公司被纳入失信被执行人名单的声明公告.pdf
2026-04-01 11:52:53,971 [INFO]   标题结论: 被纳入失信
2026-04-01 11:52:53,971 [INFO]   证券代码: 838775  证券简称: 科贝科技  公告时间: 2017年10月26日
2026-04-01 11:52:53,971 [INFO]   未提取到确认姓名
2026-04-01 11:52:53,971 [INFO]   失信被执行人公司: 关于补发法院已撤销公司
2026-04-01 11:52:53,971 [INFO] 
处理文件: 0101_[临时公告]广建装饰关于公司及其控股股东、董事被列入失信被执行名单的公告(补发).pdf
2026-04-01 11:52:54,171 [INFO]   标题结论: 被纳入失信
2026-04-01 11:52:54,171 [INFO]   证券代码: 831262  证券简称: 广建装饰  公告时间: 2017年9月27日
2026-04-01 11:52:54,171 [INFO]   确认姓名: 叶东，叶东已，泰清
2026-04-01 11:52:54,172 [INFO]   对应职位: 董事，董事，控股股东
2026-04-01 11:52:54,172 [INFO] 
处理文件: 0102_[临时公告]ST一恒贞关于控股股东、实际控制人被纳为失信被执行人名单的公告.pdf
2026-04-01 11:52:54,373 [INFO]   标题结论: 被纳入失信
2026-04-01 11:52:54,373 [INFO]   证券代码: 833652  证券简称: 一恒贞  公告时间: 2017年8月18日
2026-04-01 11:52:54,374 [INFO]   确认姓名: 张斌，黄飞雪
2026-04-01 11:52:54,374 [INFO]   对应职位: 控股股东，控股股东
2026-04-01 11:52:54,374 [INFO]   可疑姓名（待人工核实）: 冯涛
2026-04-01 11:52:54,374 [INFO]   案号: (2017)豫0205执389号，(2017)豫01执264号，(2017)豫0104执1012号，(2017)豫0105执3734号
2026-04-01 11:52:54,374 [INFO] 
处理文件: 0103_[临时公告]疆能股份关于补发公司及子公司被纳入失信被执行人名单的声明公告.pdf
2026-04-01 11:52:54,400 [INFO]   [提示] 以下页面疑似扫描件，已跳过：第 [1, 2] 页
2026-04-01 11:52:54,400 [WARNING]   [警告] 文件无可提取文本（可能全为扫描件），跳过。
2026-04-01 11:52:54,400 [INFO]   标题结论: （未识别）
2026-04-01 11:52:54,400 [INFO]   证券代码:   证券简称:   公告时间: 
2026-04-01 11:52:54,401 [INFO]   未提取到确认姓名
2026-04-01 11:52:54,401 [INFO] 
处理文件: 0103_[临时公告]疆能股份关于补发公司及子公司被纳入失信被执行人名单的声明公告_可搜索.pdf
2026-04-01 11:52:54,479 [INFO]   标题结论: （未识别）
2026-04-01 11:52:54,479 [INFO]   证券代码:   证券简称:   公告时间: 
2026-04-01 11:52:54,479 [INFO]   未提取到确认姓名
2026-04-01 11:52:54,479 [INFO] 
处理文件: 0104_[临时公告]白水农夫关于控股股东、实际控制人从失信被执行人名单库中删除的公告.pdf
2026-04-01 11:52:54,624 [INFO]   标题结论: 被纳入失信
2026-04-01 11:52:54,624 [INFO]   证券代码: 831436  证券简称: 白水农夫  公告时间: 2017年6月20日
2026-04-01 11:52:54,624 [INFO]   确认姓名: 信用
2026-04-01 11:52:54,624 [INFO]   对应职位: 控股股东
2026-04-01 11:52:54,624 [INFO]   可疑姓名（待人工核实）: 吴治德
2026-04-01 11:52:54,624 [INFO] 
处理文件: 0105_[券商公告]一恒贞：主办券商关于一恒贞被纳为失信被执行人名单的风险提示性公告(OCR).pdf
2026-04-01 11:52:54,713 [INFO]   标题结论: 被纳入失信
2026-04-01 11:52:54,713 [INFO]   证券代码:   证券简称:   公告时间: 
2026-04-01 11:52:54,713 [INFO]   未提取到确认姓名
2026-04-01 11:52:54,713 [INFO]   可疑姓名（待人工核实）: 养代鸠，汪意，汪煎，贝彻
2026-04-01 11:52:54,713 [INFO] 
处理文件: 0105_[券商公告]一恒贞：主办券商关于一恒贞被纳为失信被执行人名单的风险提示性公告.pdf
2026-04-01 11:52:54,740 [INFO]   [提示] 以下页面疑似扫描件，已跳过：第 [1, 2] 页
2026-04-01 11:52:54,740 [WARNING]   [警告] 文件无可提取文本（可能全为扫描件），跳过。
2026-04-01 11:52:54,740 [INFO]   标题结论: （未识别）
2026-04-01 11:52:54,740 [INFO]   证券代码:   证券简称:   公告时间: 
2026-04-01 11:52:54,740 [INFO]   未提取到确认姓名
2026-04-01 11:52:54,740 [INFO] 
处理文件: 0106_[临时公告]海斯迪关于控股股东、实际控制人已被撤销纳入失信被执行人名单的公告.pdf
2026-04-01 11:52:54,825 [INFO]   标题结论: 被纳入失信
2026-04-01 11:52:54,825 [INFO]   证券代码: 831997  证券简称: 海斯迪  公告时间: 2017年4月21日
2026-04-01 11:52:54,825 [INFO]   确认姓名: 张晓云
2026-04-01 11:52:54,825 [INFO]   对应职位: 控股股东
2026-04-01 11:52:54,825 [INFO] 
处理文件: 0107_[临时公告]海斯迪关于控股股东、实际控制人被纳入失信被执行人名单的进展公告.pdf
2026-04-01 11:52:54,909 [INFO]   标题结论: 被纳入失信
2026-04-01 11:52:54,909 [INFO]   证券代码: 831997  证券简称: 海斯迪  公告时间: 2017年4月5日
2026-04-01 11:52:54,909 [INFO]   未提取到确认姓名
2026-04-01 11:52:54,909 [INFO] 
处理文件: 0108_[临时公告]海斯迪关于公司控股股东、实际控制人被纳入失信被执行人名单的公告(补发).pdf
2026-04-01 11:52:55,156 [INFO]   标题结论: 被纳入失信
2026-04-01 11:52:55,156 [INFO]   证券代码: 831997  证券简称: 海斯迪  公告时间: 2017年2月27日
2026-04-01 11:52:55,156 [INFO]   确认姓名: 张晓，张晓云
2026-04-01 11:52:55,156 [INFO]   对应职位: 控股股东，控股股东
2026-04-01 11:52:55,156 [INFO]   可疑姓名（待人工核实）: 史予萍，安晓华，杜爱芝
2026-04-01 11:52:55,156 [INFO] 
处理文件: 0109_[临时公告]海益宝关于控股股东、实际控制人从失信被执行人名单库中删除的公告.pdf
2026-04-01 11:52:55,282 [INFO]   标题结论: 被纳入失信
2026-04-01 11:52:55,282 [INFO]   证券代码: 831955  证券简称: 海益宝  公告时间: 2017年1月20日
2026-04-01 11:52:55,282 [INFO]   确认姓名: 信用
2026-04-01 11:52:55,282 [INFO]   对应职位: 控股股东
2026-04-01 11:52:55,282 [INFO] 
处理文件: 0110_[临时公告]海益宝关于控股股东、实际控制人被纳入失信被执行人名单的进展公告.pdf
2026-04-01 11:52:55,427 [INFO]   标题结论: 被纳入失信
2026-04-01 11:52:55,427 [INFO]   证券代码: 831955  证券简称: 海益宝  公告时间: 2017年1月13日
2026-04-01 11:52:55,427 [INFO]   确认姓名: 在平安，范立强
2026-04-01 11:52:55,427 [INFO]   对应职位: 控股股东，
2026-04-01 11:52:55,427 [INFO] 
处理文件: 0111_[临时公告]佳瑞高科关于公司控股股东、实际控制人被纳入失信被执行人名单的公告.pdf
2026-04-01 11:52:55,689 [INFO]   标题结论: 被纳入失信
2026-04-01 11:52:55,689 [INFO]   证券代码: 832244  证券简称: 佳瑞高科  公告时间: 2017年1月12日
2026-04-01 11:52:55,689 [INFO]   确认姓名: 谢秋欣
2026-04-01 11:52:55,689 [INFO]   对应职位: 控股股东
2026-04-01 11:52:55,689 [INFO]   可疑姓名（待人工核实）: 刘华炜，张春荣
2026-04-01 11:52:55,689 [INFO] 
处理文件: 0112_[临时公告]宏力能源关于昌乐县人民法院已撤销公司被纳入失信被执行人名单的公告.pdf
2026-04-01 11:52:55,808 [INFO]   标题结论: 被纳入失信
2026-04-01 11:52:55,808 [INFO]   证券代码: 832556  证券简称: 宏力能源  公告时间: 2017年12月18日
2026-04-01 11:52:55,808 [INFO]   未提取到确认姓名
2026-04-01 11:52:55,809 [INFO]   失信被执行人公司: 法院已撤销因该案件造成的公司
2026-04-01 11:52:55,809 [INFO] 
处理文件: 0113_[临时公告]华协农业关于公司及控股股东、实际控制人被纳入失信被执行人名单的公告.pdf
2026-04-01 11:52:55,848 [INFO]   [提示] 以下页面疑似扫描件，已跳过：第 [1, 2, 3] 页
2026-04-01 11:52:55,848 [WARNING]   [警告] 文件无可提取文本（可能全为扫描件），跳过。
2026-04-01 11:52:55,848 [INFO]   标题结论: （未识别）
2026-04-01 11:52:55,849 [INFO]   证券代码:   证券简称:   公告时间: 
2026-04-01 11:52:55,849 [INFO]   未提取到确认姓名
2026-04-01 11:52:55,849 [INFO] 
处理文件: 0113_[临时公告]华协农业关于公司及控股股东、实际控制人被纳入失信被执行人名单的公告_可搜索.pdf
2026-04-01 11:52:55,973 [INFO]   标题结论: 被纳入失信
2026-04-01 11:52:55,974 [INFO]   证券代码: 834140  证券简称: 华协农业  公告时间: 2017年12月13日
2026-04-01 11:52:55,974 [INFO]   确认姓名: 王明，王明琴
2026-04-01 11:52:55,974 [INFO]   对应职位: 控股股东，控股股东
2026-04-01 11:52:55,974 [INFO]   失信被执行人公司: 甘肃华协农业生物科技股份有限公司
2026-04-01 11:52:55,974 [INFO]   案号: (2017)甘01执328号
2026-04-01 11:52:55,974 [INFO] 
处理文件: 0114_[临时公告]佳瑞高科2017-120 关于补发公司被纳入失信被执行人名单公告的声明.pdf
2026-04-01 11:52:55,990 [INFO]   [提示] 以下页面疑似扫描件，已跳过：第 [1] 页
2026-04-01 11:52:55,990 [WARNING]   [警告] 文件无可提取文本（可能全为扫描件），跳过。
2026-04-01 11:52:55,990 [INFO]   标题结论: （未识别）
2026-04-01 11:52:55,990 [INFO]   证券代码:   证券简称:   公告时间: 
2026-04-01 11:52:55,990 [INFO]   未提取到确认姓名
2026-04-01 11:52:55,990 [INFO] 
处理文件: 0114_[临时公告]佳瑞高科2017-120 关于补发公司被纳入失信被执行人名单公告的声明_可搜索.pdf
2026-04-01 11:52:56,037 [INFO]   标题结论: 被纳入失信
2026-04-01 11:52:56,037 [INFO]   证券代码:   证券简称: 住瑞高科  公告时间: 
2026-04-01 11:52:56,037 [INFO]   未提取到确认姓名
2026-04-01 11:52:56,037 [INFO]   失信被执行人公司: 关于补发公司，平顶山佳瑞高科实业股份有限公司关于公司
2026-04-01 11:52:56,037 [INFO] 
处理文件: 0115_[券商公告]佳瑞高科安信证券关于佳瑞高科被纳入失信被执行人名单的风险提供公告.pdf
2026-04-01 11:52:56,054 [INFO]   [提示] 以下页面疑似扫描件，已跳过：第 [1, 2, 3] 页
2026-04-01 11:52:56,054 [WARNING]   [警告] 文件无可提取文本（可能全为扫描件），跳过。
2026-04-01 11:52:56,054 [INFO]   标题结论: （未识别）
2026-04-01 11:52:56,054 [INFO]   证券代码:   证券简称:   公告时间: 
2026-04-01 11:52:56,054 [INFO]   未提取到确认姓名
2026-04-01 11:52:56,054 [INFO] 
处理文件: 0115_[券商公告]佳瑞高科安信证券关于佳瑞高科被纳入失信被执行人名单的风险提供公告_可搜索.pdf
2026-04-01 11:52:56,256 [INFO]   标题结论: 被纳入失信
2026-04-01 11:52:56,256 [INFO]   证券代码:   证券简称:   公告时间: 2017年8月25日
2026-04-01 11:52:56,256 [INFO]   确认姓名: 刘乐呤，张春旭，春旭，高科
2026-04-01 11:52:56,256 [INFO]   对应职位: 实际控制人，，，实际控制人
2026-04-01 11:52:56,256 [INFO]   可疑姓名（待人工核实）: 刘东岭，张吞旭，王办，谢秋欣
2026-04-01 11:52:56,256 [INFO]   案号: (2017)1象0402执101号
2026-04-01 11:52:56,256 [INFO] 
处理文件: 0116_[临时公告]至诚复材关于法院已撤销公司控股股东被纳入失信被执行人名单的公告(补发).pdf
2026-04-01 11:52:56,380 [INFO]   标题结论: 被纳入失信
2026-04-01 11:52:56,380 [INFO]   证券代码: 837851  证券简称: 至诚复材  公告时间: 2017年11月8日
2026-04-01 11:52:56,380 [INFO]   确认姓名: 吴文华，杜建国，邱世清
2026-04-01 11:52:56,380 [INFO]   对应职位: ，，
2026-04-01 11:52:56,380 [INFO] 
处理文件: 0117_[临时公告]ST瑞泽关于控股股东、实际控制人被纳为失信被执行人名单的公告(补发)(补发).pdf
2026-04-01 11:52:56,569 [INFO]   标题结论: 被纳入失信
2026-04-01 11:52:56,569 [INFO]   证券代码: 833235  证券简称: ST  公告时间: 2017年10月19日
2026-04-01 11:52:56,569 [INFO]   确认姓名: 刘珍华
2026-04-01 11:52:56,569 [INFO]   对应职位: 实际控制人
2026-04-01 11:52:56,569 [INFO]   可疑姓名（待人工核实）: 瑞泽，许梅青，郭建平
2026-04-01 11:52:56,569 [INFO]   案号: (2016)鲁0612执1346号
2026-04-01 11:52:56,569 [INFO] 
处理文件: 0118_[临时公告]永丰食品关于公司控股股东、实际控制人被纳入失信被执行人名单的公告(补发).pdf
2026-04-01 11:52:57,123 [INFO]   标题结论: 被纳入失信
2026-04-01 11:52:57,123 [INFO]   证券代码: 835566  证券简称: 永丰食品  公告时间: 2017年9月21日
2026-04-01 11:52:57,123 [INFO]   确认姓名: 刘哲，姜文，杨明，王建波，白世洲，綦达勇，舒高清，路程翔，进行，陈伟
2026-04-01 11:52:57,123 [INFO]   对应职位: 控股股东，，控股股东，控股股东，实际控制人，控股股东，实际控制人，，控股股东，
2026-04-01 11:52:57,123 [INFO]   可疑姓名（待人工核实）: 崔晶，张焓，赵文岩
2026-04-01 11:52:57,124 [INFO] 
处理文件: 0119_[临时公告]安科文化关于控股股东、实际控制人已被撤销纳入失信被执行人名单的公告.pdf
2026-04-01 11:52:57,260 [INFO]   标题结论: 被纳入失信
2026-04-01 11:52:57,260 [INFO]   证券代码: 839533  证券简称: 安科文化  公告时间: 2017年8月4日
2026-04-01 11:52:57,260 [INFO]   确认姓名: 陈洪
2026-04-01 11:52:57,260 [INFO]   对应职位: 实际控制人
2026-04-01 11:52:57,261 [INFO] 
处理文件: 0120_[临时公告]京东健康关于控股股东、实际控制人、董事、监事被纳入失信执行人名单的公告(补发).pdf
2026-04-01 11:52:57,523 [INFO]   标题结论: 被纳入失信
2026-04-01 11:52:57,524 [INFO]   证券代码: 832916  证券简称: 京东健康  公告时间: 2017年6月26日
2026-04-01 11:52:57,524 [INFO]   确认姓名: 国玲，崔国，崔国玲，徐征，徐耀，徐耀东
2026-04-01 11:52:57,524 [INFO]   对应职位: 董事，董事长，董事长，董事长，控股股东，控股股东
2026-04-01 11:52:57,524 [INFO]   可疑姓名（待人工核实）: 朱炳灿
2026-04-01 11:52:57,524 [INFO] 
处理文件: 0121_[临时公告]元亨利关于公司及其控股股东、实际控制人被纳入失信被执行人名单的公告(补发).pdf
2026-04-01 11:52:57,811 [INFO]   标题结论: 被纳入失信
2026-04-01 11:52:57,811 [INFO]   证券代码: 838832  证券简称: 元亨利  公告时间: 2017年6月21日
2026-04-01 11:52:57,811 [INFO]   确认姓名: 谢宗选
2026-04-01 11:52:57,811 [INFO]   对应职位: 控股股东
2026-04-01 11:52:57,811 [INFO]   可疑姓名（待人工核实）: 伍振，张斌，张斌未，黄旭文，黄飞雪
2026-04-01 11:52:57,811 [INFO] 
处理文件: 0122_[临时公告]雨神电竞关于公司控股股东、实际控制人被纳入失信被执行人名单的公告(补发).pdf
2026-04-01 11:52:58,015 [INFO]   标题结论: 被纳入失信
2026-04-01 11:52:58,015 [INFO]   证券代码: 835997  证券简称: 雨神电竞  公告时间: 2017年6月19日
2026-04-01 11:52:58,015 [INFO]   确认姓名: 洪麟，马洪麟
2026-04-01 11:52:58,015 [INFO]   对应职位: 控股股东，控股股东
2026-04-01 11:52:58,015 [INFO]   可疑姓名（待人工核实）: 乐书静，书静，刘玲，王春，魏加，魏加强
2026-04-01 11:52:58,015 [INFO] 
处理文件: 0123_[临时公告]诺晟股份关于公司控股股东、实际控制人被纳入失信被执行人名单的公告(补发).pdf
2026-04-01 11:52:58,265 [INFO]   标题结论: 被纳入失信
2026-04-01 11:52:58,266 [INFO]   证券代码: 832104  证券简称: 诺晟股份  公告时间: 2017年6月9日
2026-04-01 11:52:58,266 [INFO]   未提取到确认姓名
2026-04-01 11:52:58,266 [INFO]   可疑姓名（待人工核实）: 蔡亚辉
2026-04-01 11:52:58,266 [INFO] 
处理文件: 0124_[券商公告]ST中试中泰证券关于中试电力被纳入失信被执行人名单的风险提示公告.pdf
2026-04-01 11:52:58,330 [INFO]   标题结论: 被纳入失信
2026-04-01 11:52:58,330 [INFO]   证券代码: 430291  证券简称: ST  公告时间: 2017年5月8日
2026-04-01 11:52:58,330 [INFO]   未提取到确认姓名
2026-04-01 11:52:58,330 [INFO]   失信被执行人公司: 关于湖北中试电力科技股份有限公司
2026-04-01 11:52:58,330 [INFO] 
处理文件: 0125_[临时公告]东安液压关于补发公司实际控制人被纳入失信被执行人名单的公告的说明.pdf
2026-04-01 11:52:58,434 [INFO]   标题结论: 被纳入失信
2026-04-01 11:52:58,435 [INFO]   证券代码: 430672  证券简称: 东安液压  公告时间: 2017年3月23日
2026-04-01 11:52:58,435 [INFO]   确认姓名: 庞彩萍
2026-04-01 11:52:58,435 [INFO]   对应职位: 实际控制人
2026-04-01 11:52:58,435 [INFO] 
处理文件: 0126_[临时公告]白水农夫关于公司控股股东、实际控制人被纳入失信被执行人名单的公告(补发).pdf
2026-04-01 11:52:58,582 [INFO]   标题结论: 被纳入失信
2026-04-01 11:52:58,583 [INFO]   证券代码: 831436  证券简称: 白水农夫  公告时间: 2017年3月6日
2026-04-01 11:52:58,583 [INFO]   确认姓名: 吴治德
2026-04-01 11:52:58,583 [INFO]   对应职位: 控股股东
2026-04-01 11:52:58,583 [INFO] 
处理文件: 0127_[临时公告]宏力能源关于南京市秦淮区人民法院已撤销公司被纳入失信被执行人名单的公告.pdf
2026-04-01 11:52:58,667 [INFO]   标题结论: 被纳入失信
2026-04-01 11:52:58,667 [INFO]   证券代码: 832556  证券简称: 宏力能源  公告时间: 2017年12月29日
2026-04-01 11:52:58,667 [INFO]   未提取到确认姓名
2026-04-01 11:52:58,667 [INFO]   失信被执行人公司: 法院已撤销因该案件造成的公司
2026-04-01 11:52:58,667 [INFO] 
处理文件: 0128_[券商公告]方正证券关于许继配电被纳入失信被执行人名单及进展情况的风险提示性公告.pdf
2026-04-01 11:52:58,847 [INFO]   标题结论: 被纳入失信
2026-04-01 11:52:58,847 [INFO]   证券代码: 839205  证券简称: 许继配电，证券代码：839205，以下简  公告时间: 2017年12月11日
2026-04-01 11:52:58,847 [INFO]   未提取到确认姓名
2026-04-01 11:52:58,847 [INFO]   可疑姓名（待人工核实）: 何书堂，何文昭，何雨川，张瑞花，许继，魏北
2026-04-01 11:52:58,847 [INFO] 
处理文件: 0129_[临时公告]天线宝宝关于公司控股股东、实际控制人被纳入失信被执行人名单的公告（补发）(补发).pdf
2026-04-01 11:52:59,040 [INFO]   标题结论: 被纳入失信
2026-04-01 11:52:59,041 [INFO]   证券代码: 834580  证券简称: 天线宝宝  公告时间: 2017年12月5日
2026-04-01 11:52:59,041 [INFO]   确认姓名: 许志忠
2026-04-01 11:52:59,041 [INFO]   对应职位: （无）
2026-04-01 11:52:59,041 [INFO]   案号: （2017）沪 0101 执 5642 号
2026-04-01 11:52:59,041 [INFO] 
处理文件: 0130_[临时公告]天线宝宝关于补发公司控股股东、实际控制人被纳入失信被执行人名单的声明公告.pdf
2026-04-01 11:52:59,157 [INFO]   标题结论: 被纳入失信
2026-04-01 11:52:59,157 [INFO]   证券代码: 834580  证券简称: 天线宝宝  公告时间: 2017年12月5日
2026-04-01 11:52:59,157 [INFO]   确认姓名: 许志忠
2026-04-01 11:52:59,157 [INFO]   对应职位: 实际控制人
2026-04-01 11:52:59,158 [INFO] 
处理文件: 0131_[临时公告]怡莲蚕桑关于公司及控股股东、实际控制人被纳入失信被执行人名单的提示性公告.pdf
2026-04-01 11:52:59,180 [INFO]   [提示] 以下页面疑似扫描件，已跳过：第 [1, 2, 3, 4, 5, 6] 页
2026-04-01 11:52:59,180 [WARNING]   [警告] 文件无可提取文本（可能全为扫描件），跳过。
2026-04-01 11:52:59,180 [INFO]   标题结论: （未识别）
2026-04-01 11:52:59,180 [INFO]   证券代码:   证券简称:   公告时间: 
2026-04-01 11:52:59,180 [INFO]   未提取到确认姓名
2026-04-01 11:52:59,180 [INFO] 
处理文件: 0132_[临时公告]至诚复材关于补发法院已撤销公司控股股东被纳入失信被执行人名单的声明公告.pdf
2026-04-01 11:52:59,303 [INFO]   标题结论: 被纳入失信
2026-04-01 11:52:59,303 [INFO]   证券代码: 837851  证券简称: 至诚复材  公告时间: 2017年11月8日
2026-04-01 11:52:59,303 [INFO]   未提取到确认姓名
2026-04-01 11:52:59,303 [INFO] 
处理文件: 0133_[券商公告]贵之步方正证券关于贵之步被纳入失信被执行人名单及进展的风险提示性公告.pdf
2026-04-01 11:52:59,539 [INFO]   标题结论: 被纳入失信
2026-04-01 11:52:59,539 [INFO]   证券代码: 833789  证券简称: 贵之步，证券代码：833789，以下简  公告时间: 2017年10月10日
2026-04-01 11:52:59,539 [INFO]   未提取到确认姓名
2026-04-01 11:52:59,539 [INFO]   可疑姓名（待人工核实）: 韩红
2026-04-01 11:52:59,540 [INFO] 
处理文件: 0134_[临时公告]ST天智关于公司及公司控股股东、实际控制人被纳入失信被执行人名单的公告.pdf
2026-04-01 11:52:59,804 [INFO]   标题结论: 被纳入失信
2026-04-01 11:52:59,804 [INFO]   证券代码: 833145  证券简称: ST  公告时间: 2017年9月28日
2026-04-01 11:52:59,804 [INFO]   确认姓名: 赵宁
2026-04-01 11:52:59,804 [INFO]   对应职位: 控股股东
2026-04-01 11:52:59,805 [INFO]   可疑姓名（待人工核实）: 王菲，缪奇志，赵婷
2026-04-01 11:52:59,805 [INFO]   失信被执行人公司: 安徽天智信息科技集团股份有限公司，实际控制人及公司
2026-04-01 11:52:59,805 [INFO]   案号: (2015)包执字第 02628 号，(2016)皖 0103 执 1041 号
2026-04-01 11:52:59,805 [INFO] 
处理文件: 0135_[临时公告]永丰食品关于公司控股股东、 实际控制人被纳入失信被执行人名单公告的补发说明.pdf
2026-04-01 11:53:00,030 [INFO]   标题结论: 被纳入失信
2026-04-01 11:53:00,030 [INFO]   证券代码: 835566  证券简称: 永丰食品  公告时间: 2017年9月21日
2026-04-01 11:53:00,031 [INFO]   确认姓名: 白世洲
2026-04-01 11:53:00,031 [INFO]   对应职位: 董事长
2026-04-01 11:53:00,031 [INFO]   可疑姓名（待人工核实）: 崔晶，张焓
2026-04-01 11:53:00,031 [INFO]   失信被执行人公司: 中小企业股份转让系统指定信息披露平台上披露公司
2026-04-01 11:53:00,031 [INFO] 
处理文件: 0136_[临时公告]华泰珠宝关于公司控股股东、实际控制人、董事被纳入失信被执行人名单的公告(补发).pdf
2026-04-01 11:53:00,065 [INFO]   [提示] 以下页面疑似扫描件，已跳过：第 [1, 2] 页
2026-04-01 11:53:00,065 [WARNING]   [警告] 文件无可提取文本（可能全为扫描件），跳过。
2026-04-01 11:53:00,065 [INFO]   标题结论: （未识别）
2026-04-01 11:53:00,065 [INFO]   证券代码:   证券简称:   公告时间: 
2026-04-01 11:53:00,066 [INFO]   未提取到确认姓名
2026-04-01 11:53:00,066 [INFO] 
处理文件: 0136_[临时公告]华泰珠宝关于公司控股股东、实际控制人、董事被纳入失信被执行人名单的公告(补发)_可搜索.pdf
2026-04-01 11:53:00,141 [INFO]   标题结论: 被纳入失信
2026-04-01 11:53:00,141 [INFO]   证券代码: 839741  证券简称: 华奉珠宝  公告时间: 
2026-04-01 11:53:00,141 [INFO]   确认姓名: 胡文壶
2026-04-01 11:53:00,141 [INFO]   对应职位: 控股股东
2026-04-01 11:53:00,141 [INFO]   可疑姓名（待人工核实）: 任公可，张据，文定
2026-04-01 11:53:00,141 [INFO] 
处理文件: 0137_[临时公告]白水农夫关于补发公司控股股东、实际控制人被纳入失信被执行人名单的公告说明.pdf
2026-04-01 11:53:00,243 [INFO]   标题结论: 被纳入失信
2026-04-01 11:53:00,243 [INFO]   证券代码: 831436  证券简称: 白水农夫  公告时间: 2017年3月6日
2026-04-01 11:53:00,243 [INFO]   确认姓名: 吴治德
2026-04-01 11:53:00,243 [INFO]   对应职位: 控股股东
2026-04-01 11:53:00,243 [INFO] 
处理文件: 0138_[临时公告]海斯迪关于补发公司控股股东、实际控制人被纳入失信被执行人名单的公告的说明.pdf
2026-04-01 11:53:00,354 [INFO]   标题结论: 被纳入失信
2026-04-01 11:53:00,354 [INFO]   证券代码: 831997  证券简称: 海斯迪  公告时间: 2017年2月27日
2026-04-01 11:53:00,354 [INFO]   确认姓名: 张晓云
2026-04-01 11:53:00,354 [INFO]   对应职位: 控股股东
2026-04-01 11:53:00,354 [INFO]   可疑姓名（待人工核实）: 海斯，海斯迪
2026-04-01 11:53:00,354 [INFO] 
处理文件: 0139_[临时公告]广建装饰关于公司及其控股股东、董事被列入失信被执行名单的公告的补发声明公告.pdf
2026-04-01 11:53:00,470 [INFO]   标题结论: 被纳入失信
2026-04-01 11:53:00,470 [INFO]   证券代码: 831262  证券简称: 广建装饰  公告时间: 2017年9月27日
2026-04-01 11:53:00,470 [INFO]   确认姓名: 叶东，叶东已
2026-04-01 11:53:00,470 [INFO]   对应职位: 董事，董事
2026-04-01 11:53:00,470 [INFO] 
处理文件: 0140_[临时公告]物华股份2017-014-物华股份-关于补发公司被纳入失信被执行人名单的公告的说明.pdf
2026-04-01 11:53:00,552 [INFO]   标题结论: 被纳入失信
2026-04-01 11:53:00,552 [INFO]   证券代码: 835224  证券简称: 物华股份  公告时间: 2017年6月29日
2026-04-01 11:53:00,552 [INFO]   未提取到确认姓名
2026-04-01 11:53:00,552 [INFO]   失信被执行人公司: 关于补发公司
2026-04-01 11:53:00,552 [INFO] 
处理文件: 0141_[临时公告]雨神电竞关于补发公司控股股东、实际控制人被纳入失信被执行人名单的公告的说明.pdf
2026-04-01 11:53:00,658 [INFO]   标题结论: 被纳入失信
2026-04-01 11:53:00,658 [INFO]   证券代码: 835997  证券简称: 雨神电竞  公告时间: 2017年6月19日
2026-04-01 11:53:00,658 [INFO]   确认姓名: 洪麟，马洪麟
2026-04-01 11:53:00,658 [INFO]   对应职位: 控股股东，控股股东
2026-04-01 11:53:00,658 [INFO] 
处理文件: 0142_[临时公告]诺晟股份关于补发公司控股股东、实际控制人被纳入失信被执行人名单的公告的说明.pdf
2026-04-01 11:53:00,749 [INFO]   标题结论: 被纳入失信
2026-04-01 11:53:00,750 [INFO]   证券代码: 832104  证券简称: 诺晟股份  公告时间: 2017年6月9日
2026-04-01 11:53:00,750 [INFO]   未提取到确认姓名
2026-04-01 11:53:00,750 [INFO] 
处理文件: 0143_[临时公告]申舟物流关于公司控股股东和实际控制人被纳入失信被执行人名单已被撤销的公告.pdf
2026-04-01 11:53:00,820 [INFO]   标题结论: 被纳入失信
2026-04-01 11:53:00,820 [INFO]   证券代码: 837346  证券简称: 申舟物流  公告时间: 2017年3月10日
2026-04-01 11:53:00,820 [INFO]   确认姓名: 包明，陈万莉
2026-04-01 11:53:00,820 [INFO]   对应职位: 控股股东，控股股东
2026-04-01 11:53:00,820 [INFO] 
处理文件: 0144_[临时公告]中搜网络关于公司被纳入失信被执行人名单及武汉分公司被列入经营异常名录的公告.pdf
2026-04-01 11:53:00,842 [INFO]   [提示] 以下页面疑似扫描件，已跳过：第 [1, 2, 3] 页
2026-04-01 11:53:00,842 [WARNING]   [警告] 文件无可提取文本（可能全为扫描件），跳过。
2026-04-01 11:53:00,842 [INFO]   标题结论: （未识别）
2026-04-01 11:53:00,843 [INFO]   证券代码:   证券简称:   公告时间: 
2026-04-01 11:53:00,843 [INFO]   未提取到确认姓名
2026-04-01 11:53:00,843 [INFO] 
处理文件: 0144_[临时公告]中搜网络关于公司被纳入失信被执行人名单及武汉分公司被列入经营异常名录的公告_可搜索.pdf
2026-04-01 11:53:01,100 [INFO]   标题结论: 被纳入失信
2026-04-01 11:53:01,100 [INFO]   证券代码:   证券简称:   公告时间: 2017年2月6日
2026-04-01 11:53:01,100 [INFO]   未提取到确认姓名
2026-04-01 11:53:01,100 [INFO]   可疑姓名（待人工核实）: 张明明
2026-04-01 11:53:01,100 [INFO]   案号: (2016)京0108执12179号
2026-04-01 11:53:01,100 [INFO] 
处理文件: 0145_[券商公告]中泰证券关于辽宁天佐涉诉违规对外担保及被纳入失信被执行人名单的风险提示公告.pdf
2026-04-01 11:53:01,216 [INFO]   标题结论: 被纳入失信
2026-04-01 11:53:01,216 [INFO]   证券代码: 835519  证券简称: 辽宁天佐，证券代码：835519，以  公告时间: 2017年10月26日
2026-04-01 11:53:01,217 [INFO]   确认姓名: 朱力，朱力所
2026-04-01 11:53:01,217 [INFO]   对应职位: 实际控制人，实际控制人
2026-04-01 11:53:01,217 [INFO] 
处理文件: 0146_[临时公告]华泰珠宝关于法院已撤销将公司控股股东、实际控制人、董事被纳入失信被执行人名单的公告.pdf
2026-04-01 11:53:01,249 [INFO]   [提示] 以下页面疑似扫描件，已跳过：第 [1, 2] 页
2026-04-01 11:53:01,249 [WARNING]   [警告] 文件无可提取文本（可能全为扫描件），跳过。
2026-04-01 11:53:01,249 [INFO]   标题结论: （未识别）
2026-04-01 11:53:01,249 [INFO]   证券代码:   证券简称:   公告时间: 
2026-04-01 11:53:01,249 [INFO]   未提取到确认姓名
2026-04-01 11:53:01,249 [INFO] 
处理文件: 0147_[券商公告]物华股份关于河北物华循环资源股份有限公司被纳入失信被执行人名单的风险提示性公告.pdf
2026-04-01 11:53:01,376 [INFO]   标题结论: 被纳入失信
2026-04-01 11:53:01,376 [INFO]   证券代码:   证券简称: “物华股份”，证券代码：“835224”，以下简称：“物华股份”  公告时间: 2017年6月29日
2026-04-01 11:53:01,376 [INFO]   未提取到确认姓名
2026-04-01 11:53:01,376 [INFO] 
处理文件: 0148_[临时公告]华泰珠宝关于公司控股股东、实际控制人、董事被纳入失信被执行人名单的公告的补发声明公告.pdf
2026-04-01 11:53:01,446 [INFO]   [提示] 以下页面疑似扫描件，已跳过：第 [1, 2] 页
2026-04-01 11:53:01,446 [WARNING]   [警告] 文件无可提取文本（可能全为扫描件），跳过。
2026-04-01 11:53:01,446 [INFO]   标题结论: （未识别）
2026-04-01 11:53:01,446 [INFO]   证券代码:   证券简称:   公告时间: 
2026-04-01 11:53:01,446 [INFO]   未提取到确认姓名
2026-04-01 11:53:01,446 [INFO] 
处理文件: 0148_[临时公告]华泰珠宝关于公司控股股东、实际控制人、董事被纳入失信被执行人名单的公告的补发声明公告_可搜索.pdf
2026-04-01 11:53:01,536 [INFO]   标题结论: 被纳入失信
2026-04-01 11:53:01,537 [INFO]   证券代码:   证券简称: 华泰珠宝  公告时间: 
2026-04-01 11:53:01,537 [INFO]   确认姓名: 胡文壶
2026-04-01 11:53:01,537 [INFO]   对应职位: 控股股东
2026-04-01 11:53:01,537 [INFO]   可疑姓名（待人工核实）: 王办
2026-04-01 11:53:01,537 [INFO] 
处理文件: 0149_[临时公告]元亨利关于补发公司及其控股股东、实际控制人被纳入失信被执行人名单公告的声明公告.pdf
2026-04-01 11:53:01,674 [INFO]   标题结论: 被纳入失信
2026-04-01 11:53:01,674 [INFO]   证券代码: 838832  证券简称: 元亨利  公告时间: 2017年6月21日
2026-04-01 11:53:01,674 [INFO]   确认姓名: 谢宗选
2026-04-01 11:53:01,674 [INFO]   对应职位: 控股股东
2026-04-01 11:53:01,674 [INFO] 
处理文件: 0150_[券商公告]辽宁天佐中泰证券关于辽宁天佐涉诉违规对外担保及被纳入失信被执行人名单的风险提示公告.pdf
2026-04-01 11:53:01,802 [INFO]   标题结论: 被纳入失信
2026-04-01 11:53:01,803 [INFO]   证券代码: 835519  证券简称: 辽宁天佐，证券代码：835519，以  公告时间: 2017年12月26日
2026-04-01 11:53:01,803 [INFO]   确认姓名: 朱力，朱力所，朱天佐
2026-04-01 11:53:01,803 [INFO]   对应职位: 实际控制人，实际控制人，实际控制人
2026-04-01 11:53:01,803 [INFO] 
处理文件: 0151_[券商公告]辽宁天佐中泰证券关于辽宁天佐涉诉违规对外担保及被纳入失信被执行人名单的风险提示公告.pdf
2026-04-01 11:53:01,962 [INFO]   标题结论: 被纳入失信
2026-04-01 11:53:01,962 [INFO]   证券代码: 835519  证券简称: 辽宁天佐，证券代码：835519，以  公告时间: 2017年11月29日
2026-04-01 11:53:01,962 [INFO]   确认姓名: 朱力，朱力所，朱天佐
2026-04-01 11:53:01,962 [INFO]   对应职位: 实际控制人，实际控制人，实际控制人
2026-04-01 11:53:01,962 [INFO] 
处理文件: 0152_[临时公告]京东健康京东健康：关于补发控股股东、实际控制人、董事、监事被纳入失信被执行人名单公告的声明公告.pdf
2026-04-01 11:53:02,067 [INFO]   标题结论: 被纳入失信
2026-04-01 11:53:02,067 [INFO]   证券代码: 832916  证券简称: 京东健康  公告时间: 2017年6月26日
2026-04-01 11:53:02,067 [INFO]   确认姓名: 国玲，徐征，徐耀东
2026-04-01 11:53:02,067 [INFO]   对应职位: 董事，董事长，控股股东
2026-04-01 11:53:02,067 [INFO] 
处理文件: 0153_[临时公告]雪阳坯衫关于补发公司控股股东、实际控制人、部分董事及公司被纳入失信被执行人名单及撤销的公告的声明.pdf
2026-04-01 11:53:02,090 [INFO]   [提示] 以下页面疑似扫描件，已跳过：第 [1] 页
2026-04-01 11:53:02,090 [WARNING]   [警告] 文件无可提取文本（可能全为扫描件），跳过。
2026-04-01 11:53:02,090 [INFO]   标题结论: （未识别）
2026-04-01 11:53:02,090 [INFO]   证券代码:   证券简称:   公告时间: 
2026-04-01 11:53:02,090 [INFO]   未提取到确认姓名
2026-04-01 11:53:02,090 [INFO] 
处理文件: 0154_[临时公告]雪阳坯衫关于公司控股股东、实际控制人、部分董事及公司被纳入失信被执行人名单及撤销的公告（补发）..pdf
2026-04-01 11:53:02,234 [INFO]   标题结论: 被纳入失信
2026-04-01 11:53:02,234 [INFO]   证券代码: 833889  证券简称: 雪阳坯衫  公告时间: 2017年11月16日
2026-04-01 11:53:02,234 [INFO]   确认姓名: 刘红，刘红中，史国强，杨天岳，雪阳
2026-04-01 11:53:02,235 [INFO]   对应职位: 控股股东，控股股东，，法定代表人，控股股东
2026-04-01 11:53:02,235 [INFO] 
处理文件: 0155_[券商公告]镭蒙机电财通证券股份有限公司关于镭蒙机电股份有限公司被纳入失信被执行人名单的风险提示公告.pdf
2026-04-01 11:53:02,310 [INFO]   标题结论: 被纳入失信
2026-04-01 11:53:02,310 [INFO]   证券代码:   证券简称:   公告时间: 2017年4月21日
2026-04-01 11:53:02,310 [INFO]   未提取到确认姓名
2026-04-01 11:53:02,311 [INFO]   失信被执行人公司: 关于镭蒙机电股份有限公司
2026-04-01 11:53:02,311 [INFO] 
处理文件: 0156_[券商公告]汉术化学国海证券股份有限公司关于西安汉术化学工程股份有限公司被纳入失信被执行人名单的风险提示性公告.pdf
2026-04-01 11:53:02,435 [INFO]   标题结论: 被纳入失信
2026-04-01 11:53:02,435 [INFO]   证券代码: 832829  证券简称: 汉术化学，  公告时间: 2017年11月9日
2026-04-01 11:53:02,435 [INFO]   未提取到确认姓名
2026-04-01 11:53:02,435 [INFO]   失信被执行人公司: 关于西安汉术化学工程股份有限公司，西安汉术化学工程股份有限公司
2026-04-01 11:53:02,435 [INFO]   案号: （2017）陕 0113 执 2256 号
2026-04-01 11:53:02,436 [INFO] 
处理文件: 0157_[券商公告]ST中试中泰证券股份有限公司关于湖北中试电力科技股份有限公司被纳入失信被执行人名单的风险提示公告.pdf
2026-04-01 11:53:02,503 [INFO]   标题结论: 被纳入失信
2026-04-01 11:53:02,503 [INFO]   证券代码: 430291  证券简称: ST  公告时间: 2017年11月3日
2026-04-01 11:53:02,503 [INFO]   未提取到确认姓名
2026-04-01 11:53:02,504 [INFO]   失信被执行人公司: 关于湖北中试电力科技股份有限公司
2026-04-01 11:53:02,504 [INFO] 
处理文件: 0158_[券商公告]润港林业国海证券股份有限公司关于广西钦州润港林业股份有限公司被纳入失信被执行人名单的风险提示公.pdf
2026-04-01 11:53:02,573 [INFO]   标题结论: 被纳入失信
2026-04-01 11:53:02,573 [INFO]   证券代码: 832438  证券简称: 润港林业，以下简称“润港林业”）  公告时间: 2017年6月15日
2026-04-01 11:53:02,573 [INFO]   未提取到确认姓名
2026-04-01 11:53:02,573 [INFO]   失信被执行人公司: 关于广西钦州润港林业股份有限公司，广西钦州润港林业股份有限公司
2026-04-01 11:53:02,574 [INFO]   案号: (2016)桂0702执736号
2026-04-01 11:53:02,574 [INFO] 
处理文件: 0159_[券商公告]弘方股份恒泰证券股份有限公司关于湖北弘方科技股份有限公司被纳入失信被执行人名单的风险提示性公告.pdf
2026-04-01 11:53:02,723 [INFO]   标题结论: 被纳入失信
2026-04-01 11:53:02,723 [INFO]   证券代码: 839235  证券简称: 弘方股份，以下  公告时间: 2017年5月4日
2026-04-01 11:53:02,724 [INFO]   未提取到确认姓名
2026-04-01 11:53:02,724 [INFO]   失信被执行人公司: 关于湖北弘方科技股份有限公司
2026-04-01 11:53:02,724 [INFO] 
处理文件: 0160_[券商公告]易点科技东北证券股份有限公司关于长春易点科技股份有限公司被纳入失信被执行人名单的风险提示公告.pdf
2026-04-01 11:53:02,808 [INFO]   标题结论: 被纳入失信
2026-04-01 11:53:02,809 [INFO]   证券代码: 831679  证券简称: 易点科技，以下  公告时间: 2017年4月25日
2026-04-01 11:53:02,809 [INFO]   未提取到确认姓名
2026-04-01 11:53:02,809 [INFO]   失信被执行人公司: 关于长春易点科技股份有限公司
2026-04-01 11:53:02,809 [INFO] 
处理文件: 0161_[券商公告]海益宝中国银河证券股份有限公司关于海益宝控股股东、实际控制人被纳入失信被执行人名单的风险揭示公告.pdf
2026-04-01 11:53:02,908 [INFO]   标题结论: 被纳入失信
2026-04-01 11:53:02,908 [INFO]   证券代码: 831955  证券简称:   公告时间: 2017年1月11日
2026-04-01 11:53:02,908 [INFO]   确认姓名: 海益宝，范立，范立强
2026-04-01 11:53:02,908 [INFO]   对应职位: 控股股东，实际控制人，实际控制人
2026-04-01 11:53:02,908 [INFO] 
处理文件: 0162_[券商公告]天众合金渤海证券股份有限公司关于沈阳天众合金股份有限公司被列入失信被执行人名单等事项重大风险提示公告.pdf
2026-04-01 11:53:03,460 [INFO]   标题结论: 被纳入失信
2026-04-01 11:53:03,460 [INFO]   证券代码:   证券简称:   公告时间: 2017年12月22日
2026-04-01 11:53:03,460 [INFO]   确认姓名: 和高级，张丽华，张沫，张沫及，张沫因，是否，由萨沙，董监，董监高
2026-04-01 11:53:03,460 [INFO]   对应职位: 董事，法定代表人，主席，控股股东，控股股东，总经理，监事，监事，监事
2026-04-01 11:53:03,460 [INFO]   可疑姓名（待人工核实）: 金因
2026-04-01 11:53:03,460 [INFO]   失信被执行人公司: 关于沈阳天众合金股份有限公司
2026-04-01 11:53:03,460 [INFO] 
处理文件: 0163_[券商公告]斯迈柯长城证券股份有限公司关于南京斯迈柯特种金属装备股份有限公司被纳入失信被执行人名单的风险提示性公告.pdf
2026-04-01 11:53:03,620 [INFO]   标题结论: 被纳入失信
2026-04-01 11:53:03,620 [INFO]   证券代码:   证券简称: “斯迈柯”，证券代码：  公告时间: 2017年9月26日
2026-04-01 11:53:03,620 [INFO]   未提取到确认姓名
2026-04-01 11:53:03,620 [INFO]   可疑姓名（待人工核实）: 斯迈柯
2026-04-01 11:53:03,620 [INFO]   失信被执行人公司: 关于南京斯迈柯特种金属装备股份有限公司
2026-04-01 11:53:03,620 [INFO] 
处理文件: 0164_[券商公告]京东健康华融证券有限公司关于唐山京东大健康股份有限公司实际控制人、董事、监事被纳入失信被执行人名单的风险提示公告.pdf
2026-04-01 11:53:03,773 [INFO]   标题结论: 被纳入失信
2026-04-01 11:53:03,774 [INFO]   证券代码: 832916  证券简称: 京  公告时间: 2017年6月26日
2026-04-01 11:53:03,774 [INFO]   确认姓名: 和高级，崔国玲，徐征，徐耀东，董监，董监高
2026-04-01 11:53:03,774 [INFO]   对应职位: 董事，董事，董事长，董事长，监事，监事
2026-04-01 11:53:03,774 [INFO] 
处理文件: 0165_[券商公告]广州证券股份有限公司关于成都雨神电竞科技股份有限公司实际控制人、控股股东属于失信联合惩戒对象的风险提示性公告.pdf
2026-04-01 11:53:03,939 [INFO]   标题结论: 被纳入失信
2026-04-01 11:53:03,940 [INFO]   证券代码: 835997  证券简称:   公告时间: 2017年6月19日
2026-04-01 11:53:03,940 [INFO]   确认姓名: 和高级，董监，董监高，马洪麟
2026-04-01 11:53:03,940 [INFO]   对应职位: 董事，监事，监事，实际控制人
2026-04-01 11:53:03,940 [INFO] 
处理文件: 0166_[券商公告]申舟物流万联证券股份有限公司关于上海申舟物流股份有限公司及其控股股东被纳入失信被执行人名单的风险提示公告.pdf
2026-04-01 11:53:04,056 [INFO]   标题结论: 被纳入失信
2026-04-01 11:53:04,056 [INFO]   证券代码: 837346  证券简称: 申舟  公告时间: 2017年5月12日
2026-04-01 11:53:04,056 [INFO]   确认姓名: 包明，陈万莉
2026-04-01 11:53:04,057 [INFO]   对应职位: 控股股东，控股股东
2026-04-01 11:53:04,057 [INFO] 
处理文件: 0167_[券商公告]盈美软装东吴证券股份有限公司关于江苏盈美软装艺术设计股份有限公司被纳入失信被执行人名单的风险提示性公告.pdf
2026-04-01 11:53:04,156 [INFO]   标题结论: 被纳入失信
2026-04-01 11:53:04,156 [INFO]   证券代码: 838985  证券简称: 盈美软  公告时间: 2017年1月20日
2026-04-01 11:53:04,156 [INFO]   未提取到确认姓名
2026-04-01 11:53:04,156 [INFO]   失信被执行人公司: 关于江苏盈美软装艺术设计股份有限公司
2026-04-01 11:53:04,157 [INFO] 
处理文件: 0168_[券商公告]广建装饰安信证券股份有限公司关于重庆广建装饰股份有限公司及其控股股东、董事被纳入失信被执行人名单的风险提示公告.pdf
2026-04-01 11:53:04,185 [INFO]   [提示] 以下页面疑似扫描件，已跳过：第 [1, 2, 3] 页
2026-04-01 11:53:04,185 [WARNING]   [警告] 文件无可提取文本（可能全为扫描件），跳过。
2026-04-01 11:53:04,185 [INFO]   标题结论: （未识别）
2026-04-01 11:53:04,185 [INFO]   证券代码:   证券简称:   公告时间: 
2026-04-01 11:53:04,186 [INFO]   未提取到确认姓名
2026-04-01 11:53:04,186 [INFO] 
处理文件: 0169_[券商公告]元璋精工长江证券股份有限公司关于苏州元璋精工科技股份有限公司控股股东、实际控制人被纳入失信执行人名单的风险提示公告.pdf
2026-04-01 11:53:04,310 [INFO]   标题结论: 被纳入失信
2026-04-01 11:53:04,310 [INFO]   证券代码: 836211  证券简称: 元璋精工，证券代码：836211，  公告时间: 2017年7月4日
2026-04-01 11:53:04,310 [INFO]   确认姓名: 陆俊翼
2026-04-01 11:53:04,310 [INFO]   对应职位: 控股股东
2026-04-01 11:53:04,310 [INFO]   可疑姓名（待人工核实）: 元璋
2026-04-01 11:53:04,310 [INFO]   案号: （2017）苏 0114 执 889 号
2026-04-01 11:53:04,310 [INFO] 
处理文件: 0170_[券商公告]东安液压中国中投证券有限责任公司关于哈尔滨东安液压机械股份有限公司实际控制人被纳入失信被执行人名单的风险揭示公告.pdf
2026-04-01 11:53:04,380 [INFO]   标题结论: 被纳入失信
2026-04-01 11:53:04,380 [INFO]   证券代码: 430672  证券简称:   公告时间: 2017年3月22日
2026-04-01 11:53:04,380 [INFO]   确认姓名: 庞彩萍
2026-04-01 11:53:04,380 [INFO]   对应职位: 实际控制人
2026-04-01 11:53:04,380 [INFO] 
处理文件: 0171_[券商公告]金洋新材安信证券股份有限公司关于宜春金洋新材料股份有限公司董事及高级管理人员属于失信联合惩戒对象的风险提示性公告(OCR).pdf
2026-04-01 11:53:04,478 [INFO]   标题结论: （未识别）
2026-04-01 11:53:04,478 [INFO]   证券代码: 832490  证券简称: 金洋  公告时间: 
2026-04-01 11:53:04,479 [INFO]   确认姓名: 桂贤友，法阮，程贤友
2026-04-01 11:53:04,479 [INFO]   对应职位: 董事，总经理，总经理
2026-04-01 11:53:04,479 [INFO]   可疑姓名（待人工核实）: 王办芬，董监高，金洋
2026-04-01 11:53:04,479 [INFO] 
处理文件: 0171_[券商公告]金洋新材安信证券股份有限公司关于宜春金洋新材料股份有限公司董事及高级管理人员属于失信联合惩戒对象的风险提示性公告.pdf
2026-04-01 11:53:04,520 [INFO]   [提示] 以下页面疑似扫描件，已跳过：第 [1] 页
2026-04-01 11:53:04,521 [WARNING]   [警告] 文件无可提取文本（可能全为扫描件），跳过。
2026-04-01 11:53:04,521 [INFO]   标题结论: （未识别）
2026-04-01 11:53:04,521 [INFO]   证券代码:   证券简称:   公告时间: 
2026-04-01 11:53:04,521 [INFO]   未提取到确认姓名
2026-04-01 11:53:04,522 [INFO] 
处理文件: 0172_[券商公告]ST东方数天风证券关于ST东方数涉及诉讼、实际控制人被纳入失信被执行人名单及未及时履行信息披露义务等相关事项的风险提示公告.pdf
2026-04-01 11:53:04,809 [INFO]   标题结论: 被纳入失信
2026-04-01 11:53:04,809 [INFO]   证券代码: 834207  证券简称: ST东方数，证券代码：834207，以下简称“东方数码”或“公司”）的主  公告时间: 2017年12月26日
2026-04-01 11:53:04,809 [INFO]   确认姓名: 友华，和高级，张友，张友华，徐华
2026-04-01 11:53:04,809 [INFO]   对应职位: 实际控制人，董事，实际控制人，实际控制人，执行董事
2026-04-01 11:53:04,809 [INFO]   案号: (2017)鄂0111执2117号
2026-04-01 11:53:04,809 [INFO] 
处理文件: 0173_[券商公告]白水农夫安信证券股份有限公司关于福建白水农夫农业股份有限公司实际控制人股权被司法冻结及被纳入失信被执行人名单的风险提示公告(OCR).pdf
2026-04-01 11:53:05,107 [INFO]   标题结论: 被纳入失信
2026-04-01 11:53:05,107 [INFO]   证券代码:   证券简称:   公告时间: 
2026-04-01 11:53:05,107 [INFO]   确认姓名: 关治德，吴治德，进行
2026-04-01 11:53:05,107 [INFO]   对应职位: 实际控制人，实际控制人，实际控制人
2026-04-01 11:53:05,107 [INFO]   可疑姓名（待人工核实）: 可沃，周行
2026-04-01 11:53:05,107 [INFO] 
处理文件: 0173_[券商公告]白水农夫安信证券股份有限公司关于福建白水农夫农业股份有限公司实际控制人股权被司法冻结及被纳入失信被执行人名单的风险提示公告.pdf
2026-04-01 11:53:05,138 [INFO]   [提示] 以下页面疑似扫描件，已跳过：第 [1, 2] 页
2026-04-01 11:53:05,138 [WARNING]   [警告] 文件无可提取文本（可能全为扫描件），跳过。
2026-04-01 11:53:05,138 [INFO]   标题结论: （未识别）
2026-04-01 11:53:05,138 [INFO]   证券代码:   证券简称:   公告时间: 
2026-04-01 11:53:05,139 [INFO]   未提取到确认姓名
2026-04-01 11:53:05,139 [INFO] 
处理文件: 0174_[券商公告]华中自控万联证券有限责任公司关于武汉华中自控技术发展股份有限公司及其控股股东、实际控制人被纳入失信被执行人名单之风险提示公告.pdf
2026-04-01 11:53:05,410 [INFO]   标题结论: 被纳入失信
2026-04-01 11:53:05,411 [INFO]   证券代码:   证券简称:   公告时间: 
2026-04-01 11:53:05,411 [INFO]   确认姓名: 尧南，张尧南
2026-04-01 11:53:05,411 [INFO]   对应职位: 控股股东，控股股东
2026-04-01 11:53:05,411 [INFO] 
处理文件: 0175_[券商公告]中和医疗恒泰证券股份有限公司关于北京亿邦中和医疗科技股份有限公司控股股东、实际控制人及董事被纳入失信被执行人名单的风险提示公告.pdf
2026-04-01 11:53:05,562 [INFO]   标题结论: 被纳入失信
2026-04-01 11:53:05,562 [INFO]   证券代码:   证券简称: 中和医疗，证券代码  公告时间: 2017年9月22日
2026-04-01 11:53:05,562 [INFO]   确认姓名: 和高级，李立，李立及，董监高，韩丽丽
2026-04-01 11:53:05,562 [INFO]   对应职位: 董事，控股股东，控股股东，监事，实际控制人
2026-04-01 11:53:05,562 [INFO] 
处理文件: 0176_[券商公告]安普生物安信证券股份有限公司关于洛阳安普生物科技股份有限公司及其实际控制人被列为失信被执行人、贷款逾期、违规担保等事项的风险提示公告(OCR).pdf
2026-04-01 11:53:05,717 [INFO]   标题结论: 被纳入失信
2026-04-01 11:53:05,717 [INFO]   证券代码:   证券简称:   公告时间: 2017年9月8日
2026-04-01 11:53:05,717 [INFO]   确认姓名: 刘志，刘志鹏，无法
2026-04-01 11:53:05,718 [INFO]   对应职位: 实际控制人，实际控制人，实际控制人
2026-04-01 11:53:05,718 [INFO]   可疑姓名（待人工核实）: 刘志膈，王办苏
2026-04-01 11:53:05,718 [INFO]   失信被执行人公司: 际控制人及公司
2026-04-01 11:53:05,718 [INFO] 
处理文件: 0176_[券商公告]安普生物安信证券股份有限公司关于洛阳安普生物科技股份有限公司及其实际控制人被列为失信被执行人、贷款逾期、违规担保等事项的风险提示公告.pdf
2026-04-01 11:53:05,732 [WARNING]   [警告] 文件无可提取文本（可能全为扫描件），跳过。
2026-04-01 11:53:05,732 [INFO]   标题结论: （未识别）
2026-04-01 11:53:05,732 [INFO]   证券代码:   证券简称:   公告时间: 
2026-04-01 11:53:05,732 [INFO]   未提取到确认姓名
2026-04-01 11:53:05,732 [INFO] 
处理文件: 0177_[券商公告]金鼎股份中信建投证券股份有限公司关于天津市金鼎线材制品科技开发股份有限公司控股股东涉及诉讼并被纳入失信被执行人名单的风险提示性公告.pdf
2026-04-01 11:53:06,216 [INFO]   标题结论: 被纳入失信
2026-04-01 11:53:06,216 [INFO]   证券代码:   证券简称:   公告时间: 2017年8月15日
2026-04-01 11:53:06,216 [INFO]   未提取到确认姓名
2026-04-01 11:53:06,216 [INFO]   失信被执行人公司: 天津冶金集团有限公司
2026-04-01 11:53:06,216 [INFO]   案号: (2016)京03执837号，(2017)京01执30号，(2016)京03执恢11号
2026-04-01 11:53:06,216 [INFO] 
处理文件: 0178_[券商公告]木村树东兴证券股份有限公司关于宁波木村树鞋业股份有限公司涉及诉讼被纳入失信执行人名单并被采取限制出境、拘留等强制措施的风险揭示性公告.pdf
2026-04-01 11:53:06,445 [INFO]   标题结论: 被纳入失信
2026-04-01 11:53:06,445 [INFO]   证券代码: 832845  证券简称:   公告时间: 2017年6月30日
2026-04-01 11:53:06,445 [INFO]   未提取到确认姓名
2026-04-01 11:53:06,445 [INFO]   失信被执行人公司: 被执行人宁波木村树鞋业股份有限公司
2026-04-01 11:53:06,445 [INFO] 
处理文件: 0179_[券商公告]疆能股份广州证券股份有限公司关于新疆新华能电气股份有限公司及其子公司被纳入失信被执行人名单、关联方资金占用进展情况的风险提示性公告.pdf
2026-04-01 11:53:06,611 [INFO]   标题结论: 被纳入失信
2026-04-01 11:53:06,611 [INFO]   证券代码: 831572  证券简称: 疆能股份，证券代码：831572，以下简  公告时间: 2017年6月28日
2026-04-01 11:53:06,611 [INFO]   确认姓名: 王建友
2026-04-01 11:53:06,611 [INFO]   对应职位: 实际控制人
2026-04-01 11:53:06,611 [INFO]   失信被执行人公司: 券商发现疆能股份及其子公司
2026-04-01 11:53:06,612 [INFO] 
处理文件: 0180_[券商公告]ST赛诺达方正证券股份有限公司关于天津市赛诺达智能技术股份有限公司公司被纳入失信执行人名单、不履行信息披露义务的风险提示性公告.pdf
2026-04-01 11:53:06,735 [INFO]   标题结论: 被纳入失信
2026-04-01 11:53:06,735 [INFO]   证券代码: 430231  证券简称:   公告时间: 2017年6月19日
2026-04-01 11:53:06,735 [INFO]   确认姓名: 刘嘉祥
2026-04-01 11:53:06,735 [INFO]   对应职位: （无）
2026-04-01 11:53:06,735 [INFO]   失信被执行人公司: 天津市赛诺达智能技术股份有限公司
2026-04-01 11:53:06,735 [INFO]   案号: (2016)津 0101 执 970 号
2026-04-01 11:53:06,735 [INFO] 
处理文件: 0181_[券商公告]渤海证券股份有限公司关于沈阳天众合金股份有限公司相关董事、高级管理人员被纳入失信被执行人名单、股东股权被司法冻结等事项的风险提示公告.pdf
2026-04-01 11:53:07,094 [INFO]   标题结论: 被纳入失信
2026-04-01 11:53:07,094 [INFO]   证券代码:   证券简称:   公告时间: 2017年6月7日
2026-04-01 11:53:07,094 [INFO]   确认姓名: 和高级，张沫，张沫及，张沫系，张连仲，董监高，高璟利
2026-04-01 11:53:07,094 [INFO]   对应职位: 董事，董事长，控股股东，董事长，董事，监事，董事
2026-04-01 11:53:07,094 [INFO]   失信被执行人公司: 沈阳天众合金股份有限公司
2026-04-01 11:53:07,094 [INFO]   案号: （2017）辽0111执699号，（2017）辽0111执654号，（2017）辽0111 执698号，（2017）辽0111 执699号，（2017）辽0111执698号
2026-04-01 11:53:07,094 [INFO] 
处理文件: 0182_[券商公告]佳瑞高科安信证券股份有限公司关于平顶山佳瑞高科实业股份有限公司股权被司法冻结及实际控制人被纳入失信被执行人名单的风险提示公告(OCR).pdf
2026-04-01 11:53:07,188 [INFO]   标题结论: （未识别）
2026-04-01 11:53:07,188 [INFO]   证券代码:   证券简称:   公告时间: 2017年2月20日
2026-04-01 11:53:07,188 [INFO]   确认姓名: 谢秋灰
2026-04-01 11:53:07,189 [INFO]   对应职位: 实际控制人
2026-04-01 11:53:07,189 [INFO]   可疑姓名（待人工核实）: 谢枕欣，谢林欣
2026-04-01 11:53:07,189 [INFO] 
处理文件: 0182_[券商公告]佳瑞高科安信证券股份有限公司关于平顶山佳瑞高科实业股份有限公司股权被司法冻结及实际控制人被纳入失信被执行人名单的风险提示公告.pdf
2026-04-01 11:53:07,213 [INFO]   [提示] 以下页面疑似扫描件，已跳过：第 [1, 2] 页
2026-04-01 11:53:07,213 [WARNING]   [警告] 文件无可提取文本（可能全为扫描件），跳过。
2026-04-01 11:53:07,213 [INFO]   标题结论: （未识别）
2026-04-01 11:53:07,213 [INFO]   证券代码:   证券简称:   公告时间: 
2026-04-01 11:53:07,213 [INFO]   未提取到确认姓名
2026-04-01 11:53:07,217 [INFO] 
结果已保存到: D:\This computer\desktop\2017年失信人文件-调试用-扫描件已处理\失信人信息提取结果_完整版.csv
2026-04-01 11:53:07,217 [INFO] 
处理完成！共处理 207 条记录
2026-04-01 11:53:07,217 [INFO] 标题为[被纳入失信]: 163 条
2026-04-01 11:53:07,218 [INFO] 标题为[未被纳入失信]: 7 条
2026-04-01 11:53:07,218 [INFO] 成功提取确认姓名: 88 条
2026-04-01 11:53:07,218 [INFO] 含可疑姓名（待核实）: 56 条
2026-04-01 11:53:07,218 [INFO] 成功提取失信公司: 74 条
2026-04-01 11:53:07,218 [INFO] 成功提取案号: 46 条
