2026-04-14 17:06:46,388 [INFO] LAC 已加载
2026-04-14 17:06:52,768 [DEBUG] Building prefix dict from the default dictionary ...
2026-04-14 17:06:52,769 [DEBUG] Loading model from cache C:\Users\25485\AppData\Local\Temp\jieba.cache
2026-04-14 17:06:53,284 [DEBUG] Loading model cost 0.516 seconds.
2026-04-14 17:06:53,284 [DEBUG] Prefix dict has been built successfully.
2026-04-14 17:06:53,286 [INFO] 
处理: 0001_[临时公告]力好科技被纳入失信执行人公告.pdf
2026-04-14 17:06:53,414 [INFO]   分类: 公司被纳入 | 公司:  | 姓名: 
2026-04-14 17:06:53,414 [INFO] 
处理: 0002_[临时公告]贺思特被纳入失信被执行人的公告.pdf
2026-04-14 17:06:53,520 [INFO]   分类: 公司被纳入 | 公司:  | 姓名: 
2026-04-14 17:06:53,522 [INFO] 
处理: 0003_[临时公告]置辰智慧被纳入失信被执行人的公告.pdf
2026-04-14 17:06:54,108 [INFO]   分类: 公司被纳入 | 公司:  | 姓名: 
2026-04-14 17:06:54,108 [INFO] 
处理: 0004_[临时公告]创世生态被纳入失信被执行人的公告.pdf
2026-04-14 17:06:54,279 [INFO]   分类: 公司被纳入 | 公司:  | 姓名: 
2026-04-14 17:06:54,279 [INFO] 
处理: 0005_[临时公告]特辰科技被纳入失信被执行人的公告.pdf
2026-04-14 17:06:55,182 [INFO]   分类: 公司被纳入 | 公司:  | 姓名: 
2026-04-14 17:06:55,182 [INFO] 
处理: 0006_[临时公告]凯德科技被纳入失信被执行人的公告.pdf
2026-04-14 17:06:55,440 [INFO]   分类: 公司被纳入 | 公司:  | 姓名: 
2026-04-14 17:06:55,440 [INFO] 
处理: 0007_[临时公告]中标集团被列入失信被执行人的公告.pdf
2026-04-14 17:06:55,561 [INFO]   分类: 公司被纳入 | 公司:  | 姓名: 
2026-04-14 17:06:55,561 [INFO] 
处理: 0008_[临时公告]中标集团被列入失信被执行人的公告.pdf
2026-04-14 17:06:55,692 [INFO]   分类: 公司被纳入 | 公司:  | 姓名: 
2026-04-14 17:06:55,692 [INFO] 
处理: 0009_[临时公告]中标集团被列入失信被执行人的公告.pdf
2026-04-14 17:06:55,791 [INFO]   分类: 公司被纳入 | 公司:  | 姓名: 
2026-04-14 17:06:55,791 [INFO] 
处理: 0010_[临时公告]ST中标集被纳入失信被执行人的公告.pdf
2026-04-14 17:06:55,893 [INFO]   分类: 公司被纳入 | 公司:  | 姓名: 
2026-04-14 17:06:55,893 [INFO] 
处理: 0011_[临时公告]ST中标集被纳入失信被执行人的公告.pdf
2026-04-14 17:06:55,980 [INFO]   分类: 公司被纳入 | 公司:  | 姓名: 
2026-04-14 17:06:55,980 [INFO] 
处理: 0012_[临时公告]ST中标集被列入失信被执行人的公告.pdf
2026-04-14 17:06:56,120 [INFO]   分类: 公司被纳入 | 公司:  | 姓名: 
2026-04-14 17:06:56,121 [INFO] 
处理: 0013_[临时公告]ST中标集被列入失信被执行人的公告.pdf
2026-04-14 17:06:56,249 [INFO]   分类: 公司被纳入 | 公司:  | 姓名: 
2026-04-14 17:06:56,249 [INFO] 
处理: 0014_[临时公告]ST云路桥被纳入失信被执行人的公告.pdf
2026-04-14 17:06:56,361 [INFO]   分类: 公司被纳入 | 公司:  | 姓名: 
2026-04-14 17:06:56,361 [INFO] 
处理: 0015_[临时公告]ST中标集被列入失信被执行人的公告.pdf
2026-04-14 17:06:56,472 [INFO]   分类: 公司被纳入 | 公司:  | 姓名: 
2026-04-14 17:06:56,472 [INFO] 
处理: 0016_[临时公告]ST中标集被列入失信被执行人的公告.pdf
2026-04-14 17:06:56,579 [INFO]   分类: 公司被纳入 | 公司:  | 姓名: 
2026-04-14 17:06:56,579 [INFO] 
处理: 0017_[临时公告]ST中标集被列入失信被执行人的公告.pdf
2026-04-14 17:06:56,658 [INFO]   分类: 公司被纳入 | 公司:  | 姓名: 
2026-04-14 17:06:56,658 [INFO] 
处理: 0018_[临时公告]ST中标集被列入失信被执行人的公告.pdf
2026-04-14 17:06:56,770 [INFO]   分类: 公司被纳入 | 公司:  | 姓名: 
2026-04-14 17:06:56,770 [INFO] 
处理: 0019_[临时公告]ST中标集被列入失信被执行人的公告.pdf
2026-04-14 17:06:56,870 [INFO]   分类: 公司被纳入 | 公司:  | 姓名: 
2026-04-14 17:06:56,870 [INFO] 
处理: 0020_[临时公告]ST中标集被列入失信被执行人的公告.pdf
2026-04-14 17:06:57,010 [INFO]   分类: 公司被纳入 | 公司:  | 姓名: 
2026-04-14 17:06:57,010 [INFO] 
处理: 0021_[临时公告]ST中标集被列入失信被执行人的公告.pdf
2026-04-14 17:06:57,163 [INFO]   分类: 公司被纳入 | 公司:  | 姓名: 
2026-04-14 17:06:57,163 [INFO] 
处理: 0022_[临时公告]ST中标集被列入失信被执行人的公告.pdf
2026-04-14 17:06:57,342 [INFO]   分类: 公司被纳入 | 公司:  | 姓名: 
2026-04-14 17:06:57,342 [INFO] 
处理: 0023_[临时公告]ST奥盖克被纳入失信被执行人的公告.pdf
2026-04-14 17:06:57,466 [INFO]   分类: 公司被纳入 | 公司:  | 姓名: 
2026-04-14 17:06:57,466 [INFO] 
处理: 0024_[临时公告]ST量子花被纳入失信被执行人的公告.pdf
2026-04-14 17:06:58,203 [INFO]   分类: 公司被纳入 | 公司:  | 姓名: 
2026-04-14 17:06:58,204 [INFO] 
处理: 0025_[临时公告]山水环境公司被纳入失信被执行人的公告.pdf
2026-04-14 17:06:58,308 [INFO]   分类: 公司被纳入 | 公司:  | 姓名: 
2026-04-14 17:06:58,308 [INFO] 
处理: 0026_[临时公告]德威股份公司被纳入失信被执行人的公告.pdf
2026-04-14 17:06:58,458 [INFO]   分类: 公司被纳入 | 公司:  | 姓名: 
2026-04-14 17:06:58,458 [INFO] 
处理: 0027_[临时公告]山水环境公司被纳入失信被执行人的公告.pdf
2026-04-14 17:06:58,559 [INFO]   分类: 公司被纳入 | 公司:  | 姓名: 
2026-04-14 17:06:58,559 [INFO] 
处理: 0028_[临时公告]山水环境公司被纳入失信被执行人的公告.pdf
2026-04-14 17:06:58,719 [INFO]   分类: 公司被纳入 | 公司:  | 姓名: 
2026-04-14 17:06:58,719 [INFO] 
处理: 0029_[临时公告]斯盛能源公司被纳入失信被执行人的公告.pdf
2026-04-14 17:06:58,882 [INFO]   分类: 公司被纳入 | 公司:  | 姓名: 
2026-04-14 17:06:58,882 [INFO] 
处理: 0030_[临时公告]博源股份公司被纳入失信被执行人的公告.pdf
2026-04-14 17:06:59,015 [INFO]   分类: 公司被纳入 | 公司:  | 姓名: 
2026-04-14 17:06:59,016 [INFO] 
处理: 0031_[临时公告]亨达科技公司被纳入失信被执行人的公告.pdf
2026-04-14 17:06:59,164 [INFO]   分类: 公司被纳入 | 公司:  | 姓名: 
2026-04-14 17:06:59,165 [INFO] 
处理: 0032_[临时公告]希益智能公司被纳入失信被执行人的公告.pdf
2026-04-14 17:06:59,280 [INFO]   分类: 公司被纳入 | 公司:  | 姓名: 
2026-04-14 17:06:59,280 [INFO] 
处理: 0033_[临时公告]名品彩叶公司被纳入失信被执行人的公告.pdf
2026-04-14 17:06:59,431 [INFO]   分类: 公司被纳入 | 公司:  | 姓名: 
2026-04-14 17:06:59,431 [INFO] 
处理: 0034_[临时公告]中科恒运公司被纳入失信被执行人的公告.pdf
2026-04-14 17:06:59,568 [INFO]   分类: 公司被纳入 | 公司:  | 姓名: 
2026-04-14 17:06:59,568 [INFO] 
处理: 0035_[临时公告]博加信息监事被纳入失信被执行人的公告.pdf
2026-04-14 17:06:59,685 [INFO]   分类: 个人被纳入 | 公司:  | 姓名: 於伟一
2026-04-14 17:06:59,685 [INFO] 
处理: 0036_[临时公告]中科恒运公司被纳入失信被执行人的公告.pdf
2026-04-14 17:06:59,843 [INFO]   分类: 公司被纳入 | 公司:  | 姓名: 
2026-04-14 17:06:59,843 [INFO] 
处理: 0037_[临时公告]中科恒运公司被纳入失信被执行人的公告.pdf
2026-04-14 17:07:00,085 [INFO]   分类: 公司被纳入 | 公司:  | 姓名: 
2026-04-14 17:07:00,085 [INFO] 
处理: 0038_[临时公告]玉安爆破公司被纳入失信被执行人的公告.pdf
2026-04-14 17:07:00,244 [INFO]   分类: 公司被纳入 | 公司:  | 姓名: 
2026-04-14 17:07:00,244 [INFO] 
处理: 0039_[临时公告]ST创达被纳入失信被执行人的公告(补发).pdf
2026-04-14 17:07:00,351 [INFO]   分类: 公司被纳入 | 公司: 杭州创达环境科技股份有限公司 | 姓名: 
2026-04-14 17:07:00,351 [INFO] 
处理: 0040_[临时公告]基骏股份公司被纳入失信被执行人的公告.pdf
2026-04-14 17:07:00,448 [INFO]   分类: 公司被纳入 | 公司:  | 姓名: 
2026-04-14 17:07:00,448 [INFO] 
处理: 0041_[临时公告]佳信捷关于公司被纳入失信被执行人的公告.pdf
2026-04-14 17:07:00,638 [INFO]   分类: 公司被纳入 | 公司:  | 姓名: 
2026-04-14 17:07:00,638 [INFO] 
处理: 0042_[临时公告]ST云路桥公司被纳入失信被执行人的公告.pdf
2026-04-14 17:07:00,750 [INFO]   分类: 公司被纳入 | 公司:  | 姓名: 
2026-04-14 17:07:00,751 [INFO] 
处理: 0043_[临时公告]ST云路桥公司被纳入失信被执行人的公告.pdf
2026-04-14 17:07:00,863 [INFO]   分类: 公司被纳入 | 公司:  | 姓名: 
2026-04-14 17:07:00,863 [INFO] 
处理: 0044_[临时公告]地平线关于公司被纳入失信被执行人的公告.pdf
2026-04-14 17:07:00,983 [INFO]   分类: 公司被纳入 | 公司:  | 姓名: 
2026-04-14 17:07:00,983 [INFO] 
处理: 0045_[临时公告]城兴股份关于公司被纳入失信人的声明公告.pdf
2026-04-14 17:07:01,049 [INFO]   分类: 公司被纳入 | 公司:  | 姓名: 
2026-04-14 17:07:01,050 [INFO] 
处理: 0046_[临时公告]城兴股份关于公司被纳入失信人的声明公告.pdf
2026-04-14 17:07:01,132 [INFO]   分类: 公司被纳入 | 公司:  | 姓名: 
2026-04-14 17:07:01,132 [INFO] 
处理: 0047_[临时公告]大盛微电牌公司被纳入失信被执行人的公告.pdf
2026-04-14 17:07:01,304 [INFO]   分类: 公司被纳入 | 公司: 挂牌公司 | 姓名: 
2026-04-14 17:07:01,304 [INFO] 
处理: 0048_[临时公告]洛阳餐旅子公司被纳入失信被执行人的公告.pdf
2026-04-14 17:07:01,420 [INFO]   分类: 公司被纳入 | 公司:  | 姓名: 
2026-04-14 17:07:01,420 [INFO] 
处理: 0049_[临时公告]ST云路桥公司被纳入失信被执行人的公告.pdf
2026-04-14 17:07:01,541 [INFO]   分类: 公司被纳入 | 公司:  | 姓名: 
2026-04-14 17:07:01,541 [INFO] 
处理: 0050_[临时公告]斯盛能源子公司被纳入失信被执行人的公告.pdf
2026-04-14 17:07:01,709 [INFO]   分类: 公司被纳入 | 公司: 控股子公司 | 姓名: 
2026-04-14 17:07:01,709 [INFO] 
处理: 0051_[临时公告]唐豆豆关于公司被纳入失信被执行人的公告.pdf
2026-04-14 17:07:01,869 [INFO]   分类: 公司被纳入 | 公司:  | 姓名: 
2026-04-14 17:07:01,869 [INFO] 
处理: 0052_[临时公告]斯盛能源子公司被纳入失信被执行人的公告.pdf
2026-04-14 17:07:01,996 [INFO]   分类: 公司被纳入 | 公司: 控股子公司 | 姓名: 
2026-04-14 17:07:01,996 [INFO] 
处理: 0053_[临时公告]斯盛能源子公司被纳入失信被执行人的公告.pdf
2026-04-14 17:07:02,144 [INFO]   分类: 公司被纳入 | 公司: 控股子公司 | 姓名: 
2026-04-14 17:07:02,146 [INFO] 
处理: 0054_[临时公告]发现者关于公司被移出失信被执行人的公告.pdf
2026-04-14 17:07:02,422 [INFO]   分类: 公司被撤销 | 公司: 黑龙江省发现者机器人股份有限公司，黑龙江省发现者机器人股份有限公司关于公司 | 姓名: 
2026-04-14 17:07:02,422 [INFO] 
处理: 0055_[临时公告]美特桥架关于公司被纳入失信被执行人的公告.pdf
2026-04-14 17:07:02,521 [INFO]   分类: 公司被纳入 | 公司:  | 姓名: 
2026-04-14 17:07:02,521 [INFO] 
处理: 0056_[临时公告]刚泰3关于子公司被纳入失信被执行人的公告.pdf
2026-04-14 17:07:02,642 [INFO]   分类: 公司被纳入 | 公司:  | 姓名: 
2026-04-14 17:07:02,642 [INFO] 
处理: 0057_[临时公告]ST泓宇关于公司被纳入失信被执行人的公告.pdf
2026-04-14 17:07:02,748 [INFO]   分类: 公司被纳入 | 公司:  | 姓名: 
2026-04-14 17:07:02,749 [INFO] 
处理: 0058_[临时公告]远成股份关于公司被纳入失信被执行人的公告.pdf
2026-04-14 17:07:02,872 [INFO]   分类: 公司被纳入 | 公司:  | 姓名: 
2026-04-14 17:07:02,872 [INFO] 
处理: 0059_[临时公告]利树股份公司被纳入失信被执行人的公告(补发).pdf
2026-04-14 17:07:03,075 [INFO]   分类: 公司被纳入 | 公司:  | 姓名: 
2026-04-14 17:07:03,075 [INFO] 
处理: 0060_[临时公告]大盛微电挂牌公司被纳入失信被执行人的公告.pdf
2026-04-14 17:07:03,247 [INFO]   分类: 公司被纳入 | 公司: 挂牌公司 | 姓名: 
2026-04-14 17:07:03,247 [INFO] 
处理: 0061_[临时公告]通海绒业关于公司被移出失信被执行人的公告.pdf
2026-04-14 17:07:03,337 [INFO]   分类: 公司被撤销 | 公司: 陕西通海绒业股份有限公司关于公司 | 姓名: 
2026-04-14 17:07:03,337 [INFO] 
处理: 0062_[临时公告]城兴股份关于公司被纳入失信被执行人的公告.pdf
2026-04-14 17:07:03,526 [INFO]   分类: 公司被纳入 | 公司:  | 姓名: 
2026-04-14 17:07:03,526 [INFO] 
处理: 0063_[临时公告]大盛微电挂牌公司被纳入失信被执行人的公告.pdf
2026-04-14 17:07:03,868 [INFO]   分类: 公司被纳入 | 公司: 挂牌公司 | 姓名: 
2026-04-14 17:07:03,868 [INFO] 
处理: 0064_[临时公告]通海绒业关于公司被纳入失信被执行人的公告.pdf
2026-04-14 17:07:04,079 [INFO]   分类: 公司被纳入 | 公司:  | 姓名: 
2026-04-14 17:07:04,079 [INFO] 
处理: 0065_[临时公告]ST通捷公司新增被纳入失信被执行人的公告.pdf
2026-04-14 17:07:04,176 [INFO]   分类: 公司被纳入 | 公司:  | 姓名: 
2026-04-14 17:07:04,176 [INFO] 
处理: 0066_[临时公告]ST牧标关于公司被纳入失信被执行人的公告.pdf
2026-04-14 17:07:04,276 [INFO]   分类: 公司被纳入 | 公司:  | 姓名: 
2026-04-14 17:07:04,276 [INFO] 
处理: 0067_[临时公告]ST通捷公司新增被纳入失信被执行人的公告.pdf
2026-04-14 17:07:04,380 [INFO]   分类: 公司被纳入 | 公司:  | 姓名: 
2026-04-14 17:07:04,380 [INFO] 
处理: 0068_[临时公告]佳瑞高科公司被列入失信被执行人的公告(补发).pdf
2026-04-14 17:07:04,510 [INFO]   分类: 公司被纳入 | 公司:  | 姓名: 
2026-04-14 17:07:04,510 [INFO] 
处理: 0069_[临时公告]ST牧标关于公司被纳入失信被执行人的公告.pdf
2026-04-14 17:07:04,631 [INFO]   分类: 公司被纳入 | 公司:  | 姓名: 
2026-04-14 17:07:04,631 [INFO] 
处理: 0070_[临时公告]美特桥架关于公司被纳入失信被执行人的公告.pdf
2026-04-14 17:07:04,769 [INFO]   分类: 公司被纳入 | 公司:  | 姓名: 
2026-04-14 17:07:04,769 [INFO] 
处理: 0071_[临时公告]得益节能董事被纳入失信被执行人的公告(补发).pdf
2026-04-14 17:07:04,908 [INFO]   分类: 个人被纳入 | 公司:  | 姓名: 任职，其个，本次，李萌
2026-04-14 17:07:04,908 [INFO] 
处理: 0072_[临时公告]远成股份挂牌公司被纳入失信被执行人的公告.pdf
2026-04-14 17:07:05,828 [INFO]   分类: 公司被纳入 | 公司: 挂牌公司 | 姓名: 
2026-04-14 17:07:05,828 [INFO] 
处理: 0073_[临时公告]城兴股份关于公司被纳入失信被执行人的公告.pdf
2026-04-14 17:07:06,025 [INFO]   分类: 公司被纳入 | 公司:  | 姓名: 
2026-04-14 17:07:06,025 [INFO] 
处理: 0074_[临时公告]大盛微电挂牌公司被纳入失信被执行人的公告.pdf
2026-04-14 17:07:06,153 [INFO]   分类: 公司被纳入 | 公司: 挂牌公司 | 姓名: 
2026-04-14 17:07:06,153 [INFO] 
处理: 0075_[临时公告]ST牧标关于公司被纳入失信被执行人的公告.pdf
2026-04-14 17:07:06,440 [INFO]   分类: 公司被纳入 | 公司:  | 姓名: 
2026-04-14 17:07:06,440 [INFO] 
处理: 0076_[临时公告]城兴股份关于公司被纳入失信被执行人的公告.pdf
2026-04-14 17:07:06,560 [INFO]   分类: 公司被纳入 | 公司:  | 姓名: 
2026-04-14 17:07:06,560 [INFO] 
处理: 0077_[临时公告]城兴股份关于公司被纳入失信被执行人的公告.pdf
2026-04-14 17:07:06,732 [INFO]   分类: 公司被纳入 | 公司:  | 姓名: 
2026-04-14 17:07:06,732 [INFO] 
处理: 0078_[临时公告]ST微东挂牌公司被纳入失信被执行人的公告.pdf
2026-04-14 17:07:06,973 [INFO]   分类: 公司被纳入 | 公司: 挂牌公司 | 姓名: 
2026-04-14 17:07:06,973 [INFO] 
处理: 0079_[临时公告]城兴股份公司被纳入失信被执行人的公告(补发).pdf
2026-04-14 17:07:07,225 [INFO]   分类: 公司被纳入 | 公司:  | 姓名: 
2026-04-14 17:07:07,225 [INFO] 
处理: 0080_[临时公告]祥云飞龙关于公司被纳入失信被执行人的公告.pdf
2026-04-14 17:07:07,390 [INFO]   分类: 公司被纳入 | 公司:  | 姓名: 
2026-04-14 17:07:07,390 [INFO] 
处理: 0081_[临时公告]美特桥架关于公司被纳入失信被执行人的公告.pdf
2026-04-14 17:07:07,517 [INFO]   分类: 公司被纳入 | 公司:  | 姓名: 
2026-04-14 17:07:07,517 [INFO] 
处理: 0082_[临时公告]美特桥架关于公司被纳入失信被执行人的公告.pdf
2026-04-14 17:07:07,671 [INFO]   分类: 公司被纳入 | 公司:  | 姓名: 
2026-04-14 17:07:07,672 [INFO] 
处理: 0083_[临时公告]福航环保王亮被纳入失信联合惩戒对象的公告.pdf
2026-04-14 17:07:07,912 [INFO]   分类: 公司被纳入 | 公司:  | 姓名: 
2026-04-14 17:07:07,914 [INFO] 
处理: 0084_[临时公告]山水环境关于公司被纳入失信被执行人的公告.pdf
2026-04-14 17:07:08,131 [INFO]   分类: 公司被纳入 | 公司:  | 姓名: 
2026-04-14 17:07:08,131 [INFO] 
处理: 0085_[临时公告]恒宇科技挂牌公司被纳入失信被执行人的公告.pdf
2026-04-14 17:07:08,366 [INFO]   分类: 公司被纳入 | 公司: 挂牌公司 | 姓名: 
2026-04-14 17:07:08,366 [INFO] 
处理: 0086_[临时公告]恒宇科技挂牌公司被纳入失信被执行人的公告.pdf
2026-04-14 17:07:08,568 [INFO]   分类: 公司被纳入 | 公司: 挂牌公司 | 姓名: 
2026-04-14 17:07:08,568 [INFO] 
处理: 0087_[临时公告]山水环境关于公司被纳入失信被执行人的公告.pdf
2026-04-14 17:07:08,677 [INFO]   分类: 公司被纳入 | 公司:  | 姓名: 
2026-04-14 17:07:08,677 [INFO] 
处理: 0088_[临时公告]ST牧标关于公司被纳入失信被执行人的公告.pdf
2026-04-14 17:07:08,821 [INFO]   分类: 公司被纳入 | 公司:  | 姓名: 
2026-04-14 17:07:08,821 [INFO] 
处理: 0089_[临时公告]ST博恩关于公司被纳入失信被执行人的公告.pdf
2026-04-14 17:07:08,930 [INFO]   分类: 公司被纳入 | 公司:  | 姓名: 
2026-04-14 17:07:08,930 [INFO] 
处理: 0090_[临时公告]大盛微电挂牌公司被纳入失信被执行人的公告.pdf
2026-04-14 17:07:09,076 [INFO]   分类: 公司被纳入 | 公司: 挂牌公司 | 姓名: 
2026-04-14 17:07:09,076 [INFO] 
处理: 0091_[临时公告]明珠股份关于公司被纳入失信被执行人的公告.pdf
2026-04-14 17:07:09,215 [INFO]   分类: 公司被纳入 | 公司:  | 姓名: 
2026-04-14 17:07:09,215 [INFO] 
处理: 0092_[临时公告]大盛微电挂牌公司被纳入失信被执行人的公告.pdf
2026-04-14 17:07:09,370 [INFO]   分类: 公司被纳入 | 公司: 挂牌公司 | 姓名: 
2026-04-14 17:07:09,370 [INFO] 
处理: 0093_[临时公告]恒宇科技挂牌公司被纳入失信被执行人的公告.pdf
2026-04-14 17:07:09,585 [INFO]   分类: 公司被纳入 | 公司: 挂牌公司 | 姓名: 
2026-04-14 17:07:09,585 [INFO] 
处理: 0094_[临时公告]沧运集团关于公司被纳入失信被执行人的公告.pdf
2026-04-14 17:07:09,806 [INFO]   分类: 公司被纳入 | 公司:  | 姓名: 
2026-04-14 17:07:09,807 [INFO] 
处理: 0095_[临时公告]山水环境关于公司被纳入失信被执行人的公告.pdf
2026-04-14 17:07:09,923 [INFO]   分类: 公司被纳入 | 公司:  | 姓名: 
2026-04-14 17:07:09,924 [INFO] 
处理: 0096_[临时公告]大盛微电挂牌公司被纳入失信被执行人的公告.pdf
2026-04-14 17:07:10,142 [INFO]   分类: 公司被纳入 | 公司: 挂牌公司 | 姓名: 
2026-04-14 17:07:10,142 [INFO] 
处理: 0097_[临时公告]华夏龙腾关于公司被纳入失信被执行人的公告.pdf
2026-04-14 17:07:10,350 [INFO]   分类: 公司被纳入 | 公司:  | 姓名: 
2026-04-14 17:07:10,350 [INFO] 
处理: 0098_[临时公告]山水环境关于公司被纳入失信被执行人的公告.pdf
2026-04-14 17:07:10,502 [INFO]   分类: 公司被纳入 | 公司:  | 姓名: 
2026-04-14 17:07:10,502 [INFO] 
处理: 0099_[临时公告]牧标股份关于公司被纳入失信被执行人的公告.pdf
2026-04-14 17:07:10,948 [INFO]   分类: 公司被纳入 | 公司:  | 姓名: 
2026-04-14 17:07:10,948 [INFO] 
处理: 0100_[临时公告]牧标股份关于公司被纳入失信被执行人的公告.pdf
2026-04-14 17:07:11,074 [INFO]   分类: 公司被纳入 | 公司:  | 姓名: 
2026-04-14 17:07:11,074 [INFO] 
处理: 0101_[临时公告]中大股份关于公司被移出失信被执行人的公告.pdf
2026-04-14 17:07:11,232 [INFO]   分类: 公司被撤销 | 公司: 份有限公司关于公司，沟通不及时导致公司 | 姓名: 
2026-04-14 17:07:11,233 [INFO] 
处理: 0102_[临时公告]中大股份关于公司被纳入失信被执行人的公告.pdf
2026-04-14 17:07:11,556 [INFO]   分类: 公司被纳入 | 公司: 沟通不及时导致公司 | 姓名: 
2026-04-14 17:07:11,556 [INFO] 
处理: 0103_[临时公告]中大股份关于公司被移出失信被执行人的公告.pdf
2026-04-14 17:07:11,683 [INFO]   分类: 公司被撤销 | 公司: 份有限公司关于公司，沟通不及时导致公司 | 姓名: 
2026-04-14 17:07:11,683 [INFO] 
处理: 0104_[临时公告]大盛微电挂牌公司被纳入失信被执行人的公告.pdf
2026-04-14 17:07:11,955 [INFO]   分类: 公司被纳入 | 公司: 挂牌公司 | 姓名: 
2026-04-14 17:07:11,955 [INFO] 
处理: 0105_[临时公告]力好科技关于公司被纳入失信被执行人的公告.pdf
2026-04-14 17:07:12,128 [INFO]   分类: 公司被纳入 | 公司:  | 姓名: 
2026-04-14 17:07:12,128 [INFO] 
处理: 0106_[临时公告]ST博恩控股股东被纳入失信被执行人的公告.pdf
2026-04-14 17:07:12,270 [INFO]   分类: 个人被纳入 | 公司:  | 姓名: 本次
2026-04-14 17:07:12,271 [INFO] 
处理: 0107_[临时公告]ST大家公司被纳入失信被执行人的公告(补发).pdf
2026-04-14 17:07:12,377 [INFO]   分类: 公司被纳入 | 公司:  | 姓名: 
2026-04-14 17:07:12,377 [INFO] 
处理: 0108_[临时公告]ST八叶关于公司被纳入失信被执行人的公告.pdf
2026-04-14 17:07:12,492 [INFO]   分类: 公司被纳入 | 公司:  | 姓名: 
2026-04-14 17:07:12,492 [INFO] 
处理: 0109_[临时公告]山水环境关于公司被纳入失信被执行人的公告.pdf
2026-04-14 17:07:12,585 [INFO]   分类: 公司被纳入 | 公司:  | 姓名: 
2026-04-14 17:07:12,585 [INFO] 
处理: 0110_[临时公告]宝隆科技挂牌公司被纳入失信被执行人的公告.pdf
2026-04-14 17:07:12,709 [INFO]   分类: 公司被纳入 | 公司: 挂牌公司 | 姓名: 
2026-04-14 17:07:12,709 [INFO] 
处理: 0111_[临时公告]远鹏科技公司被纳入失信被执行人的公告(补发).pdf
2026-04-14 17:07:12,813 [INFO]   分类: 公司被纳入 | 公司:  | 姓名: 
2026-04-14 17:07:12,813 [INFO] 
处理: 0112_[临时公告]大盛微电挂牌公司被纳入失信被执行人的公告.pdf
2026-04-14 17:07:12,920 [INFO]   分类: 公司被纳入 | 公司: 挂牌公司 | 姓名: 
2026-04-14 17:07:12,920 [INFO] 
处理: 0113_[临时公告]山水环境关于公司被纳入失信被执行人的公告.pdf
2026-04-14 17:07:13,500 [INFO]   分类: 公司被纳入 | 公司:  | 姓名: 
2026-04-14 17:07:13,500 [INFO] 
处理: 0114_[临时公告]恒宇科技挂牌公司被纳入失信被执行人的公告.pdf
2026-04-14 17:07:13,724 [INFO]   分类: 公司被纳入 | 公司: 挂牌公司 | 姓名: 
2026-04-14 17:07:13,724 [INFO] 
处理: 0115_[临时公告]海航冷链公司被纳入失信被执行人的公告(补发).pdf
2026-04-14 17:07:13,866 [INFO]   分类: 公司被纳入 | 公司:  | 姓名: 
2026-04-14 17:07:13,866 [INFO] 
处理: 0116_[临时公告]恒宇科技挂牌公司被纳入失信被执行人的公告.pdf
2026-04-14 17:07:14,026 [INFO]   分类: 公司被纳入 | 公司: 挂牌公司 | 姓名: 
2026-04-14 17:07:14,026 [INFO] 
处理: 0117_[临时公告]名品彩叶关于公司被纳入失信被执行人的公告.pdf
2026-04-14 17:07:14,176 [INFO]   分类: 公司被纳入 | 公司:  | 姓名: 
2026-04-14 17:07:14,176 [INFO] 
处理: 0118_[临时公告]大盛微电挂牌公司被纳入失信被执行人的公告.pdf
2026-04-14 17:07:14,423 [INFO]   分类: 公司被纳入 | 公司: 挂牌公司 | 姓名: 
2026-04-14 17:07:14,424 [INFO] 
处理: 0119_[临时公告]普点科技董事被纳入失信被执行人的公告(补发).pdf
2026-04-14 17:07:14,654 [INFO]   分类: 个人被纳入 | 公司:  | 姓名: 任职，本次，陈楚贞
2026-04-14 17:07:14,654 [INFO] 
处理: 0120_[临时公告]ST赞普关于公司被纳入失信被执行人的公告.pdf
2026-04-14 17:07:15,017 [INFO]   分类: 公司被纳入 | 公司:  | 姓名: 
2026-04-14 17:07:15,017 [INFO] 
处理: 0121_[临时公告]中科恒运公司被纳入失信被执行人的公告(补发).pdf
2026-04-14 17:07:15,544 [INFO]   分类: 公司被纳入 | 公司:  | 姓名: 
2026-04-14 17:07:15,544 [INFO] 
处理: 0122_[临时公告]明珠股份关于公司被纳入失信被执行人的公告.pdf
2026-04-14 17:07:15,634 [INFO]   分类: 公司被纳入 | 公司:  | 姓名: 
2026-04-14 17:07:15,635 [INFO] 
处理: 0123_[临时公告]山水环境关于公司被纳入失信被执行人的公告.pdf
2026-04-14 17:07:15,749 [INFO]   分类: 公司被纳入 | 公司:  | 姓名: 
2026-04-14 17:07:15,750 [INFO] 
处理: 0124_[临时公告]山水环境关于公司被纳入失信被执行人的公告.pdf
2026-04-14 17:07:16,005 [INFO]   分类: 公司被纳入 | 公司:  | 姓名: 
2026-04-14 17:07:16,005 [INFO] 
处理: 0125_[临时公告]ST金大关于公司被纳入失信被执行人的公告.pdf
2026-04-14 17:07:16,156 [INFO]   分类: 公司被纳入 | 公司:  | 姓名: 
2026-04-14 17:07:16,156 [INFO] 
处理: 0126_[临时公告]名品彩叶关于公司被纳入失信被执行人的公告.pdf
2026-04-14 17:07:16,303 [INFO]   分类: 公司被纳入 | 公司:  | 姓名: 
2026-04-14 17:07:16,304 [INFO] 
处理: 0127_[临时公告]辰华能源关于公司被纳入失信被执行人的公告.pdf
2026-04-14 17:07:16,439 [INFO]   分类: 公司被纳入 | 公司:  | 姓名: 
2026-04-14 17:07:16,439 [INFO] 
处理: 0128_[临时公告]泓宇环能关于公司被纳入失信被执行人的公告.pdf
2026-04-14 17:07:16,578 [INFO]   分类: 公司被纳入 | 公司: 河南泓宇环能科技股份有限公司 | 姓名: 
2026-04-14 17:07:16,578 [INFO] 
处理: 0129_[临时公告]ST云路桥关于公司被纳入失信被执行人的公告.pdf
2026-04-14 17:07:16,882 [INFO]   分类: 公司被纳入 | 公司:  | 姓名: 
2026-04-14 17:07:16,882 [INFO] 
处理: 0130_[临时公告]ST云路桥关于公司被纳入失信被执行人的公告.pdf
2026-04-14 17:07:17,003 [INFO]   分类: 公司被纳入 | 公司:  | 姓名: 
2026-04-14 17:07:17,004 [INFO] 
处理: 0131_[临时公告]ST郑水务关于公司被纳入失信被执行人的公告.pdf
2026-04-14 17:07:17,143 [INFO]   分类: 公司被纳入 | 公司:  | 姓名: 
2026-04-14 17:07:17,143 [INFO] 
处理: 0132_[临时公告]ST云路桥关于公司被纳入失信被执行人的公告.pdf
2026-04-14 17:07:17,282 [INFO]   分类: 公司被纳入 | 公司:  | 姓名: 
2026-04-14 17:07:17,283 [INFO] 
处理: 0133_[临时公告]大团结关于公司被纳入失信被执行人的公告(补发).pdf
2026-04-14 17:07:17,442 [INFO]   分类: 公司被纳入 | 公司:  | 姓名: 
2026-04-14 17:07:17,442 [INFO] 
处理: 0134_[临时公告]ST云路桥关于公司被纳入失信被执行人的公告.pdf
2026-04-14 17:07:17,591 [INFO]   分类: 公司被纳入 | 公司:  | 姓名: 
2026-04-14 17:07:17,591 [INFO] 
处理: 0135_[临时公告]ST云路桥关于公司被纳入失信被执行人的公告.pdf
2026-04-14 17:07:17,712 [INFO]   分类: 公司被纳入 | 公司:  | 姓名: 
2026-04-14 17:07:17,713 [INFO] 
处理: 0136_[临时公告]ST云路桥关于公司被纳入失信被执行人的公告.pdf
2026-04-14 17:07:17,921 [INFO]   分类: 公司被纳入 | 公司:  | 姓名: 
2026-04-14 17:07:17,921 [INFO] 
处理: 0137_[临时公告]ST云路桥关于公司被纳入失信被执行人的公告.pdf
2026-04-14 17:07:18,036 [INFO]   分类: 公司被纳入 | 公司:  | 姓名: 
2026-04-14 17:07:18,036 [INFO] 
处理: 0138_[临时公告]ST云路桥关于公司被纳入失信被执行人的公告.pdf
2026-04-14 17:07:18,186 [INFO]   分类: 公司被纳入 | 公司:  | 姓名: 
2026-04-14 17:07:18,186 [INFO] 
处理: 0139_[临时公告]大团结关于公司被纳入失信被执行人的公告(补发).pdf
2026-04-14 17:07:18,359 [INFO]   分类: 公司被纳入 | 公司:  | 姓名: 
2026-04-14 17:07:18,359 [INFO] 
处理: 0140_[临时公告]ST云路桥关于公司被纳入失信被执行人的公告.pdf
2026-04-14 17:07:18,469 [INFO]   分类: 公司被纳入 | 公司:  | 姓名: 
2026-04-14 17:07:18,470 [INFO] 
处理: 0141_[临时公告]ST云路桥关于公司被纳入失信被执行人的公告.pdf
2026-04-14 17:07:18,579 [INFO]   分类: 公司被纳入 | 公司:  | 姓名: 
2026-04-14 17:07:18,579 [INFO] 
处理: 0142_[临时公告]ST云路桥关于公司被纳入失信被执行人的公告.pdf
2026-04-14 17:07:18,731 [INFO]   分类: 公司被纳入 | 公司:  | 姓名: 
2026-04-14 17:07:18,731 [INFO] 
处理: 0143_[临时公告]ST云路桥关于公司被纳入失信被执行人的公告.pdf
2026-04-14 17:07:18,843 [INFO]   分类: 公司被纳入 | 公司:  | 姓名: 
2026-04-14 17:07:18,843 [INFO] 
处理: 0144_[临时公告]ST云路桥关于公司被纳入失信被执行人的公告.pdf
2026-04-14 17:07:18,945 [INFO]   分类: 公司被纳入 | 公司:  | 姓名: 
2026-04-14 17:07:18,945 [INFO] 
处理: 0145_[临时公告]ST云路桥关于公司被纳入失信被执行人的公告.pdf
2026-04-14 17:07:19,094 [INFO]   分类: 公司被纳入 | 公司:  | 姓名: 
2026-04-14 17:07:19,095 [INFO] 
处理: 0146_[临时公告]ST云路桥关于公司被纳入失信被执行人的公告.pdf
2026-04-14 17:07:19,234 [INFO]   分类: 公司被纳入 | 公司:  | 姓名: 
2026-04-14 17:07:19,234 [INFO] 
处理: 0147_[临时公告]华讯3关于公司新增被纳入失信被执行人的公告.pdf
2026-04-14 17:07:19,704 [INFO]   分类: 公司被纳入 | 公司:  | 姓名: 
2026-04-14 17:07:19,705 [INFO] 
处理: 0148_[临时公告]万绿生物监事会主席被纳入失信被执行人的公告.pdf
2026-04-14 17:07:19,873 [INFO]   分类: 个人被纳入 | 公司:  | 姓名: 仍依照，本次，马从新
2026-04-14 17:07:19,873 [INFO] 
处理: 0149_[临时公告]ST云路桥关于公司被纳入失信被执行人的公告.pdf
2026-04-14 17:07:19,983 [INFO]   分类: 公司被纳入 | 公司:  | 姓名: 
2026-04-14 17:07:19,983 [INFO] 
处理: 0150_[临时公告]祥云飞龙关于董事长被纳入失信被执行人的公告.pdf
2026-04-14 17:07:20,184 [INFO]   分类: 个人被纳入 | 公司:  | 姓名: 本次，杨龙
2026-04-14 17:07:20,184 [INFO] 
处理: 0151_[临时公告]ST云路桥关于公司被纳入失信被执行人的公告.pdf
2026-04-14 17:07:20,274 [INFO]   分类: 公司被纳入 | 公司:  | 姓名: 
2026-04-14 17:07:20,275 [INFO] 
处理: 0152_[临时公告]ST云路桥关于公司被纳入失信被执行人的公告.pdf
2026-04-14 17:07:20,415 [INFO]   分类: 公司被纳入 | 公司:  | 姓名: 
2026-04-14 17:07:20,415 [INFO] 
处理: 0153_[临时公告]ST云路桥关于公司被纳入失信被执行人的公告.pdf
2026-04-14 17:07:20,668 [INFO]   分类: 公司被纳入 | 公司:  | 姓名: 
2026-04-14 17:07:20,669 [INFO] 
处理: 0154_[临时公告]ST云路桥关于公司被纳入失信被执行人的公告.pdf
2026-04-14 17:07:20,807 [INFO]   分类: 公司被纳入 | 公司:  | 姓名: 
2026-04-14 17:07:20,807 [INFO] 
处理: 0155_[临时公告]ST云路桥关于公司被纳入失信被执行人的公告.pdf
2026-04-14 17:07:20,942 [INFO]   分类: 公司被纳入 | 公司:  | 姓名: 
2026-04-14 17:07:20,942 [INFO] 
处理: 0156_[临时公告]ST云路桥关于公司被纳入失信被执行人的公告.pdf
2026-04-14 17:07:21,047 [INFO]   分类: 公司被纳入 | 公司:  | 姓名: 
2026-04-14 17:07:21,047 [INFO] 
处理: 0157_[临时公告]ST云路桥关于公司被纳入失信被执行人的公告.pdf
2026-04-14 17:07:21,137 [INFO]   分类: 公司被纳入 | 公司:  | 姓名: 
2026-04-14 17:07:21,137 [INFO] 
处理: 0158_[临时公告]ST云路桥关于公司被纳入失信被执行人的公告.pdf
2026-04-14 17:07:21,235 [INFO]   分类: 公司被纳入 | 公司:  | 姓名: 
2026-04-14 17:07:21,235 [INFO] 
处理: 0159_[临时公告]ST云路桥关于公司被纳入失信被执行人的公告.pdf
2026-04-14 17:07:21,313 [INFO]   分类: 公司被纳入 | 公司:  | 姓名: 
2026-04-14 17:07:21,313 [INFO] 
处理: 0160_[临时公告]ST云路桥关于公司被纳入失信被执行人的公告.pdf
2026-04-14 17:07:21,428 [INFO]   分类: 公司被纳入 | 公司:  | 姓名: 
2026-04-14 17:07:21,428 [INFO] 
处理: 0161_[临时公告]博源股份全资子公司被纳入失信被执行人的公告.pdf
2026-04-14 17:07:21,594 [INFO]   分类: 公司被纳入 | 公司: 全资子公司，河南嘉瑞电力工程有限公司 | 姓名: 
2026-04-14 17:07:21,594 [INFO] 
处理: 0162_[临时公告]ST云路桥关于公司被纳入失信被执行人的公告.pdf
2026-04-14 17:07:21,724 [INFO]   分类: 公司被纳入 | 公司:  | 姓名: 
2026-04-14 17:07:21,724 [INFO] 
处理: 0163_[临时公告]ST云路桥关于公司被纳入失信被执行人的公告.pdf
2026-04-14 17:07:21,833 [INFO]   分类: 公司被纳入 | 公司:  | 姓名: 
2026-04-14 17:07:21,835 [INFO] 
处理: 0164_[临时公告]ST康润洁关于公司被纳入失信被执行人的公告.pdf
2026-04-14 17:07:22,002 [INFO]   分类: 公司被纳入 | 公司:  | 姓名: 
2026-04-14 17:07:22,002 [INFO] 
处理: 0165_[临时公告]ST云路桥关于公司被纳入失信被执行人的公告.pdf
2026-04-14 17:07:22,132 [INFO]   分类: 公司被纳入 | 公司:  | 姓名: 
2026-04-14 17:07:22,132 [INFO] 
处理: 0166_[临时公告]ST云路桥关于公司被纳入失信被执行人的公告.pdf
2026-04-14 17:07:22,289 [INFO]   分类: 公司被纳入 | 公司:  | 姓名: 
2026-04-14 17:07:22,290 [INFO] 
处理: 0167_[临时公告]ST云路桥关于公司被纳入失信被执行人的公告.pdf
2026-04-14 17:07:22,387 [INFO]   分类: 公司被纳入 | 公司:  | 姓名: 
2026-04-14 17:07:22,387 [INFO] 
处理: 0168_[临时公告]ST云路桥关于公司被纳入失信被执行人的公告.pdf
2026-04-14 17:07:22,524 [INFO]   分类: 公司被纳入 | 公司:  | 姓名: 
2026-04-14 17:07:22,524 [INFO] 
处理: 0169_[临时公告]ST云路桥关于公司被纳入失信被执行人的公告.pdf
2026-04-14 17:07:22,647 [INFO]   分类: 公司被纳入 | 公司:  | 姓名: 
2026-04-14 17:07:22,647 [INFO] 
处理: 0170_[临时公告]ST云路桥关于公司被纳入失信被执行人的公告.pdf
2026-04-14 17:07:22,791 [INFO]   分类: 公司被纳入 | 公司:  | 姓名: 
2026-04-14 17:07:22,791 [INFO] 
处理: 0171_[临时公告]ST云路桥关于公司被纳入失信被执行人的公告.pdf
2026-04-14 17:07:22,979 [INFO]   分类: 公司被纳入 | 公司:  | 姓名: 
2026-04-14 17:07:22,980 [INFO] 
处理: 0172_[临时公告]ST云路桥关于公司被纳入失信被执行人的公告.pdf
2026-04-14 17:07:23,170 [INFO]   分类: 公司被纳入 | 公司:  | 姓名: 
2026-04-14 17:07:23,170 [INFO] 
处理: 0173_[临时公告]ST云路桥关于公司被纳入失信被执行人的公告.pdf
2026-04-14 17:07:23,297 [INFO]   分类: 公司被纳入 | 公司:  | 姓名: 
2026-04-14 17:07:23,297 [INFO] 
处理: 0174_[临时公告]ST云路桥关于公司被纳入失信被执行人的公告.pdf
2026-04-14 17:07:23,431 [INFO]   分类: 公司被纳入 | 公司:  | 姓名: 
2026-04-14 17:07:23,431 [INFO] 
处理: 0175_[临时公告]ST云路桥关于公司被纳入失信被执行人的公告.pdf
2026-04-14 17:07:23,578 [INFO]   分类: 公司被纳入 | 公司:  | 姓名: 
2026-04-14 17:07:23,578 [INFO] 
处理: 0176_[临时公告]ST云路桥关于公司被纳入失信被执行人的公告.pdf
2026-04-14 17:07:23,733 [INFO]   分类: 公司被纳入 | 公司:  | 姓名: 
2026-04-14 17:07:23,734 [INFO] 
处理: 0177_[临时公告]ST云路桥关于公司被纳入失信被执行人的公告.pdf
2026-04-14 17:07:23,873 [INFO]   分类: 公司被纳入 | 公司:  | 姓名: 
2026-04-14 17:07:23,874 [INFO] 
处理: 0178_[临时公告]ST云路桥关于公司被纳入失信被执行人的公告.pdf
2026-04-14 17:07:24,009 [INFO]   分类: 公司被纳入 | 公司:  | 姓名: 
2026-04-14 17:07:24,009 [INFO] 
处理: 0179_[临时公告]ST云路桥关于公司被纳入失信被执行人的公告.pdf
2026-04-14 17:07:24,160 [INFO]   分类: 公司被纳入 | 公司:  | 姓名: 
2026-04-14 17:07:24,160 [INFO] 
处理: 0180_[临时公告]山水环境关于子公司被纳入失信被执行人的公告.pdf
2026-04-14 17:07:24,341 [INFO]   分类: 公司被纳入 | 公司:  | 姓名: 
2026-04-14 17:07:24,341 [INFO] 
处理: 0181_[临时公告]ST英狮控股子公司被纳入失信被执行人的公告.pdf
2026-04-14 17:07:24,480 [INFO]   分类: 公司被纳入 | 公司: 控股子公司 | 姓名: 
2026-04-14 17:07:24,480 [INFO] 
处理: 0182_[临时公告]ST云路桥关于公司被纳入失信被执行人的公告.pdf
2026-04-14 17:07:24,589 [INFO]   分类: 公司被纳入 | 公司:  | 姓名: 
2026-04-14 17:07:24,589 [INFO] 
处理: 0183_[临时公告]ST云路桥关于公司被纳入失信被执行人的公告.pdf
2026-04-14 17:07:24,681 [INFO]   分类: 公司被纳入 | 公司:  | 姓名: 
2026-04-14 17:07:24,681 [INFO] 
处理: 0184_[临时公告]ST云路桥关于公司被纳入失信被执行人的公告.pdf
2026-04-14 17:07:24,780 [INFO]   分类: 公司被纳入 | 公司:  | 姓名: 
2026-04-14 17:07:24,780 [INFO] 
处理: 0185_[临时公告]ST福喜关于公司被移出失信被执行人名单公告.pdf
2026-04-14 17:07:24,864 [INFO]   分类: 公司被撤销 | 公司:  | 姓名: 
2026-04-14 17:07:24,865 [INFO] 
处理: 0186_[临时公告]ST云路桥关于公司被纳入失信被执行人的公告.pdf
2026-04-14 17:07:24,999 [INFO]   分类: 公司被纳入 | 公司:  | 姓名: 
2026-04-14 17:07:24,999 [INFO] 
处理: 0187_[临时公告]ST云路桥关于公司被纳入失信被执行人的公告.pdf
2026-04-14 17:07:25,128 [INFO]   分类: 公司被纳入 | 公司:  | 姓名: 
2026-04-14 17:07:25,128 [INFO] 
处理: 0188_[临时公告]ST云路桥关于公司被纳入失信被执行人的公告.pdf
2026-04-14 17:07:25,251 [INFO]   分类: 公司被纳入 | 公司:  | 姓名: 
2026-04-14 17:07:25,251 [INFO] 
处理: 0189_[临时公告]ST云路桥关于公司被纳入失信被执行人的公告.pdf
2026-04-14 17:07:25,351 [INFO]   分类: 公司被纳入 | 公司:  | 姓名: 
2026-04-14 17:07:25,351 [INFO] 
处理: 0190_[临时公告]ST云路桥关于公司被纳入失信被执行人的公告.pdf
2026-04-14 17:07:25,480 [INFO]   分类: 公司被纳入 | 公司:  | 姓名: 
2026-04-14 17:07:25,480 [INFO] 
处理: 0191_[临时公告]ST云路桥关于公司被纳入失信被执行人的公告.pdf
2026-04-14 17:07:25,588 [INFO]   分类: 公司被纳入 | 公司:  | 姓名: 
2026-04-14 17:07:25,588 [INFO] 
处理: 0192_[临时公告]斯盛能源关于子公司被纳入失信被执行人的公告.pdf
2026-04-14 17:07:25,725 [INFO]   分类: 公司被纳入 | 公司: 控股子公司 | 姓名: 
2026-04-14 17:07:25,726 [INFO] 
处理: 0193_[临时公告]ST云路桥关于公司被纳入失信被执行人的公告.pdf
2026-04-14 17:07:25,855 [INFO]   分类: 公司被纳入 | 公司:  | 姓名: 
2026-04-14 17:07:25,855 [INFO] 
处理: 0194_[临时公告]鑫固环保关于子公司被纳入失信被执行人的公告.pdf
2026-04-14 17:07:25,973 [INFO]   分类: 公司被纳入 | 公司:  | 姓名: 
2026-04-14 17:07:25,973 [INFO] 
处理: 0195_[临时公告]ST云路桥关于公司被纳入失信被执行人的公告.pdf
2026-04-14 17:07:26,100 [INFO]   分类: 公司被纳入 | 公司:  | 姓名: 
2026-04-14 17:07:26,100 [INFO] 
处理: 0196_[临时公告]ST云路桥关于公司被纳入失信被执行人的公告.pdf
2026-04-14 17:07:26,200 [INFO]   分类: 公司被纳入 | 公司:  | 姓名: 
2026-04-14 17:07:26,200 [INFO] 
处理: 0197_[临时公告]中科恒运实际控制人被纳入失信被执行人的公告.pdf
2026-04-14 17:07:26,381 [INFO]   分类: 个人被纳入 | 公司:  | 姓名: 吴又奎，实际已，本次
2026-04-14 17:07:26,381 [INFO] 
处理: 0198_[临时公告]中润新能子公司被纳入失信被执行人的公告(补发).pdf
2026-04-14 17:07:26,566 [INFO]   分类: 公司被纳入 | 公司: 公司子公司 | 姓名: 
2026-04-14 17:07:26,566 [INFO] 
处理: 0199_[临时公告]中润新能子公司被纳入失信被执行人的公告(补发).pdf
2026-04-14 17:07:26,796 [INFO]   分类: 公司被纳入 | 公司: 公司子公司 | 姓名: 
2026-04-14 17:07:26,796 [INFO] 
处理: 0200_[临时公告]远鹏科技子公司被纳入失信被执行人的公告(补发).pdf
2026-04-14 17:07:27,049 [INFO]   分类: 公司被纳入 | 公司:  | 姓名: 
2026-04-14 17:07:27,049 [INFO] 
处理: 0201_[临时公告]ST云路桥关于公司被纳入失信被执行人的公告.pdf
2026-04-14 17:07:27,223 [INFO]   分类: 公司被纳入 | 公司:  | 姓名: 
2026-04-14 17:07:27,223 [INFO] 
处理: 0202_[临时公告]ST云路桥关于公司被纳入失信被执行人的公告.pdf
2026-04-14 17:07:27,334 [INFO]   分类: 公司被纳入 | 公司:  | 姓名: 
2026-04-14 17:07:27,335 [INFO] 
处理: 0203_[临时公告]ST云路桥关于公司被纳入失信被执行人的公告.pdf
2026-04-14 17:07:27,464 [INFO]   分类: 公司被纳入 | 公司:  | 姓名: 
2026-04-14 17:07:27,465 [INFO] 
处理: 0204_[临时公告]ST云路桥关于公司被纳入失信被执行人的公告.pdf
2026-04-14 17:07:27,570 [INFO]   分类: 公司被纳入 | 公司:  | 姓名: 
2026-04-14 17:07:27,570 [INFO] 
处理: 0205_[临时公告]斯盛能源关于子公司被纳入失信被执行人的公告.pdf
2026-04-14 17:07:27,670 [INFO]   分类: 公司被纳入 | 公司: 控股子公司 | 姓名: 
2026-04-14 17:07:27,670 [INFO] 
处理: 0206_[临时公告]ST云路桥关于公司被纳入失信被执行人的公告.pdf
2026-04-14 17:07:27,808 [INFO]   分类: 公司被纳入 | 公司:  | 姓名: 
2026-04-14 17:07:27,808 [INFO] 
处理: 0207_[临时公告]ST云路桥关于公司被纳入失信被执行人的公告.pdf
2026-04-14 17:07:27,923 [INFO]   分类: 公司被纳入 | 公司:  | 姓名: 
2026-04-14 17:07:27,923 [INFO] 
处理: 0208_[临时公告]山水环境关于子公司被纳入失信被执行人的公告.pdf
2026-04-14 17:07:28,264 [INFO]   分类: 公司被纳入 | 公司:  | 姓名: 
2026-04-14 17:07:28,264 [INFO] 
处理: 0209_[临时公告]龙凤山关于公司被纳入失信被执行人的公告(补发).pdf
2026-04-14 17:07:28,743 [INFO]   分类: 公司被纳入 | 公司:  | 姓名: 
2026-04-14 17:07:28,743 [INFO] 
处理: 0210_[临时公告]ST量子花关于公司被纳入失信被执行人的公告.pdf
2026-04-14 17:07:28,935 [INFO]   分类: 公司被纳入 | 公司:  | 姓名: 
2026-04-14 17:07:28,935 [INFO] 
处理: 0211_[临时公告]ST云路桥关于公司被纳入失信被执行人的公告.pdf
2026-04-14 17:07:29,438 [INFO]   分类: 公司被纳入 | 公司:  | 姓名: 
2026-04-14 17:07:29,438 [INFO] 
处理: 0212_[临时公告]ST云路桥关于公司被纳入失信被执行人的公告.pdf
2026-04-14 17:07:29,584 [INFO]   分类: 公司被纳入 | 公司:  | 姓名: 
2026-04-14 17:07:29,584 [INFO] 
处理: 0213_[临时公告]ST云路桥关于公司被纳入失信被执行人的公告.pdf
2026-04-14 17:07:29,707 [INFO]   分类: 公司被纳入 | 公司:  | 姓名: 
2026-04-14 17:07:29,707 [INFO] 
处理: 0214_[临时公告]鑫固环保关于子公司被移出失信被执行人的公告.pdf
2026-04-14 17:07:29,726 [INFO]   分类:  | 公司:  | 姓名: 
2026-04-14 17:07:29,726 [INFO] 
处理: 0215_[临时公告]ST云路桥关于公司被纳入失信被执行人的公告.pdf
2026-04-14 17:07:29,831 [INFO]   分类: 公司被纳入 | 公司: 云南路桥股份有限公司 | 姓名: 
2026-04-14 17:07:29,831 [INFO] 
处理: 0216_[临时公告]ST云路桥关于公司被纳入失信被执行人的公告.pdf
2026-04-14 17:07:29,920 [INFO]   分类: 公司被纳入 | 公司: 云南路桥股份有限公司 | 姓名: 
2026-04-14 17:07:29,920 [INFO] 
处理: 0217_[临时公告]智明恒关于全资子公司被纳入失信被执行人的公告.pdf
2026-04-14 17:07:30,018 [INFO]   分类: 公司被纳入 | 公司: 全资子公司 | 姓名: 
2026-04-14 17:07:30,018 [INFO] 
处理: 0218_[临时公告]华讯3关于子公司新增被纳入失信被执行人的公告.pdf
2026-04-14 17:07:30,373 [INFO]   分类: 公司被纳入 | 公司:  | 姓名: 
2026-04-14 17:07:30,373 [INFO] 
处理: 0219_[临时公告]ST华彩挂牌公司被纳入失信被执行人的公告(补发).pdf
2026-04-14 17:07:30,569 [INFO]   分类: 公司被纳入 | 公司: 挂牌公司 | 姓名: 
2026-04-14 17:07:30,569 [INFO] 
处理: 0220_[临时公告]恒宇科技挂牌公司被纳入失信被执行人的公告(补发).pdf
2026-04-14 17:07:30,727 [INFO]   分类: 公司被纳入 | 公司: 挂牌公司 | 姓名: 
2026-04-14 17:07:30,727 [INFO] 
处理: 0221_[临时公告]ST慈惠关于公司被纳入失信被执行人的公告(补发).pdf
2026-04-14 17:07:30,874 [INFO]   分类: 公司被纳入 | 公司:  | 姓名: 
2026-04-14 17:07:30,875 [INFO] 
处理: 0222_[临时公告]城兴股份关于公司案件被移出失信被执行人的公告.pdf
2026-04-14 17:07:30,979 [INFO]   分类: 公司被撤销 | 公司:  | 姓名: 
2026-04-14 17:07:30,979 [INFO] 
处理: 0223_[临时公告]ST牧标关于公司被纳入失信被执行人的公告(补发).pdf
2026-04-14 17:07:31,287 [INFO]   分类: 公司被纳入 | 公司:  | 姓名: 
2026-04-14 17:07:31,288 [INFO] 
处理: 0224_[临时公告]天祥集团关于公司被移出失信被执行人名单的公告.pdf
2026-04-14 17:07:31,542 [INFO]   分类: 公司被撤销 | 公司: 天祥建设集团股份有限公司关于公司 | 姓名: 
2026-04-14 17:07:31,543 [INFO] 
处理: 0225_[临时公告]ST赞普关于公司被纳入失信被执行人的公告(补发).pdf
2026-04-14 17:07:31,963 [INFO]   分类: 公司被纳入 | 公司:  | 姓名: 
2026-04-14 17:07:31,964 [INFO] 
处理: 0226_[临时公告]城兴股份关于公司被纳入失信被执行人的公告(补发).pdf
2026-04-14 17:07:32,207 [INFO]   分类: 公司被纳入 | 公司:  | 姓名: 
2026-04-14 17:07:32,207 [INFO] 
处理: 0227_[临时公告]长乐情实际控制人、董事被纳入失信被执行人的公告.pdf
2026-04-14 17:07:32,733 [INFO]   分类: 个人被纳入 | 公司:  | 姓名: 本次，胡健
2026-04-14 17:07:32,733 [INFO] 
处理: 0228_[临时公告]速达科技关于公司被纳入失信被执行人的公告(补发).pdf
2026-04-14 17:07:33,531 [INFO]   分类: 公司被纳入 | 公司:  | 姓名: 
2026-04-14 17:07:33,531 [INFO] 
处理: 0229_[临时公告]ST浩天关于挂牌公司被纳入失信被执行人的公告.pdf
2026-04-14 17:07:33,935 [INFO]   分类: 公司被纳入 | 公司:  | 姓名: 
2026-04-14 17:07:33,935 [INFO] 
处理: 0230_[临时公告]和道传媒原监事会主席被纳入失信被执行人的公告.pdf
2026-04-14 17:07:34,293 [INFO]   分类: 个人被纳入 | 公司:  | 姓名: 本次，邬超
2026-04-14 17:07:34,293 [INFO] 
处理: 0231_[临时公告]喂呦科技关于公司被纳入失信被执行人的公告(补发).pdf
2026-04-14 17:07:34,617 [INFO]   分类: 公司被纳入 | 公司:  | 姓名: 
2026-04-14 17:07:34,618 [INFO] 
处理: 0232_[临时公告]景春园林控股股东被纳入失信被执行人的公告(补发).pdf
2026-04-14 17:07:34,868 [INFO]   分类: 个人被纳入 | 公司:  | 姓名: 本次
2026-04-14 17:07:34,869 [INFO] 
处理: 0233_[临时公告]冀雅电子控股股东被纳入失信联合惩戒对象的公告.pdf
2026-04-14 17:07:35,096 [INFO]   分类: 个人被纳入 | 公司:  | 姓名: 本次，通过
2026-04-14 17:07:35,096 [INFO] 
处理: 0234_[临时公告]俊虹股份关于子公司被纳入失信被执行人公告(补发).pdf
2026-04-14 17:07:35,410 [INFO]   分类: 公司被纳入 | 公司:  | 姓名: 
2026-04-14 17:07:35,410 [INFO] 
处理: 0235_[临时公告]昆时股份关于公司被纳入失信被执行人的公告(补发).pdf
2026-04-14 17:07:35,655 [INFO]   分类: 公司被纳入 | 公司:  | 姓名: 
2026-04-14 17:07:35,655 [INFO] 
处理: 0236_[临时公告]更顺科技关于公司被纳入失信被执行人的公告(补发).pdf
2026-04-14 17:07:35,845 [INFO]   分类: 公司被纳入 | 公司:  | 姓名: 
2026-04-14 17:07:35,845 [INFO] 
处理: 0237_[临时公告]中拓石油关于公司被纳入失信被执行人的公告(补发).pdf
2026-04-14 17:07:36,747 [INFO]   分类: 公司被纳入 | 公司:  | 姓名: 
2026-04-14 17:07:36,748 [INFO] 
处理: 0238_[临时公告]冰洋科技关于公司被纳入失信被执行人的公告(补发).pdf
2026-04-14 17:07:37,061 [INFO]   分类: 公司被纳入 | 公司:  | 姓名: 
2026-04-14 17:07:37,061 [INFO] 
处理: 0239_[临时公告]安科运达关于公司被移出失信被执行人名单的公告.pdf
2026-04-14 17:07:37,177 [INFO]   分类: 公司被撤销 | 公司:  | 姓名: 
2026-04-14 17:07:37,177 [INFO] 
处理: 0240_[临时公告]联力股份关于公司新增被纳入失信被执行人的公告.pdf
2026-04-14 17:07:37,532 [INFO]   分类: 公司被纳入 | 公司:  | 姓名: 
2026-04-14 17:07:37,533 [INFO] 
处理: 0241_[临时公告]恒宇科技挂牌公司被纳入失信被执行人的公告(补发).pdf
2026-04-14 17:07:37,864 [INFO]   分类: 公司被纳入 | 公司: 挂牌公司 | 姓名: 
2026-04-14 17:07:37,864 [INFO] 
处理: 0242_[临时公告]祥云飞龙关于公司被纳入失信被执行人的公告(补发).pdf
2026-04-14 17:07:38,163 [INFO]   分类: 公司被纳入 | 公司:  | 姓名: 
2026-04-14 17:07:38,163 [INFO] 
处理: 0243_[临时公告]牧标股份关于公司被纳入失信被执行人的公告(补发).pdf
2026-04-14 17:07:38,415 [INFO]   分类: 公司被纳入 | 公司:  | 姓名: 
2026-04-14 17:07:38,415 [INFO] 
处理: 0244_[临时公告]大富装饰补发公司被纳入失信被执行人的声明公告.pdf
2026-04-14 17:07:38,437 [INFO]   分类:  | 公司:  | 姓名: 
2026-04-14 17:07:38,438 [INFO] 
处理: 0245_[临时公告]巨龙股份关于公司被纳入失信被执行人的公告(补发).pdf
2026-04-14 17:07:38,715 [INFO]   分类: 公司被纳入 | 公司:  | 姓名: 
2026-04-14 17:07:38,716 [INFO] 
处理: 0246_[临时公告]大富装饰关于新增公司被纳入失信被执行人的公告.pdf
2026-04-14 17:07:42,113 [INFO]   分类: 公司被纳入 | 公司:  | 姓名: 
2026-04-14 17:07:42,113 [INFO] 
处理: 0247_[临时公告]英网股份关于公司监事被移出失信被执行人的公告.pdf
2026-04-14 17:07:42,282 [INFO]   分类: 个人被撤销 | 公司:  | 姓名: 范政民
2026-04-14 17:07:42,282 [INFO] 
处理: 0248_[临时公告]ST微客关于控股子公司被纳入失信被执行人的公告.pdf
2026-04-14 17:07:42,650 [INFO]   分类: 公司被纳入 | 公司: 控股子公司 | 姓名: 
2026-04-14 17:07:42,651 [INFO] 
处理: 0249_[临时公告]大团结补发关于公司被纳入失信被执行人的公告声明.pdf
2026-04-14 17:07:42,810 [INFO]   分类: 公司被纳入 | 公司: 补发关于公司 | 姓名: 
2026-04-14 17:07:42,810 [INFO] 
处理: 0250_[临时公告]华讯3关于控股股东新增被纳入失信被执行人的公告.pdf
2026-04-14 17:07:43,258 [INFO]   分类: 个人被纳入 | 公司:  | 姓名: 华讯
2026-04-14 17:07:43,259 [INFO] 
处理: 0251_[临时公告]刚泰3关于公司及子公司被纳入失信被执行人的公告.pdf
2026-04-14 17:07:43,785 [INFO]   分类: 公司被纳入 | 公司:  | 姓名: 
2026-04-14 17:07:43,785 [INFO] 
处理: 0252_[临时公告]大团结补发关于公司被纳入失信被执行人的公告声明.pdf
2026-04-14 17:07:43,929 [INFO]   分类: 公司被纳入 | 公司: 补发关于公司 | 姓名: 
2026-04-14 17:07:43,929 [INFO] 
处理: 0253_[临时公告]刚泰3关于公司及子公司被纳入失信被执行人的公告.pdf
2026-04-14 17:07:44,704 [INFO]   分类: 公司被纳入 | 公司:  | 姓名: 
2026-04-14 17:07:44,705 [INFO] 
处理: 0254_[临时公告]格朗富关于控股股东被纳入失信被执行人的公告(补发).pdf
2026-04-14 17:07:44,988 [INFO]   分类: 个人被纳入 | 公司:  | 姓名: 本次
2026-04-14 17:07:44,989 [INFO] 
处理: 0255_[临时公告]杰事杰实际控制人、董事被纳入失信被执行人的公告(补发).pdf
2026-04-14 17:07:45,326 [INFO]   分类: 个人被纳入 | 公司:  | 姓名: 任职，本次，杨桂生，范伟
2026-04-14 17:07:45,326 [INFO] 
处理: 0256_[临时公告]商翔科技关于实际控制人被纳入失信被执行人的公告.pdf
2026-04-14 17:07:45,733 [INFO]   分类: 个人被纳入 | 公司:  | 姓名: 何利琴，本次，王文军
2026-04-14 17:07:45,733 [INFO] 
处理: 0257_[临时公告]山水环境关于公司、 分公司被纳入失信被执行人的公告.pdf
2026-04-14 17:07:46,120 [INFO]   分类: 公司被纳入 | 公司:  | 姓名: 
2026-04-14 17:07:46,120 [INFO] 
处理: 0258_[临时公告]刚泰1关于公司及子公司被纳入失信被执行人的公告.pdf
2026-04-14 17:07:48,419 [INFO]   分类: 公司被纳入 | 公司:  | 姓名: 
2026-04-14 17:07:48,419 [INFO] 
处理: 0259_[临时公告]格朗富关于控股股东被纳入失信被执行人的公告(补发).pdf
2026-04-14 17:07:48,794 [INFO]   分类: 个人被纳入 | 公司:  | 姓名: 本次
2026-04-14 17:07:48,794 [INFO] 
处理: 0260_[临时公告]智诚安环实际控制人被纳入失信被执行人的公告(补发).pdf
2026-04-14 17:07:49,150 [INFO]   分类: 个人被纳入 | 公司:  | 姓名: 本次，董监高
2026-04-14 17:07:49,150 [INFO] 
处理: 0261_[临时公告]名品彩叶公司子公司被纳入失信被执行人的公告(补发).pdf
2026-04-14 17:07:49,475 [INFO]   分类: 公司被纳入 | 公司: 公司子公司 | 姓名: 
2026-04-14 17:07:49,476 [INFO] 
处理: 0262_[临时公告]ST阿拉全资子公司被纳入失信被执行人的公告(补发).pdf
2026-04-14 17:07:50,070 [INFO]   分类: 公司被纳入 | 公司: 全资子公司 | 姓名: 
2026-04-14 17:07:50,071 [INFO] 
处理: 0263_[临时公告]ST凌志股关于新增公司被纳入失信被执行人的公告.pdf
2026-04-14 17:07:50,419 [INFO]   分类: 公司被纳入 | 公司:  | 姓名: 
2026-04-14 17:07:50,419 [INFO] 
处理: 0264_[临时公告]ST赞普关于全资子公司被纳入失信被执行人的公告.pdf
2026-04-14 17:07:50,726 [INFO]   分类: 公司被纳入 | 公司:  | 姓名: 
2026-04-14 17:07:50,727 [INFO] 
处理: 0265_[临时公告]ST英狮控股子公司解除被纳入失信被执行人的公告.pdf
2026-04-14 17:07:50,750 [INFO]   分类:  | 公司:  | 姓名: 
2026-04-14 17:07:50,751 [INFO] 
处理: 0266_[临时公告]ST通捷子公司新增被纳入失信被执行人的公告(补发).pdf
2026-04-14 17:07:51,002 [INFO]   分类: 公司被纳入 | 公司: 知悉新疆通捷智慧水务有限公司 | 姓名: 
2026-04-14 17:07:51,003 [INFO] 
处理: 0267_[临时公告]ST通捷子公司新增被纳入失信被执行人的公告(补发).pdf
2026-04-14 17:07:51,277 [INFO]   分类: 公司被纳入 | 公司: 知悉新疆通捷智慧水务有限公司 | 姓名: 
2026-04-14 17:07:51,277 [INFO] 
处理: 0268_[临时公告]郑州水务关于实际控制人被纳入失信被执行人的公告.pdf
2026-04-14 17:07:51,676 [INFO]   分类: 个人被纳入 | 公司:  | 姓名: 本次
2026-04-14 17:07:51,676 [INFO] 
处理: 0269_[临时公告]馨格股份关于公司被纳入失信被执行人的公告（补发）(补发).pdf
2026-04-14 17:07:52,130 [INFO]   分类: 公司被纳入 | 公司: 苏州馨格家居用品股份有限公司 | 姓名: 
2026-04-14 17:07:52,130 [INFO] 
处理: 0270_[临时公告]名品彩叶关于补发公司被纳入失信被执行人的申明公.pdf
2026-04-14 17:07:52,252 [INFO]   分类: 公司被纳入 | 公司:  | 姓名: 
2026-04-14 17:07:52,252 [INFO] 
处理: 0271_[临时公告]郑州水务关于实际控制人被纳入失信被执行人的公告.pdf
2026-04-14 17:07:52,463 [INFO]   分类: 个人被纳入 | 公司:  | 姓名: 本次
2026-04-14 17:07:52,463 [INFO] 
处理: 0272_[临时公告]金科资源实际控制人被纳入失信被执行人的公告(补发).pdf
2026-04-14 17:07:52,863 [INFO]   分类: 个人被纳入 | 公司:  | 姓名: 本次，李建明，资格
2026-04-14 17:07:52,864 [INFO] 
处理: 0273_[临时公告]龙凤山关于补发公司被纳入失信被执行人的说明公告.pdf
2026-04-14 17:07:52,992 [INFO]   分类: 公司被纳入 | 公司:  | 姓名: 
2026-04-14 17:07:52,992 [INFO] 
处理: 0274_[临时公告]信中利关于补发公司被纳入失信被执行人的说明公告.pdf
2026-04-14 17:07:53,180 [INFO]   分类: 公司被纳入 | 公司:  | 姓名: 
2026-04-14 17:07:53,180 [INFO] 
处理: 0275_[临时公告]河马股份关于实际控制人被纳入失信被执行人的公告（已取消）.pdf
2026-04-14 17:07:53,592 [INFO]   分类: 个人被纳入 | 公司:  | 姓名: 徐克，本次
2026-04-14 17:07:53,592 [INFO] 
处理: 0276_[临时公告]翼兴节能公司及法定代表人被移出失信被执行人的公告.pdf
2026-04-14 17:07:53,824 [INFO]   分类: 公司及个人被撤销 | 公司:  | 姓名: 邓军已
2026-04-14 17:07:53,824 [INFO] 
处理: 0277_[临时公告]中林股份关于公司监事被纳入失信被执行人的公告(补发).pdf
2026-04-14 17:07:54,114 [INFO]   分类: 个人被纳入 | 公司:  | 姓名: 本次
2026-04-14 17:07:54,114 [INFO] 
处理: 0278_[临时公告]ST郑水务关于实际控制人被纳入失信被执行人的公告.pdf
2026-04-14 17:07:54,544 [INFO]   分类: 个人被纳入 | 公司:  | 姓名: 本次
2026-04-14 17:07:54,544 [INFO] 
处理: 0279_[临时公告]ST华彩关于公司被纳入失信被执行人公告的补发声明.pdf
2026-04-14 17:07:54,753 [INFO]   分类: 公司被纳入 | 公司:  | 姓名: 
2026-04-14 17:07:54,753 [INFO] 
处理: 0280_[临时公告]ST慈惠关于公司被纳入失信被执行人的补发声明公告.pdf
2026-04-14 17:07:54,919 [INFO]   分类: 公司被纳入 | 公司:  | 姓名: 
2026-04-14 17:07:54,919 [INFO] 
处理: 0281_[临时公告]ST牧标关于公司被纳入失信被执行人的补发声明公告.pdf
2026-04-14 17:07:55,071 [INFO]   分类: 公司被纳入 | 公司:  | 姓名: 
2026-04-14 17:07:55,072 [INFO] 
处理: 0282_[临时公告]山水环境关于公司部分案件被移出失信被执行人的公告.pdf
2026-04-14 17:07:55,307 [INFO]   分类: 公司被撤销 | 公司: 山水环境科技股份有限公司 | 姓名: 
2026-04-14 17:07:55,308 [INFO] 
处理: 0283_[临时公告]ST郑水务关于实际控制人被纳入失信被执行人的公告.pdf
2026-04-14 17:07:55,660 [INFO]   分类: 个人被纳入 | 公司:  | 姓名: 本次
2026-04-14 17:07:55,660 [INFO] 
处理: 0284_[临时公告]戈碧迦实际控制人、董事长被纳入失信被执行人的公告(补发).pdf
2026-04-14 17:07:56,040 [INFO]   分类: 个人被纳入 | 公司:  | 姓名: 任职，本次，虞国强
2026-04-14 17:07:56,040 [INFO] 
处理: 0285_[临时公告]ST赞普关于补发公司被纳入失信被执行人公告的说明.pdf
2026-04-14 17:07:56,210 [INFO]   分类: 公司被纳入 | 公司: 限公司关于公司 | 姓名: 
2026-04-14 17:07:56,210 [INFO] 
处理: 0286_[临时公告]联力股份关于挂牌公司新增被纳入失信被执行人的公告.pdf
2026-04-14 17:07:56,392 [INFO]   分类: 公司被纳入 | 公司:  | 姓名: 
2026-04-14 17:07:56,393 [INFO] 
处理: 0287_[临时公告]ST郑水务关于实际控制人被纳入失信被执行人的公告.pdf
2026-04-14 17:07:56,805 [INFO]   分类: 个人被纳入 | 公司:  | 姓名: 本次
2026-04-14 17:07:56,806 [INFO] 
处理: 0288_[临时公告]速达科技关于补发公司被纳入失信被执行人公告的声明.pdf
2026-04-14 17:07:57,009 [INFO]   分类: 公司被纳入 | 公司:  | 姓名: 
2026-04-14 17:07:57,009 [INFO] 
处理: 0289_[临时公告]美世创投实际控制人、董事被纳入失信被执行人的公告(补发).pdf
2026-04-14 17:07:57,407 [INFO]   分类: 个人被纳入 | 公司:  | 姓名: 张洪欣，本次
2026-04-14 17:07:57,408 [INFO] 
处理: 0290_[临时公告]聚智未来关于控股股东被纳入失信被执行人的公告(补发).pdf
2026-04-14 17:07:57,610 [INFO]   分类: 不属于失信人 | 公司:  | 姓名: 本次
2026-04-14 17:07:57,610 [INFO] 
处理: 0291_[临时公告]中拓石油关于公司部分案件被移出失信被执行人的公告.pdf
2026-04-14 17:07:57,935 [INFO]   分类: 公司被撤销 | 公司: 河南中拓石油工程技术股份有限公司关于公司 | 姓名: 
2026-04-14 17:07:57,935 [INFO] 
处理: 0292_[临时公告]喂呦科技关于补发公司被纳入失信被执行人的声明公告.pdf
2026-04-14 17:07:58,096 [INFO]   分类: 公司被纳入 | 公司:  | 姓名: 
2026-04-14 17:07:58,096 [INFO] 
处理: 0293_[临时公告]斯盛能源公司及实际控制人被纳入失信被执行人的公告.pdf
2026-04-14 17:07:58,521 [INFO]   分类: 公司及个人被纳入 | 公司:  | 姓名: 于湘勇，吴小雄，本次
2026-04-14 17:07:58,521 [INFO] 
处理: 0294_[临时公告]ST金润和关于子公司被纳入失信被执行人的公告(补发).pdf
2026-04-14 17:07:58,758 [INFO]   分类: 公司被纳入 | 公司: 子公司东莞市牧音王电子有限公司 | 姓名: 
2026-04-14 17:07:58,758 [INFO] 
处理: 0295_[临时公告]昆时股份关于公司被纳入失信被执行人的补发声明公告.pdf
2026-04-14 17:07:58,915 [INFO]   分类: 公司被纳入 | 公司: 导致公司 | 姓名: 
2026-04-14 17:07:58,916 [INFO] 
处理: 0296_[临时公告]更顺科技关于公司被纳入失信被执行人的补发声明公告.pdf
2026-04-14 17:07:59,032 [INFO]   分类: 公司被纳入 | 公司: 未能及时对公司 | 姓名: 
2026-04-14 17:07:59,033 [INFO] 
处理: 0297_[临时公告]名品彩叶公司及子公司被纳入失信被执行人的公告(补发).pdf
2026-04-14 17:07:59,833 [INFO]   分类: 公司被纳入 | 公司: 公司及子公司 | 姓名: 
2026-04-14 17:07:59,833 [INFO] 
处理: 0298_[临时公告]ST爱车坊控股子公司被纳入失信被执行人的公告(补发).pdf
2026-04-14 17:08:00,068 [INFO]   分类: 公司被纳入 | 公司: 控股子公司 | 姓名: 
2026-04-14 17:08:00,069 [INFO] 
处理: 0299_[临时公告]大团结关于公司、实际控制人被纳入失信被执行人的公告.pdf
2026-04-14 17:08:00,658 [INFO]   分类: 公司及个人被纳入 | 公司:  | 姓名: 张盛阳，本次
2026-04-14 17:08:00,659 [INFO] 
处理: 0300_[临时公告]中岳非晶关于董事被纳入失信联合惩戒对象的公告(补发).pdf
2026-04-14 17:08:02,059 [INFO]   分类: 个人被纳入 | 公司:  | 姓名: 本次，董晓源，董松慧
2026-04-14 17:08:02,059 [INFO] 
处理: 0301_[临时公告]大富装饰高级管理人员被纳入失信被执行人的公告(补发).pdf
2026-04-14 17:08:02,440 [INFO]   分类: 个人被纳入 | 公司:  | 姓名: 孙兴同，本次
2026-04-14 17:08:02,441 [INFO] 
处理: 0302_[临时公告]祥云飞龙关于公司被纳入失信被执行人的公告补发声明.pdf
2026-04-14 17:08:02,592 [INFO]   分类: 公司被纳入 | 公司:  | 姓名: 
2026-04-14 17:08:02,592 [INFO] 
处理: 0303_[临时公告]海航冷链关于公司被纳入失信被执行人的公告补发声明.pdf
2026-04-14 17:08:02,750 [INFO]   分类: 公司被纳入 | 公司:  | 姓名: 
2026-04-14 17:08:02,750 [INFO] 
处理: 0304_[临时公告]贵交科关于控股子公司被纳入失信被执行人的公告(补发).pdf
2026-04-14 17:08:03,048 [INFO]   分类: 公司被纳入 | 公司: 控股子公司 | 姓名: 
2026-04-14 17:08:03,048 [INFO] 
处理: 0305_[临时公告]馨格股份关于公司被纳入失信被执行人的公告补发声明.pdf
2026-04-14 17:08:03,208 [INFO]   分类: 公司被纳入 | 公司: 格家居用品股份有限公司关于公司 | 姓名: 
2026-04-14 17:08:03,208 [INFO] 
处理: 0306_[临时公告]大富装饰关于新增公司被纳入失信被执行人的公告(补发).pdf
2026-04-14 17:08:03,560 [INFO]   分类: 公司被纳入 | 公司:  | 姓名: 
2026-04-14 17:08:03,560 [INFO] 
处理: 0307_[临时公告]威克传媒关于挂牌公司被纳入失信被执行人的公告(补发).pdf
2026-04-14 17:08:03,783 [INFO]   分类: 公司被纳入 | 公司:  | 姓名: 
2026-04-14 17:08:03,784 [INFO] 
处理: 0308_[临时公告]祥云股份董事、高级管理人员被纳入失信被执行人的公告.pdf
2026-04-14 17:08:04,136 [INFO]   分类: 个人被纳入 | 公司:  | 姓名: 何俊，本次
2026-04-14 17:08:04,136 [INFO] 
处理: 0309_[临时公告]普点科技关于公司董事被纳入失信被执行人的补发声明.pdf
2026-04-14 17:08:04,324 [INFO]   分类: 个人被纳入 | 公司:  | 姓名: 陈楚贞
2026-04-14 17:08:04,324 [INFO] 
处理: 0310_[临时公告]中科恒运关于补发公司被纳入失信被执行人的声明公告.pdf
2026-04-14 17:08:04,522 [INFO]   分类: 公司被纳入 | 公司:  | 姓名: 
2026-04-14 17:08:04,523 [INFO] 
处理: 0311_[临时公告]大团结关于实际控制人被纳入失信被执行人的公告(补发).pdf
2026-04-14 17:08:05,028 [INFO]   分类: 个人被纳入 | 公司:  | 姓名: 张盛阳
2026-04-14 17:08:05,028 [INFO] 
处理: 0312_[临时公告]ST金润和关于公司、子公司被纳入失信被执行人的公告.pdf
2026-04-14 17:08:05,311 [INFO]   分类: 公司被纳入 | 公司: 广东金润和科技股份有限公司，湖南金洱电子设备有限公司 | 姓名: 
2026-04-14 17:08:05,311 [INFO] 
处理: 0313_[临时公告]ST易家关于全资子公司被列入失信被执行人的公告(补发).pdf
2026-04-14 17:08:05,700 [INFO]   分类: 公司被纳入 | 公司: 全资子公司 | 姓名: 
2026-04-14 17:08:05,701 [INFO] 
处理: 0314_[临时公告]嘉泰数控控股股东、实际控制人被纳入失信被执行人的公告.pdf
2026-04-14 17:08:05,908 [INFO]   分类: 个人被纳入 | 公司:  | 姓名: 本次，苏亚帅
2026-04-14 17:08:05,908 [INFO] 
处理: 0315_[临时公告]华讯3关于公司及子公司部分被移出失信被执行人的公告.pdf
2026-04-14 17:08:06,956 [INFO]   分类: 公司被撤销 | 公司:  | 姓名: 
2026-04-14 17:08:06,956 [INFO] 
处理: 0316_[临时公告]俊虹股份关于补发子公司被纳入失信被执行人公告的说明.pdf
2026-04-14 17:08:07,072 [INFO]   分类: 公司被纳入 | 公司: 材股份有限公司关于子公司 | 姓名: 
2026-04-14 17:08:07,072 [INFO] 
处理: 0317_[临时公告]明珠股份关于公司董事长被纳入失信被执行人的公告(补发).pdf
2026-04-14 17:08:07,512 [INFO]   分类: 个人被纳入 | 公司:  | 姓名: 声誉，本次，陈朋从
2026-04-14 17:08:07,512 [INFO] 
处理: 0318_[临时公告]希益智能关于实际控制人、董事被纳入失信被执行人公告(补发).pdf
2026-04-14 17:08:10,120 [INFO]   分类: 个人被纳入 | 公司:  | 姓名: 本次，邵亚辉
2026-04-14 17:08:10,121 [INFO] 
处理: 0319_[临时公告]北直通航关于全资子公司被列入失信被执行人的公告(补发)（更正后）.pdf
2026-04-14 17:08:10,429 [INFO]   分类: 公司被纳入 | 公司:  | 姓名: 
2026-04-14 17:08:10,430 [INFO] 
处理: 0320_[临时公告]兴润金控关于控股子公司被纳入失信被执行人的公告(补发).pdf
2026-04-14 17:08:12,980 [INFO]   分类: 公司被纳入 | 公司:  | 姓名: 
2026-04-14 17:08:12,980 [INFO] 
处理: 0321_[临时公告]明珠股份关于公司董事长被纳入失信被执行人的公告(补发).pdf
2026-04-14 17:08:13,230 [INFO]   分类: 个人被纳入 | 公司:  | 姓名: 声誉，本次，陈朋从
2026-04-14 17:08:13,230 [INFO] 
处理: 0322_[临时公告]远鹏科技关于子公司被纳入失信被执行人的补发说明公告.pdf
2026-04-14 17:08:13,508 [INFO]   分类: 公司被纳入 | 公司: 智能装备制造文安有限公司 | 姓名: 
2026-04-14 17:08:13,509 [INFO] 
处理: 0323_[临时公告]金科资源实际控制人被纳入失信联合惩戒对象的公告(补发).pdf
2026-04-14 17:08:13,897 [INFO]   分类: 个人被纳入 | 公司:  | 姓名: 本次，李建明，资格
2026-04-14 17:08:13,897 [INFO] 
处理: 0324_[临时公告]碧沃丰控股股东、实际控制人、董事被纳入失信被执行人的公告(补发).pdf
2026-04-14 17:08:14,169 [INFO]   分类: 个人被纳入 | 公司:  | 姓名: 张斌，本次
2026-04-14 17:08:14,170 [INFO] 
处理: 0325_[临时公告]美特桥架关于公司及实际控制人被纳入失信被执行人的公告.pdf
2026-04-14 17:08:14,657 [INFO]   分类: 公司及个人被纳入 | 公司:  | 姓名: 本次
2026-04-14 17:08:14,657 [INFO] 
处理: 0326_[临时公告]中林股份关于补发公司监事被纳入失信被执行人的声明公告.pdf
2026-04-14 17:08:14,757 [INFO]   分类: 个人被纳入 | 公司:  | 姓名: 钱为民
2026-04-14 17:08:14,757 [INFO] 
处理: 0327_[临时公告]汉卫股份关于公司控股股东被纳入失信被执行人的公告(补发).pdf
2026-04-14 17:08:15,015 [INFO]   分类: 个人被纳入 | 公司:  | 姓名: 本次
2026-04-14 17:08:15,015 [INFO] 
处理: 0328_[临时公告]恒宇科技关于补发挂牌公司被纳入失信被执行人的公告的说明.pdf
2026-04-14 17:08:15,141 [INFO]   分类: 公司被纳入 | 公司: 限公司挂牌公司 | 姓名: 
2026-04-14 17:08:15,141 [INFO] 
处理: 0329_[临时公告]佳瑞高科公司及控股股东被列入失信被执行人公告的补发声明.pdf
2026-04-14 17:08:15,328 [INFO]   分类: 公司及个人被纳入 | 公司:  | 姓名: 
2026-04-14 17:08:15,329 [INFO] 
处理: 0330_[临时公告]ST易家关于全资子公司被列入失信被执行人公告的补发声明.pdf
2026-04-14 17:08:15,519 [INFO]   分类: 公司被纳入 | 公司: 资子公司 | 姓名: 
2026-04-14 17:08:15,519 [INFO] 
处理: 0331_[临时公告]美特桥架关于公司及实际控制人被纳入失信被执行人的公告.pdf
2026-04-14 17:08:15,795 [INFO]   分类: 公司及个人被纳入 | 公司:  | 姓名: 尚新春，本次
2026-04-14 17:08:15,795 [INFO] 
处理: 0332_[临时公告]得益节能关于补发公司董事被纳入失信被执行人的声明公告.pdf
2026-04-14 17:08:15,977 [INFO]   分类: 个人被纳入 | 公司:  | 姓名: 李萌
2026-04-14 17:08:15,977 [INFO] 
处理: 0333_[临时公告]御食园关于补发监事会主席被纳入失信被执行人的公告(补发).pdf
2026-04-14 17:08:16,312 [INFO]   分类: 个人被纳入 | 公司:  | 姓名: 仍依照，廖熠，本次
2026-04-14 17:08:16,313 [INFO] 
处理: 0334_[临时公告]格朗富关于补发公司控股股东被纳入失信被执行人的声明公告.pdf
2026-04-14 17:08:16,479 [INFO]   分类: 个人被纳入 | 公司:  | 姓名: 
2026-04-14 17:08:16,479 [INFO] 
处理: 0335_[临时公告]景春园林关于控股股东被纳入失信被执行人的补发声明公告.pdf
2026-04-14 17:08:16,510 [INFO]   分类:  | 公司:  | 姓名: 
2026-04-14 17:08:16,511 [INFO] 
处理: 0336_[临时公告]恒凯能源关于公司、实际控制人被纳入失信被执行人的公告(补发).pdf
2026-04-14 17:08:17,022 [INFO]   分类: 公司及个人被纳入 | 公司:  | 姓名: 余浩，本次
2026-04-14 17:08:17,022 [INFO] 
处理: 0337_[临时公告]华彩信和控股股东、实际控制人被纳入失信被执行人的公告(补发).pdf
2026-04-14 17:08:17,279 [INFO]   分类: 个人被纳入 | 公司:  | 姓名: 代理，本次，表示会
2026-04-14 17:08:17,279 [INFO] 
处理: 0338_[临时公告]速达科技公司、实际控制人被纳入失信被执行人的公告（补发）(补发).pdf
2026-04-14 17:08:17,896 [INFO]   分类: 公司及个人被纳入 | 公司:  | 姓名: 本次，李复活
2026-04-14 17:08:17,896 [INFO] 
处理: 0339_[临时公告]ST南光电关于公司、实际控制人被移出失信被执行人的公告.pdf
2026-04-14 17:08:18,160 [INFO]   分类: 公司及个人被撤销 | 公司: 及全资子公司 | 姓名: 
2026-04-14 17:08:18,160 [INFO] 
处理: 0340_[临时公告]ST中科恒公司及实际控制人被纳入失信被执行人的公告(补发).pdf
2026-04-14 17:08:20,014 [INFO]   分类: 公司及个人被纳入 | 公司:  | 姓名: 吴又，本次
2026-04-14 17:08:20,014 [INFO] 
处理: 0341_[临时公告]智诚安环实际控制人被纳入失信被执行人公告的补发声明公告.pdf
2026-04-14 17:08:20,160 [INFO]   分类: 个人被纳入 | 公司:  | 姓名: 刘国辰
2026-04-14 17:08:20,160 [INFO] 
处理: 0342_[临时公告]ST大家关于补发公司被纳入失信被执行人的补发声明公告.pdf
2026-04-14 17:08:20,294 [INFO]   分类: 公司被纳入 | 公司:  | 姓名: 
2026-04-14 17:08:20,294 [INFO] 
处理: 0343_[临时公告]名品彩叶关于补发公司子公司被纳入失信被执行人的申明公告.pdf
2026-04-14 17:08:20,377 [INFO]   分类: 公司被纳入 | 公司: 南名品彩叶苗木股份有限公司公司子公司 | 姓名: 
2026-04-14 17:08:20,377 [INFO] 
处理: 0344_[临时公告]利树股份关于公司、全资子公司被纳入失信被执行人的公告(补发).pdf
2026-04-14 17:08:20,663 [INFO]   分类: 公司被纳入 | 公司: 全资子公司 | 姓名: 
2026-04-14 17:08:20,664 [INFO] 
处理: 0345_[临时公告]鑫鑫龙鑫关于公司及实际控制人被纳入失信被执行人的公告（更正后）.pdf
2026-04-14 17:08:21,114 [INFO]   分类: 公司及个人被纳入 | 公司:  | 姓名: 本次，裴兴星
2026-04-14 17:08:21,115 [INFO] 
处理: 0346_[临时公告]中岳非晶关于董事被纳入失信联合惩戒对象的公告的补发说明.pdf
2026-04-14 17:08:21,232 [INFO]   分类: 个人被纳入 | 公司:  | 姓名: 董晓源，董松慧
2026-04-14 17:08:21,232 [INFO] 
处理: 0347_[临时公告]兴润金控关于控股子公司被纳入失信被执行人的公告补发声明.pdf
2026-04-14 17:08:21,333 [INFO]   分类: 公司被纳入 | 公司:  | 姓名: 
2026-04-14 17:08:21,333 [INFO] 
处理: 0348_[临时公告]鑫鑫龙鑫关于公司及实际控制人被纳入失信被执行人的公告（已取消）.pdf
2026-04-14 17:08:21,750 [INFO]   分类: 公司及个人被纳入 | 公司:  | 姓名: 本次，裴兴星
2026-04-14 17:08:21,750 [INFO] 
处理: 0349_[临时公告]锐思股份关于公司、实际控制人被纳入失信被执行人的公告(补发).pdf
2026-04-14 17:08:22,147 [INFO]   分类: 公司及个人被纳入 | 公司:  | 姓名: 本次，王喆
2026-04-14 17:08:22,148 [INFO] 
处理: 0350_[临时公告]恒宇科技关于补发挂牌公司被纳入失信被执行人的公告的说明.pdf
2026-04-14 17:08:22,262 [INFO]   分类: 公司被纳入 | 公司: 挂牌公司 | 姓名: 
2026-04-14 17:08:22,262 [INFO] 
处理: 0351_[临时公告]ST睿易关于公司北京分公司被纳入失信被执行人的公告(补发).pdf
2026-04-14 17:08:22,469 [INFO]   分类: 公司被纳入 | 公司: 北京分公司 | 姓名: 
2026-04-14 17:08:22,469 [INFO] 
处理: 0352_[临时公告]祥云飞龙公司、第一大股东、实际控制人被纳入失信被执行人的公告.pdf
2026-04-14 17:08:23,001 [INFO]   分类: 个人被纳入 | 公司:  | 姓名: 本次，杨龙
2026-04-14 17:08:23,001 [INFO] 
处理: 0353_[临时公告]贵交科关于控股子公司被纳入失信被执行人公告的补发声明.pdf
2026-04-14 17:08:23,186 [INFO]   分类: 公司被纳入 | 公司:  | 姓名: 
2026-04-14 17:08:23,186 [INFO] 
处理: 0354_[临时公告]三宝农业董事被纳入失信被执行人的公告[2022-007](补发).pdf
2026-04-14 17:08:23,457 [INFO]   分类: 个人被纳入 | 公司:  | 姓名: 任职，本次，马永泉
2026-04-14 17:08:23,457 [INFO] 
处理: 0355_[临时公告]启迪图卫关于公司被纳入失信被执行人的公告[2022-003].pdf
2026-04-14 17:08:23,692 [INFO]   分类: 公司被纳入 | 公司:  | 姓名: 
2026-04-14 17:08:23,693 [INFO] 
处理: 0356_[临时公告]ST鑫物流关于公司实际控制人被移出失信被执行人的公告.pdf
2026-04-14 17:08:23,826 [INFO]   分类: 个人被撤销 | 公司:  | 姓名: 宋征先
2026-04-14 17:08:23,826 [INFO] 
处理: 0357_[临时公告]信中利关于公司及相关主体被纳入失信被执行人的公告（补发）.pdf
2026-04-14 17:08:24,181 [INFO]   分类: 公司被纳入 | 公司: 北京信中利投资股份有限公司 | 姓名: 
2026-04-14 17:08:24,182 [INFO] 
处理: 0358_[临时公告]河马股份关于实际控制人被纳入失信被执行人的公告(更正公告).pdf
2026-04-14 17:08:24,954 [INFO]   分类: 个人被纳入 | 公司: 上海幻克影业发展有限公司，获悉全资子公司 | 姓名: 徐克，本次
2026-04-14 17:08:24,954 [INFO] 
处理: 0359_[临时公告]ST凯英信公司及实际控制人被纳入失信被执行人的公告(补发).pdf
2026-04-14 17:08:25,514 [INFO]   分类: 公司及个人被纳入 | 公司:  | 姓名: 公告，本次，贾立东
2026-04-14 17:08:25,514 [INFO] 
处理: 0360_[临时公告]大富装饰关于新增公司实际控制人被纳入失信被执行人公告.pdf
2026-04-14 17:08:27,777 [INFO]   分类: 个人被纳入 | 公司:  | 姓名: 公告，孙运峰，本次
2026-04-14 17:08:27,777 [INFO] 
处理: 0361_[临时公告]美特桥架关于公司及实际控制人和董事被纳入失信被执行人的公告.pdf
2026-04-14 17:08:28,040 [INFO]   分类: 公司及个人被纳入 | 公司:  | 姓名: 周旭恺，尚岱华，尚新春，本次，陆龙飞
2026-04-14 17:08:28,041 [INFO] 
处理: 0362_[临时公告]广安生物关于公司及公司实际控制人被纳入失信被执行人的公告.pdf
2026-04-14 17:08:28,424 [INFO]   分类: 公司及个人被纳入 | 公司:  | 姓名: 本次，高天增
2026-04-14 17:08:28,424 [INFO] 
处理: 0363_[临时公告]泰久信息实际控制人、董事长、总经理被纳入失信被执行人的公告(补发).pdf
2026-04-14 17:08:28,912 [INFO]   分类: 个人被纳入 | 公司:  | 姓名: 本次，陈龙军
2026-04-14 17:08:28,912 [INFO] 
处理: 0364_[临时公告]汉卫股份关于补发公司控股股东被纳入失信被执行人的声明公告.pdf
2026-04-14 17:08:29,077 [INFO]   分类: 个人被纳入 | 公司:  | 姓名: 
2026-04-14 17:08:29,078 [INFO] 
处理: 0365_[临时公告]戈碧迦关于补发实际控制人、董事长被纳入失信被执行人的声明公告.pdf
2026-04-14 17:08:29,281 [INFO]   分类: 个人被纳入 | 公司:  | 姓名: 虞国强
2026-04-14 17:08:29,281 [INFO] 
处理: 0366_[临时公告]瑞恒科技控股股东、实际控制人、董事长被纳入失信被执行人的公告(补发).pdf
2026-04-14 17:08:29,598 [INFO]   分类: 个人被纳入 | 公司:  | 姓名: 姚云飞，本次
2026-04-14 17:08:29,599 [INFO] 
处理: 0367_[临时公告]长乐情关于公司实际控制人、董事被纳入失信被执行人的公告的声明.pdf
2026-04-14 17:08:29,840 [INFO]   分类: 个人被纳入 | 公司:  | 姓名: 胡健，谈克利
2026-04-14 17:08:29,840 [INFO] 
处理: 0368_[临时公告]ST索尔科关于公司及法定代表人被纳入失信被执行人的公告 (补发).pdf
2026-04-14 17:08:30,072 [INFO]   分类: 公司及个人被纳入 | 公司:  | 姓名: 本次，龚建新
2026-04-14 17:08:30,073 [INFO] 
处理: 0369_[临时公告]聚智未来关于补发公司控股股东被纳入失信被执行人的声明公告.pdf
2026-04-14 17:08:30,234 [INFO]   分类: 不属于失信人 | 公司:  | 姓名: 
2026-04-14 17:08:30,234 [INFO] 
处理: 0370_[临时公告]六马科技关于公司、子公司和实际控制人被纳入失信被执行人的公告.pdf
2026-04-14 17:08:30,538 [INFO]   分类: 公司及个人被纳入 | 公司:  | 姓名: 本次，符开星
2026-04-14 17:08:30,538 [INFO] 
处理: 0371_[临时公告]ST辰华关于公司实际控制人、董事被纳入失信被执行人的公告(补发).pdf
2026-04-14 17:08:30,998 [INFO]   分类: 个人被纳入 | 公司:  | 姓名: 本次，马卫华
2026-04-14 17:08:30,998 [INFO] 
处理: 0372_[临时公告]杰事杰关于补发实际控制人、董事被纳入失信被执行人的声明公告.pdf
2026-04-14 17:08:31,244 [INFO]   分类: 个人被纳入 | 公司:  | 姓名: 杨桂生，范伟
2026-04-14 17:08:31,244 [INFO] 
处理: 0373_[临时公告]鑫雅豪关于控股子公司被纳入失信被执行人、被出具消费限制的公告.pdf
2026-04-14 17:08:31,660 [INFO]   分类: 公司被纳入 | 公司:  | 姓名: 
2026-04-14 17:08:31,660 [INFO] 
处理: 0374_[临时公告]全宇制药关于公司实际控制人、董事长、总经理被移出失信被执行人公告.pdf
2026-04-14 17:08:31,821 [INFO]   分类: 个人被撤销 | 公司:  | 姓名: 王峰已
2026-04-14 17:08:31,821 [INFO] 
处理: 0375_[临时公告]华讯退关于子公司新增被纳入及部分被移出失信被执行人的公告.pdf
2026-04-14 17:08:32,830 [INFO]   分类: 公司被撤销 | 公司:  | 姓名: 
2026-04-14 17:08:32,830 [INFO] 
处理: 0376_[临时公告]ST晶欣控股股东、实际控制人、董事被纳入失信被执行人的公告(补发).pdf
2026-04-14 17:08:33,098 [INFO]   分类: 个人被纳入 | 公司:  | 姓名: 本次，谢桂萍
2026-04-14 17:08:33,098 [INFO] 
处理: 0377_[临时公告]名品彩叶公司、子公司及实际控制人被纳入失信被执行人的公告(补发).pdf
2026-04-14 17:08:35,791 [INFO]   分类: 公司及个人被纳入 | 公司:  | 姓名: 公告，本次
2026-04-14 17:08:35,791 [INFO] 
处理: 0378_[临时公告]地平线控股股东被限制高消费及被纳入失信被执行人的公告(补发).pdf
2026-04-14 17:08:36,203 [INFO]   分类: 个人被纳入 | 公司:  | 姓名: 文卫红，本次
2026-04-14 17:08:36,204 [INFO] 
处理: 0379_[临时公告]速达科技关于补发公司、实际控制人被纳入失信被执行人公告的声明.pdf
2026-04-14 17:08:36,389 [INFO]   分类: 公司及个人被纳入 | 公司:  | 姓名: 
2026-04-14 17:08:36,389 [INFO] 
处理: 0380_[临时公告]中拓石油关于补发关于公司被纳入失信被执行人的公告的声明公告.pdf
2026-04-14 17:08:36,534 [INFO]   分类: 公司被纳入 | 公司: 未能及时对公司 | 姓名: 
2026-04-14 17:08:36,535 [INFO] 
处理: 0381_[临时公告]格朗富关于补发公司控股股东被纳入失信被执行人公告的声明公告.pdf
2026-04-14 17:08:36,770 [INFO]   分类: 个人被纳入 | 公司:  | 姓名: 
2026-04-14 17:08:36,772 [INFO] 
处理: 0382_[临时公告]大业创智关于补发实际控制及董事长被纳入失信被执行人的公告.pdf
2026-04-14 17:08:36,955 [INFO]   分类: 个人被纳入 | 公司:  | 姓名: 苏忠
2026-04-14 17:08:36,955 [INFO] 
处理: 0383_[临时公告]名品彩叶关于补发公司及子公司被纳入失信被执行人的声明公告.pdf
2026-04-14 17:08:37,044 [INFO]   分类: 公司被纳入 | 公司:  | 姓名: 
2026-04-14 17:08:37,045 [INFO] 
处理: 0384_[临时公告]ST爱车坊关于控股子公司被纳入失信被执行人的公告的补发说明.pdf
2026-04-14 17:08:37,181 [INFO]   分类: 公司被纳入 | 公司: 股子公司 | 姓名: 
2026-04-14 17:08:37,181 [INFO] 
处理: 0385_[临时公告]ST鑫物流关于公司及实际控制人被纳入失信被执行人的公告(补发).pdf
2026-04-14 17:08:37,715 [INFO]   分类: 公司及个人被纳入 | 公司:  | 姓名: 宋征先，本次
2026-04-14 17:08:37,716 [INFO] 
处理: 0386_[临时公告]北直通航关于全资子公司被列入失信被执行人的公告(补发)(更正公告).pdf
2026-04-14 17:08:38,098 [INFO]   分类: 公司被纳入 | 公司: 珠海毅飞通用航空有限公司 | 姓名: 
2026-04-14 17:08:38,098 [INFO] 
处理: 0387_[临时公告]长乐情公司、公司董事、高级管理人员被纳入失信被执行人的公告(补发).pdf
2026-04-14 17:08:38,745 [INFO]   分类: 公司及个人被纳入 | 公司:  | 姓名: 本次
2026-04-14 17:08:38,745 [INFO] 
处理: 0388_[临时公告]ST阿拉关于全资子公司被纳入失信被执行人的公告的补发声明.pdf
2026-04-14 17:08:38,866 [INFO]   分类: 公司被纳入 | 公司:  | 姓名: 
2026-04-14 17:08:38,866 [INFO] 
处理: 0389_[临时公告]利树股份关于公司董事、高级管理人员被纳入失信被执行人的公告(补发).pdf
2026-04-14 17:08:39,114 [INFO]   分类: 个人被纳入 | 公司:  | 姓名: 本次，陈时升
2026-04-14 17:08:39,115 [INFO] 
处理: 0390_[临时公告]名品彩叶控股股东、实际控制人、董事长被纳入失信被执行人的公告(补发).pdf
2026-04-14 17:08:39,402 [INFO]   分类: 个人被纳入 | 公司:  | 姓名: 本次，王华明
2026-04-14 17:08:39,402 [INFO] 
处理: 0391_[临时公告]黄国粮业控股股东、实际控制人、董事被纳入失信被执行人的公告(补发).pdf
2026-04-14 17:08:39,553 [INFO]   分类: 个人被纳入 | 公司:  | 姓名: 周兴伍，本次
2026-04-14 17:08:39,553 [INFO] 
处理: 0392_[临时公告]ST圣维控股股东、实际控制人、董事长被纳入失信被执行人的公告(补发).pdf
2026-04-14 17:08:39,807 [INFO]   分类: 个人被纳入 | 公司:  | 姓名: 任职，后续，本次，盛平
2026-04-14 17:08:39,808 [INFO] 
处理: 0393_[临时公告]ST通捷关于补发子公司新增被纳入失信被执行人情况的声明公告.pdf
2026-04-14 17:08:39,903 [INFO]   分类: 公司被纳入 | 公司:  | 姓名: 
2026-04-14 17:08:39,903 [INFO] 
处理: 0394_[临时公告]ST通捷关于补发子公司新增被纳入失信被执行人情况的声明公告.pdf
2026-04-14 17:08:39,991 [INFO]   分类: 公司被纳入 | 公司:  | 姓名: 
2026-04-14 17:08:39,991 [INFO] 
处理: 0395_[临时公告]金蓬股份关于公司、控股股东、实际控制人被纳入失信被执行人的公告.pdf
2026-04-14 17:08:40,229 [INFO]   分类: 公司及个人被纳入 | 公司:  | 姓名: 本次，牛勇超
2026-04-14 17:08:40,229 [INFO] 
处理: 0396_[临时公告]锐思股份关于公司、实际控制人被纳入失信被执行人的公告补发声明.pdf
2026-04-14 17:08:40,328 [INFO]   分类: 公司及个人被纳入 | 公司:  | 姓名: 
2026-04-14 17:08:40,328 [INFO] 
处理: 0397_[临时公告]牧标股份关于公司、法定代表人与董事被纳入失信被执行人的公告(补发).pdf
2026-04-14 17:08:40,510 [INFO]   分类: 公司及个人被纳入 | 公司:  | 姓名: 本次，梁冠英，郭晓东
2026-04-14 17:08:40,511 [INFO] 
处理: 0398_[临时公告]牧标股份关于公司、法定代表人与董事被纳入失信被执行人的公告(补发).pdf
2026-04-14 17:08:40,699 [INFO]   分类: 公司及个人被纳入 | 公司:  | 姓名: 本次，梁冠英，郭晓东
2026-04-14 17:08:40,699 [INFO] 
处理: 0399_[临时公告]大团结关于公司、第一大股东、实际控制人被纳入失信被执行人的公告.pdf
2026-04-14 17:08:40,878 [INFO]   分类: 个人被纳入 | 公司:  | 姓名: 张盛阳，本次
2026-04-14 17:08:40,878 [INFO] 
处理: 0400_[临时公告]ST盈嘉关于公司被纳入失信被执行人的公告[2022-006](补发).pdf
2026-04-14 17:08:41,017 [INFO]   分类: 公司被纳入 | 公司:  | 姓名: 
2026-04-14 17:08:41,017 [INFO] 
处理: 0401_[临时公告]启迪图卫关于公司被移出失信被执行人名单的公告[2022-004].pdf
2026-04-14 17:08:41,129 [INFO]   分类: 公司被撤销 | 公司:  | 姓名: 
2026-04-14 17:08:41,129 [INFO] 
处理: 0402_[临时公告]ST宏马实际控制人、董事长、总经理被纳入失信被执行人的公告(补发).pdf
2026-04-14 17:08:41,387 [INFO]   分类: 个人被纳入 | 公司:  | 姓名: 本次，汤建平
2026-04-14 17:08:41,387 [INFO] 
处理: 0403_[临时公告]华人天地实际控制人、董事长、董事、总经理被纳入失信被执行人的公告(补发).pdf
2026-04-14 17:08:41,707 [INFO]   分类: 个人被纳入 | 公司:  | 姓名: 任职，刘华，张津，本次，郭菁
2026-04-14 17:08:41,708 [INFO] 
处理: 0404_[临时公告]大团结补发关于实际控制人被纳入失信被执行人公告的声明公告.pdf
2026-04-14 17:08:41,862 [INFO]   分类: 个人被纳入 | 公司:  | 姓名: 张盛阳
2026-04-14 17:08:41,862 [INFO] 
处理: 0405_[临时公告]威能电源公司及原实际控制人、原控股股东被纳入失信被执行人的公告(补发).pdf
2026-04-14 17:08:42,698 [INFO]   分类: 公司及个人被纳入 | 公司:  | 姓名: 张风太，本次
2026-04-14 17:08:42,698 [INFO] 
处理: 0406_[临时公告]中创洁能挂牌公司、实际控制人、控股股东被纳入失信被执行人的公告(补发).pdf
2026-04-14 17:08:42,932 [INFO]   分类: 公司及个人被纳入 | 公司:  | 姓名: 本次，陈明正
2026-04-14 17:08:42,932 [INFO] 
处理: 0407_[临时公告]创世生态公司及控股股东实际控制人被纳入失信被执行人的公告(补发).pdf
2026-04-14 17:08:43,744 [INFO]   分类: 公司及个人被纳入 | 公司:  | 姓名: 刘士全，安同菊，本次
2026-04-14 17:08:43,744 [INFO] 
处理: 0408_[临时公告]创世生态关于补发公司控股股东实际控制人被列入失信被执行人的公告.pdf
2026-04-14 17:08:43,898 [INFO]   分类: 个人被纳入 | 公司:  | 姓名: 
2026-04-14 17:08:43,898 [INFO] 
处理: 0409_[临时公告]大德传媒关于公司及法定代表人被纳入失信联合惩戒对象的公告(补发).pdf
2026-04-14 17:08:44,332 [INFO]   分类: 公司及个人被纳入 | 公司:  | 姓名: 张萍
2026-04-14 17:08:44,333 [INFO] 
处理: 0410_[临时公告]御食园御食园：关于补发公司监事会主席被纳入失信被执行人公告的说明.pdf
2026-04-14 17:08:44,580 [INFO]   分类: 个人被纳入 | 公司:  | 姓名: 廖熠
2026-04-14 17:08:44,580 [INFO] 
处理: 0411_[临时公告]华讯3关于公司及子公司新增被纳入及部分被移出失信被执行人的公告.pdf
2026-04-14 17:08:45,593 [INFO]   分类: 公司被撤销 | 公司:  | 姓名: 
2026-04-14 17:08:45,593 [INFO] 
处理: 0412_[临时公告]美世创投关于补发公司实际控制人、董事被纳入失信被执行人的声明公告.pdf
2026-04-14 17:08:45,768 [INFO]   分类: 个人被纳入 | 公司:  | 姓名: 
2026-04-14 17:08:45,768 [INFO] 
处理: 0413_[临时公告]鑫雅豪关于控股子公司被纳入失信被执行人、被出具消费限制令的公告（更正后）.pdf
2026-04-14 17:08:46,117 [INFO]   分类: 公司被纳入 | 公司:  | 姓名: 
2026-04-14 17:08:46,118 [INFO] 
处理: 0414_[临时公告]ST壹号宝财务负责人、董事会秘书、监事被纳入失信被执行人的公告(补发).pdf
2026-04-14 17:08:46,571 [INFO]   分类: 个人被纳入 | 公司:  | 姓名: 本次，钟庆华，黄林福
2026-04-14 17:08:46,571 [INFO] 
处理: 0415_[临时公告]华彩信和关于补发控股股东、实际控制人被纳入失信被执行人公告的声明.pdf
2026-04-14 17:08:46,699 [INFO]   分类: 个人被纳入 | 公司:  | 姓名: 
2026-04-14 17:08:46,699 [INFO] 
处理: 0416_[临时公告]美特桥架公司、实际控制人、董事、高级管理人员被纳入失信被执行人的公告(补发).pdf
2026-04-14 17:08:48,409 [INFO]   分类: 公司及个人被纳入 | 公司:  | 姓名: 公告，尚岱华，尚新春，本次
2026-04-14 17:08:48,409 [INFO] 
处理: 0417_[临时公告]大业创智关于公司实际控制人、董事长被纳入失信被执行人的公告（补发）(补发).pdf
2026-04-14 17:08:48,830 [INFO]   分类: 个人被纳入 | 公司:  | 姓名: 公告，本次，苏忠
2026-04-14 17:08:48,830 [INFO] 
处理: 0418_[临时公告]ST中科恒补发公司及实际控制人被纳入失信被执行人公告的声明公告.pdf
2026-04-14 17:08:49,030 [INFO]   分类: 公司及个人被纳入 | 公司:  | 姓名: 
2026-04-14 17:08:49,031 [INFO] 
处理: 0419_[临时公告]退市中新关于收到中华人民共和国台州海关失信企业认定决定书的公告.pdf
2026-04-14 17:08:49,218 [INFO]   分类: 其他 | 公司:  | 姓名: 保证本
2026-04-14 17:08:49,218 [INFO] 
处理: 0420_[临时公告]ST鑫物流关于补发公司及实际控制人被纳入失信被执行人的说明公告.pdf
2026-04-14 17:08:49,312 [INFO]   分类: 公司及个人被纳入 | 公司:  | 姓名: 宋征
2026-04-14 17:08:49,312 [INFO] 
处理: 0421_[临时公告]退市中新关于收到中华人民共和国台州海关失信企业认定告知书的公告.pdf
2026-04-14 17:08:49,492 [INFO]   分类: 其他 | 公司:  | 姓名: 保证本
2026-04-14 17:08:49,493 [INFO] 
处理: 0422_[临时公告]名品彩叶关于补发控股股东、实际控制人被纳入失信被执行人的申明公告.pdf
2026-04-14 17:08:49,604 [INFO]   分类: 个人被纳入 | 公司:  | 姓名: 王华明
2026-04-14 17:08:49,604 [INFO] 
处理: 0423_[临时公告]黄国粮业控股股东、实际控制人、董事被纳入失信被执行人的公告的声明公告.pdf
2026-04-14 17:08:49,808 [INFO]   分类: 个人被纳入 | 公司:  | 姓名: 周兴伍
2026-04-14 17:08:49,808 [INFO] 
处理: 0424_[临时公告]鑫鑫龙鑫关于公司及实际控制人被纳入失信被执行人的公告(更正公告).pdf
2026-04-14 17:08:50,310 [INFO]   分类: 公司及个人被纳入 | 公司:  | 姓名: 本次，裴兴星
2026-04-14 17:08:50,310 [INFO] 
处理: 0425_[临时公告]大富装饰关于补发公司高级管理人员被纳入失信被执行人的声明公告.pdf
2026-04-14 17:08:50,344 [INFO]   分类:  | 公司:  | 姓名: 
2026-04-14 17:08:50,345 [INFO] 
处理: 0426_[临时公告]ST合一康关于公司解除失信被执行人及部分银行账户解除冻结的公告.pdf
2026-04-14 17:08:50,661 [INFO]   分类: 公司被撤销 | 公司: 深圳市合一康生物科技股份有限公司 | 姓名: 
2026-04-14 17:08:50,662 [INFO] 
处理: 0427_[临时公告]ST盈嘉关于公司被纳入失信被执行人公告补发声明公告 [2022-008].pdf
2026-04-14 17:08:50,818 [INFO]   分类: 公司被纳入 | 公司: 东盈嘉科技工程发展股份有限公司关于公司，日发布的关于公司 | 姓名: 
2026-04-14 17:08:50,818 [INFO] 
处理: 0428_[临时公告]三宝农业关于公司董事被纳入失信被执行人的补发声明[2022-008].pdf
2026-04-14 17:08:50,976 [INFO]   分类: 个人被纳入 | 公司:  | 姓名: 马永泉
2026-04-14 17:08:50,976 [INFO] 
处理: 0429_[临时公告]ST创达2022-002关于补发公司被纳入失信被执行人的说明公告.pdf
2026-04-14 17:08:51,044 [INFO]   分类: 公司被纳入 | 公司:  | 姓名: 
2026-04-14 17:08:51,044 [INFO] 
处理: 0430_[临时公告]ST易销公司及公司实际控制人、董事长、总经理被纳入失信被执行人的公告.pdf
2026-04-14 17:08:51,471 [INFO]   分类: 公司及个人被纳入 | 公司:  | 姓名: 本次，薛俊
2026-04-14 17:08:51,471 [INFO] 
处理: 0431_[临时公告]天祥集团天祥建设集团股份有限公司关于公司被纳入失信被执行人的公告.pdf
2026-04-14 17:08:51,762 [INFO]   分类: 公司被纳入 | 公司:  | 姓名: 
2026-04-14 17:08:51,762 [INFO] 
处理: 0432_[临时公告]ST易销关于公司及公司实际控制人、董事长、总经理被纳入失信被执行人的公告.pdf
2026-04-14 17:08:51,953 [INFO]   分类: 公司及个人被纳入 | 公司:  | 姓名: 本次，薛俊
2026-04-14 17:08:51,953 [INFO] 
处理: 0433_[临时公告]大团结关于公司、实际控制人、董事（长）、高级管理人员被纳入失信被执行人的公告(补发).pdf
2026-04-14 17:08:52,174 [INFO]   分类: 公司及个人被纳入 | 公司:  | 姓名: 孙建军，张盛阳，本次，王庆龙
2026-04-14 17:08:52,174 [INFO] 
处理: 0434_[临时公告]创世生态关于补发公司、控股股东、实际控制人被列入失信被执行人的声明公告.pdf
2026-04-14 17:08:52,275 [INFO]   分类: 公司及个人被纳入 | 公司:  | 姓名: 
2026-04-14 17:08:52,275 [INFO] 
处理: 0435_[临时公告]天祥集团天祥建设集团股份有限公司关于公司被纳入失信被执行人的公告.pdf
2026-04-14 17:08:52,410 [INFO]   分类: 公司被纳入 | 公司:  | 姓名: 
2026-04-14 17:08:52,410 [INFO] 
处理: 0436_[临时公告]ST易销关于公司及公司实际控制人、董事长、总经理被纳入失信被执行人的公告.pdf
2026-04-14 17:08:52,613 [INFO]   分类: 公司及个人被纳入 | 公司:  | 姓名: 本次，薛俊
2026-04-14 17:08:52,613 [INFO] 
处理: 0437_[临时公告]大德传媒关于公司及法定代表人被纳入失信联合惩戒对象的公告声明公告.pdf
2026-04-14 17:08:52,742 [INFO]   分类: 公司及个人被纳入 | 公司:  | 姓名: 
2026-04-14 17:08:52,742 [INFO] 
处理: 0438_[临时公告]瑞恒科技关于补发控股股东、实际控制人、董事长被纳入失信被执行人公告的声明.pdf
2026-04-14 17:08:52,829 [INFO]   分类: 个人被纳入 | 公司:  | 姓名: 云飞
2026-04-14 17:08:52,829 [INFO] 
处理: 0439_[临时公告]大团结关于公司实际控制人、董事（长）、高级管理人员被纳入失信被执行人的公告(补发).pdf
2026-04-14 17:08:53,057 [INFO]   分类: 个人被纳入 | 公司:  | 姓名: 孙建军，张盛阳，本次，王庆龙
2026-04-14 17:08:53,057 [INFO] 
处理: 0440_[临时公告]美特桥架关于公司、实际控制人、董事、高级管理人被纳入失信被执行人的公告(补发).pdf
2026-04-14 17:08:53,469 [INFO]   分类: 公司及个人被纳入 | 公司:  | 姓名: 周旭恺，尚岱华，尚新春，本次，陆龙飞
2026-04-14 17:08:53,469 [INFO] 
处理: 0441_[临时公告]全宇制药关于公司实际控制人、董事长、总经理被纳入失信被执行人的公告(补发).pdf
2026-04-14 17:08:53,593 [INFO]   分类: 个人被纳入 | 公司:  | 姓名: 本次，王峰
2026-04-14 17:08:53,593 [INFO] 
处理: 0442_[临时公告]名品彩叶关于补发公司、子公司及实际控制人被纳入失信被执行人的声明公告.pdf
2026-04-14 17:08:53,640 [INFO]   分类: 公司及个人被纳入 | 公司:  | 姓名: 
2026-04-14 17:08:53,640 [INFO] 
处理: 0443_[临时公告]地平线关于补发控股股东被限制高消费及被纳入失信被执行人的声明公告.pdf
2026-04-14 17:08:53,742 [INFO]   分类: 其他 | 公司:  | 姓名: 
2026-04-14 17:08:53,742 [INFO] 
处理: 0444_[临时公告]地浦科技控股股东、实际控制人及控股子公司被纳入失信被执行人的公告(补发).pdf
2026-04-14 17:08:53,925 [INFO]   分类: 个人被纳入 | 公司:  | 姓名: 本次，段孝宁
2026-04-14 17:08:53,925 [INFO] 
处理: 0445_[临时公告]益家食品实际控制人被纳入失信被执行人及被出具限制消费令的公告(补发).pdf
2026-04-14 17:08:54,109 [INFO]   分类: 个人被纳入 | 公司:  | 姓名: 本次，章仁勇
2026-04-14 17:08:54,110 [INFO] 
处理: 0446_[临时公告]熙成传媒关于公司董事长、实际控制人、控股股东被纳入失信被执行人的公告(补发).pdf
2026-04-14 17:08:54,336 [INFO]   分类: 个人被纳入 | 公司:  | 姓名: 本次，苏继海
2026-04-14 17:08:54,336 [INFO] 
处理: 0447_[临时公告]牧标股份关于公司及其控股股东、实际控制人、董事被纳入失信被执行人的公告.pdf
2026-04-14 17:08:54,514 [INFO]   分类: 公司及个人被纳入 | 公司:  | 姓名: 本次，梁冠英，郭晓东
2026-04-14 17:08:54,515 [INFO] 
处理: 0448_[临时公告]希益智能关于补发公司实际控制人及董事被纳入失信被执行人公告声明公告.pdf
2026-04-14 17:08:54,643 [INFO]   分类: 个人被纳入 | 公司:  | 姓名: 邵亚辉
2026-04-14 17:08:54,643 [INFO] 
处理: 0449_[临时公告]长乐情关于公司、公司董事、高级管理人员被纳入失信被执行人的公告的补发声明.pdf
2026-04-14 17:08:54,801 [INFO]   分类: 公司及个人被纳入 | 公司:  | 姓名: 谈克利
2026-04-14 17:08:54,802 [INFO] 
处理: 0450_[临时公告]ST天富关于公司及公司控股股东、实际控制人被纳入失信被执行人的公告(补发).pdf
2026-04-14 17:08:55,038 [INFO]   分类: 公司及个人被纳入 | 公司:  | 姓名: 本次，郭振清
2026-04-14 17:08:55,038 [INFO] 
处理: 0451_[临时公告]ST洲线关于公司及法定代表人被纳入其他失信联合惩戒对象的公告(补发).pdf
2026-04-14 17:08:56,154 [INFO]   分类: 公司及个人被纳入 | 公司:  | 姓名: 刘庆龙，和高级，本次
2026-04-14 17:08:56,154 [INFO] 
处理: 0452_[临时公告]美特桥架许昌美特桥架股份有限公司公司被纳入失信被执行人的公告(补发).pdf
2026-04-14 17:08:56,320 [INFO]   分类: 公司被纳入 | 公司:  | 姓名: 
2026-04-14 17:08:56,320 [INFO] 
处理: 0453_[临时公告]明珠股份关于补发关于公司董事长被纳入失信被执行人的公告的说明公告.pdf
2026-04-14 17:08:56,439 [INFO]   分类: 个人被纳入 | 公司:  | 姓名: 
2026-04-14 17:08:56,439 [INFO] 
处理: 0454_[临时公告]中润新能2022-006：关于子公司被纳入失信被执行人的公告（补发）的声明公告.pdf
2026-04-14 17:08:56,515 [INFO]   分类: 公司被纳入 | 公司: 站有限公司 | 姓名: 
2026-04-14 17:08:56,515 [INFO] 
处理: 0455_[临时公告]中润新能2022-007：关于子公司被纳入失信被执行人的公告（补发）的声明公告.pdf
2026-04-14 17:08:56,608 [INFO]   分类: 公司被纳入 | 公司: 站有限公司 | 姓名: 
2026-04-14 17:08:56,608 [INFO] 
处理: 0456_[临时公告]ST天富关于公司及公司控股股东、实际控制人被纳入失信被执行人的公告(补发).pdf
2026-04-14 17:08:56,860 [INFO]   分类: 公司及个人被纳入 | 公司:  | 姓名: 本次，郭振清
2026-04-14 17:08:56,860 [INFO] 
处理: 0457_[临时公告]ST优森关于补发实际控制人、董事长、董事、总经理被纳入失信被执行人的公告(补发).pdf
2026-04-14 17:08:57,051 [INFO]   分类: 个人被纳入 | 公司:  | 姓名: 张国栋，本次
2026-04-14 17:08:57,051 [INFO] 
处理: 0458_[临时公告]ST凯英信关于补发公司及实际控制人被纳入失信被执行人公告的声明公告.pdf
2026-04-14 17:08:57,126 [INFO]   分类: 公司及个人被纳入 | 公司:  | 姓名: 
2026-04-14 17:08:57,126 [INFO] 
处理: 0459_[临时公告]ST喜喜关于挂牌公司及控股股东、实际控制人被纳入失信被执行人的公告(补发).pdf
2026-04-14 17:08:57,376 [INFO]   分类: 公司及个人被纳入 | 公司:  | 姓名: 左贵林，本次
2026-04-14 17:08:57,376 [INFO] 
处理: 0460_[临时公告]大团结补发关于公司、实际控制人、董事（长）、高级管理人员被纳入失信被执行人的公告声明.pdf
2026-04-14 17:08:57,477 [INFO]   分类: 公司及个人被纳入 | 公司:  | 姓名: 孙建军，王庆龙
2026-04-14 17:08:57,478 [INFO] 
处理: 0461_[临时公告]地浦科技 控股股东、实际控制人、董事及高级管理人员被纳入失信被执行人的公告(补发).pdf
2026-04-14 17:08:57,708 [INFO]   分类: 个人被纳入 | 公司:  | 姓名: 本次，魏庆方
2026-04-14 17:08:57,708 [INFO] 
处理: 0462_[临时公告]智合新天关于公司及法定代表人兼总经理被纳入失信联合惩戒对象的公告(补发).pdf
2026-04-14 17:08:57,896 [INFO]   分类: 公司及个人被纳入 | 公司:  | 姓名: 刘德林，本次，通过
2026-04-14 17:08:57,896 [INFO] 
处理: 0463_[临时公告]ST辰华ST辰华：关于补发公司实际控制人、董事被纳入失信被执行人的声明公告.pdf
2026-04-14 17:08:57,989 [INFO]   分类: 个人被纳入 | 公司:  | 姓名: 马卫华
2026-04-14 17:08:57,989 [INFO] 
处理: 0464_[临时公告]大团结补发关于公司实际控制人、董事（长）、高级管理人员被纳入失信被执行人的公告.pdf
2026-04-14 17:08:58,094 [INFO]   分类: 个人被纳入 | 公司:  | 姓名: 孙建军，王庆龙
2026-04-14 17:08:58,094 [INFO] 
处理: 0465_[临时公告]美特桥架关于补发公司、实际控制人、董事、高级管理人被纳入失信被执行人的声明公告.pdf
2026-04-14 17:08:58,187 [INFO]   分类: 公司及个人被纳入 | 公司:  | 姓名: 
2026-04-14 17:08:58,187 [INFO] 
处理: 0466_[临时公告]全宇制药关于公司实际控制人、董事长、总经理被纳入失信被执行人的补发声明公告.pdf
2026-04-14 17:08:58,256 [INFO]   分类: 个人被纳入 | 公司:  | 姓名: 
2026-04-14 17:08:58,256 [INFO] 
处理: 0467_[临时公告]熙成传媒关于补发公司董事、控股股东、实际控制人被纳入失信被执行人的声明公告.pdf
2026-04-14 17:08:58,328 [INFO]   分类: 个人被纳入 | 公司:  | 姓名: 
2026-04-14 17:08:58,328 [INFO] 
处理: 0468_[临时公告]冰洋科技2022-011 冰洋科技：关于公司被纳入失信被执行人的公告的补发声明.pdf
2026-04-14 17:08:58,377 [INFO]   分类: 公司被纳入 | 公司:  | 姓名: 
2026-04-14 17:08:58,377 [INFO] 
处理: 0469_[临时公告]ST洲线关于公司及法定代表人被纳入其他失信联合惩戒对象的公告补发说明.pdf
2026-04-14 17:08:58,395 [INFO]   分类:  | 公司:  | 姓名: 
2026-04-14 17:08:58,395 [INFO] 
处理: 0470_[临时公告]ST圣维关于控股股东、实际控制人、董事长被纳入失信被执行人的公告的补发说明.pdf
2026-04-14 17:08:58,482 [INFO]   分类: 个人被纳入 | 公司:  | 姓名: 盛利于，盛平于
2026-04-14 17:08:58,482 [INFO] 
处理: 0471_[临时公告]远鹏科技远鹏科技 2022-019 关于公司被纳入失信被执行人的补发说明公告.pdf
2026-04-14 17:08:58,566 [INFO]   分类: 公司被纳入 | 公司:  | 姓名: 
2026-04-14 17:08:58,566 [INFO] 
处理: 0472_[临时公告]一火科技控股股东、实际控制人、董事长被移出失信被执行人并解除限制消费令的公告.pdf
2026-04-14 17:08:58,719 [INFO]   分类: 个人被纳入 | 公司:  | 姓名: 
2026-04-14 17:08:58,719 [INFO] 
处理: 0473_[临时公告]地浦科技关于控股股东、实际控制人及控股子公司被纳入失信被执行人的公告(补发).pdf
2026-04-14 17:08:58,880 [INFO]   分类: 个人被纳入 | 公司:  | 姓名: 本次
2026-04-14 17:08:58,880 [INFO] 
处理: 0474_[临时公告]ST睿易2022-012 关于公司北京分公司被纳入失信被执行人公告的补发声明.pdf
2026-04-14 17:08:58,959 [INFO]   分类: 公司被纳入 | 公司: 北京分公司 | 姓名: 
2026-04-14 17:08:58,959 [INFO] 
处理: 0475_[临时公告]ST康润洁关于公司及子公司、公司控股股东、实际控制人被纳入失信被执行人的公告.pdf
2026-04-14 17:08:59,204 [INFO]   分类: 公司及个人被纳入 | 公司:  | 姓名: 孔立明，康润洁，本次
2026-04-14 17:08:59,204 [INFO] 
处理: 0476_[临时公告]ST盈嘉关于法定代表人被纳入其他失信联合惩戒对象的公告[2022-007](补发).pdf
2026-04-14 17:08:59,430 [INFO]   分类: 个人被纳入 | 公司:  | 姓名: 张存晖，本次
2026-04-14 17:08:59,430 [INFO] 
处理: 0477_[临时公告]ST宏马关于补发实际控制人、董事长、总经理被纳入失信被执行人公告的说明公告.pdf
2026-04-14 17:08:59,571 [INFO]   分类: 个人被纳入 | 公司:  | 姓名: 查询，汤建平
2026-04-14 17:08:59,571 [INFO] 
处理: 0478_[临时公告]ST金润和关于公司、子公司、公司董事长、公司实际控制人被纳入失信被执行人的公告.pdf
2026-04-14 17:08:59,875 [INFO]   分类: 公司及个人被纳入 | 公司:  | 姓名: 其他，本次，李中林，李梓林
2026-04-14 17:08:59,875 [INFO] 
处理: 0479_[临时公告]金科资源835476金科资源：实际控制人被纳入失信被执行人的公告（补发）的说明.pdf
2026-04-14 17:09:00,076 [INFO]   分类: 个人被纳入 | 公司:  | 姓名: 李建明
2026-04-14 17:09:00,076 [INFO] 
处理: 0480_[临时公告]华人天地关于补发实际控制人、董事长、董事、总经理被纳入失信被执行人公告的声明.pdf
2026-04-14 17:09:00,263 [INFO]   分类: 个人被纳入 | 公司:  | 姓名: 
2026-04-14 17:09:00,264 [INFO] 
处理: 0481_[临时公告]ST优森关于补发实际控制人、董事长、董事、总经理被纳入失信被执行人公告的说明.pdf
2026-04-14 17:09:00,450 [INFO]   分类: 个人被纳入 | 公司:  | 姓名: 张国栋
2026-04-14 17:09:00,450 [INFO] 
处理: 0482_[临时公告]ST中科云关于实际控制人、董事长、总经理、法定代表人被纳入失信被执行人的公告(补发).pdf
2026-04-14 17:09:00,905 [INFO]   分类: 个人被纳入 | 公司:  | 姓名: 本次，李宏宇
2026-04-14 17:09:00,905 [INFO] 
处理: 0483_[临时公告]威能电源关于补发《公司及原实际控制人、原控股股东被纳入失信被执行人的公告》声明公告.pdf
2026-04-14 17:09:01,043 [INFO]   分类: 公司及个人被纳入 | 公司:  | 姓名: 
2026-04-14 17:09:01,043 [INFO] 
处理: 0484_[临时公告]利树股份2022-023利树股份：关于补发公司被纳入失信被执行人的公告的声明公告.pdf
2026-04-14 17:09:01,153 [INFO]   分类: 公司被纳入 | 公司:  | 姓名: 
2026-04-14 17:09:01,153 [INFO] 
处理: 0485_[临时公告]全宇制药关于挂牌公司、实际控制人、董事长、董事及高级管理人员被移出失信被执行人公告.pdf
2026-04-14 17:09:01,294 [INFO]   分类: 公司及个人被撤销 | 公司:  | 姓名: 孙国印，皮朝云，赵书珍
2026-04-14 17:09:01,294 [INFO] 
处理: 0486_[临时公告]ST九福挂牌公司、控股股东及实际控制人、董事长、董事会秘书被纳入失信被执行人的公告.pdf
2026-04-14 17:09:01,711 [INFO]   分类: 公司及个人被纳入 | 公司:  | 姓名: 党新洲，本次，王莉
2026-04-14 17:09:01,712 [INFO] 
处理: 0487_[临时公告]中创洁能关于挂牌公司、实际控制人、控股股东被纳入失信被执行人公告的补发说明公告.pdf
2026-04-14 17:09:01,800 [INFO]   分类: 公司及个人被纳入 | 公司:  | 姓名: 东陈明
2026-04-14 17:09:01,800 [INFO] 
处理: 0488_[临时公告]益家食品关于公司及控股股东、实际控制人、董事长兼董事会秘书被移出失信被执行人公告.pdf
2026-04-14 17:09:02,047 [INFO]   分类: 公司及个人被撤销 | 公司:  | 姓名: 章仁勇，陈素平
2026-04-14 17:09:02,047 [INFO] 
处理: 0489_[临时公告]ST宏超关于公司债务偿付及董事被纳入失信被执行人等相关风险事项的提示性公告.pdf
2026-04-14 17:09:04,385 [INFO]   分类: 个人被纳入 | 公司:  | 姓名: 石伟胜，钟黄慷
2026-04-14 17:09:04,385 [INFO] 
处理: 0490_[临时公告]ST索尔科ST索尔科：关于补发公司及法定代表人被纳入失信被执行人的声明公告.pdf
2026-04-14 17:09:04,561 [INFO]   分类: 公司及个人被纳入 | 公司:  | 姓名: 龚建新
2026-04-14 17:09:04,561 [INFO] 
处理: 0491_[临时公告]恒凯能源872446_关于补发公司、实际控制人被纳入失信被执行人公告的声明_014.pdf
2026-04-14 17:09:04,665 [INFO]   分类: 公司及个人被纳入 | 公司:  | 姓名: 
2026-04-14 17:09:04,666 [INFO] 
处理: 0492_[临时公告]ST易销关于补发公司实际控制人、董事长、总经理被纳入失信被执行人的公告的说明(补发).pdf
2026-04-14 17:09:04,953 [INFO]   分类: 个人被纳入 | 公司:  | 姓名: 本次，薛俊
2026-04-14 17:09:04,953 [INFO] 
处理: 0493_[临时公告]亚玫股份公司、子公司及实际控制人、控股股东、子公司法人代表被纳入失信被执行人的公告.pdf
2026-04-14 17:09:05,796 [INFO]   分类: 公司及个人被纳入 | 公司:  | 姓名: 公告，姚丽静，本次，顾健如
2026-04-14 17:09:05,797 [INFO] 
处理: 0494_[临时公告]地浦科技关于补发控股股东、实际控制人及控股子公司被纳入失信被执行人公告的声明.pdf
2026-04-14 17:09:05,977 [INFO]   分类: 个人被纳入 | 公司:  | 姓名: 
2026-04-14 17:09:05,977 [INFO] 
处理: 0495_[临时公告]益家食品关于补发公司实际控制人被纳入失信被执行人及被出具限制消费令声明公告.pdf
2026-04-14 17:09:06,172 [INFO]   分类: 其他 | 公司:  | 姓名: 章仁勇
2026-04-14 17:09:06,172 [INFO] 
处理: 0496_[临时公告]美特桥架关于补发公司、实际控制人、董事、高级管理人员被纳入失信被执行人的声明公告.pdf
2026-04-14 17:09:06,297 [INFO]   分类: 公司及个人被纳入 | 公司:  | 姓名: 
2026-04-14 17:09:06,297 [INFO] 
处理: 0497_[临时公告]ST飞翔关于公司及实际控制人被纳入被执行人、失信被执行人、限制消费人员的公告(补发).pdf
2026-04-14 17:09:08,006 [INFO]   分类: 公司及个人被纳入 | 公司:  | 姓名: 本次，靳卫东
2026-04-14 17:09:08,006 [INFO] 
处理: 0498_[临时公告]ST天富关于补发公司及公司控股股东、实际控制人被纳入失信被执行人的声明公告.pdf
2026-04-14 17:09:08,145 [INFO]   分类: 公司及个人被纳入 | 公司:  | 姓名: 
2026-04-14 17:09:08,145 [INFO] 
处理: 0499_[临时公告]ST鸿鑫控股股东、实际控制人、董事被纳入失信被执行人并被出具限制消费令的公告(补发).pdf
2026-04-14 17:09:09,210 [INFO]   分类: 个人被纳入 | 公司:  | 姓名: 公告，本次，李毅，梁雪林
2026-04-14 17:09:09,210 [INFO] 
处理: 0500_[临时公告]地浦科技关于补发控股股东、实际控制人及控股子公司被纳入失信被执行人公告的声明.pdf
2026-04-14 17:09:09,367 [INFO]   分类: 个人被纳入 | 公司:  | 姓名: 
2026-04-14 17:09:09,367 [INFO] 
处理: 0501_[临时公告]鑫雅豪关于控股子公司及其法定代表人被纳入失信被执行人、被出具消费限制令的公告（已取消）.pdf
2026-04-14 17:09:09,737 [INFO]   分类: 公司及个人被纳入 | 公司:  | 姓名: 本次，温东生
2026-04-14 17:09:09,738 [INFO] 
处理: 0502_[临时公告]金科资源835476金科资源：实际控制人被纳入失信联合惩戒对象的公告（补发）的说明.pdf
2026-04-14 17:09:09,941 [INFO]   分类: 个人被纳入 | 公司:  | 姓名: 李建明
2026-04-14 17:09:09,941 [INFO] 
处理: 0503_[临时公告]华映文化关于公司控股股东、实际控制人被移出失信被执行人、被出具限制消费令的公告.pdf
2026-04-14 17:09:10,210 [INFO]   分类: 个人被撤销 | 公司:  | 姓名: 刘可欣，胡劲松
2026-04-14 17:09:10,210 [INFO] 
处理: 0504_[临时公告]ST中科云关于实际控制人、董事长、总经理、法定代表人被纳入失信被执行人的声明公告.pdf
2026-04-14 17:09:10,364 [INFO]   分类: 个人被纳入 | 公司:  | 姓名: 
2026-04-14 17:09:10,364 [INFO] 
处理: 0505_[临时公告]益家食品公司及控股股东、实际控制人、董事长兼董事会秘书被纳入失信被执行人的公告(补发).pdf
2026-04-14 17:09:10,736 [INFO]   分类: 公司及个人被纳入 | 公司:  | 姓名: 本次，陈素平
2026-04-14 17:09:10,736 [INFO] 
处理: 0506_[临时公告]全宇制药关于挂牌公司、实际控制人、董事长、董事及高级管理人员被纳入失信被执行人的公告.pdf
2026-04-14 17:09:11,190 [INFO]   分类: 公司及个人被纳入 | 公司:  | 姓名: 孙国印，本次，王峰，皮朝云，赵书珍
2026-04-14 17:09:11,190 [INFO] 
处理: 0507_[临时公告]智合新天关于补发公司及法定代表人兼总经理被纳入失信联合惩戒对象的公告声明公告.pdf
2026-04-14 17:09:11,392 [INFO]   分类: 公司及个人被纳入 | 公司:  | 姓名: 
2026-04-14 17:09:11,392 [INFO] 
处理: 0508_[临时公告]方通客运关于董事、总经理及董事、副总经理被纳入失信被执行人及被出具限制消费令的公告.pdf
2026-04-14 17:09:11,828 [INFO]   分类: 个人被纳入 | 公司:  | 姓名: 和高级，方勇，方勤，本次
2026-04-14 17:09:11,829 [INFO] 
处理: 0509_[临时公告]帅航股份控股股东、实际控制人、董事长被纳入失信被执行人并被出具限制消费令的公告(补发).pdf
2026-04-14 17:09:12,309 [INFO]   分类: 个人被纳入 | 公司:  | 姓名: 本次，李萌
2026-04-14 17:09:12,309 [INFO] 
处理: 0510_[临时公告]银音科技控股股东、 实际控制人、 董事长被纳入失信被执行人并被出具限制消费令的公告（补发）.pdf
2026-04-14 17:09:12,709 [INFO]   分类: 个人被纳入 | 公司:  | 姓名: 本次，潘至平
2026-04-14 17:09:12,709 [INFO] 
处理: 0511_[临时公告]一火科技关于控股股东、实际控制人、董事长被纳入失信被执行人并被出具限制消费令的公告.pdf
2026-04-14 17:09:13,224 [INFO]   分类: 个人被纳入 | 公司:  | 姓名: 任职，姜志瑜，本次
2026-04-14 17:09:13,224 [INFO] 
处理: 0512_[临时公告]威克传媒2022-013-威克传媒-关于挂牌公司被纳入失信被执行人的公告（补发）的声明公告.pdf
2026-04-14 17:09:13,350 [INFO]   分类: 公司被纳入 | 公司: 有限公司关于挂牌公司，未及时披露公司，未能及时了解掌握公司 | 姓名: 
2026-04-14 17:09:13,351 [INFO] 
处理: 0513_[临时公告]常青基业关于控股股东、实际控制人、董事被纳入失信被执行人并被出具限制消费令的公告 (补发).pdf
2026-04-14 17:09:13,820 [INFO]   分类: 个人被纳入 | 公司:  | 姓名: 公告，本次，魏建国
2026-04-14 17:09:13,820 [INFO] 
处理: 0514_[临时公告]ST盈嘉关于法定代表人张存晖被纳入失信联合惩戒对象公告补发声明公告 [2022-009].pdf
2026-04-14 17:09:14,055 [INFO]   分类: 个人被纳入 | 公司:  | 姓名: 张存晖
2026-04-14 17:09:14,055 [INFO] 
处理: 0515_[临时公告]巨龙股份吉林巨龙信息技术股份有限公司关于公司被纳入失信被执行人公告（补发）的声明公告.pdf
2026-04-14 17:09:14,230 [INFO]   分类: 公司被纳入 | 公司: 息披露人员未能及时了解掌握公司，未及时披露公司 | 姓名: 
2026-04-14 17:09:14,231 [INFO] 
处理: 0516_[临时公告]安泰园林关于公司被纳入失信被执行人以及公司、公司法定代表人被出具限制消费令的公告.pdf
2026-04-14 17:09:14,855 [INFO]   分类: 公司被纳入 | 公司:  | 姓名: 
2026-04-14 17:09:14,856 [INFO] 
处理: 0517_[临时公告]方通客运关于董事、董事会秘书、副总经理解除被纳入失信被执行人及解除限制消费措施的公告.pdf
2026-04-14 17:09:15,355 [INFO]   分类: 个人被纳入 | 公司:  | 姓名: 和高级
2026-04-14 17:09:15,356 [INFO] 
处理: 0518_[临时公告]ST喜喜关于补发挂牌公司及控股股东、实际控制人被纳入失信被执行人公告的声明公告.pdf
2026-04-14 17:09:15,519 [INFO]   分类: 公司及个人被纳入 | 公司:  | 姓名: 
2026-04-14 17:09:15,519 [INFO] 
处理: 0519_[临时公告]一景乳业关于公司解除失信被执行人以及控股股东、实际控制人解除限制消费措施的公告.pdf
2026-04-14 17:09:15,554 [INFO]   分类:  | 公司:  | 姓名: 
2026-04-14 17:09:15,554 [INFO] 
处理: 0520_[临时公告]碧沃丰2022-042碧沃丰：关于控股股东、实际控制人、董事被纳入失信被执行人公告的补发声明.pdf
2026-04-14 17:09:15,676 [INFO]   分类: 个人被纳入 | 公司:  | 姓名: 张斌
2026-04-14 17:09:15,676 [INFO] 
处理: 0521_[临时公告]鑫雅豪关于控股子公司及其法定代表人被纳入失信被执行人、被出具消费限制令的公告(更正公告).pdf
2026-04-14 17:09:16,045 [INFO]   分类: 公司及个人被纳入 | 公司:  | 姓名: 
2026-04-14 17:09:16,045 [INFO] 
处理: 0522_[临时公告]ST鸿鑫关于补发控股股东、实际控制人、董事被纳入失信被执行人并被出具限制消费令的公告声明.pdf
2026-04-14 17:09:16,183 [INFO]   分类: 其他 | 公司:  | 姓名: 
2026-04-14 17:09:16,183 [INFO] 
处理: 0523_[临时公告]安泰园林关于公司被移出失信被执行人以及公司、公司法定代表人被移出限制高消费名单的公告.pdf
2026-04-14 17:09:16,310 [INFO]   分类: 公司被撤销 | 公司:  | 姓名: 
2026-04-14 17:09:16,310 [INFO] 
处理: 0524_[临时公告]飞拓无限实际控制人、董事长、总经理及其关联方被纳入失信被执行人及被出具限制消费令的公告.pdf
2026-04-14 17:09:16,886 [INFO]   分类: 个人被纳入 | 公司: 总经理及其控制的企业 | 姓名: 本次，陈昶
2026-04-14 17:09:16,886 [INFO] 
处理: 0525_[临时公告]益家食品关于补发公司及控股股东、实际控制人、董事长兼董事会秘书被纳入失信被执行人的声明公告.pdf
2026-04-14 17:09:17,035 [INFO]   分类: 公司及个人被纳入 | 公司:  | 姓名: 章仁勇，陈素平
2026-04-14 17:09:17,035 [INFO] 
处理: 0526_[临时公告]泰久信息2022-046   泰久信息   关于补发实际控制人、董事长、总经理被纳入失信被执行人的公告的声明.pdf
2026-04-14 17:09:17,232 [INFO]   分类: 个人被纳入 | 公司:  | 姓名: 
2026-04-14 17:09:17,232 [INFO] 
处理: 0527_[临时公告]地浦科技2022-031 关于补发控股股东、实际控制人、董事及高级管理人员被纳入失信被执行人公告的声明.pdf
2026-04-14 17:09:17,444 [INFO]   分类: 个人被纳入 | 公司:  | 姓名: 
2026-04-14 17:09:17,445 [INFO] 
处理: 0528_[临时公告]益家食品关于补发公司及控股股东、实际控制人、董事长兼董事会秘书被纳入失信被执行人的声明公告(补发).pdf
2026-04-14 17:09:17,722 [INFO]   分类: 公司及个人被纳入 | 公司:  | 姓名: 本次，陈素平
2026-04-14 17:09:17,722 [INFO] 
处理: 0529_[临时公告]益家食品关于补发公司及控股股东、实际控制人、董事长兼董事会秘书被纳入失信被执行人的声明公告.pdf
2026-04-14 17:09:17,982 [INFO]   分类: 公司及个人被纳入 | 公司:  | 姓名: 章仁勇，陈素平
2026-04-14 17:09:17,982 [INFO] 
处理: 0530_[临时公告]ST信带通关于子公司被纳入失信被执行人以及公司董事长、法定代表人被出具限制消费令的公告(补发).pdf
2026-04-14 17:09:18,660 [INFO]   分类: 个人被纳入 | 公司: 北京信带通网络科技有限公司 | 姓名: 本次
2026-04-14 17:09:18,660 [INFO] 
处理: 0531_[临时公告]ST百华关于公司、时任董事被移出失信被执行人名单暨公司及法定代表人被解除限制消费令的公告.pdf
2026-04-14 17:09:18,947 [INFO]   分类: 公司及个人被纳入 | 公司:  | 姓名: 
2026-04-14 17:09:18,947 [INFO] 
处理: 0532_[临时公告]蓝海骆驼关于公司、公司实际控制人、公司董事、公司子公司被纳入失信被执行人以及被限制消费的公告(补发).pdf
2026-04-14 17:09:19,422 [INFO]   分类: 公司及个人被纳入 | 公司:  | 姓名: 叶方连，本次，蔡周伟
2026-04-14 17:09:19,422 [INFO] 
处理: 0533_[临时公告]明珠股份2022-026明珠股份：关于补发关于公司董事长被纳入失信被执行人的公告的说明公告.pdf
2026-04-14 17:09:19,564 [INFO]   分类: 个人被纳入 | 公司:  | 姓名: 
2026-04-14 17:09:19,564 [INFO] 
处理: 0534_[临时公告]ST晶欣关于补发控股股东、实际控制人、董事长被纳入失信被执行人并被出具限制消费令的公告声明.pdf
2026-04-14 17:09:19,777 [INFO]   分类: 其他 | 公司:  | 姓名: 
2026-04-14 17:09:19,778 [INFO] 
处理: 0535_[临时公告]ST易销2022-028 ST易销 关于补发公司实际控制人、董事长、总经理被纳入失信被执行人的公告的说明.pdf
2026-04-14 17:09:19,968 [INFO]   分类: 个人被纳入 | 公司:  | 姓名: 薛俊
2026-04-14 17:09:19,968 [INFO] 
处理: 0536_[临时公告]ST飞翔关于补发公司及公司实际控制人被纳入被执行人、失信被执行人、限制消费人员的公告的说明.pdf
2026-04-14 17:09:20,171 [INFO]   分类: 公司及个人被纳入 | 公司:  | 姓名: 
2026-04-14 17:09:20,171 [INFO] 
处理: 0537_[临时公告]帅航股份关于补发控股股东、实际控制人、董事长被纳入失信被执行人并被出具限制消费令的公告声明.pdf
2026-04-14 17:09:20,294 [INFO]   分类: 其他 | 公司:  | 姓名: 
2026-04-14 17:09:20,295 [INFO] 
处理: 0538_[临时公告]银音科技关于控股股东、实际控制人、董事长被纳入失信被执行人并被出具限制消费令的公告的补发说明.pdf
2026-04-14 17:09:20,425 [INFO]   分类: 其他 | 公司:  | 姓名: 潘至平
2026-04-14 17:09:20,425 [INFO] 
处理: 0539_[临时公告]牧标股份山西牧标牛业股份有限公司关于公司、法定代表人与董事被纳入失信被执行人的补发声明公告.pdf
2026-04-14 17:09:20,601 [INFO]   分类: 公司及个人被纳入 | 公司:  | 姓名: 
2026-04-14 17:09:20,601 [INFO] 
处理: 0540_[临时公告]牧标股份山西牧标牛业股份有限公司关于公司、法定代表人与董事被纳入失信被执行人的补发声明公告.pdf
2026-04-14 17:09:20,800 [INFO]   分类: 公司及个人被纳入 | 公司:  | 姓名: 
2026-04-14 17:09:20,801 [INFO] 
处理: 0541_[临时公告]牧标股份山西牧标牛业股份有限公司关于公司、法定代表人与董事被纳入失信被执行人的补发声明公告.pdf
2026-04-14 17:09:21,007 [INFO]   分类: 公司及个人被纳入 | 公司:  | 姓名: 
2026-04-14 17:09:21,007 [INFO] 
处理: 0542_[临时公告]正大股份关于公司控股股东、共同实际控制人、董事长被纳入失信被执行人并被出具限制消费令的公告(补发).pdf
2026-04-14 17:09:21,578 [INFO]   分类: 个人被纳入 | 公司:  | 姓名: 公告，本次，高子华
2026-04-14 17:09:21,578 [INFO] 
处理: 0543_[券商公告]贵交科兴业证券股份有限公司关于贵交科控股子公司被纳入失信被执行人名单的风险提示性公告.pdf
2026-04-14 17:09:21,934 [INFO]   分类: 公司被纳入 | 公司: 主办券商认为贵交科存在控股子公司，存在控股子公司，控股子公司，贵交科控股子公司 | 姓名: 
2026-04-14 17:09:21,934 [INFO] 
处理: 0544_[临时公告]ST中通公司控股股东、实际控制人、董事长、总经理被纳入失信被执行人并被出具限制消费令的公告 (补发).pdf
2026-04-14 17:09:22,382 [INFO]   分类: 个人被纳入 | 公司:  | 姓名: 本次，董国杰
2026-04-14 17:09:22,382 [INFO] 
处理: 0545_[临时公告]美特桥架2022-006 许昌美特桥架股份有限公司关于补发公司被纳入失信被执行人的声明公告.pdf
2026-04-14 17:09:22,512 [INFO]   分类: 公司被纳入 | 公司:  | 姓名: 
2026-04-14 17:09:22,512 [INFO] 
处理: 0546_[临时公告]ST天富2022-006 关于补发公司及公司控股股东、实际控制人被纳入失信被执行人的声明公告.pdf
2026-04-14 17:09:22,656 [INFO]   分类: 公司及个人被纳入 | 公司:  | 姓名: 
2026-04-14 17:09:22,656 [INFO] 
处理: 0547_[临时公告]朗尼科关于公司及实际控制人、董事长、总经理、法定代表人被纳入失信被执行人、被出具消费令的公告(补发).pdf
2026-04-14 17:09:23,487 [INFO]   分类: 公司及个人被纳入 | 公司:  | 姓名: 岳强，本次
2026-04-14 17:09:23,487 [INFO] 
处理: 0548_[临时公告]ST信带通关于补发子公司被纳入失信被执行人以及公司董事长、法定代表人被出具限制消费令的声明公告.pdf
2026-04-14 17:09:23,644 [INFO]   分类: 个人被纳入 | 公司: 有限公司关于子公司，的规定及时披露涉及子公司 | 姓名: 
2026-04-14 17:09:23,644 [INFO] 
处理: 0549_[临时公告]蓝海骆驼关于补发公司、公司实际控制人、公司董事、公司子公司被纳入失信被执行人以及被限制消费的公告的声明.pdf
2026-04-14 17:09:23,794 [INFO]   分类: 其他 | 公司: 公司子公司 | 姓名: 
2026-04-14 17:09:23,795 [INFO] 
处理: 0550_[临时公告]ST壹号宝【修订】2022-042关于补发《原财务负责人、原董事会秘书、监事被纳入失信被执行人的公告》的说明公告.pdf
2026-04-14 17:09:23,946 [INFO]   分类: 个人被纳入 | 公司:  | 姓名: 
2026-04-14 17:09:23,946 [INFO] 
处理: 0551_[临时公告]利树股份[临时公告]利树股份：关于补发公司、子公司及董事、高级管理人员被纳入失信被执行人的声明公告（2022-016）.pdf
2026-04-14 17:09:24,078 [INFO]   分类: 公司及个人被纳入 | 公司: 全资子公司 | 姓名: 诸建华，陈时升
2026-04-14 17:09:24,078 [INFO] 
处理: 0552_[临时公告]利树股份[临时公告]利树股份：关于补发公司、子公司及董事、高级管理人员被纳入失信被执行人的声明公告（2022-016）.pdf
2026-04-14 17:09:24,208 [INFO]   分类: 公司及个人被纳入 | 公司: 全资子公司 | 姓名: 诸建华，陈时升
2026-04-14 17:09:24,208 [INFO] 
处理: 0553_[临时公告]正大股份关于公司控股股东、共同实际控制人、董事长被纳入失信被执行人并被出具限制消费令公告的补发声明.pdf
2026-04-14 17:09:24,401 [INFO]   分类: 个人被纳入 | 公司:  | 姓名: 
2026-04-14 17:09:24,401 [INFO] 
处理: 0554_[临时公告]朗尼科关于控股子公司及公司实际控制人、董事长、总经理、法定代表人被纳入失信被执行人、被出具消费令的公告(补发).pdf
2026-04-14 17:09:25,165 [INFO]   分类: 公司及个人被纳入 | 公司:  | 姓名: 岳强，本次
2026-04-14 17:09:25,166 [INFO] 
处理: 0555_[临时公告]ST润高关于公司、全资孙公司被纳入失信被执行人和实际控制人、董事被出具限制消费令的公告[2022-009](补发).pdf
2026-04-14 17:09:25,460 [INFO]   分类: 个人被纳入 | 公司:  | 姓名: 本次，李伟
2026-04-14 17:09:25,460 [INFO] 
处理: 0556_[临时公告]ST中通关于补发公司控股股东、实际控制人、董事长、总经理被纳入失信被执行人并被出具限制消费令的声明公告.pdf
2026-04-14 17:09:25,641 [INFO]   分类: 其他 | 公司:  | 姓名: 董国杰
2026-04-14 17:09:25,641 [INFO] 
处理: 0557_[临时公告]常青基业2022-008 关于补发控股股东、实际控制人、董事被纳入失信被执行人并被出具限制消费令公告的说明公告.pdf
2026-04-14 17:09:25,815 [INFO]   分类: 其他 | 公司:  | 姓名: 褚维红，魏建国
2026-04-14 17:09:25,815 [INFO] 
处理: 0558_[临时公告]美特桥架许昌美特桥架股份有限公司关于公司、实际控制人、董事、高级管理人员被纳入其他失信联合惩戒对象的公告(补发).pdf
2026-04-14 17:09:26,517 [INFO]   分类: 公司及个人被纳入 | 公司:  | 姓名: 周旭恺，和高级，尚岱华，尚新春，本次，陆龙飞
2026-04-14 17:09:26,517 [INFO] 
处理: 0559_[临时公告]河马股份关于公司全资子公司被纳入失信被执行人和全资子公司及其法定代表人被出具限制消费令的公告（更正后）.pdf
2026-04-14 17:09:27,011 [INFO]   分类: 公司被纳入 | 公司: 上海幻克影业发展有限公司，获悉全资子公司 | 姓名: 
2026-04-14 17:09:27,011 [INFO] 
处理: 0560_[临时公告]易家科技公司及高级管理人员被纳入失信被执行人及公司、公司法人、董监高、子公司被出具限制消费令的公告(补发).pdf
2026-04-14 17:09:27,607 [INFO]   分类: 公司及个人被纳入 | 公司:  | 姓名: 本次，池红生，洪启智，范建华，黄群土
2026-04-14 17:09:27,608 [INFO] 
处理: 0561_[临时公告]ST金润和2022-018_831603_ST金润和_关于补发子公司被纳入失信被执行人公告的声明公告_2022-07-12.pdf
2026-04-14 17:09:27,736 [INFO]   分类: 公司被纳入 | 公司:  | 姓名: 
2026-04-14 17:09:27,737 [INFO] 
处理: 0562_[临时公告]ST润高关于公司、全资孙公司被纳入失信被执行人和实际控制人、董事被出具限制消费令的补发声明公告[2021-010].pdf
2026-04-14 17:09:27,885 [INFO]   分类: 个人被纳入 | 公司: 全资孙公司 | 姓名: 
2026-04-14 17:09:27,885 [INFO] 
处理: 0563_[临时公告]易家科技关于公司及高级管理人员被纳入失信被执行人及公司、公司法人、董监高、子公司被出具限制消费令公告的补发声明.pdf
2026-04-14 17:09:28,090 [INFO]   分类: 公司及个人被纳入 | 公司:  | 姓名: 池红生，洪启智
2026-04-14 17:09:28,091 [INFO] 
处理: 0564_[临时公告]ST鹏海关于公司及控股股东、实际控制人、副董事长、财务负责人兼法定代表人被纳入失信被执行人并被出具限制消费令的公告(补发).pdf
2026-04-14 17:09:28,789 [INFO]   分类: 公司及个人被纳入 | 公司:  | 姓名: 本次，赵国庆
2026-04-14 17:09:28,789 [INFO] 
处理: 0565_[临时公告]ST鹏海关于公司及控股股东、实际控制人、副董事长、财务负责人兼法定代表人被纳入失信被执行人并被出具限制消费令的公告(补发).pdf
2026-04-14 17:09:29,641 [INFO]   分类: 公司及个人被纳入 | 公司: 石家庄鹏海制药股份有限公司 | 姓名: 本次，赵国庆
2026-04-14 17:09:29,641 [INFO] 
处理: 0566_[临时公告]ST鹏海关于补发公司及控股股东、实际控制人、副董事长、财务负责人兼法定代表人被纳入失信被执行人并被出具限制消费令的公告的说明.pdf
2026-04-14 17:09:29,806 [INFO]   分类: 公司及个人被纳入 | 公司:  | 姓名: 赵国庆
2026-04-14 17:09:29,806 [INFO] 
处理: 0567_[临时公告]ST鹏海关于补发公司及控股股东、实际控制人、副董事长、财务负责人兼法定代表人被纳入失信被执行人并被出具限制消费令的公告的说明.pdf
2026-04-14 17:09:30,001 [INFO]   分类: 公司及个人被纳入 | 公司:  | 姓名: 赵国庆
2026-04-14 17:09:30,002 [INFO] 
处理: 0568_[临时公告]美特桥架2022-004 许昌美特桥架股份有限公司关于补发公司、实际控制人、董事、高级管理人员被纳入其他失信联合惩戒对象的声明公告.pdf
2026-04-14 17:09:30,115 [INFO]   分类: 公司及个人被纳入 | 公司:  | 姓名: 
2026-04-14 17:09:30,115 [INFO] 
处理: 0569_[券商公告]大一科技恒泰长财证券有限责任公司关于洛阳市大一科技股份有限公司实际控制人（兼董事长）、控股股东被纳入失信被执行人名单的风险提示性公告.pdf
2026-04-14 17:09:30,496 [INFO]   分类: 个人被纳入 | 公司:  | 姓名: 张永生
2026-04-14 17:09:30,511 [INFO] 
结果已保存: D:\This computer\desktop\2022年失信人文件-pdf（569）\失信人信息提取结果_分类版.csv
2026-04-14 17:09:30,511 [INFO] 
完成！共 569 条记录
2026-04-14 17:09:30,512 [INFO] 分类[公司被纳入]: 306 条
2026-04-14 17:09:30,512 [INFO] 分类[公司被撤销]: 16 条
2026-04-14 17:09:30,512 [INFO] 分类[个人被纳入]: 130 条
2026-04-14 17:09:30,513 [INFO] 分类[个人被撤销]: 4 条
2026-04-14 17:09:30,513 [INFO] 分类[公司及个人被纳入]: 89 条
2026-04-14 17:09:30,513 [INFO] 分类[公司及个人被撤销]: 4 条
2026-04-14 17:09:30,513 [INFO] 分类[不属于失信人]: 2 条
2026-04-14 17:09:30,513 [INFO] 分类[其他]: 11 条
