2026-04-08 11:12:44,909 [INFO] LAC 已加载（NER 姓名识别启用）
2026-04-08 11:14:38,738 [DEBUG] Building prefix dict from the default dictionary ...
2026-04-08 11:14:39,330 [DEBUG] Dumping model to file cache C:\Users\25485\AppData\Local\Temp\jieba.cache
2026-04-08 11:14:39,392 [DEBUG] Loading model cost 0.653 seconds.
2026-04-08 11:14:39,392 [DEBUG] Prefix dict has been built successfully.
2026-04-08 11:14:39,394 [INFO] 
处理文件: 0001_[临时公告]辽宁天佐公司被纳为“失信执行人名单”的公告.pdf
2026-04-08 11:14:39,528 [INFO]   文件分类: 其他
2026-04-08 11:14:39,528 [INFO]   失信被执行人公司: 辽宁天佐羊绒纺织股份有限公司
2026-04-08 11:14:39,528 [INFO] 
处理文件: 0002_[临时公告]开普勒关于新任董事不属于失信被执行人公告.pdf
2026-04-08 11:14:39,679 [INFO]   文件分类: 不属于失信人
2026-04-08 11:14:39,679 [INFO]   确认姓名: 任职，开普勒，董晟，高飞，高飞飞
2026-04-08 11:14:39,679 [INFO] 
处理文件: 0003_[临时公告]利欣制药关于公司曾被纳为失信被执行人的公告.pdf
2026-04-08 11:14:39,880 [INFO]   文件分类: 其他
2026-04-08 11:14:39,880 [INFO]   失信被执行人公司: 河南利欣制药股份有限公司
2026-04-08 11:14:39,880 [INFO] 
处理文件: 0004_[临时公告]鸣利来关于公司被纳入失信被执行人名单的公告.pdf
2026-04-08 11:14:40,042 [INFO]   文件分类: 公司被纳入
2026-04-08 11:14:40,042 [INFO]   失信被执行人公司: 湖北鸣利来冶金机械股份有限公司
2026-04-08 11:14:40,042 [INFO] 
处理文件: 0005_[临时公告]埃森诺关于公司被纳入失信被执行人名单的公告.pdf
2026-04-08 11:14:40,220 [INFO]   文件分类: 公司被纳入
2026-04-08 11:14:40,220 [INFO]   失信被执行人公司: 沈阳埃森诺信息技术股份有限公司
2026-04-08 11:14:40,220 [INFO] 
处理文件: 0006_[临时公告]斯迈柯关于公司被纳入失信被执行人名单的公告.pdf
2026-04-08 11:14:40,370 [INFO]   文件分类: 公司被纳入
2026-04-08 11:14:40,370 [INFO] 
处理文件: 0007_[临时公告]一恒贞关于公司被纳为失信被执行人名单的公告.pdf
2026-04-08 11:14:40,517 [INFO]   文件分类: 其他
2026-04-08 11:14:40,517 [INFO]   失信被执行人公司: 河南一恒贞珠宝股份有限公司
2026-04-08 11:14:40,517 [INFO] 
处理文件: 0008_[临时公告]领先环保关于新任董事不是失信被执行人的公告.pdf
2026-04-08 11:14:40,633 [INFO]   文件分类: 不属于失信人
2026-04-08 11:14:40,633 [INFO]   确认姓名: 周亚娟
2026-04-08 11:14:40,633 [INFO] 
处理文件: 0009_[临时公告]凤凰电气关于公司被纳入失信被执行人名单的公告.pdf
2026-04-08 11:14:40,824 [INFO]   文件分类: 公司被纳入
2026-04-08 11:14:40,824 [INFO]   失信被执行人公司: 江苏凤凰电气股份有限公司
2026-04-08 11:14:40,824 [INFO] 
处理文件: 0010_[临时公告]宏力能源关于公司被纳入失信被执行人名单的公告.pdf
2026-04-08 11:14:40,947 [INFO]   文件分类: 公司被纳入
2026-04-08 11:14:40,947 [INFO]   失信被执行人公司: 山东宏力热泵能源股份有限公司
2026-04-08 11:14:40,947 [INFO] 
处理文件: 0011_[临时公告]佳瑞高科公司被纳入失信被执行人名单的公告(补发).pdf
2026-04-08 11:14:40,978 [INFO]   [提示] 以下页面疑似扫描件，已跳过：第 [1, 2, 3, 4] 页
2026-04-08 11:14:40,978 [WARNING]   [警告] 文件无可提取文本（可能全为扫描件），跳过。
2026-04-08 11:14:40,978 [INFO]   文件分类: 
2026-04-08 11:14:40,978 [INFO] 
处理文件: 0011_[临时公告]佳瑞高科公司被纳入失信被执行人名单的公告(补发)_可搜索.pdf
2026-04-08 11:14:41,183 [INFO]   文件分类: 公司被纳入
2026-04-08 11:14:41,183 [INFO] 
处理文件: 0012_[临时公告]彩通科技关于公司被纳入失信被执行人名单的公告.pdf
2026-04-08 11:14:41,265 [INFO]   文件分类: 公司被纳入
2026-04-08 11:14:41,265 [INFO]   失信被执行人公司: 郑州彩通科技股份有限公司
2026-04-08 11:14:41,265 [INFO] 
处理文件: 0013_[临时公告]汉术化学关于公司被纳入失信被执行人名单的公告.pdf
2026-04-08 11:14:41,396 [INFO]   文件分类: 公司被纳入
2026-04-08 11:14:41,396 [INFO]   失信被执行人公司: 西安汉术化学工程股份有限公司
2026-04-08 11:14:41,396 [INFO] 
处理文件: 0014_[临时公告]ST丰汇关于公司被纳入失信被执行人名单的公告.pdf
2026-04-08 11:14:41,494 [INFO]   文件分类: 公司被纳入
2026-04-08 11:14:41,494 [INFO]   失信被执行人公司: 上海丰汇医学科技股份有限公司
2026-04-08 11:14:41,494 [INFO] 
处理文件: 0015_[临时公告]ST中试关于公司被纳入失信被执行人名单的公告.pdf
2026-04-08 11:14:41,706 [INFO]   文件分类: 公司被纳入
2026-04-08 11:14:41,706 [INFO] 
处理文件: 0016_[临时公告]宣爱智能关于公司被纳入失信被执行人名单的公告.pdf
2026-04-08 11:14:41,937 [INFO]   文件分类: 公司被纳入
2026-04-08 11:14:41,937 [INFO]   失信被执行人公司: 北京宣爱智能模拟技术股份有限公司
2026-04-08 11:14:41,937 [INFO] 
处理文件: 0017_[临时公告]宏力能源关于公司被纳入失信被执行人名单的公告.pdf
2026-04-08 11:14:42,081 [INFO]   文件分类: 公司被纳入
2026-04-08 11:14:42,081 [INFO]   失信被执行人公司: 山东宏力热泵能源股份有限公司
2026-04-08 11:14:42,081 [INFO] 
处理文件: 0018_[临时公告]ST丰汇关于公司被纳入失信被执行人名单的公告.pdf
2026-04-08 11:14:42,215 [INFO]   文件分类: 公司被纳入
2026-04-08 11:14:42,216 [INFO]   失信被执行人公司: 上海丰汇医学科技股份有限公司
2026-04-08 11:14:42,216 [INFO] 
处理文件: 0019_[临时公告]今鼎股份关于公司被纳为失信被执行人名单的公告.pdf
2026-04-08 11:14:42,295 [INFO]   文件分类: 其他
2026-04-08 11:14:42,296 [INFO]   失信被执行人公司: 上海今鼎矿产品股份有限公司
2026-04-08 11:14:42,296 [INFO] 
处理文件: 0020_[临时公告]大众生态关于公司被纳入失信被执行人名单的公告.pdf
2026-04-08 11:14:42,475 [INFO]   文件分类: 公司被纳入
2026-04-08 11:14:42,475 [INFO]   失信被执行人公司: 成都大众生态园林股份有限公司
2026-04-08 11:14:42,475 [INFO] 
处理文件: 0021_[临时公告]凤凰电气关于公司被纳入失信被执行人名单的公告.pdf
2026-04-08 11:14:42,562 [INFO]   文件分类: 公司被纳入
2026-04-08 11:14:42,562 [INFO]   失信被执行人公司: 江苏凤凰电气股份有限公司
2026-04-08 11:14:42,562 [INFO] 
处理文件: 0022_[临时公告]欧安电气关于公司被纳入失信被执行人名单的公告.pdf
2026-04-08 11:14:42,711 [INFO]   文件分类: 公司被纳入
2026-04-08 11:14:42,711 [INFO]   失信被执行人公司: 湖北欧安电气股份有限公司
2026-04-08 11:14:42,711 [INFO] 
处理文件: 0023_[临时公告]新绿股份关于公司被纳为失信被执行人名单的公告.pdf
2026-04-08 11:14:42,982 [INFO]   文件分类: 其他
2026-04-08 11:14:42,982 [INFO]   失信被执行人公司: 山东新绿食品股份有限公司
2026-04-08 11:14:42,982 [INFO] 
处理文件: 0024_[临时公告]东河股份关于新任监事不属于失信被执行人的公告.pdf
2026-04-08 11:14:42,999 [INFO]   [提示] 以下页面疑似扫描件，已跳过：第 [1, 2] 页
2026-04-08 11:14:42,999 [WARNING]   [警告] 文件无可提取文本（可能全为扫描件），跳过。
2026-04-08 11:14:42,999 [INFO]   文件分类: 
2026-04-08 11:14:43,000 [INFO] 
处理文件: 0024_[临时公告]东河股份关于新任监事不属于失信被执行人的公告_可搜索.pdf
2026-04-08 11:14:43,055 [INFO]   文件分类: 不属于失信人
2026-04-08 11:14:43,055 [INFO]   确认姓名: 台仔，法阮，陈仁杯
2026-04-08 11:14:43,055 [INFO] 
处理文件: 0025_[临时公告]ST中试关于公司被纳入失信被执行人名单的公告.pdf
2026-04-08 11:14:43,294 [INFO]   文件分类: 公司被纳入
2026-04-08 11:14:43,294 [INFO] 
处理文件: 0026_[临时公告]弘方股份关于公司被纳入失信被执行人名单的公告.pdf
2026-04-08 11:14:43,456 [INFO]   文件分类: 公司被纳入
2026-04-08 11:14:43,456 [INFO] 
处理文件: 0027_[临时公告]易点科技关于公司被纳入失信被执行人名单的公告.pdf
2026-04-08 11:14:43,576 [INFO]   文件分类: 公司被纳入
2026-04-08 11:14:43,576 [INFO] 
处理文件: 0028_[临时公告]镭蒙机电关于公司被纳入失信被执行人名单的公告(OCR).pdf
2026-04-08 11:14:43,760 [INFO]   文件分类: 公司被纳入
2026-04-08 11:14:43,760 [INFO] 
处理文件: 0028_[临时公告]镭蒙机电关于公司被纳入失信被执行人名单的公告.pdf
2026-04-08 11:14:43,789 [INFO]   [提示] 以下页面疑似扫描件，已跳过：第 [1, 2, 3] 页
2026-04-08 11:14:43,789 [WARNING]   [警告] 文件无可提取文本（可能全为扫描件），跳过。
2026-04-08 11:14:43,789 [INFO]   文件分类: 
2026-04-08 11:14:43,789 [INFO] 
处理文件: 0029_[临时公告]凤凰电气关于公司被纳入失信被执行人名单的公告.pdf
2026-04-08 11:14:43,928 [INFO]   文件分类: 公司被纳入
2026-04-08 11:14:43,928 [INFO] 
处理文件: 0030_[临时公告]安普生物关于公司被纳入失信被执行人名单的公告.pdf
2026-04-08 11:14:44,067 [INFO]   文件分类: 公司被纳入
2026-04-08 11:14:44,067 [INFO] 
处理文件: 0031_[临时公告]盈美软装关于公司被纳入失信被执行人名单的公告.pdf
2026-04-08 11:14:44,230 [INFO]   文件分类: 公司被纳入
2026-04-08 11:14:44,231 [INFO] 
处理文件: 0032_[临时公告]博汇股份关于公司被纳入失信被执行人名单的公告.pdf
2026-04-08 11:14:44,363 [INFO]   文件分类: 公司被纳入
2026-04-08 11:14:44,364 [INFO] 
处理文件: 0033_[临时公告]ST一恒贞关于公司被纳为失信被执行人名单的公告.pdf
2026-04-08 11:14:44,471 [INFO]   文件分类: 其他
2026-04-08 11:14:44,471 [INFO]   失信被执行人公司: 河南一恒贞珠宝股份有限公司
2026-04-08 11:14:44,471 [INFO] 
处理文件: 0034_[临时公告]鸣利来关于法院撤消公司被纳入失信执行名单的公告.pdf
2026-04-08 11:14:44,584 [INFO]   文件分类: 公司被纳入
2026-04-08 11:14:44,585 [INFO]   失信被执行人公司: 法院已撤销公司
2026-04-08 11:14:44,585 [INFO] 
处理文件: 0035_[临时公告]今鼎股份关于公司已被撤销失信被执行人名单的公告.pdf
2026-04-08 11:14:44,631 [INFO]   文件分类: 公司被撤销
2026-04-08 11:14:44,631 [INFO] 
处理文件: 0036_[临时公告]大众生态关于公司从失信被执行人名单中撤销的公告.pdf
2026-04-08 11:14:44,826 [INFO]   文件分类: 其他
2026-04-08 11:14:44,826 [INFO]   失信被执行人公司: 成都大众生态园林股份有限公司
2026-04-08 11:14:44,827 [INFO] 
处理文件: 0037_[临时公告]瑞孚净化关于公司从失信被执行人名单中撤销的公告.pdf
2026-04-08 11:14:44,918 [INFO]   文件分类: 其他
2026-04-08 11:14:44,918 [INFO]   失信被执行人公司: 郑州瑞孚净化股份有限公司
2026-04-08 11:14:44,918 [INFO] 
处理文件: 0038_[临时公告]大众生态关于公司从失信被执行人名单中撤销的公告.pdf
2026-04-08 11:14:45,037 [INFO]   文件分类: 其他
2026-04-08 11:14:45,037 [INFO] 
处理文件: 0039_[临时公告]ST鑫秋关于公司、张友秋被列入失信被执行人的公告.pdf
2026-04-08 11:14:45,129 [INFO]   文件分类: 其他
2026-04-08 11:14:45,130 [INFO]   确认姓名: 张友秋
2026-04-08 11:14:45,130 [INFO] 
处理文件: 0040_[临时公告]欧安电气关于公司从失信被执行人名单中撤销的公告.pdf
2026-04-08 11:14:45,254 [INFO]   文件分类: 其他
2026-04-08 11:14:45,255 [INFO] 
处理文件: 0041_[临时公告]华中自控关于公司被纳入失信执行人名单的公告(补发).pdf
2026-04-08 11:14:45,366 [INFO]   文件分类: 公司被纳入
2026-04-08 11:14:45,366 [INFO]   失信被执行人公司: 日系统公布公司
2026-04-08 11:14:45,366 [INFO] 
处理文件: 0042_[临时公告]华中自控关于公司被纳入失信执行人名单的公告说明.pdf
2026-04-08 11:14:45,433 [INFO]   文件分类: 其他
2026-04-08 11:14:45,433 [INFO] 
处理文件: 0043_[临时公告]华盛控股关于公司董事被纳为失信被执行人名单的公告.pdf
2026-04-08 11:14:45,564 [INFO]   文件分类: 其他
2026-04-08 11:14:45,565 [INFO]   确认姓名: 董秀华
2026-04-08 11:14:45,565 [INFO] 
处理文件: 0044_[临时公告]天线宝宝关于公司被纳入失信被执行人名单的公告(补发).pdf
2026-04-08 11:14:45,637 [INFO]   文件分类: 公司被纳入
2026-04-08 11:14:45,637 [INFO]   失信被执行人公司: 福建天线宝宝食品股份有限公司
2026-04-08 11:14:45,637 [INFO] 
处理文件: 0045_[临时公告]三重股份关于公司被纳入失信被执行人名单的公告(补发).pdf
2026-04-08 11:14:45,759 [INFO]   文件分类: 公司被纳入
2026-04-08 11:14:45,760 [INFO]   失信被执行人公司: 烟台三重技术股份有限公司
2026-04-08 11:14:45,760 [INFO] 
处理文件: 0046_[临时公告]疆能股份关于公司被纳入失信被执行人名单的公告 (补发).pdf
2026-04-08 11:14:45,994 [INFO]   文件分类: 公司被纳入
2026-04-08 11:14:45,994 [INFO]   失信被执行人公司: 新疆新华能电气股份有限公司
2026-04-08 11:14:45,994 [INFO] 
处理文件: 0047_[临时公告]三重股份关于公司被纳入失信被执行人名单的公告(补发).pdf
2026-04-08 11:14:46,105 [INFO]   文件分类: 公司被纳入
2026-04-08 11:14:46,105 [INFO]   失信被执行人公司: 烟台三重技术股份有限公司
2026-04-08 11:14:46,105 [INFO] 
处理文件: 0048_[临时公告]疆能股份关于公司被纳入失信被执行人名单的公告(补发)(OCR).pdf
2026-04-08 11:14:46,247 [INFO]   文件分类: 公司被纳入
2026-04-08 11:14:46,247 [INFO] 
处理文件: 0048_[临时公告]疆能股份关于公司被纳入失信被执行人名单的公告(补发).pdf
2026-04-08 11:14:46,272 [INFO]   [提示] 以下页面疑似扫描件，已跳过：第 [1, 2, 3, 4] 页
2026-04-08 11:14:46,272 [WARNING]   [警告] 文件无可提取文本（可能全为扫描件），跳过。
2026-04-08 11:14:46,272 [INFO]   文件分类: 
2026-04-08 11:14:46,272 [INFO] 
处理文件: 0049_[临时公告]长宝科技关于公司被纳入失信被执行人名单的公告(补发)(OCR).pdf
2026-04-08 11:14:46,372 [INFO]   文件分类: 公司被纳入
2026-04-08 11:14:46,372 [INFO] 
处理文件: 0049_[临时公告]长宝科技关于公司被纳入失信被执行人名单的公告(补发).pdf
2026-04-08 11:14:46,466 [INFO]   [提示] 以下页面疑似扫描件，已跳过：第 [1, 2] 页
2026-04-08 11:14:46,466 [WARNING]   [警告] 文件无可提取文本（可能全为扫描件），跳过。
2026-04-08 11:14:46,466 [INFO]   文件分类: 
2026-04-08 11:14:46,467 [INFO] 
处理文件: 0050_[临时公告]物华股份关于公司被纳为失信被执行人名单的公告(补发).pdf
2026-04-08 11:14:46,557 [INFO]   文件分类: 其他
2026-04-08 11:14:46,557 [INFO]   失信被执行人公司: 河北物华循环资源股份有限公司
2026-04-08 11:14:46,557 [INFO] 
处理文件: 0051_[临时公告]国龙医疗关于新任董事、监事不属于失信被执行人的公告.pdf
2026-04-08 11:14:46,619 [INFO]   [提示] 以下页面疑似扫描件，已跳过：第 [1, 2] 页
2026-04-08 11:14:46,619 [WARNING]   [警告] 文件无可提取文本（可能全为扫描件），跳过。
2026-04-08 11:14:46,619 [INFO]   文件分类: 
2026-04-08 11:14:46,619 [INFO] 
处理文件: 0052_[临时公告]润港林业关于公司被纳入失信被执行人名单的公告(补发).pdf
2026-04-08 11:14:46,790 [INFO]   文件分类: 公司被纳入
2026-04-08 11:14:46,790 [INFO] 
处理文件: 0053_[临时公告]至诚复材关于控股股东被纳入失信被执行人名单的公告.pdf
2026-04-08 11:14:46,930 [INFO]   文件分类: 个人被纳入
2026-04-08 11:14:46,930 [INFO] 
处理文件: 0054_[临时公告]莱泰园林关于公司被纳入失信被执行人名单的公告(补发).pdf
2026-04-08 11:14:47,081 [INFO]   文件分类: 公司被纳入
2026-04-08 11:14:47,081 [INFO] 
处理文件: 0055_[临时公告]华盛控股关于公司董事已被撤销失信被执行人名单的公告.pdf
2026-04-08 11:14:47,141 [INFO]   文件分类: 公司被撤销
2026-04-08 11:14:47,141 [INFO] 
处理文件: 0056_[临时公告]元亨利关于公司再次被纳入失信被执行人名单的公告(补发).pdf
2026-04-08 11:14:47,326 [INFO]   文件分类: 公司被纳入
2026-04-08 11:14:47,326 [INFO] 
处理文件: 0057_[临时公告]安阳机床关于全资子公司被纳入失信被执行人名单的公告.pdf
2026-04-08 11:14:47,444 [INFO]   文件分类: 公司被纳入
2026-04-08 11:14:47,444 [INFO]   失信被执行人公司: 安阳盛隆铸造有限公司
2026-04-08 11:14:47,444 [INFO] 
处理文件: 0058_[临时公告]长宝科技关于补发公司被纳入失信执行人名单的声明公告(OCR).pdf
2026-04-08 11:14:47,530 [INFO]   文件分类: 其他
2026-04-08 11:14:47,530 [INFO]   失信被执行人公司: 该事项发生后应及时披露关于公司
2026-04-08 11:14:47,530 [INFO] 
处理文件: 0058_[临时公告]长宝科技关于补发公司被纳入失信执行人名单的声明公告.pdf
2026-04-08 11:14:47,551 [INFO]   [提示] 以下页面疑似扫描件，已跳过：第 [1, 2] 页
2026-04-08 11:14:47,552 [WARNING]   [警告] 文件无可提取文本（可能全为扫描件），跳过。
2026-04-08 11:14:47,552 [INFO]   文件分类: 
2026-04-08 11:14:47,552 [INFO] 
处理文件: 0059_[临时公告]德业变频关于新任高级管理人员不属于失信被执行人公告.pdf
2026-04-08 11:14:47,625 [INFO]   文件分类: 不属于失信人
2026-04-08 11:14:47,625 [INFO]   确认姓名: 张璐，张璐梦
2026-04-08 11:14:47,625 [INFO] 
处理文件: 0060_[临时公告]莱泰园林关于公司已被撤销纳入失信被执行人名单的公告.pdf
2026-04-08 11:14:47,749 [INFO]   文件分类: 公司被纳入
2026-04-08 11:14:47,749 [INFO]   失信被执行人公司: 法院已撤销公司
2026-04-08 11:14:47,749 [INFO] 
处理文件: 0061_[临时公告]博汇股份关于公司已被撤销纳入失信被执行人名单的公告.pdf
2026-04-08 11:14:47,810 [INFO]   文件分类: 公司被纳入
2026-04-08 11:14:47,810 [INFO]   失信被执行人公司: 法院已撤销公司
2026-04-08 11:14:47,810 [INFO] 
处理文件: 0062_[临时公告]许继配电关于公司被纳入失信被执行人名单及进展的公告(补发).pdf
2026-04-08 11:14:47,900 [INFO]   文件分类: 公司被纳入
2026-04-08 11:14:47,900 [INFO] 
处理文件: 0063_[临时公告]天线宝宝关于补发公司被纳入失信被执行人名单的声明公告.pdf
2026-04-08 11:14:48,001 [INFO]   文件分类: 公司被纳入
2026-04-08 11:14:48,001 [INFO] 
处理文件: 0064_[临时公告]三重股份关于补发公司被纳入失信被执行人名单的声明公告.pdf
2026-04-08 11:14:48,076 [INFO]   文件分类: 公司被纳入
2026-04-08 11:14:48,076 [INFO] 
处理文件: 0065_[临时公告]疆能股份关于补发公司被纳入失信被执行人名单的声明公告.pdf
2026-04-08 11:14:48,206 [INFO]   文件分类: 公司被纳入
2026-04-08 11:14:48,207 [INFO] 
处理文件: 0066_[临时公告]大宏智能关于公司董事被纳为失信被执行人名单的公告(补发)(OCR).pdf
2026-04-08 11:14:48,369 [INFO]   文件分类: 其他
2026-04-08 11:14:48,369 [INFO]   确认姓名: 向志军
2026-04-08 11:14:48,369 [INFO] 
处理文件: 0066_[临时公告]大宏智能关于公司董事被纳为失信被执行人名单的公告(补发).pdf
2026-04-08 11:14:48,400 [INFO]   [提示] 以下页面疑似扫描件，已跳过：第 [1, 2, 3, 4] 页
2026-04-08 11:14:48,400 [WARNING]   [警告] 文件无可提取文本（可能全为扫描件），跳过。
2026-04-08 11:14:48,400 [INFO]   文件分类: 
2026-04-08 11:14:48,400 [INFO] 
处理文件: 0067_[临时公告]郑州远见关于公司及董事长被纳入为失信被执行人名单的公告.pdf
2026-04-08 11:14:48,580 [INFO]   文件分类: 其他
2026-04-08 11:14:48,580 [INFO]   确认姓名: 孙红州
2026-04-08 11:14:48,580 [INFO]   失信被执行人公司: 郑州远见安全装备股份有限公司
2026-04-08 11:14:48,580 [INFO] 
处理文件: 0068_[临时公告]贵之步关于公司被纳入失信被执行人名单及进展的公告(补发).pdf
2026-04-08 11:14:48,803 [INFO]   文件分类: 公司被纳入
2026-04-08 11:14:48,803 [INFO] 
处理文件: 0069_[临时公告]斯迈柯关于法院已撤销公司被纳入失信被执行人名单的公告.pdf
2026-04-08 11:14:48,864 [INFO]   文件分类: 公司被纳入
2026-04-08 11:14:48,864 [INFO]   失信被执行人公司: 院已撤销公司
2026-04-08 11:14:48,864 [INFO] 
处理文件: 0070_[临时公告]凤凰电气关于法院已撤销公司被纳入失信被执行人名单的公告.pdf
2026-04-08 11:14:48,931 [INFO]   文件分类: 公司被纳入
2026-04-08 11:14:48,931 [INFO] 
处理文件: 0071_[临时公告]银都传媒关于公司、关杭军、李文被列入失信联合惩戒对象的公告(OCR).pdf
2026-04-08 11:14:49,052 [INFO]   文件分类: 其他
2026-04-08 11:14:49,052 [INFO] 
处理文件: 0071_[临时公告]银都传媒关于公司、关杭军、李文被列入失信联合惩戒对象的公告.pdf
2026-04-08 11:14:49,094 [INFO]   文件分类: 其他
2026-04-08 11:14:49,094 [INFO] 
处理文件: 0072_[临时公告]三重股份关于补发公司被纳入失信被执行人名单的声明公告.pdf
2026-04-08 11:14:49,170 [INFO]   文件分类: 公司被纳入
2026-04-08 11:14:49,170 [INFO] 
处理文件: 0073_[临时公告]疆能股份关于补发公司被纳入失信被执行人名单的声明公告.pdf
2026-04-08 11:14:49,204 [INFO]   [提示] 以下页面疑似扫描件，已跳过：第 [1, 2] 页
2026-04-08 11:14:49,204 [WARNING]   [警告] 文件无可提取文本（可能全为扫描件），跳过。
2026-04-08 11:14:49,204 [INFO]   文件分类: 
2026-04-08 11:14:49,204 [INFO] 
处理文件: 0073_[临时公告]疆能股份关于补发公司被纳入失信被执行人名单的声明公告_可搜索.pdf
2026-04-08 11:14:49,261 [INFO]   文件分类: 公司被纳入
2026-04-08 11:14:49,261 [INFO] 
处理文件: 0074_[临时公告]ST泰壹关于公司及董事长被纳入为失信被执行人名单的公告.pdf
2026-04-08 11:14:49,416 [INFO]   文件分类: 其他
2026-04-08 11:14:49,416 [INFO]   确认姓名: 张小满，张莉雪
2026-04-08 11:14:49,417 [INFO]   失信被执行人公司: 重庆泰壹环保新能源开发股份有限公司
2026-04-08 11:14:49,417 [INFO] 
处理文件: 0075_[临时公告]山东开泰关于公司控股股东被纳入失信被执行人名单的公告.pdf
2026-04-08 11:14:49,582 [INFO]   文件分类: 公司被纳入
2026-04-08 11:14:49,583 [INFO] 
处理文件: 0076_[临时公告]宁宇科技关于新任高管不为失信联合惩戒对象的补充说明公告.pdf
2026-04-08 11:14:49,640 [INFO]   文件分类: 不属于失信人
2026-04-08 11:14:49,640 [INFO]   确认姓名: 李大明，李小红，龙锦基
2026-04-08 11:14:49,640 [INFO] 
处理文件: 0077_[临时公告]唯优传媒关于新任高管不为失信联合惩戒对象的补充说明公告.pdf
2026-04-08 11:14:49,707 [INFO]   文件分类: 不属于失信人
2026-04-08 11:14:49,707 [INFO]   确认姓名: 万国，毛悦
2026-04-08 11:14:49,707 [INFO] 
处理文件: 0078_[临时公告]易点科技关于法院已撤销公司被纳入失信被执行人名单的公告.pdf
2026-04-08 11:14:49,829 [INFO]   文件分类: 公司被纳入
2026-04-08 11:14:49,830 [INFO]   失信被执行人公司: 截至本公告日法院已撤销公司
2026-04-08 11:14:49,830 [INFO] 
处理文件: 0079_[临时公告]凤凰电气关于法院已撤销公司被纳入失信被执行人名单的公告.pdf
2026-04-08 11:14:49,931 [INFO]   文件分类: 公司被纳入
2026-04-08 11:14:49,931 [INFO]   失信被执行人公司: 法院已撤销公司
2026-04-08 11:14:49,931 [INFO] 
处理文件: 0080_[临时公告]中搜网络关于法院已撤销公司被纳入失信被执行人名单的公告.pdf
2026-04-08 11:14:49,978 [INFO]   文件分类: 公司被纳入
2026-04-08 11:14:49,979 [INFO]   失信被执行人公司: 院已撤销公司
2026-04-08 11:14:49,979 [INFO] 
处理文件: 0081_[临时公告]驰达飞机关于高管任命及新任高管不属于失信被执行人公告.pdf
2026-04-08 11:14:50,118 [INFO]   文件分类: 不属于失信人
2026-04-08 11:14:50,118 [INFO]   确认姓名: 书铭，杜书铭
2026-04-08 11:14:50,118 [INFO] 
处理文件: 0082_[临时公告]精华教育关于董事任命及新任董事不属于失信被执行人的公告.pdf
2026-04-08 11:14:50,259 [INFO]   文件分类: 不属于失信人
2026-04-08 11:14:50,259 [INFO]   确认姓名: 任命，任命及，王成群，郭磊，郭陶
2026-04-08 11:14:50,259 [INFO] 
处理文件: 0083_[临时公告]碧佳实业关于董事任命及新任董事不属于失信被执行人的公告(OCR)(1).pdf
2026-04-08 11:14:50,493 [INFO]   文件分类: 不属于失信人
2026-04-08 11:14:50,493 [INFO]   确认姓名: 任免，任免将，司司，张桢，张祯
2026-04-08 11:14:50,493 [INFO] 
处理文件: 0083_[临时公告]碧佳实业关于董事任命及新任董事不属于失信被执行人的公告(OCR).pdf
2026-04-08 11:14:50,756 [INFO]   文件分类: 不属于失信人
2026-04-08 11:14:50,756 [INFO]   确认姓名: 任免，任免将，司司，张桢，张祯
2026-04-08 11:14:50,756 [INFO] 
处理文件: 0083_[临时公告]碧佳实业关于董事任命及新任董事不属于失信被执行人的公告.pdf
2026-04-08 11:14:50,897 [INFO]   文件分类: 不属于失信人
2026-04-08 11:14:50,897 [INFO]   确认姓名: 任免，任免将，任命，任命及，宋贵虎，张祯，毕伍，毕伍振
2026-04-08 11:14:50,897 [INFO] 
处理文件: 0084_[临时公告]元亨利关于公司及实际控制人被纳入失信被执行人名单的公告(补发).pdf
2026-04-08 11:14:51,108 [INFO]   文件分类: 公司被纳入
2026-04-08 11:14:51,108 [INFO] 
处理文件: 0085_[临时公告]许继配电关于补发公司被纳入失信被执行人名单公告的声明公告.pdf
2026-04-08 11:14:51,170 [INFO]   文件分类: 公司被纳入
2026-04-08 11:14:51,170 [INFO] 
处理文件: 0086_[临时公告]科贝科技关于法院已撤销公司被纳入失信被执行人名单的公告(补发).pdf
2026-04-08 11:14:51,245 [INFO]   文件分类: 公司被纳入
2026-04-08 11:14:51,245 [INFO] 
处理文件: 0087_[临时公告]汉镒资产关于公司及实际控制人被纳为失信被执行人名单的公告.pdf
2026-04-08 11:14:51,464 [INFO]   文件分类: 其他
2026-04-08 11:14:51,464 [INFO]   确认姓名: 郭钧
2026-04-08 11:14:51,464 [INFO] 
处理文件: 0088_[临时公告]中和医疗关于控股股东、实际控制人被纳为失信被执行人名单的公告.pdf
2026-04-08 11:14:51,643 [INFO]   文件分类: 其他
2026-04-08 11:14:51,643 [INFO]   确认姓名: 李立，李立及，韩丽丽
2026-04-08 11:14:51,643 [INFO] 
处理文件: 0089_[临时公告]元亨利关于公司再次被纳入失信被执行人名单公告的补发声明公告.pdf
2026-04-08 11:14:51,710 [INFO]   文件分类: 公司被纳入
2026-04-08 11:14:51,710 [INFO] 
处理文件: 0090_[临时公告]安阳机床关于全资子公司已被撤销纳入失信被执行人名单的公告.pdf
2026-04-08 11:14:51,770 [INFO]   文件分类: 公司被纳入
2026-04-08 11:14:51,771 [INFO] 
处理文件: 0091_[临时公告]金鼎股份关于公司控股股东被纳入失信被执行人名单的公告(补发).pdf
2026-04-08 11:14:52,013 [INFO]   文件分类: 公司被纳入
2026-04-08 11:14:52,013 [INFO]   失信被执行人公司: 天津冶金集团有限公司，的控股股东天津冶金集团有限公司
2026-04-08 11:14:52,013 [INFO] 
处理文件: 0092_[临时公告]疆能股份关于公司及子公司被纳入失信被执行人名单的公告(补发)(OCR).pdf
2026-04-08 11:14:52,215 [INFO]   文件分类: 公司被纳入
2026-04-08 11:14:52,215 [INFO] 
处理文件: 0092_[临时公告]疆能股份关于公司及子公司被纳入失信被执行人名单的公告(补发).pdf
2026-04-08 11:14:52,240 [INFO]   [提示] 以下页面疑似扫描件，已跳过：第 [1, 2, 3, 4] 页
2026-04-08 11:14:52,240 [WARNING]   [警告] 文件无可提取文本（可能全为扫描件），跳过。
2026-04-08 11:14:52,240 [INFO]   文件分类: 
2026-04-08 11:14:52,240 [INFO] 
处理文件: 0093_[临时公告]润港林业017-关于公司被纳入失信被执行人名单的公告补发说明.pdf
2026-04-08 11:14:52,295 [INFO]   文件分类: 公司被纳入
2026-04-08 11:14:52,295 [INFO]   失信被执行人公司: 时在全国中小企业股份转让系统指定信息披露平台上披露公司
2026-04-08 11:14:52,295 [INFO] 
处理文件: 0094_[临时公告]和韵文化关于公司以及实际控制人被纳入失信被执行人名单的公告.pdf
2026-04-08 11:14:52,593 [INFO]   文件分类: 个人被纳入
2026-04-08 11:14:52,593 [INFO]   确认姓名: 徐和贵
2026-04-08 11:14:52,593 [INFO] 
处理文件: 0095_[临时公告]莱泰园林关于补发公司被纳入失信被执行人名单的公告的声明公告.pdf
2026-04-08 11:14:52,703 [INFO]   文件分类: 公司被纳入
2026-04-08 11:14:52,703 [INFO] 
处理文件: 0096_[临时公告]东安液压关于公司实际控制人被纳入失信被执行人名单的公告(补发).pdf
2026-04-08 11:14:52,812 [INFO]   文件分类: 公司被纳入
2026-04-08 11:14:52,812 [INFO] 
处理文件: 0097_[临时公告]佳瑞高科公司控股股东、实际控制人被纳入失信被执行人名单的公告.pdf
2026-04-08 11:14:52,840 [INFO]   [提示] 以下页面疑似扫描件，已跳过：第 [1, 2, 3, 4] 页
2026-04-08 11:14:52,840 [WARNING]   [警告] 文件无可提取文本（可能全为扫描件），跳过。
2026-04-08 11:14:52,840 [INFO]   文件分类: 
2026-04-08 11:14:52,840 [INFO] 
处理文件: 0097_[临时公告]佳瑞高科公司控股股东、实际控制人被纳入失信被执行人名单的公告_可搜索.pdf
2026-04-08 11:14:52,940 [INFO]   文件分类: 个人被纳入
2026-04-08 11:14:52,940 [INFO]   确认姓名: 谢秋欣
2026-04-08 11:14:52,940 [INFO] 
处理文件: 0098_[临时公告]安科文化关于控股股东、实际控制人被纳入失信执行人名单的公告.pdf
2026-04-08 11:14:53,057 [INFO]   文件分类: 其他
2026-04-08 11:14:53,057 [INFO]   确认姓名: 安轩，陈洪，陈洪与
2026-04-08 11:14:53,057 [INFO] 
处理文件: 0099_[临时公告]元亨利关于补发公司及实际控制人被纳入失信被执行人名单的声明公告.pdf
2026-04-08 11:14:53,135 [INFO]   文件分类: 公司被纳入
2026-04-08 11:14:53,135 [INFO] 
处理文件: 0100_[临时公告]科贝科技关于补发法院已撤销公司被纳入失信被执行人名单的声明公告.pdf
2026-04-08 11:14:53,247 [INFO]   文件分类: 公司被纳入
2026-04-08 11:14:53,247 [INFO] 
处理文件: 0101_[临时公告]广建装饰关于公司及其控股股东、董事被列入失信被执行名单的公告(补发).pdf
2026-04-08 11:14:53,391 [INFO]   文件分类: 个人被纳入
2026-04-08 11:14:53,391 [INFO]   确认姓名: 东泰清，叶东，叶东已，泰清
2026-04-08 11:14:53,392 [INFO] 
处理文件: 0102_[临时公告]ST一恒贞关于控股股东、实际控制人被纳为失信被执行人名单的公告.pdf
2026-04-08 11:14:53,543 [INFO]   文件分类: 其他
2026-04-08 11:14:53,543 [INFO]   确认姓名: 张斌，黄飞雪
2026-04-08 11:14:53,543 [INFO] 
处理文件: 0103_[临时公告]疆能股份关于补发公司及子公司被纳入失信被执行人名单的声明公告.pdf
2026-04-08 11:14:53,565 [INFO]   [提示] 以下页面疑似扫描件，已跳过：第 [1, 2] 页
2026-04-08 11:14:53,565 [WARNING]   [警告] 文件无可提取文本（可能全为扫描件），跳过。
2026-04-08 11:14:53,565 [INFO]   文件分类: 
2026-04-08 11:14:53,565 [INFO] 
处理文件: 0103_[临时公告]疆能股份关于补发公司及子公司被纳入失信被执行人名单的声明公告_可搜索.pdf
2026-04-08 11:14:53,632 [INFO]   文件分类: 公司被纳入
2026-04-08 11:14:53,632 [INFO] 
处理文件: 0104_[临时公告]白水农夫关于控股股东、实际控制人从失信被执行人名单库中删除的公告.pdf
2026-04-08 11:14:53,754 [INFO]   文件分类: 不属于失信人
2026-04-08 11:14:53,754 [INFO]   确认姓名: 信用
2026-04-08 11:14:53,754 [INFO] 
处理文件: 0105_[券商公告]一恒贞：主办券商关于一恒贞被纳为失信被执行人名单的风险提示性公告(OCR).pdf
2026-04-08 11:14:53,836 [INFO]   文件分类: 其他
2026-04-08 11:14:53,837 [INFO] 
处理文件: 0105_[券商公告]一恒贞：主办券商关于一恒贞被纳为失信被执行人名单的风险提示性公告.pdf
2026-04-08 11:14:53,861 [INFO]   [提示] 以下页面疑似扫描件，已跳过：第 [1, 2] 页
2026-04-08 11:14:53,861 [WARNING]   [警告] 文件无可提取文本（可能全为扫描件），跳过。
2026-04-08 11:14:53,861 [INFO]   文件分类: 
2026-04-08 11:14:53,861 [INFO] 
处理文件: 0106_[临时公告]海斯迪关于控股股东、实际控制人已被撤销纳入失信被执行人名单的公告.pdf
2026-04-08 11:14:53,935 [INFO]   文件分类: 个人被纳入
2026-04-08 11:14:53,935 [INFO]   确认姓名: 张晓云
2026-04-08 11:14:53,935 [INFO] 
处理文件: 0107_[临时公告]海斯迪关于控股股东、实际控制人被纳入失信被执行人名单的进展公告.pdf
2026-04-08 11:14:54,016 [INFO]   文件分类: 个人被纳入
2026-04-08 11:14:54,016 [INFO] 
处理文件: 0108_[临时公告]海斯迪关于公司控股股东、实际控制人被纳入失信被执行人名单的公告(补发).pdf
2026-04-08 11:14:54,221 [INFO]   文件分类: 个人被纳入
2026-04-08 11:14:54,221 [INFO]   确认姓名: 张晓，张晓云
2026-04-08 11:14:54,221 [INFO] 
处理文件: 0109_[临时公告]海益宝关于控股股东、实际控制人从失信被执行人名单库中删除的公告.pdf
2026-04-08 11:14:54,342 [INFO]   文件分类: 不属于失信人
2026-04-08 11:14:54,342 [INFO]   确认姓名: 信用
2026-04-08 11:14:54,342 [INFO] 
处理文件: 0110_[临时公告]海益宝关于控股股东、实际控制人被纳入失信被执行人名单的进展公告.pdf
2026-04-08 11:14:54,507 [INFO]   文件分类: 个人被纳入
2026-04-08 11:14:54,508 [INFO]   确认姓名: 在平安，海益宝，范立强
2026-04-08 11:14:54,508 [INFO] 
处理文件: 0111_[临时公告]佳瑞高科关于公司控股股东、实际控制人被纳入失信被执行人名单的公告.pdf
2026-04-08 11:14:54,707 [INFO]   文件分类: 个人被纳入
2026-04-08 11:14:54,708 [INFO]   确认姓名: 谢秋欣
2026-04-08 11:14:54,708 [INFO] 
处理文件: 0112_[临时公告]宏力能源关于昌乐县人民法院已撤销公司被纳入失信被执行人名单的公告.pdf
2026-04-08 11:14:54,786 [INFO]   文件分类: 公司被纳入
2026-04-08 11:14:54,786 [INFO]   失信被执行人公司: 法院已撤销因该案件造成的公司
2026-04-08 11:14:54,786 [INFO] 
处理文件: 0113_[临时公告]华协农业关于公司及控股股东、实际控制人被纳入失信被执行人名单的公告.pdf
2026-04-08 11:14:54,808 [INFO]   [提示] 以下页面疑似扫描件，已跳过：第 [1, 2, 3] 页
2026-04-08 11:14:54,808 [WARNING]   [警告] 文件无可提取文本（可能全为扫描件），跳过。
2026-04-08 11:14:54,808 [INFO]   文件分类: 
2026-04-08 11:14:54,808 [INFO] 
处理文件: 0113_[临时公告]华协农业关于公司及控股股东、实际控制人被纳入失信被执行人名单的公告_可搜索.pdf
2026-04-08 11:14:54,882 [INFO]   文件分类: 个人被纳入
2026-04-08 11:14:54,882 [INFO]   确认姓名: 王明，王明琴
2026-04-08 11:14:54,882 [INFO]   失信被执行人公司: 甘肃华协农业生物科技股份有限公司
2026-04-08 11:14:54,882 [INFO] 
处理文件: 0114_[临时公告]佳瑞高科2017-120 关于补发公司被纳入失信被执行人名单公告的声明.pdf
2026-04-08 11:14:54,894 [INFO]   [提示] 以下页面疑似扫描件，已跳过：第 [1] 页
2026-04-08 11:14:54,894 [WARNING]   [警告] 文件无可提取文本（可能全为扫描件），跳过。
2026-04-08 11:14:54,894 [INFO]   文件分类: 
2026-04-08 11:14:54,894 [INFO] 
处理文件: 0114_[临时公告]佳瑞高科2017-120 关于补发公司被纳入失信被执行人名单公告的声明_可搜索.pdf
2026-04-08 11:14:54,950 [INFO]   文件分类: 公司被纳入
2026-04-08 11:14:54,950 [INFO]   失信被执行人公司: 平顶山佳瑞高科实业股份有限公司关于公司
2026-04-08 11:14:54,950 [INFO] 
处理文件: 0115_[券商公告]佳瑞高科安信证券关于佳瑞高科被纳入失信被执行人名单的风险提供公告.pdf
2026-04-08 11:14:54,979 [INFO]   [提示] 以下页面疑似扫描件，已跳过：第 [1, 2, 3] 页
2026-04-08 11:14:54,979 [WARNING]   [警告] 文件无可提取文本（可能全为扫描件），跳过。
2026-04-08 11:14:54,979 [INFO]   文件分类: 
2026-04-08 11:14:54,979 [INFO] 
处理文件: 0115_[券商公告]佳瑞高科安信证券关于佳瑞高科被纳入失信被执行人名单的风险提供公告_可搜索.pdf
2026-04-08 11:14:55,150 [INFO]   文件分类: 个人被纳入
2026-04-08 11:14:55,150 [INFO]   确认姓名: 高科
2026-04-08 11:14:55,150 [INFO] 
处理文件: 0116_[临时公告]至诚复材关于法院已撤销公司控股股东被纳入失信被执行人名单的公告(补发).pdf
2026-04-08 11:14:55,270 [INFO]   文件分类: 公司被纳入
2026-04-08 11:14:55,270 [INFO] 
处理文件: 0117_[临时公告]ST瑞泽关于控股股东、实际控制人被纳为失信被执行人名单的公告(补发)(补发).pdf
2026-04-08 11:14:55,449 [INFO]   文件分类: 其他
2026-04-08 11:14:55,449 [INFO]   确认姓名: 刘珍华
2026-04-08 11:14:55,449 [INFO] 
处理文件: 0118_[临时公告]永丰食品关于公司控股股东、实际控制人被纳入失信被执行人名单的公告(补发).pdf
2026-04-08 11:14:55,918 [INFO]   文件分类: 个人被纳入
2026-04-08 11:14:55,918 [INFO]   确认姓名: 白世洲，进行
2026-04-08 11:14:55,918 [INFO] 
处理文件: 0119_[临时公告]安科文化关于控股股东、实际控制人已被撤销纳入失信被执行人名单的公告.pdf
2026-04-08 11:14:56,019 [INFO]   文件分类: 个人被纳入
2026-04-08 11:14:56,020 [INFO]   确认姓名: 陈洪
2026-04-08 11:14:56,020 [INFO] 
处理文件: 0120_[临时公告]京东健康关于控股股东、实际控制人、董事、监事被纳入失信执行人名单的公告(补发).pdf
2026-04-08 11:14:56,192 [INFO]   文件分类: 其他
2026-04-08 11:14:56,192 [INFO]   确认姓名: 崔国，崔国玲，徐征，徐耀，徐耀东
2026-04-08 11:14:56,192 [INFO] 
处理文件: 0121_[临时公告]元亨利关于公司及其控股股东、实际控制人被纳入失信被执行人名单的公告(补发).pdf
2026-04-08 11:14:56,344 [INFO]   文件分类: 个人被纳入
2026-04-08 11:14:56,344 [INFO]   确认姓名: 谢宗选
2026-04-08 11:14:56,344 [INFO] 
处理文件: 0122_[临时公告]雨神电竞关于公司控股股东、实际控制人被纳入失信被执行人名单的公告(补发).pdf
2026-04-08 11:14:56,494 [INFO]   文件分类: 个人被纳入
2026-04-08 11:14:56,494 [INFO]   确认姓名: 洪麟，马洪麟
2026-04-08 11:14:56,495 [INFO] 
处理文件: 0123_[临时公告]诺晟股份关于公司控股股东、实际控制人被纳入失信被执行人名单的公告(补发).pdf
2026-04-08 11:14:56,761 [INFO]   文件分类: 个人被纳入
2026-04-08 11:14:56,761 [INFO] 
处理文件: 0124_[券商公告]ST中试中泰证券关于中试电力被纳入失信被执行人名单的风险提示公告.pdf
2026-04-08 11:14:56,815 [INFO]   文件分类: 个人被纳入
2026-04-08 11:14:56,816 [INFO] 
处理文件: 0125_[临时公告]东安液压关于补发公司实际控制人被纳入失信被执行人名单的公告的说明.pdf
2026-04-08 11:14:56,929 [INFO]   文件分类: 公司被纳入
2026-04-08 11:14:56,929 [INFO] 
处理文件: 0126_[临时公告]白水农夫关于公司控股股东、实际控制人被纳入失信被执行人名单的公告(补发).pdf
2026-04-08 11:14:57,030 [INFO]   文件分类: 个人被纳入
2026-04-08 11:14:57,030 [INFO]   确认姓名: 吴治德
2026-04-08 11:14:57,030 [INFO] 
处理文件: 0127_[临时公告]宏力能源关于南京市秦淮区人民法院已撤销公司被纳入失信被执行人名单的公告.pdf
2026-04-08 11:14:57,091 [INFO]   文件分类: 公司被纳入
2026-04-08 11:14:57,091 [INFO]   失信被执行人公司: 法院已撤销因该案件造成的公司
2026-04-08 11:14:57,091 [INFO] 
处理文件: 0128_[券商公告]方正证券关于许继配电被纳入失信被执行人名单及进展情况的风险提示性公告.pdf
2026-04-08 11:14:57,214 [INFO]   文件分类: 个人被纳入
2026-04-08 11:14:57,214 [INFO] 
处理文件: 0129_[临时公告]天线宝宝关于公司控股股东、实际控制人被纳入失信被执行人名单的公告（补发）(补发).pdf
2026-04-08 11:14:57,323 [INFO]   文件分类: 个人被纳入
2026-04-08 11:14:57,323 [INFO]   确认姓名: 许志忠
2026-04-08 11:14:57,323 [INFO] 
处理文件: 0130_[临时公告]天线宝宝关于补发公司控股股东、实际控制人被纳入失信被执行人名单的声明公告.pdf
2026-04-08 11:14:57,397 [INFO]   文件分类: 个人被纳入
2026-04-08 11:14:57,397 [INFO]   确认姓名: 许志忠
2026-04-08 11:14:57,397 [INFO] 
处理文件: 0131_[临时公告]怡莲蚕桑关于公司及控股股东、实际控制人被纳入失信被执行人名单的提示性公告.pdf
2026-04-08 11:14:57,424 [INFO]   [提示] 以下页面疑似扫描件，已跳过：第 [1, 2, 3, 4, 5, 6] 页
2026-04-08 11:14:57,424 [WARNING]   [警告] 文件无可提取文本（可能全为扫描件），跳过。
2026-04-08 11:14:57,424 [INFO]   文件分类: 
2026-04-08 11:14:57,424 [INFO] 
处理文件: 0132_[临时公告]至诚复材关于补发法院已撤销公司控股股东被纳入失信被执行人名单的声明公告.pdf
2026-04-08 11:14:57,528 [INFO]   文件分类: 公司被纳入
2026-04-08 11:14:57,528 [INFO] 
处理文件: 0133_[券商公告]贵之步方正证券关于贵之步被纳入失信被执行人名单及进展的风险提示性公告.pdf
2026-04-08 11:14:57,697 [INFO]   文件分类: 个人被纳入
2026-04-08 11:14:57,697 [INFO] 
处理文件: 0134_[临时公告]ST天智关于公司及公司控股股东、实际控制人被纳入失信被执行人名单的公告.pdf
2026-04-08 11:14:57,865 [INFO]   文件分类: 个人被纳入
2026-04-08 11:14:57,865 [INFO]   确认姓名: 赵宁
2026-04-08 11:14:57,865 [INFO]   失信被执行人公司: 安徽天智信息科技集团股份有限公司，实际控制人及公司
2026-04-08 11:14:57,865 [INFO] 
处理文件: 0135_[临时公告]永丰食品关于公司控股股东、 实际控制人被纳入失信被执行人名单公告的补发说明.pdf
2026-04-08 11:14:58,000 [INFO]   文件分类: 个人被纳入
2026-04-08 11:14:58,000 [INFO]   确认姓名: 白世洲
2026-04-08 11:14:58,000 [INFO]   失信被执行人公司: 中小企业股份转让系统指定信息披露平台上披露公司
2026-04-08 11:14:58,000 [INFO] 
处理文件: 0136_[临时公告]华泰珠宝关于公司控股股东、实际控制人、董事被纳入失信被执行人名单的公告(补发).pdf
2026-04-08 11:14:58,027 [INFO]   [提示] 以下页面疑似扫描件，已跳过：第 [1, 2] 页
2026-04-08 11:14:58,027 [WARNING]   [警告] 文件无可提取文本（可能全为扫描件），跳过。
2026-04-08 11:14:58,027 [INFO]   文件分类: 
2026-04-08 11:14:58,027 [INFO] 
处理文件: 0136_[临时公告]华泰珠宝关于公司控股股东、实际控制人、董事被纳入失信被执行人名单的公告(补发)_可搜索.pdf
2026-04-08 11:14:58,082 [INFO]   文件分类: 个人被纳入
2026-04-08 11:14:58,082 [INFO]   确认姓名: 胡文壶
2026-04-08 11:14:58,082 [INFO] 
处理文件: 0137_[临时公告]白水农夫关于补发公司控股股东、实际控制人被纳入失信被执行人名单的公告说明.pdf
2026-04-08 11:14:58,151 [INFO]   文件分类: 个人被纳入
2026-04-08 11:14:58,152 [INFO]   确认姓名: 吴治德
2026-04-08 11:14:58,152 [INFO] 
处理文件: 0138_[临时公告]海斯迪关于补发公司控股股东、实际控制人被纳入失信被执行人名单的公告的说明.pdf
2026-04-08 11:14:58,250 [INFO]   文件分类: 个人被纳入
2026-04-08 11:14:58,250 [INFO]   确认姓名: 张晓云
2026-04-08 11:14:58,251 [INFO] 
处理文件: 0139_[临时公告]广建装饰关于公司及其控股股东、董事被列入失信被执行名单的公告的补发声明公告.pdf
2026-04-08 11:14:58,341 [INFO]   文件分类: 个人被纳入
2026-04-08 11:14:58,341 [INFO]   确认姓名: 叶东，叶东已
2026-04-08 11:14:58,342 [INFO] 
处理文件: 0140_[临时公告]物华股份2017-014-物华股份-关于补发公司被纳入失信被执行人名单的公告的说明.pdf
2026-04-08 11:14:58,451 [INFO]   文件分类: 公司被纳入
2026-04-08 11:14:58,451 [INFO] 
处理文件: 0141_[临时公告]雨神电竞关于补发公司控股股东、实际控制人被纳入失信被执行人名单的公告的说明.pdf
2026-04-08 11:14:58,527 [INFO]   文件分类: 个人被纳入
2026-04-08 11:14:58,527 [INFO]   确认姓名: 洪麟，马洪麟
2026-04-08 11:14:58,527 [INFO] 
处理文件: 0142_[临时公告]诺晟股份关于补发公司控股股东、实际控制人被纳入失信被执行人名单的公告的说明.pdf
2026-04-08 11:14:58,617 [INFO]   文件分类: 个人被纳入
2026-04-08 11:14:58,617 [INFO] 
处理文件: 0143_[临时公告]申舟物流关于公司控股股东和实际控制人被纳入失信被执行人名单已被撤销的公告.pdf
2026-04-08 11:14:58,675 [INFO]   文件分类: 个人被纳入
2026-04-08 11:14:58,675 [INFO]   确认姓名: 包明
2026-04-08 11:14:58,675 [INFO] 
处理文件: 0144_[临时公告]中搜网络关于公司被纳入失信被执行人名单及武汉分公司被列入经营异常名录的公告.pdf
2026-04-08 11:14:58,707 [INFO]   [提示] 以下页面疑似扫描件，已跳过：第 [1, 2, 3] 页
2026-04-08 11:14:58,707 [WARNING]   [警告] 文件无可提取文本（可能全为扫描件），跳过。
2026-04-08 11:14:58,707 [INFO]   文件分类: 
2026-04-08 11:14:58,707 [INFO] 
处理文件: 0144_[临时公告]中搜网络关于公司被纳入失信被执行人名单及武汉分公司被列入经营异常名录的公告_可搜索.pdf
2026-04-08 11:14:58,787 [INFO]   文件分类: 公司被纳入
2026-04-08 11:14:58,787 [INFO] 
处理文件: 0145_[券商公告]中泰证券关于辽宁天佐涉诉违规对外担保及被纳入失信被执行人名单的风险提示公告.pdf
2026-04-08 11:14:58,945 [INFO]   文件分类: 个人被纳入
2026-04-08 11:14:58,945 [INFO]   确认姓名: 朱力，朱力所
2026-04-08 11:14:58,945 [INFO] 
处理文件: 0146_[临时公告]华泰珠宝关于法院已撤销将公司控股股东、实际控制人、董事被纳入失信被执行人名单的公告.pdf
2026-04-08 11:14:58,973 [INFO]   [提示] 以下页面疑似扫描件，已跳过：第 [1, 2] 页
2026-04-08 11:14:58,974 [WARNING]   [警告] 文件无可提取文本（可能全为扫描件），跳过。
2026-04-08 11:14:58,974 [INFO]   文件分类: 
2026-04-08 11:14:58,974 [INFO] 
处理文件: 0147_[券商公告]物华股份关于河北物华循环资源股份有限公司被纳入失信被执行人名单的风险提示性公告.pdf
2026-04-08 11:14:59,067 [INFO]   文件分类: 公司被纳入
2026-04-08 11:14:59,068 [INFO] 
处理文件: 0148_[临时公告]华泰珠宝关于公司控股股东、实际控制人、董事被纳入失信被执行人名单的公告的补发声明公告.pdf
2026-04-08 11:14:59,105 [INFO]   [提示] 以下页面疑似扫描件，已跳过：第 [1, 2] 页
2026-04-08 11:14:59,105 [WARNING]   [警告] 文件无可提取文本（可能全为扫描件），跳过。
2026-04-08 11:14:59,105 [INFO]   文件分类: 
2026-04-08 11:14:59,105 [INFO] 
处理文件: 0148_[临时公告]华泰珠宝关于公司控股股东、实际控制人、董事被纳入失信被执行人名单的公告的补发声明公告_可搜索.pdf
2026-04-08 11:14:59,168 [INFO]   文件分类: 个人被纳入
2026-04-08 11:14:59,168 [INFO]   确认姓名: 胡文壶
2026-04-08 11:14:59,168 [INFO] 
处理文件: 0149_[临时公告]元亨利关于补发公司及其控股股东、实际控制人被纳入失信被执行人名单公告的声明公告.pdf
2026-04-08 11:14:59,249 [INFO]   文件分类: 个人被纳入
2026-04-08 11:14:59,250 [INFO]   确认姓名: 谢宗选
2026-04-08 11:14:59,250 [INFO] 
处理文件: 0150_[券商公告]辽宁天佐中泰证券关于辽宁天佐涉诉违规对外担保及被纳入失信被执行人名单的风险提示公告.pdf
2026-04-08 11:14:59,364 [INFO]   文件分类: 个人被纳入
2026-04-08 11:14:59,364 [INFO]   确认姓名: 朱力，朱力所，朱天佐
2026-04-08 11:14:59,364 [INFO] 
处理文件: 0151_[券商公告]辽宁天佐中泰证券关于辽宁天佐涉诉违规对外担保及被纳入失信被执行人名单的风险提示公告.pdf
2026-04-08 11:14:59,506 [INFO]   文件分类: 个人被纳入
2026-04-08 11:14:59,506 [INFO]   确认姓名: 朱力，朱力所，朱天佐
2026-04-08 11:14:59,506 [INFO] 
处理文件: 0152_[临时公告]京东健康京东健康：关于补发控股股东、实际控制人、董事、监事被纳入失信被执行人名单公告的声明公告.pdf
2026-04-08 11:14:59,651 [INFO]   文件分类: 个人被纳入
2026-04-08 11:14:59,652 [INFO]   确认姓名: 国玲，徐征，徐耀东
2026-04-08 11:14:59,652 [INFO] 
处理文件: 0153_[临时公告]雪阳坯衫关于补发公司控股股东、实际控制人、部分董事及公司被纳入失信被执行人名单及撤销的公告的声明.pdf
2026-04-08 11:14:59,678 [INFO]   [提示] 以下页面疑似扫描件，已跳过：第 [1] 页
2026-04-08 11:14:59,679 [WARNING]   [警告] 文件无可提取文本（可能全为扫描件），跳过。
2026-04-08 11:14:59,679 [INFO]   文件分类: 
2026-04-08 11:14:59,679 [INFO] 
处理文件: 0154_[临时公告]雪阳坯衫关于公司控股股东、实际控制人、部分董事及公司被纳入失信被执行人名单及撤销的公告（补发）..pdf
2026-04-08 11:14:59,784 [INFO]   文件分类: 公司被纳入
2026-04-08 11:14:59,784 [INFO] 
处理文件: 0155_[券商公告]镭蒙机电财通证券股份有限公司关于镭蒙机电股份有限公司被纳入失信被执行人名单的风险提示公告.pdf
2026-04-08 11:14:59,843 [INFO]   文件分类: 公司被纳入
2026-04-08 11:14:59,843 [INFO] 
处理文件: 0156_[券商公告]汉术化学国海证券股份有限公司关于西安汉术化学工程股份有限公司被纳入失信被执行人名单的风险提示性公告.pdf
2026-04-08 11:14:59,924 [INFO]   文件分类: 公司被纳入
2026-04-08 11:14:59,924 [INFO]   失信被执行人公司: 西安汉术化学工程股份有限公司
2026-04-08 11:14:59,924 [INFO] 
处理文件: 0157_[券商公告]ST中试中泰证券股份有限公司关于湖北中试电力科技股份有限公司被纳入失信被执行人名单的风险提示公告.pdf
2026-04-08 11:14:59,998 [INFO]   文件分类: 公司被纳入
2026-04-08 11:14:59,998 [INFO] 
处理文件: 0158_[券商公告]润港林业国海证券股份有限公司关于广西钦州润港林业股份有限公司被纳入失信被执行人名单的风险提示公.pdf
2026-04-08 11:15:00,057 [INFO]   文件分类: 公司被纳入
2026-04-08 11:15:00,057 [INFO]   失信被执行人公司: 广西钦州润港林业股份有限公司
2026-04-08 11:15:00,057 [INFO] 
处理文件: 0159_[券商公告]弘方股份恒泰证券股份有限公司关于湖北弘方科技股份有限公司被纳入失信被执行人名单的风险提示性公告.pdf
2026-04-08 11:15:00,180 [INFO]   文件分类: 公司被纳入
2026-04-08 11:15:00,180 [INFO] 
处理文件: 0160_[券商公告]易点科技东北证券股份有限公司关于长春易点科技股份有限公司被纳入失信被执行人名单的风险提示公告.pdf
2026-04-08 11:15:00,255 [INFO]   文件分类: 公司被纳入
2026-04-08 11:15:00,255 [INFO] 
处理文件: 0161_[券商公告]海益宝中国银河证券股份有限公司关于海益宝控股股东、实际控制人被纳入失信被执行人名单的风险揭示公告.pdf
2026-04-08 11:15:00,315 [INFO]   文件分类: 个人被纳入
2026-04-08 11:15:00,315 [INFO]   确认姓名: 海益宝，范立，范立强
2026-04-08 11:15:00,315 [INFO] 
处理文件: 0162_[券商公告]天众合金渤海证券股份有限公司关于沈阳天众合金股份有限公司被列入失信被执行人名单等事项重大风险提示公告.pdf
2026-04-08 11:15:00,637 [INFO]   文件分类: 公司被纳入
2026-04-08 11:15:00,637 [INFO] 
处理文件: 0163_[券商公告]斯迈柯长城证券股份有限公司关于南京斯迈柯特种金属装备股份有限公司被纳入失信被执行人名单的风险提示性公告.pdf
2026-04-08 11:15:00,780 [INFO]   文件分类: 公司被纳入
2026-04-08 11:15:00,781 [INFO] 
处理文件: 0164_[券商公告]京东健康华融证券有限公司关于唐山京东大健康股份有限公司实际控制人、董事、监事被纳入失信被执行人名单的风险提示公告.pdf
2026-04-08 11:15:00,903 [INFO]   文件分类: 个人被纳入
2026-04-08 11:15:00,903 [INFO]   确认姓名: 和高级，崔国玲，徐征，徐耀东，董监高
2026-04-08 11:15:00,903 [INFO] 
处理文件: 0165_[券商公告]广州证券股份有限公司关于成都雨神电竞科技股份有限公司实际控制人、控股股东属于失信联合惩戒对象的风险提示性公告.pdf
2026-04-08 11:15:01,034 [INFO]   文件分类: 其他
2026-04-08 11:15:01,034 [INFO]   确认姓名: 和高级，董监高，马洪麟
2026-04-08 11:15:01,034 [INFO] 
处理文件: 0166_[券商公告]申舟物流万联证券股份有限公司关于上海申舟物流股份有限公司及其控股股东被纳入失信被执行人名单的风险提示公告.pdf
2026-04-08 11:15:01,142 [INFO]   文件分类: 公司被纳入
2026-04-08 11:15:01,142 [INFO] 
处理文件: 0167_[券商公告]盈美软装东吴证券股份有限公司关于江苏盈美软装艺术设计股份有限公司被纳入失信被执行人名单的风险提示性公告.pdf
2026-04-08 11:15:01,205 [INFO]   文件分类: 公司被纳入
2026-04-08 11:15:01,205 [INFO] 
处理文件: 0168_[券商公告]广建装饰安信证券股份有限公司关于重庆广建装饰股份有限公司及其控股股东、董事被纳入失信被执行人名单的风险提示公告.pdf
2026-04-08 11:15:01,241 [INFO]   [提示] 以下页面疑似扫描件，已跳过：第 [1, 2, 3] 页
2026-04-08 11:15:01,242 [WARNING]   [警告] 文件无可提取文本（可能全为扫描件），跳过。
2026-04-08 11:15:01,242 [INFO]   文件分类: 
2026-04-08 11:15:01,242 [INFO] 
处理文件: 0169_[券商公告]元璋精工长江证券股份有限公司关于苏州元璋精工科技股份有限公司控股股东、实际控制人被纳入失信执行人名单的风险提示公告.pdf
2026-04-08 11:15:01,377 [INFO]   文件分类: 个人被纳入
2026-04-08 11:15:01,378 [INFO]   确认姓名: 陆俊翼
2026-04-08 11:15:01,378 [INFO] 
处理文件: 0170_[券商公告]东安液压中国中投证券有限责任公司关于哈尔滨东安液压机械股份有限公司实际控制人被纳入失信被执行人名单的风险揭示公告.pdf
2026-04-08 11:15:01,443 [INFO]   文件分类: 公司被纳入
2026-04-08 11:15:01,443 [INFO] 
处理文件: 0171_[券商公告]金洋新材安信证券股份有限公司关于宜春金洋新材料股份有限公司董事及高级管理人员属于失信联合惩戒对象的风险提示性公告(OCR).pdf
2026-04-08 11:15:01,570 [INFO]   文件分类: 其他
2026-04-08 11:15:01,570 [INFO]   确认姓名: 桂贤友，法阮，程贤友
2026-04-08 11:15:01,570 [INFO] 
处理文件: 0171_[券商公告]金洋新材安信证券股份有限公司关于宜春金洋新材料股份有限公司董事及高级管理人员属于失信联合惩戒对象的风险提示性公告.pdf
2026-04-08 11:15:01,621 [INFO]   [提示] 以下页面疑似扫描件，已跳过：第 [1] 页
2026-04-08 11:15:01,622 [WARNING]   [警告] 文件无可提取文本（可能全为扫描件），跳过。
2026-04-08 11:15:01,622 [INFO]   文件分类: 
2026-04-08 11:15:01,622 [INFO] 
处理文件: 0172_[券商公告]ST东方数天风证券关于ST东方数涉及诉讼、实际控制人被纳入失信被执行人名单及未及时履行信息披露义务等相关事项的风险提示公告.pdf
2026-04-08 11:15:01,895 [INFO]   文件分类: 个人被纳入
2026-04-08 11:15:01,895 [INFO]   确认姓名: 和高级，张友，张友华，徐华
2026-04-08 11:15:01,895 [INFO] 
处理文件: 0173_[券商公告]白水农夫安信证券股份有限公司关于福建白水农夫农业股份有限公司实际控制人股权被司法冻结及被纳入失信被执行人名单的风险提示公告(OCR).pdf
2026-04-08 11:15:02,109 [INFO]   文件分类: 个人被纳入
2026-04-08 11:15:02,109 [INFO]   确认姓名: 关治德，吴治德，进行
2026-04-08 11:15:02,109 [INFO] 
处理文件: 0173_[券商公告]白水农夫安信证券股份有限公司关于福建白水农夫农业股份有限公司实际控制人股权被司法冻结及被纳入失信被执行人名单的风险提示公告.pdf
2026-04-08 11:15:02,133 [INFO]   [提示] 以下页面疑似扫描件，已跳过：第 [1, 2] 页
2026-04-08 11:15:02,133 [WARNING]   [警告] 文件无可提取文本（可能全为扫描件），跳过。
2026-04-08 11:15:02,133 [INFO]   文件分类: 
2026-04-08 11:15:02,133 [INFO] 
处理文件: 0174_[券商公告]华中自控万联证券有限责任公司关于武汉华中自控技术发展股份有限公司及其控股股东、实际控制人被纳入失信被执行人名单之风险提示公告.pdf
2026-04-08 11:15:02,291 [INFO]   文件分类: 个人被纳入
2026-04-08 11:15:02,291 [INFO]   确认姓名: 张尧南
2026-04-08 11:15:02,291 [INFO] 
处理文件: 0175_[券商公告]中和医疗恒泰证券股份有限公司关于北京亿邦中和医疗科技股份有限公司控股股东、实际控制人及董事被纳入失信被执行人名单的风险提示公告.pdf
2026-04-08 11:15:02,391 [INFO]   文件分类: 个人被纳入
2026-04-08 11:15:02,391 [INFO]   确认姓名: 和高级，李立，李立及，董监高，韩丽丽
2026-04-08 11:15:02,391 [INFO] 
处理文件: 0176_[券商公告]安普生物安信证券股份有限公司关于洛阳安普生物科技股份有限公司及其实际控制人被列为失信被执行人、贷款逾期、违规担保等事项的风险提示公告(OCR).pdf
2026-04-08 11:15:02,511 [INFO]   文件分类: 个人被纳入
2026-04-08 11:15:02,511 [INFO]   确认姓名: 刘志，刘志鹏，无法
2026-04-08 11:15:02,511 [INFO]   失信被执行人公司: 际控制人及公司
2026-04-08 11:15:02,511 [INFO] 
处理文件: 0176_[券商公告]安普生物安信证券股份有限公司关于洛阳安普生物科技股份有限公司及其实际控制人被列为失信被执行人、贷款逾期、违规担保等事项的风险提示公告.pdf
2026-04-08 11:15:02,533 [WARNING]   [警告] 文件无可提取文本（可能全为扫描件），跳过。
2026-04-08 11:15:02,533 [INFO]   文件分类: 
2026-04-08 11:15:02,533 [INFO] 
处理文件: 0177_[券商公告]金鼎股份中信建投证券股份有限公司关于天津市金鼎线材制品科技开发股份有限公司控股股东涉及诉讼并被纳入失信被执行人名单的风险提示性公告.pdf
2026-04-08 11:15:03,007 [INFO]   文件分类: 个人被纳入
2026-04-08 11:15:03,007 [INFO]   失信被执行人公司: 天津冶金集团有限公司
2026-04-08 11:15:03,007 [INFO] 
处理文件: 0178_[券商公告]木村树东兴证券股份有限公司关于宁波木村树鞋业股份有限公司涉及诉讼被纳入失信执行人名单并被采取限制出境、拘留等强制措施的风险揭示性公告.pdf
2026-04-08 11:15:03,131 [INFO]   文件分类: 其他
2026-04-08 11:15:03,131 [INFO]   失信被执行人公司: 被执行人宁波木村树鞋业股份有限公司
2026-04-08 11:15:03,131 [INFO] 
处理文件: 0179_[券商公告]疆能股份广州证券股份有限公司关于新疆新华能电气股份有限公司及其子公司被纳入失信被执行人名单、关联方资金占用进展情况的风险提示性公告.pdf
2026-04-08 11:15:03,278 [INFO]   文件分类: 公司被纳入
2026-04-08 11:15:03,278 [INFO]   失信被执行人公司: 券商发现疆能股份及其子公司
2026-04-08 11:15:03,278 [INFO] 
处理文件: 0180_[券商公告]ST赛诺达方正证券股份有限公司关于天津市赛诺达智能技术股份有限公司公司被纳入失信执行人名单、不履行信息披露义务的风险提示性公告.pdf
2026-04-08 11:15:03,370 [INFO]   文件分类: 其他
2026-04-08 11:15:03,371 [INFO]   确认姓名: 刘嘉祥
2026-04-08 11:15:03,371 [INFO]   失信被执行人公司: 天津市赛诺达智能技术股份有限公司
2026-04-08 11:15:03,371 [INFO] 
处理文件: 0181_[券商公告]渤海证券股份有限公司关于沈阳天众合金股份有限公司相关董事、高级管理人员被纳入失信被执行人名单、股东股权被司法冻结等事项的风险提示公告.pdf
2026-04-08 11:15:03,662 [INFO]   文件分类: 个人被纳入
2026-04-08 11:15:03,662 [INFO]   确认姓名: 和高级，张沫，张沫及，张沫系，张连仲，董监高，高璟利
2026-04-08 11:15:03,662 [INFO]   失信被执行人公司: 沈阳天众合金股份有限公司
2026-04-08 11:15:03,662 [INFO] 
处理文件: 0182_[券商公告]佳瑞高科安信证券股份有限公司关于平顶山佳瑞高科实业股份有限公司股权被司法冻结及实际控制人被纳入失信被执行人名单的风险提示公告(OCR).pdf
2026-04-08 11:15:03,762 [INFO]   文件分类: 个人被纳入
2026-04-08 11:15:03,762 [INFO]   确认姓名: 谢秋灰
2026-04-08 11:15:03,762 [INFO] 
处理文件: 0182_[券商公告]佳瑞高科安信证券股份有限公司关于平顶山佳瑞高科实业股份有限公司股权被司法冻结及实际控制人被纳入失信被执行人名单的风险提示公告.pdf
2026-04-08 11:15:03,794 [INFO]   [提示] 以下页面疑似扫描件，已跳过：第 [1, 2] 页
2026-04-08 11:15:03,794 [WARNING]   [警告] 文件无可提取文本（可能全为扫描件），跳过。
2026-04-08 11:15:03,794 [INFO]   文件分类: 
2026-04-08 11:15:03,799 [INFO] 
结果已保存到: D:\This computer\desktop\2017年失信人文件-调试用-扫描件已处理\失信人信息提取结果_分类版.csv
2026-04-08 11:15:03,799 [INFO] 
处理完成！共处理 207 条记录
2026-04-08 11:15:03,799 [INFO] 分类[公司被纳入]: 86 条
2026-04-08 11:15:03,799 [INFO] 分类[公司被撤销]: 2 条
2026-04-08 11:15:03,799 [INFO] 分类[个人被纳入]: 48 条
2026-04-08 11:15:03,799 [INFO] 分类[个人被撤销]: 0 条
2026-04-08 11:15:03,800 [INFO] 分类[不属于失信人]: 13 条
2026-04-08 11:15:03,800 [INFO] 分类[其他]: 31 条
