2026-04-14 17:11:05,767 [INFO] LAC 已加载
2026-04-14 17:11:10,657 [DEBUG] Building prefix dict from the default dictionary ...
2026-04-14 17:11:10,659 [DEBUG] Loading model from cache C:\Users\25485\AppData\Local\Temp\jieba.cache
2026-04-14 17:11:11,231 [DEBUG] Loading model cost 0.574 seconds.
2026-04-14 17:11:11,231 [DEBUG] Prefix dict has been built successfully.
2026-04-14 17:11:11,234 [INFO] 
处理: 0001_[临时公告]DC标建公司被纳入失信被执行人的公告.pdf
2026-04-14 17:11:11,359 [INFO]   分类: 公司被纳入 | 公司:  | 姓名: 
2026-04-14 17:11:11,359 [INFO] 
处理: 0002_[临时公告]ST中标集失信公告.pdf
2026-04-14 17:11:11,493 [INFO]   分类: 个人被纳入 | 公司:  | 姓名: 本次，陈晓东
2026-04-14 17:11:11,495 [INFO] 
处理: 0003_[临时公告]海钰生物失信被执行人补发声明.pdf
2026-04-14 17:11:11,509 [INFO]   分类:  | 公司:  | 姓名: 
2026-04-14 17:11:11,509 [INFO] 
处理: 0004_[临时公告]风平股份被纳入失信被执行人的公告.pdf
2026-04-14 17:11:11,603 [INFO]   分类: 公司被纳入 | 公司:  | 姓名: 
2026-04-14 17:11:11,603 [INFO] 
处理: 0005_[临时公告]ST京时被纳入失信被执行人的公告.pdf
2026-04-14 17:11:11,868 [INFO]   分类: 公司被纳入 | 公司:  | 姓名: 
2026-04-14 17:11:11,869 [INFO] 
处理: 0006_[临时公告]摘牌标建被纳入失信被执行人的公告.pdf
2026-04-14 17:11:11,952 [INFO]   分类: 公司被纳入 | 公司:  | 姓名: 
2026-04-14 17:11:11,952 [INFO] 
处理: 0007_[临时公告]美特桥架被纳入失信被执行人的公告.pdf
2026-04-14 17:11:12,134 [INFO]   分类: 公司被纳入 | 公司:  | 姓名: 
2026-04-14 17:11:12,135 [INFO] 
处理: 0008_[临时公告]置辰智慧被纳入失信被执行人的公告.pdf
2026-04-14 17:11:12,285 [INFO]   分类: 公司被纳入 | 公司:  | 姓名: 
2026-04-14 17:11:12,285 [INFO] 
处理: 0009_[临时公告]R成城1被纳入失信被执行人的公告.pdf
2026-04-14 17:11:12,672 [INFO]   分类: 公司被纳入 | 公司:  | 姓名: 
2026-04-14 17:11:12,672 [INFO] 
处理: 0010_[临时公告]创世生态被列入失信被执行人的公告.pdf
2026-04-14 17:11:12,831 [INFO]   分类: 公司被纳入 | 公司:  | 姓名: 
2026-04-14 17:11:12,831 [INFO] 
处理: 0011_[临时公告]高衡力公司被纳入失信被执行人的公告.pdf
2026-04-14 17:11:12,982 [INFO]   分类: 公司被纳入 | 公司:  | 姓名: 
2026-04-14 17:11:12,982 [INFO] 
处理: 0012_[临时公告]高衡力公司被纳入失信被执行人的公告.pdf
2026-04-14 17:11:13,076 [INFO]   分类: 公司被纳入 | 公司:  | 姓名: 
2026-04-14 17:11:13,077 [INFO] 
处理: 0013_[临时公告]万信达公司被纳入失信被执行人的公告.pdf
2026-04-14 17:11:13,158 [INFO]   分类: 公司被纳入 | 公司:  | 姓名: 
2026-04-14 17:11:13,158 [INFO] 
处理: 0014_[临时公告]ST中标集被纳入失信被执行人的公告.pdf
2026-04-14 17:11:13,250 [INFO]   分类: 公司被纳入 | 公司:  | 姓名: 
2026-04-14 17:11:13,250 [INFO] 
处理: 0015_[临时公告]ST中标集被纳入失信被执行人的公告.pdf
2026-04-14 17:11:13,378 [INFO]   分类: 公司被纳入 | 公司:  | 姓名: 
2026-04-14 17:11:13,378 [INFO] 
处理: 0016_[临时公告]ST云路桥被纳入失信被执行人的公告.pdf
2026-04-14 17:11:13,859 [INFO]   分类: 公司被纳入 | 公司:  | 姓名: 
2026-04-14 17:11:13,859 [INFO] 
处理: 0017_[临时公告]ST中标集被纳入失信被执行人的公告.pdf
2026-04-14 17:11:14,019 [INFO]   分类: 公司被纳入 | 公司:  | 姓名: 
2026-04-14 17:11:14,019 [INFO] 
处理: 0018_[临时公告]ST中标集被纳入失信被执行人的公告.pdf
2026-04-14 17:11:14,250 [INFO]   分类: 公司被纳入 | 公司:  | 姓名: 
2026-04-14 17:11:14,250 [INFO] 
处理: 0019_[临时公告]ST中标集被纳入失信被执行人的公告.pdf
2026-04-14 17:11:14,452 [INFO]   分类: 公司被纳入 | 公司:  | 姓名: 
2026-04-14 17:11:14,454 [INFO] 
处理: 0020_[临时公告]ST中标集被纳入失信被执行人的公告.pdf
2026-04-14 17:11:14,731 [INFO]   分类: 公司被纳入 | 公司:  | 姓名: 
2026-04-14 17:11:14,731 [INFO] 
处理: 0021_[临时公告]ST中标集被纳入失信被执行人的公告.pdf
2026-04-14 17:11:14,981 [INFO]   分类: 公司被纳入 | 公司:  | 姓名: 
2026-04-14 17:11:14,981 [INFO] 
处理: 0022_[临时公告]世能科泰被纳入失信被执行人的公告(补发).pdf
2026-04-14 17:11:15,166 [INFO]   分类: 公司被纳入 | 公司:  | 姓名: 
2026-04-14 17:11:15,167 [INFO] 
处理: 0023_[临时公告]ST幸美关于被纳入失信被执行人的公告.pdf
2026-04-14 17:11:15,446 [INFO]   分类: 公司被纳入 | 公司:  | 姓名: 
2026-04-14 17:11:15,447 [INFO] 
处理: 0024_[临时公告]ST中标集公司被纳入失信被执行人公告.pdf
2026-04-14 17:11:15,621 [INFO]   分类: 公司被纳入 | 公司:  | 姓名: 
2026-04-14 17:11:15,621 [INFO] 
处理: 0025_[临时公告]佳瑞高科公司被纳入失信被执行人的公告.pdf
2026-04-14 17:11:15,812 [INFO]   分类: 公司被纳入 | 公司:  | 姓名: 
2026-04-14 17:11:15,813 [INFO] 
处理: 0026_[临时公告]宏伟超达公司被纳入失信被执行人的公告.pdf
2026-04-14 17:11:16,027 [INFO]   分类: 公司被纳入 | 公司:  | 姓名: 
2026-04-14 17:11:16,027 [INFO] 
处理: 0027_[临时公告]民正农牧公司被纳入失信被执行人的公告.pdf
2026-04-14 17:11:16,314 [INFO]   分类: 公司被纳入 | 公司:  | 姓名: 
2026-04-14 17:11:16,315 [INFO] 
处理: 0028_[临时公告]熙成传媒公司被纳入失信被执行人的公告.pdf
2026-04-14 17:11:16,849 [INFO]   分类: 公司被纳入 | 公司:  | 姓名: 
2026-04-14 17:11:16,849 [INFO] 
处理: 0029_[临时公告]宏伟超达公司被纳入失信被执行人的公告.pdf
2026-04-14 17:11:17,162 [INFO]   分类: 公司被纳入 | 公司:  | 姓名: 
2026-04-14 17:11:17,162 [INFO] 
处理: 0030_[临时公告]宏伟超达公司被纳入失信被执行人的公告.pdf
2026-04-14 17:11:17,579 [INFO]   分类: 公司被纳入 | 公司:  | 姓名: 
2026-04-14 17:11:17,579 [INFO] 
处理: 0031_[临时公告]泰尔视控公司被纳入失信被执行人的公告.pdf
2026-04-14 17:11:17,798 [INFO]   分类: 公司被纳入 | 公司:  | 姓名: 
2026-04-14 17:11:17,798 [INFO] 
处理: 0032_[临时公告]德威股份公司被纳入失信被执行人的公告.pdf
2026-04-14 17:11:18,011 [INFO]   分类: 公司被纳入 | 公司:  | 姓名: 
2026-04-14 17:11:18,011 [INFO] 
处理: 0033_[临时公告]佳瑞高科公司被纳入失信被执行人的公告.pdf
2026-04-14 17:11:18,248 [INFO]   分类: 公司被纳入 | 公司:  | 姓名: 
2026-04-14 17:11:18,248 [INFO] 
处理: 0034_[临时公告]泰尔视控公司被纳入失信被执行人的公告.pdf
2026-04-14 17:11:18,547 [INFO]   分类: 公司被纳入 | 公司:  | 姓名: 
2026-04-14 17:11:18,547 [INFO] 
处理: 0035_[临时公告]佳瑞高科公司被纳入失信被执行人的公告.pdf
2026-04-14 17:11:18,835 [INFO]   分类: 公司被纳入 | 公司: 因上述案件公司 | 姓名: 
2026-04-14 17:11:18,835 [INFO] 
处理: 0036_[临时公告]远泉股份公司被纳入失信被执行人的公告.pdf
2026-04-14 17:11:19,006 [INFO]   分类: 公司被纳入 | 公司: 因上述案件公司 | 姓名: 
2026-04-14 17:11:19,006 [INFO] 
处理: 0037_[临时公告]松庆智能公司被纳入失信被执行人的公告（已取消）.pdf
2026-04-14 17:11:19,607 [INFO]   分类: 公司被纳入 | 公司:  | 姓名: 
2026-04-14 17:11:19,607 [INFO] 
处理: 0038_[临时公告]泰尔视控公司被纳入失信被执行人的公告.pdf
2026-04-14 17:11:19,826 [INFO]   分类: 公司被纳入 | 公司:  | 姓名: 
2026-04-14 17:11:19,826 [INFO] 
处理: 0039_[临时公告]东管电力公司被纳入失信被执行人的公告.pdf
2026-04-14 17:11:20,015 [INFO]   分类: 公司被纳入 | 公司:  | 姓名: 
2026-04-14 17:11:20,015 [INFO] 
处理: 0040_[临时公告]松庆智能公司被纳入失信被执行人的公告（已取消）.pdf
2026-04-14 17:11:20,242 [INFO]   分类: 公司被纳入 | 公司:  | 姓名: 
2026-04-14 17:11:20,242 [INFO] 
处理: 0041_[临时公告]洛阳餐旅公司被纳入失信被执行人的公告.pdf
2026-04-14 17:11:20,413 [INFO]   分类: 公司被纳入 | 公司:  | 姓名: 
2026-04-14 17:11:20,413 [INFO] 
处理: 0042_[临时公告]置辰智慧公司被纳入失信被执行人的公告.pdf
2026-04-14 17:11:20,750 [INFO]   分类: 公司被纳入 | 公司:  | 姓名: 
2026-04-14 17:11:20,750 [INFO] 
处理: 0043_[临时公告]山水环境公司被纳入失信被执行人的公告.pdf
2026-04-14 17:11:20,918 [INFO]   分类: 公司被纳入 | 公司:  | 姓名: 
2026-04-14 17:11:20,918 [INFO] 
处理: 0044_[临时公告]ST宏超公司被纳入失信被执行人的公告.pdf
2026-04-14 17:11:21,243 [INFO]   分类: 公司被纳入 | 公司:  | 姓名: 
2026-04-14 17:11:21,243 [INFO] 
处理: 0045_[临时公告]ST山水环公司被纳入失信被执行人的公告.pdf
2026-04-14 17:11:21,491 [INFO]   分类: 公司被纳入 | 公司:  | 姓名: 
2026-04-14 17:11:21,491 [INFO] 
处理: 0046_[临时公告]ST山水环公司被纳入失信被执行人的公告.pdf
2026-04-14 17:11:21,728 [INFO]   分类: 公司被纳入 | 公司:  | 姓名: 
2026-04-14 17:11:21,729 [INFO] 
处理: 0047_[临时公告]天生红监事被纳入失信被执行人的公告(补发).pdf
2026-04-14 17:11:22,089 [INFO]   分类: 个人被纳入 | 公司:  | 姓名: 孙才，本次
2026-04-14 17:11:22,089 [INFO] 
处理: 0048_[临时公告]ST泓宇子公司被纳入失信被执行人的公告.pdf
2026-04-14 17:11:22,304 [INFO]   分类: 公司被纳入 | 公司: 公司子公司 | 姓名: 
2026-04-14 17:11:22,304 [INFO] 
处理: 0049_[临时公告]杰事杰控股股东被纳入失信被执行人的公告.pdf
2026-04-14 17:11:22,518 [INFO]   分类: 个人被纳入 | 公司:  | 姓名: 本次
2026-04-14 17:11:22,518 [INFO] 
处理: 0050_[临时公告]ST山水环公司被纳入失信被执行人的公告.pdf
2026-04-14 17:11:22,864 [INFO]   分类: 公司被纳入 | 公司:  | 姓名: 
2026-04-14 17:11:22,865 [INFO] 
处理: 0051_[临时公告]ST山水环公司被纳入失信被执行人的公告.pdf
2026-04-14 17:11:23,108 [INFO]   分类: 公司被纳入 | 公司:  | 姓名: 
2026-04-14 17:11:23,109 [INFO] 
处理: 0052_[临时公告]ST山水环公司被纳入失信被执行人的公告.pdf
2026-04-14 17:11:23,405 [INFO]   分类: 公司被纳入 | 公司:  | 姓名: 
2026-04-14 17:11:23,405 [INFO] 
处理: 0053_[临时公告]ST山水环公司被纳入失信被执行人的公告.pdf
2026-04-14 17:11:23,535 [INFO]   分类: 公司被纳入 | 公司:  | 姓名: 
2026-04-14 17:11:23,535 [INFO] 
处理: 0054_[临时公告]ST中标集子公司被纳入失信被执行人公告.pdf
2026-04-14 17:11:23,842 [INFO]   分类: 公司被纳入 | 公司: 中标集团总包建设有限公司 | 姓名: 
2026-04-14 17:11:23,843 [INFO] 
处理: 0055_[临时公告]ST山水环公司被纳入失信被执行人的公告.pdf
2026-04-14 17:11:24,027 [INFO]   分类: 公司被纳入 | 公司:  | 姓名: 
2026-04-14 17:11:24,027 [INFO] 
处理: 0056_[临时公告]ST山水环公司被纳入失信被执行人的公告.pdf
2026-04-14 17:11:24,227 [INFO]   分类: 公司被纳入 | 公司:  | 姓名: 
2026-04-14 17:11:24,227 [INFO] 
处理: 0057_[临时公告]ST山水环公司被纳入失信被执行人的公告.pdf
2026-04-14 17:11:24,419 [INFO]   分类: 公司被纳入 | 公司:  | 姓名: 
2026-04-14 17:11:24,419 [INFO] 
处理: 0058_[临时公告]ST山水环公司被纳入失信被执行人的公告.pdf
2026-04-14 17:11:24,595 [INFO]   分类: 公司被纳入 | 公司:  | 姓名: 
2026-04-14 17:11:24,595 [INFO] 
处理: 0059_[临时公告]杰事杰控股股东被纳入失信被执行人的公告.pdf
2026-04-14 17:11:24,898 [INFO]   分类: 个人被纳入 | 公司:  | 姓名: 本次
2026-04-14 17:11:24,898 [INFO] 
处理: 0060_[临时公告]ST中标集公司被纳入失信被执行人的公告.pdf
2026-04-14 17:11:25,064 [INFO]   分类: 公司被纳入 | 公司:  | 姓名: 
2026-04-14 17:11:25,064 [INFO] 
处理: 0061_[临时公告]杰事杰控股股东被纳入失信被执行人的公告.pdf
2026-04-14 17:11:25,340 [INFO]   分类: 个人被纳入 | 公司:  | 姓名: 本次
2026-04-14 17:11:25,340 [INFO] 
处理: 0062_[临时公告]ST山水环公司被纳入失信被执行人的公告.pdf
2026-04-14 17:11:25,544 [INFO]   分类: 公司被纳入 | 公司:  | 姓名: 
2026-04-14 17:11:25,545 [INFO] 
处理: 0063_[临时公告]城兴股份关于公司被纳入失信人的声明公告.pdf
2026-04-14 17:11:25,972 [INFO]   分类: 公司被纳入 | 公司:  | 姓名: 
2026-04-14 17:11:25,973 [INFO] 
处理: 0064_[临时公告]朗尼科关于公司被纳入失信被执行人的公告.pdf
2026-04-14 17:11:26,187 [INFO]   分类: 公司被纳入 | 公司:  | 姓名: 
2026-04-14 17:11:26,187 [INFO] 
处理: 0065_[临时公告]ST中标集公司被纳入失信被执行人的公告.pdf
2026-04-14 17:11:26,400 [INFO]   分类: 公司被纳入 | 公司:  | 姓名: 
2026-04-14 17:11:26,400 [INFO] 
处理: 0066_[临时公告]杰事杰控股股东被纳入失信被执行人的公告.pdf
2026-04-14 17:11:26,612 [INFO]   分类: 个人被纳入 | 公司:  | 姓名: 本次
2026-04-14 17:11:26,613 [INFO] 
处理: 0067_[临时公告]闽东电机子公司被纳入失信被执行人的公告.pdf
2026-04-14 17:11:26,769 [INFO]   分类: 公司被纳入 | 公司: 广东闽东发电设备有限公司 | 姓名: 
2026-04-14 17:11:26,769 [INFO] 
处理: 0068_[临时公告]松庆智能关联方被纳入失信被执行人的公告（已取消）.pdf
2026-04-14 17:11:26,934 [INFO]   分类: 公司被纳入 | 公司:  | 姓名: 
2026-04-14 17:11:26,934 [INFO] 
处理: 0069_[临时公告]美世创投控股股东被纳入失信被执行人的公告.pdf
2026-04-14 17:11:27,127 [INFO]   分类: 个人被纳入 | 公司:  | 姓名: 本次
2026-04-14 17:11:27,127 [INFO] 
处理: 0070_[临时公告]杰事杰实际控制人被纳入失信被执行人的公告.pdf
2026-04-14 17:11:27,345 [INFO]   分类: 个人被纳入 | 公司:  | 姓名: 任职资，本次，杨桂生
2026-04-14 17:11:27,345 [INFO] 
处理: 0071_[临时公告]博元电力公司被纳入失信被执行人的公告(补发).pdf
2026-04-14 17:11:28,008 [INFO]   分类: 公司被纳入 | 公司:  | 姓名: 
2026-04-14 17:11:28,008 [INFO] 
处理: 0072_[临时公告]唐鸿重工公司被纳入失信被执行人的公告(补发).pdf
2026-04-14 17:11:28,247 [INFO]   分类: 公司被纳入 | 公司:  | 姓名: 
2026-04-14 17:11:28,247 [INFO] 
处理: 0073_[临时公告]创高股份关于公司被移出失信被执行人的公告.pdf
2026-04-14 17:11:28,393 [INFO]   分类: 公司被撤销 | 公司: 重庆创高装饰工程股份有限公司关于公司 | 姓名: 
2026-04-14 17:11:28,393 [INFO] 
处理: 0074_[临时公告]创高股份关于公司被纳入失信被执行人的公告.pdf
2026-04-14 17:11:28,580 [INFO]   分类: 公司被纳入 | 公司:  | 姓名: 
2026-04-14 17:11:28,580 [INFO] 
处理: 0075_[临时公告]华浩环保挂牌公司被纳入失信被执行人的公告.pdf
2026-04-14 17:11:29,102 [INFO]   分类: 公司被纳入 | 公司: 挂牌公司 | 姓名: 
2026-04-14 17:11:29,102 [INFO] 
处理: 0076_[临时公告]ST特辰公司新增被纳入失信被执行人的公告.pdf
2026-04-14 17:11:30,296 [INFO]   分类: 公司被纳入 | 公司:  | 姓名: 
2026-04-14 17:11:30,297 [INFO] 
处理: 0077_[临时公告]ST特辰公司被纳入失信被执行人名单的公告.pdf
2026-04-14 17:11:30,576 [INFO]   分类: 公司被纳入 | 公司:  | 姓名: 
2026-04-14 17:11:30,576 [INFO] 
处理: 0078_[临时公告]ST美桥ST美桥被纳入失信被执行人的公告.pdf
2026-04-14 17:11:30,802 [INFO]   分类: 公司被纳入 | 公司:  | 姓名: 
2026-04-14 17:11:30,802 [INFO] 
处理: 0079_[临时公告]ST美桥ST美桥被纳入失信被执行人的公告.pdf
2026-04-14 17:11:31,025 [INFO]   分类: 公司被纳入 | 公司:  | 姓名: 
2026-04-14 17:11:31,025 [INFO] 
处理: 0080_[临时公告]ST蓝奥公司被纳入失信被执行人的公告(补发).pdf
2026-04-14 17:11:31,215 [INFO]   分类: 公司被纳入 | 公司:  | 姓名: 
2026-04-14 17:11:31,215 [INFO] 
处理: 0081_[临时公告]民正农牧关于公司被纳入失信被执行人的公告.pdf
2026-04-14 17:11:31,398 [INFO]   分类: 公司被纳入 | 公司:  | 姓名: 
2026-04-14 17:11:31,398 [INFO] 
处理: 0082_[临时公告]ST赞普关于公司被纳入失信被执行人的公告.pdf
2026-04-14 17:11:31,694 [INFO]   分类: 公司被纳入 | 公司:  | 姓名: 
2026-04-14 17:11:31,694 [INFO] 
处理: 0083_[临时公告]力好科技关于公司被纳入失信被执行人的公告.pdf
2026-04-14 17:11:32,019 [INFO]   分类: 公司被纳入 | 公司:  | 姓名: 
2026-04-14 17:11:32,019 [INFO] 
处理: 0084_[临时公告]城兴股份控股股东被纳入失信被执行人的公告.pdf
2026-04-14 17:11:32,214 [INFO]   分类: 个人被纳入 | 公司:  | 姓名: 本次
2026-04-14 17:11:32,215 [INFO] 
处理: 0085_[临时公告]海航冷链公司被纳入失信被执行人的公告(补发).pdf
2026-04-14 17:11:32,417 [INFO]   分类: 公司被纳入 | 公司:  | 姓名: 
2026-04-14 17:11:32,417 [INFO] 
处理: 0086_[临时公告]海航冷链公司被纳入失信被执行人的公告(补发).pdf
2026-04-14 17:11:32,666 [INFO]   分类: 公司被纳入 | 公司:  | 姓名: 
2026-04-14 17:11:32,667 [INFO] 
处理: 0087_[临时公告]昌发展控股子公司被纳入失信被执行人的公告.pdf
2026-04-14 17:11:33,078 [INFO]   分类: 公司被纳入 | 公司: 拟投资的控股子公司 | 姓名: 
2026-04-14 17:11:33,078 [INFO] 
处理: 0088_[临时公告]杰事杰实际控制人被纳入失信被执行人的公告（更正后）.pdf
2026-04-14 17:11:33,305 [INFO]   分类: 个人被纳入 | 公司:  | 姓名: 任职资，本次，杨桂生
2026-04-14 17:11:33,305 [INFO] 
处理: 0089_[临时公告]摘牌云桥关于公司被纳入失信被执行人的公告.pdf
2026-04-14 17:11:33,508 [INFO]   分类: 公司被纳入 | 公司:  | 姓名: 
2026-04-14 17:11:33,509 [INFO] 
处理: 0090_[临时公告]摘牌云桥关于公司被纳入失信被执行人的公告.pdf
2026-04-14 17:11:33,738 [INFO]   分类: 公司被纳入 | 公司:  | 姓名: 
2026-04-14 17:11:33,738 [INFO] 
处理: 0091_[临时公告]ST一乘公司被纳入失信被执行人的公告(补发).pdf
2026-04-14 17:11:33,913 [INFO]   分类: 公司被纳入 | 公司:  | 姓名: 
2026-04-14 17:11:33,913 [INFO] 
处理: 0092_[临时公告]ST美桥ST美桥被纳入失信被执行人的公告.pdf
2026-04-14 17:11:34,133 [INFO]   分类: 公司被纳入 | 公司:  | 姓名: 
2026-04-14 17:11:34,133 [INFO] 
处理: 0093_[临时公告]恒信玺利控股股东被纳入失信被执行人的公告.pdf
2026-04-14 17:11:34,328 [INFO]   分类: 个人被纳入 | 公司:  | 姓名: 本次，李厚霖
2026-04-14 17:11:34,328 [INFO] 
处理: 0094_[临时公告]ST美桥ST美桥被纳入失信被执行人的公告.pdf
2026-04-14 17:11:34,527 [INFO]   分类: 公司被纳入 | 公司:  | 姓名: 
2026-04-14 17:11:34,528 [INFO] 
处理: 0095_[临时公告]华浩环保挂牌公司被纳入失信被执行人的公告.pdf
2026-04-14 17:11:34,675 [INFO]   分类: 公司被纳入 | 公司: 挂牌公司 | 姓名: 
2026-04-14 17:11:34,676 [INFO] 
处理: 0096_[临时公告]ST赞普关于公司被纳入失信被执行人的公告.pdf
2026-04-14 17:11:34,914 [INFO]   分类: 公司被纳入 | 公司:  | 姓名: 
2026-04-14 17:11:34,914 [INFO] 
处理: 0097_[临时公告]ST赞普关于公司被纳入失信被执行人的公告.pdf
2026-04-14 17:11:35,116 [INFO]   分类: 公司被纳入 | 公司:  | 姓名: 
2026-04-14 17:11:35,116 [INFO] 
处理: 0098_[临时公告]杰事杰实际控制人被纳入失信被执行人的公告.pdf
2026-04-14 17:11:35,418 [INFO]   分类: 个人被纳入 | 公司:  | 姓名: 任职资，本次，杨桂生
2026-04-14 17:11:35,419 [INFO] 
处理: 0099_[临时公告]ST赞普关于公司被纳入失信被执行人的公告.pdf
2026-04-14 17:11:35,756 [INFO]   分类: 公司被纳入 | 公司:  | 姓名: 
2026-04-14 17:11:35,756 [INFO] 
处理: 0100_[临时公告]ST赞普关于公司被纳入失信被执行人的公告.pdf
2026-04-14 17:11:36,032 [INFO]   分类: 公司被纳入 | 公司:  | 姓名: 
2026-04-14 17:11:36,033 [INFO] 
处理: 0101_[临时公告]杰事杰实际控制人被纳入失信被执行人的公告（已取消）.pdf
2026-04-14 17:11:36,361 [INFO]   分类: 个人被纳入 | 公司:  | 姓名: 任职资，本次，杨桂生
2026-04-14 17:11:36,362 [INFO] 
处理: 0102_[临时公告]华牧天元关于公司被纳入失信被执行人的公告.pdf
2026-04-14 17:11:36,800 [INFO]   分类: 公司被纳入 | 公司:  | 姓名: 
2026-04-14 17:11:36,800 [INFO] 
处理: 0103_[临时公告]华浩环保挂牌公司被纳入失信被执行人的公告.pdf
2026-04-14 17:11:37,178 [INFO]   分类: 公司被纳入 | 公司: 挂牌公司 | 姓名: 
2026-04-14 17:11:37,178 [INFO] 
处理: 0104_[临时公告]力好科技关于公司被纳入失信被执行人的公告.pdf
2026-04-14 17:11:37,446 [INFO]   分类: 公司被纳入 | 公司:  | 姓名: 
2026-04-14 17:11:37,446 [INFO] 
处理: 0105_[临时公告]佳和高科公司被纳入失信被执行人的公告(补发).pdf
2026-04-14 17:11:37,972 [INFO]   分类: 公司被纳入 | 公司:  | 姓名: 
2026-04-14 17:11:37,973 [INFO] 
处理: 0106_[临时公告]神马华威董事被纳入失信被执行人的公告(补发).pdf
2026-04-14 17:11:38,259 [INFO]   分类: 个人被纳入 | 公司:  | 姓名: 本次，陈晓明
2026-04-14 17:11:38,259 [INFO] 
处理: 0107_[临时公告]ST大盛挂牌公司被纳入失信被执行人的公告.pdf
2026-04-14 17:11:38,580 [INFO]   分类: 公司被纳入 | 公司: 挂牌公司 | 姓名: 
2026-04-14 17:11:38,581 [INFO] 
处理: 0108_[临时公告]银发环保关于公司被纳入失信被执行人的公告.pdf
2026-04-14 17:11:38,766 [INFO]   分类: 公司被纳入 | 公司:  | 姓名: 
2026-04-14 17:11:38,767 [INFO] 
处理: 0109_[临时公告]华讯3关于子公司被纳入失信被执行人的公告.pdf
2026-04-14 17:11:39,396 [INFO]   分类: 公司被纳入 | 公司:  | 姓名: 
2026-04-14 17:11:39,397 [INFO] 
处理: 0110_[临时公告]ST一乘公司被纳入失信被执行人的公告(补发).pdf
2026-04-14 17:11:39,706 [INFO]   分类: 公司被纳入 | 公司:  | 姓名: 
2026-04-14 17:11:39,707 [INFO] 
处理: 0111_[临时公告]ST赞普关于公司被纳入失信被执行人的公告.pdf
2026-04-14 17:11:39,928 [INFO]   分类: 公司被纳入 | 公司:  | 姓名: 
2026-04-14 17:11:39,928 [INFO] 
处理: 0112_[临时公告]安科运达关于公司被纳入失信被执行人的公告.pdf
2026-04-14 17:11:40,175 [INFO]   分类: 公司被纳入 | 公司:  | 姓名: 
2026-04-14 17:11:40,176 [INFO] 
处理: 0113_[临时公告]山水环境关于公司被纳入失信被执行人的公告.pdf
2026-04-14 17:11:40,458 [INFO]   分类: 公司被纳入 | 公司:  | 姓名: 
2026-04-14 17:11:40,458 [INFO] 
处理: 0114_[临时公告]威克传媒关于公司被移出失信被执行人的公告.pdf
2026-04-14 17:11:40,599 [INFO]   分类: 公司被撤销 | 公司:  | 姓名: 
2026-04-14 17:11:40,599 [INFO] 
处理: 0115_[临时公告]杰事杰实际控制人被纳入失信被执行人的公告（已取消）.pdf
2026-04-14 17:11:40,813 [INFO]   分类: 个人被纳入 | 公司:  | 姓名: 任职资，本次，杨桂生，范伟
2026-04-14 17:11:40,813 [INFO] 
处理: 0116_[临时公告]杰事杰实际控制人被纳入失信被执行人的公告.pdf
2026-04-14 17:11:41,032 [INFO]   分类: 个人被纳入 | 公司:  | 姓名: 任职资，本次，杨桂生，范伟
2026-04-14 17:11:41,033 [INFO] 
处理: 0117_[临时公告]天祥集团关于公司被纳入失信被执行人的公告.pdf
2026-04-14 17:11:41,285 [INFO]   分类: 公司被纳入 | 公司:  | 姓名: 
2026-04-14 17:11:41,285 [INFO] 
处理: 0118_[临时公告]速达科技挂牌公司被纳入失信被执行人的公告.pdf
2026-04-14 17:11:41,494 [INFO]   分类: 公司被纳入 | 公司: 挂牌公司 | 姓名: 
2026-04-14 17:11:41,494 [INFO] 
处理: 0119_[临时公告]中食弘峰公司被纳入失信被执行人的公告(补发).pdf
2026-04-14 17:11:41,695 [INFO]   分类: 公司被纳入 | 公司:  | 姓名: 
2026-04-14 17:11:41,696 [INFO] 
处理: 0120_[临时公告]宏福环保关于公司被移出失信被执行人的公告.pdf
2026-04-14 17:11:41,791 [INFO]   分类: 公司被撤销 | 公司:  | 姓名: 
2026-04-14 17:11:41,792 [INFO] 
处理: 0121_[临时公告]宏福环保公司被纳入失信被执行人的公告(补发).pdf
2026-04-14 17:11:42,141 [INFO]   分类: 公司被纳入 | 公司:  | 姓名: 
2026-04-14 17:11:42,141 [INFO] 
处理: 0122_[临时公告]东管电力关于公司被移出失信被执行人的公告.pdf
2026-04-14 17:11:42,265 [INFO]   分类: 公司被撤销 | 公司: 知悉公司 | 姓名: 
2026-04-14 17:11:42,265 [INFO] 
处理: 0123_[临时公告]大盛微电挂牌公司被纳入失信被执行人的公告.pdf
2026-04-14 17:11:42,501 [INFO]   分类: 公司被纳入 | 公司: 挂牌公司 | 姓名: 
2026-04-14 17:11:42,501 [INFO] 
处理: 0124_[临时公告]ST恒隆港子公司被纳入失信被执行人的公告.pdf
2026-04-14 17:11:42,881 [INFO]   分类: 公司被纳入 | 公司:  | 姓名: 
2026-04-14 17:11:42,881 [INFO] 
处理: 0125_[临时公告]洛阳餐旅关于公司被移出失信被执行人的公告.pdf
2026-04-14 17:11:42,991 [INFO]   分类: 公司被撤销 | 公司:  | 姓名: 
2026-04-14 17:11:42,991 [INFO] 
处理: 0126_[临时公告]美特桥架关于公司被纳入失信被执行人的公告.pdf
2026-04-14 17:11:43,186 [INFO]   分类: 公司被纳入 | 公司:  | 姓名: 
2026-04-14 17:11:43,186 [INFO] 
处理: 0127_[临时公告]天祥集团关于公司被纳入失信被执行人的公告.pdf
2026-04-14 17:11:43,412 [INFO]   分类: 公司被纳入 | 公司:  | 姓名: 
2026-04-14 17:11:43,412 [INFO] 
处理: 0128_[临时公告]中大股份关于公司被纳入失信被执行人的公告.pdf
2026-04-14 17:11:43,642 [INFO]   分类: 公司被纳入 | 公司:  | 姓名: 
2026-04-14 17:11:43,642 [INFO] 
处理: 0129_[临时公告]中大股份关于公司被移出失信被执行人的公告.pdf
2026-04-14 17:11:43,821 [INFO]   分类: 公司被撤销 | 公司: 份有限公司关于公司 | 姓名: 
2026-04-14 17:11:43,821 [INFO] 
处理: 0130_[临时公告]ST一乘公司被纳入失信被执行人的公告(补发).pdf
2026-04-14 17:11:44,566 [INFO]   分类: 公司被纳入 | 公司:  | 姓名: 
2026-04-14 17:11:44,566 [INFO] 
处理: 0131_[临时公告]大盛微电挂牌公司被纳入失信被执行人的公告.pdf
2026-04-14 17:11:44,934 [INFO]   分类: 公司被纳入 | 公司: 挂牌公司 | 姓名: 
2026-04-14 17:11:44,934 [INFO] 
处理: 0132_[临时公告]杰事杰实际控制人被纳入失信被执行人的公告.pdf
2026-04-14 17:11:45,201 [INFO]   分类: 个人被纳入 | 公司:  | 姓名: 任职资，本次，杨桂生
2026-04-14 17:11:45,201 [INFO] 
处理: 0133_[临时公告]神马华威董事被纳入失信被执行人的公告(补发).pdf
2026-04-14 17:11:45,472 [INFO]   分类: 个人被纳入 | 公司:  | 姓名: 本次，陈晓明
2026-04-14 17:11:45,472 [INFO] 
处理: 0134_[临时公告]山水环境关于公司被纳入失信被执行人的公告.pdf
2026-04-14 17:11:45,745 [INFO]   分类: 公司被纳入 | 公司:  | 姓名: 
2026-04-14 17:11:45,745 [INFO] 
处理: 0135_[临时公告]中喜股份实际控制人被纳入失信被执行人的公告.pdf
2026-04-14 17:11:45,929 [INFO]   分类: 个人被纳入 | 公司:  | 姓名: 张洪欣，本次
2026-04-14 17:11:45,930 [INFO] 
处理: 0136_[临时公告]金科资源实际控制人被纳入失信被执行人的公告.pdf
2026-04-14 17:11:46,241 [INFO]   分类: 个人被纳入 | 公司:  | 姓名: 本次
2026-04-14 17:11:46,241 [INFO] 
处理: 0137_[临时公告]渝网科技分公司被纳入失信被执行人的公告(补发).pdf
2026-04-14 17:11:46,487 [INFO]   分类: 公司被纳入 | 公司: 公司子公司 | 姓名: 
2026-04-14 17:11:46,487 [INFO] 
处理: 0138_[临时公告]海航冷链子公司被纳入失信被执行人的公告(补发).pdf
2026-04-14 17:11:46,735 [INFO]   分类: 公司被纳入 | 公司: 公司子公司 | 姓名: 
2026-04-14 17:11:46,735 [INFO] 
处理: 0139_[临时公告]海航冷链子公司被纳入失信被执行人的公告(补发).pdf
2026-04-14 17:11:47,075 [INFO]   分类: 公司被纳入 | 公司: 公司子公司 | 姓名: 
2026-04-14 17:11:47,075 [INFO] 
处理: 0140_[临时公告]ST特辰关于本公司被纳入失信被执行人的公告.pdf
2026-04-14 17:11:47,499 [INFO]   分类: 公司被纳入 | 公司:  | 姓名: 
2026-04-14 17:11:47,499 [INFO] 
处理: 0141_[临时公告]ST索尔科关于公司被纳入失信被执行人的公告.pdf
2026-04-14 17:11:47,650 [INFO]   分类: 公司被纳入 | 公司:  | 姓名: 
2026-04-14 17:11:47,650 [INFO] 
处理: 0142_[临时公告]ST广安生关于公司被纳入失信被执行人的公告.pdf
2026-04-14 17:11:47,890 [INFO]   分类: 公司被纳入 | 公司:  | 姓名: 
2026-04-14 17:11:47,890 [INFO] 
处理: 0143_[临时公告]宏伟超达公司及董事被纳入失信被执行人的公告.pdf
2026-04-14 17:11:48,241 [INFO]   分类: 公司及个人被纳入 | 公司:  | 姓名: 公告，本次
2026-04-14 17:11:48,241 [INFO] 
处理: 0144_[临时公告]贺思特关于公司解除失信被执行人的提示性公告.pdf
2026-04-14 17:11:48,334 [INFO]   分类: 公司被撤销 | 公司:  | 姓名: 
2026-04-14 17:11:48,335 [INFO] 
处理: 0145_[临时公告]ST索尔科关于公司被纳入失信被执行人的公告.pdf
2026-04-14 17:11:48,501 [INFO]   分类: 公司被纳入 | 公司:  | 姓名: 
2026-04-14 17:11:48,502 [INFO] 
处理: 0146_[临时公告]ST郑水务关于公司被纳入失信被执行人的公告.pdf
2026-04-14 17:11:49,009 [INFO]   分类: 公司被纳入 | 公司:  | 姓名: 
2026-04-14 17:11:49,010 [INFO] 
处理: 0147_[临时公告]ST广安生关于公司被纳入失信被执行人的公告.pdf
2026-04-14 17:11:49,237 [INFO]   分类: 公司被纳入 | 公司:  | 姓名: 
2026-04-14 17:11:49,237 [INFO] 
处理: 0148_[临时公告]诚昊启元子公司被纳入失信被执行人的公告(补发).pdf
2026-04-14 17:11:49,650 [INFO]   分类: 公司被纳入 | 公司:  | 姓名: 
2026-04-14 17:11:49,650 [INFO] 
处理: 0149_[临时公告]ST蓝灯子公司被纳入失信被执行人的公告(补发).pdf
2026-04-14 17:11:49,906 [INFO]   分类: 公司被纳入 | 公司:  | 姓名: 
2026-04-14 17:11:49,906 [INFO] 
处理: 0150_[临时公告]ST京时全资子公司被纳入失信被执行人的公告.pdf
2026-04-14 17:11:50,122 [INFO]   分类: 公司被纳入 | 公司: 济南时代新纪元科技有限公司 | 姓名: 
2026-04-14 17:11:50,123 [INFO] 
处理: 0151_[临时公告]ST云路桥关于公司被纳入失信被执行人的公告.pdf
2026-04-14 17:11:50,369 [INFO]   分类: 公司被纳入 | 公司:  | 姓名: 
2026-04-14 17:11:50,369 [INFO] 
处理: 0152_[临时公告]华讯3关于公司新增被纳入失信被执行人的公告.pdf
2026-04-14 17:11:51,143 [INFO]   分类: 公司被纳入 | 公司:  | 姓名: 
2026-04-14 17:11:51,144 [INFO] 
处理: 0153_[临时公告]中喜股份实际控制人被纳入失信被执行人的公告.pdf
2026-04-14 17:11:51,355 [INFO]   分类: 个人被纳入 | 公司:  | 姓名: 张洪欣，本次
2026-04-14 17:11:51,355 [INFO] 
处理: 0154_[临时公告]ST广安生关于公司被纳入失信被执行人的公告.pdf
2026-04-14 17:11:51,649 [INFO]   分类: 公司被纳入 | 公司:  | 姓名: 
2026-04-14 17:11:51,649 [INFO] 
处理: 0155_[临时公告]ST云路桥关于公司被纳入失信被执行人的公告.pdf
2026-04-14 17:11:51,966 [INFO]   分类: 公司被纳入 | 公司:  | 姓名: 
2026-04-14 17:11:51,966 [INFO] 
处理: 0156_[临时公告]ST云路桥关于公司被纳入失信被执行人的公告.pdf
2026-04-14 17:11:52,108 [INFO]   分类: 公司被纳入 | 公司:  | 姓名: 
2026-04-14 17:11:52,108 [INFO] 
处理: 0157_[临时公告]ST云路桥关于公司被纳入失信被执行人的公告.pdf
2026-04-14 17:11:52,301 [INFO]   分类: 公司被纳入 | 公司:  | 姓名: 
2026-04-14 17:11:52,301 [INFO] 
处理: 0158_[临时公告]ST云路桥关于公司被纳入失信被执行人的公告.pdf
2026-04-14 17:11:52,512 [INFO]   分类: 公司被纳入 | 公司:  | 姓名: 
2026-04-14 17:11:52,512 [INFO] 
处理: 0159_[临时公告]ST云路桥关于公司被纳入失信被执行人的公告.pdf
2026-04-14 17:11:52,724 [INFO]   分类: 公司被纳入 | 公司:  | 姓名: 
2026-04-14 17:11:52,725 [INFO] 
处理: 0160_[临时公告]ST云路桥关于公司被纳入失信被执行人的公告.pdf
2026-04-14 17:11:53,011 [INFO]   分类: 公司被纳入 | 公司:  | 姓名: 
2026-04-14 17:11:53,011 [INFO] 
处理: 0161_[临时公告]银丰棉花控股孙公司被纳入失信被执行人的公告.pdf
2026-04-14 17:11:53,347 [INFO]   分类: 公司被纳入 | 公司: 控股孙公司，沙湾西部银富棉业有限公司 | 姓名: 
2026-04-14 17:11:53,349 [INFO] 
处理: 0162_[临时公告]ST云路桥关于公司被纳入失信被执行人的公告.pdf
2026-04-14 17:11:53,558 [INFO]   分类: 公司被纳入 | 公司:  | 姓名: 
2026-04-14 17:11:53,558 [INFO] 
处理: 0163_[临时公告]ST社忧实际控制人被纳入失信被执行人的公告.pdf
2026-04-14 17:11:53,804 [INFO]   分类: 个人被纳入 | 公司:  | 姓名: 本次
2026-04-14 17:11:53,804 [INFO] 
处理: 0164_[临时公告]ST云路桥关于公司被纳入失信被执行人的公告.pdf
2026-04-14 17:11:53,991 [INFO]   分类: 公司被纳入 | 公司:  | 姓名: 
2026-04-14 17:11:53,992 [INFO] 
处理: 0165_[临时公告]ST云路桥关于公司被纳入失信被执行人的公告.pdf
2026-04-14 17:11:54,218 [INFO]   分类: 公司被纳入 | 公司:  | 姓名: 
2026-04-14 17:11:54,218 [INFO] 
处理: 0166_[临时公告]ST云路桥关于公司被纳入失信被执行人的公告.pdf
2026-04-14 17:11:54,433 [INFO]   分类: 公司被纳入 | 公司:  | 姓名: 
2026-04-14 17:11:54,434 [INFO] 
处理: 0167_[临时公告]ST云路桥关于公司被纳入失信被执行人的公告.pdf
2026-04-14 17:11:54,613 [INFO]   分类: 公司被纳入 | 公司:  | 姓名: 
2026-04-14 17:11:54,613 [INFO] 
处理: 0168_[临时公告]ST唯优关于公司被纳入失信被执行人公告(补发).pdf
2026-04-14 17:11:54,935 [INFO]   分类: 公司被纳入 | 公司:  | 姓名: 
2026-04-14 17:11:54,935 [INFO] 
处理: 0169_[临时公告]华讯3关于公司部分被移出失信被执行人的公告.pdf
2026-04-14 17:11:55,717 [INFO]   分类: 公司被撤销 | 公司:  | 姓名: 
2026-04-14 17:11:55,717 [INFO] 
处理: 0170_[临时公告]杰事杰控股股东被纳入失信被执行人的公告(补发).pdf
2026-04-14 17:11:55,927 [INFO]   分类: 个人被纳入 | 公司:  | 姓名: 本次
2026-04-14 17:11:55,928 [INFO] 
处理: 0171_[临时公告]ST广安生控股子公司被纳入失信被执行人的公告.pdf
2026-04-14 17:11:56,090 [INFO]   分类: 公司被纳入 | 公司: 公司子公司，控股子公司 | 姓名: 
2026-04-14 17:11:56,090 [INFO] 
处理: 0172_[临时公告]贵阳旅文关于控股股东被移出失信名单的声明公告.pdf
2026-04-14 17:11:56,221 [INFO]   分类: 个人被撤销 | 公司:  | 姓名: 贵阳市
2026-04-14 17:11:56,221 [INFO] 
处理: 0173_[临时公告]ST中御公司新增被纳入失信被执行人的公告(补发).pdf
2026-04-14 17:11:56,490 [INFO]   分类: 公司被纳入 | 公司:  | 姓名: 
2026-04-14 17:11:56,490 [INFO] 
处理: 0174_[临时公告]ST幸美全资子公司解除失信被执行人的声明公告.pdf
2026-04-14 17:11:56,615 [INFO]   分类: 公司被撤销 | 公司:  | 姓名: 
2026-04-14 17:11:56,615 [INFO] 
处理: 0175_[临时公告]江苏泰尔董事被纳入失信联合惩戒对象的公告（补发）.pdf
2026-04-14 17:11:56,935 [INFO]   分类: 个人被纳入 | 公司:  | 姓名: 和高级，本次，高玉根
2026-04-14 17:11:56,936 [INFO] 
处理: 0176_[临时公告]鑫雅豪关于控股子公司被纳入失信被执行人的公告.pdf
2026-04-14 17:11:57,184 [INFO]   分类: 公司被纳入 | 公司:  | 姓名: 
2026-04-14 17:11:57,184 [INFO] 
处理: 0177_[临时公告]宏力再生关于公司被纳入失信被执行人的公告(补发).pdf
2026-04-14 17:11:57,390 [INFO]   分类: 公司被纳入 | 公司:  | 姓名: 
2026-04-14 17:11:57,391 [INFO] 
处理: 0178_[临时公告]ST牧标关于公司被纳入失信被执行人的公告(补发).pdf
2026-04-14 17:11:57,590 [INFO]   分类: 公司被纳入 | 公司:  | 姓名: 
2026-04-14 17:11:57,590 [INFO] 
处理: 0179_[临时公告]贵阳旅文控股股东被纳入失信被执行人的公告(补发).pdf
2026-04-14 17:11:57,903 [INFO]   分类: 个人被纳入 | 公司:  | 姓名: 本次，贵阳市
2026-04-14 17:11:57,903 [INFO] 
处理: 0180_[临时公告]派诺生物关于公司被纳入失信被执行人的公告(补发).pdf
2026-04-14 17:11:58,116 [INFO]   分类: 公司被纳入 | 公司:  | 姓名: 
2026-04-14 17:11:58,116 [INFO] 
处理: 0181_[临时公告]四川唯鸿关于公司被纳入失信被执行人的公告(补发).pdf
2026-04-14 17:11:58,355 [INFO]   分类: 公司被纳入 | 公司:  | 姓名: 
2026-04-14 17:11:58,355 [INFO] 
处理: 0182_[临时公告]ST牧标关于公司被纳入失信被执行人的公告(补发).pdf
2026-04-14 17:11:58,702 [INFO]   分类: 公司被纳入 | 公司:  | 姓名: 
2026-04-14 17:11:58,702 [INFO] 
处理: 0183_[临时公告]松庆智能公司被纳入失信被执行人的公告(更正公告).pdf
2026-04-14 17:11:58,948 [INFO]   分类: 公司被纳入 | 公司: 广东松庆智能科技股份有限公司 | 姓名: 
2026-04-14 17:11:58,948 [INFO] 
处理: 0184_[临时公告]松庆智能公司被纳入失信被执行人的公告(更正公告).pdf
2026-04-14 17:11:59,159 [INFO]   分类: 公司被纳入 | 公司: 广东松庆智能科技股份有限公司 | 姓名: 
2026-04-14 17:11:59,160 [INFO] 
处理: 0185_[临时公告]华牧天元关于公司被纳入失信被执行人的公告(补发).pdf
2026-04-14 17:11:59,425 [INFO]   分类: 公司被纳入 | 公司:  | 姓名: 
2026-04-14 17:11:59,425 [INFO] 
处理: 0186_[临时公告]神马华威董事被纳入失信被执行人的补发声明公告.pdf
2026-04-14 17:11:59,519 [INFO]   分类: 个人被纳入 | 公司:  | 姓名: 陈晓明
2026-04-14 17:11:59,519 [INFO] 
处理: 0187_[临时公告]恒宇科技挂牌公司被纳入失信被执行人的公告(补发).pdf
2026-04-14 17:11:59,824 [INFO]   分类: 公司被纳入 | 公司: 挂牌公司 | 姓名: 
2026-04-14 17:11:59,825 [INFO] 
处理: 0188_[临时公告]泉牌科技关于公司被纳入失信被执行人的公告(补发).pdf
2026-04-14 17:12:00,101 [INFO]   分类: 公司被纳入 | 公司:  | 姓名: 
2026-04-14 17:12:00,101 [INFO] 
处理: 0189_[临时公告]鑫雅豪关于控股子公司被纳入失信被执行人的公告.pdf
2026-04-14 17:12:00,317 [INFO]   分类: 公司被纳入 | 公司: 控股子公司 | 姓名: 
2026-04-14 17:12:00,317 [INFO] 
处理: 0190_[临时公告]ST神州聚控股子公司被纳入失信被执行人的公告.pdf
2026-04-14 17:12:00,780 [INFO]   分类: 公司被纳入 | 公司: 控股子公司 | 姓名: 
2026-04-14 17:12:00,780 [INFO] 
处理: 0191_[临时公告]城兴股份关于公司被纳入失信被执行人的公告(补发).pdf
2026-04-14 17:12:01,285 [INFO]   分类: 公司被纳入 | 公司:  | 姓名: 
2026-04-14 17:12:01,285 [INFO] 
处理: 0192_[临时公告]车易付实际控制人被纳入失信被执行人的公告(补发).pdf
2026-04-14 17:12:01,686 [INFO]   分类: 个人被纳入 | 公司:  | 姓名: 张英杰，本次
2026-04-14 17:12:01,686 [INFO] 
处理: 0193_[临时公告]ST揽月关于公司被纳入失信被执行人的公告(补发).pdf
2026-04-14 17:12:02,002 [INFO]   分类: 公司被纳入 | 公司:  | 姓名: 
2026-04-14 17:12:02,002 [INFO] 
处理: 0194_[临时公告]洛阳餐旅控股股东被纳入失信被执行人的公告(补发).pdf
2026-04-14 17:12:02,304 [INFO]   分类: 个人被纳入 | 公司:  | 姓名: 本次
2026-04-14 17:12:02,304 [INFO] 
处理: 0195_[临时公告]速达科技关于公司被纳入失信被执行人的公告(补发).pdf
2026-04-14 17:12:02,544 [INFO]   分类: 公司被纳入 | 公司:  | 姓名: 
2026-04-14 17:12:02,545 [INFO] 
处理: 0196_[临时公告]国动游3关于公司新增被纳入失信被执行人的公告.pdf
2026-04-14 17:12:03,179 [INFO]   分类: 公司被纳入 | 公司:  | 姓名: 
2026-04-14 17:12:03,179 [INFO] 
处理: 0197_[临时公告]银发环保关于公司被纳入失信被执行人的公告(补发).pdf
2026-04-14 17:12:03,325 [INFO]   分类: 公司被纳入 | 公司:  | 姓名: 
2026-04-14 17:12:03,325 [INFO] 
处理: 0198_[临时公告]ST通捷公司新增被纳入失信被执行人的公告(补发).pdf
2026-04-14 17:12:03,566 [INFO]   分类: 公司被纳入 | 公司:  | 姓名: 
2026-04-14 17:12:03,566 [INFO] 
处理: 0199_[临时公告]鑫雅豪关于控股子公司被纳入失信被执行人的公告.pdf
2026-04-14 17:12:03,803 [INFO]   分类: 公司被纳入 | 公司:  | 姓名: 
2026-04-14 17:12:03,803 [INFO] 
处理: 0200_[临时公告]神马华威董事被纳入失信被执行人的补发声明公告.pdf
2026-04-14 17:12:03,918 [INFO]   分类: 个人被纳入 | 公司:  | 姓名: 陈晓明
2026-04-14 17:12:03,918 [INFO] 
处理: 0201_[临时公告]ST阿拉关于公司被纳入失信被执行人的公告(补发).pdf
2026-04-14 17:12:04,113 [INFO]   分类: 公司被纳入 | 公司:  | 姓名: 
2026-04-14 17:12:04,114 [INFO] 
处理: 0202_[临时公告]城兴股份关于公司被纳入失信被执行人的声明公告.pdf
2026-04-14 17:12:04,269 [INFO]   分类: 公司被纳入 | 公司:  | 姓名: 
2026-04-14 17:12:04,270 [INFO] 
处理: 0203_[临时公告]城兴股份关于公司被纳入失信被执行人的公告(补发).pdf
2026-04-14 17:12:05,065 [INFO]   分类: 公司被纳入 | 公司:  | 姓名: 
2026-04-14 17:12:05,066 [INFO] 
处理: 0204_[临时公告]ST社忧控股股东被纳入失信被执行人的公告(补发).pdf
2026-04-14 17:12:05,309 [INFO]   分类: 个人被纳入 | 公司:  | 姓名: 本次
2026-04-14 17:12:05,310 [INFO] 
处理: 0205_[临时公告]天生红关于监事被纳入失信被执行人公告的补发声明.pdf
2026-04-14 17:12:05,470 [INFO]   分类: 个人被纳入 | 公司:  | 姓名: 孙才
2026-04-14 17:12:05,470 [INFO] 
处理: 0206_[临时公告]R国动游1关于公司新增被纳入失信被执行人的公告.pdf
2026-04-14 17:12:06,185 [INFO]   分类: 公司被纳入 | 公司:  | 姓名: 
2026-04-14 17:12:06,185 [INFO] 
处理: 0207_[临时公告]ST温都猫关于公司被纳入失信被执行人的公告(补发).pdf
2026-04-14 17:12:06,380 [INFO]   分类: 公司被纳入 | 公司:  | 姓名: 
2026-04-14 17:12:06,380 [INFO] 
处理: 0208_[临时公告]ST温都猫关于公司被纳入失信被执行人的补发声明.pdf
2026-04-14 17:12:06,568 [INFO]   分类: 公司被纳入 | 公司: 现将公司 | 姓名: 
2026-04-14 17:12:06,568 [INFO] 
处理: 0209_[临时公告]力好科技公司实际控制人被纳入失信被执行人的公告.pdf
2026-04-14 17:12:07,031 [INFO]   分类: 个人被纳入 | 公司:  | 姓名: 本次，蔡桓
2026-04-14 17:12:07,031 [INFO] 
处理: 0210_[临时公告]鑫雅豪关于公司及子公司被纳入失信被执行人的公告.pdf
2026-04-14 17:12:07,258 [INFO]   分类: 公司被纳入 | 公司: 广东鑫雅豪智能科技有限公司 | 姓名: 
2026-04-14 17:12:07,258 [INFO] 
处理: 0211_[临时公告]学海文化实际控制人被纳入失信被执行人的公告(补发).pdf
2026-04-14 17:12:07,560 [INFO]   分类: 个人被纳入 | 公司:  | 姓名: 本次
2026-04-14 17:12:07,561 [INFO] 
处理: 0212_[临时公告]ST幸美全资子公司被纳入失信被执行人的公告(补发).pdf
2026-04-14 17:12:07,727 [INFO]   分类: 公司被纳入 | 公司: 全资子公司 | 姓名: 
2026-04-14 17:12:07,727 [INFO] 
处理: 0213_[临时公告]东亚股份公司、实际控制人被纳入失信被执行人的公告.pdf
2026-04-14 17:12:07,935 [INFO]   分类: 公司及个人被纳入 | 公司:  | 姓名: 徐国平，本次
2026-04-14 17:12:07,937 [INFO] 
处理: 0214_[临时公告]恒信玺利关于实际控制人被移出失信被执行人的公告.pdf
2026-04-14 17:12:08,115 [INFO]   分类: 个人被撤销 | 公司:  | 姓名: 李厚霖
2026-04-14 17:12:08,116 [INFO] 
处理: 0215_[临时公告]ST科瑞讯关于公司被纳入失信被执行人的公告(补发).pdf
2026-04-14 17:12:08,480 [INFO]   分类: 公司被纳入 | 公司:  | 姓名: 
2026-04-14 17:12:08,480 [INFO] 
处理: 0216_[临时公告]ST索尔科关于公司被纳入失信被执行人的公告(补发).pdf
2026-04-14 17:12:08,778 [INFO]   分类: 公司被纳入 | 公司:  | 姓名: 
2026-04-14 17:12:08,778 [INFO] 
处理: 0217_[临时公告]ST紫云控股子公司被纳入失信被执行人的公告(补发).pdf
2026-04-14 17:12:08,992 [INFO]   分类: 公司被纳入 | 公司: 化解控股子公司，控股子公司 | 姓名: 
2026-04-14 17:12:08,992 [INFO] 
处理: 0218_[临时公告]易城股份关于公司、子公司被纳入失信被执行人的公告.pdf
2026-04-14 17:12:09,272 [INFO]   分类: 公司被纳入 | 公司: 上海易城企业发展有限公司 | 姓名: 
2026-04-14 17:12:09,273 [INFO] 
处理: 0219_[临时公告]ST北林科挂牌公司被纳入失信被执行人的公告(补发).pdf
2026-04-14 17:12:09,492 [INFO]   分类: 公司被纳入 | 公司: 挂牌公司 | 姓名: 
2026-04-14 17:12:09,492 [INFO] 
处理: 0220_[临时公告]ST北林科关于公司被纳入失信被执行人的补发声明.pdf
2026-04-14 17:12:09,624 [INFO]   分类: 公司被纳入 | 公司: 北京林大林业科技股份有限公司挂牌公司，未能在公司 | 姓名: 
2026-04-14 17:12:09,625 [INFO] 
处理: 0221_[临时公告]天际数字关于控股子公司被移出失信被执行人的公告.pdf
2026-04-14 17:12:09,843 [INFO]   分类: 公司被撤销 | 公司:  | 姓名: 
2026-04-14 17:12:09,843 [INFO] 
处理: 0222_[临时公告]城兴股份公司及控股股东被纳入失信被执行人的公告.pdf
2026-04-14 17:12:10,088 [INFO]   分类: 公司及个人被纳入 | 公司:  | 姓名: 本次
2026-04-14 17:12:10,089 [INFO] 
处理: 0223_[临时公告]松庆智能关联方被纳入失信被执行人的公告(更正公告).pdf
2026-04-14 17:12:10,265 [INFO]   分类: 公司被纳入 | 公司:  | 姓名: 
2026-04-14 17:12:10,265 [INFO] 
处理: 0224_[临时公告]鑫雅豪关于公司及子公司被纳入失信被执行人的公告.pdf
2026-04-14 17:12:10,489 [INFO]   分类: 公司被纳入 | 公司: 及子公司 | 姓名: 
2026-04-14 17:12:10,490 [INFO] 
处理: 0225_[临时公告]科创数联实际控制人被纳入失信被执行人的公告(补发).pdf
2026-04-14 17:12:10,723 [INFO]   分类: 个人被纳入 | 公司:  | 姓名: 本次
2026-04-14 17:12:10,723 [INFO] 
处理: 0226_[临时公告]银丰棉花关于控股孙公司被移出失信被执行人的公告.pdf
2026-04-14 17:12:10,850 [INFO]   分类: 公司被撤销 | 公司: 股孙公司 | 姓名: 
2026-04-14 17:12:10,850 [INFO] 
处理: 0227_[临时公告]世纪明德控股子公司被纳入失信被执行人的公告(补发).pdf
2026-04-14 17:12:11,190 [INFO]   分类: 公司被纳入 | 公司: 控股子公司 | 姓名: 
2026-04-14 17:12:11,190 [INFO] 
处理: 0228_[临时公告]广安生物控股子公司被纳入失信被执行人的公告(补发).pdf
2026-04-14 17:12:11,342 [INFO]   分类: 公司被纳入 | 公司: 公司子公司，控股子公司 | 姓名: 
2026-04-14 17:12:11,342 [INFO] 
处理: 0229_[临时公告]杰事杰关于控股股东被移出失信被执行人名单的公告.pdf
2026-04-14 17:12:11,517 [INFO]   分类: 个人被撤销 | 公司:  | 姓名: 
2026-04-14 17:12:11,517 [INFO] 
处理: 0230_[临时公告]ST新华物公司被纳入失信联合惩戒对象的公告(补发).pdf
2026-04-14 17:12:11,690 [INFO]   分类: 公司被纳入 | 公司:  | 姓名: 
2026-04-14 17:12:11,690 [INFO] 
处理: 0231_[临时公告]ST通捷子公司新增被纳入失信被执行人的公告(补发).pdf
2026-04-14 17:12:11,891 [INFO]   分类: 公司被纳入 | 公司: 知悉新疆通捷智慧水务有限公司 | 姓名: 
2026-04-14 17:12:11,892 [INFO] 
处理: 0232_[临时公告]速达科技关于公司被纳入失信被执行人的公告（补发）(补发).pdf
2026-04-14 17:12:12,084 [INFO]   分类: 公司被纳入 | 公司:  | 姓名: 
2026-04-14 17:12:12,085 [INFO] 
处理: 0233_[临时公告]宝贝格子公司及子公司被纳入失信被执行人的公告(补发).pdf
2026-04-14 17:12:12,365 [INFO]   分类: 公司被纳入 | 公司: 公司及子公司 | 姓名: 
2026-04-14 17:12:12,365 [INFO] 
处理: 0234_[临时公告]海合达董事、高级管理人员被纳入失信被执行人的公告(补发)（已取消）.pdf
2026-04-14 17:12:12,628 [INFO]   分类: 个人被纳入 | 公司:  | 姓名: 本次，林辉
2026-04-14 17:12:12,629 [INFO] 
处理: 0235_[临时公告]ST京时控股股东、副董事长被纳入失信被执行人的公告.pdf
2026-04-14 17:12:12,825 [INFO]   分类: 个人被纳入 | 公司:  | 姓名: 本次，王小兰，董监高
2026-04-14 17:12:12,825 [INFO] 
处理: 0236_[临时公告]万信达关于公司被移出失信被执行人和被执行人的公告.pdf
2026-04-14 17:12:13,000 [INFO]   分类: 公司被撤销 | 公司:  | 姓名: 
2026-04-14 17:12:13,001 [INFO] 
处理: 0237_[临时公告]R刚泰1关于公司及子公司被纳入失信被执行人的公告.pdf
2026-04-14 17:12:13,033 [INFO]   分类:  | 公司:  | 姓名: 
2026-04-14 17:12:13,033 [INFO] 
处理: 0238_[临时公告]正润创服控股子公司被纳入及移出失信被执行人的公告.pdf
2026-04-14 17:12:13,210 [INFO]   分类: 公司被撤销 | 公司: 湖南知创科技服务有限公司 | 姓名: 
2026-04-14 17:12:13,210 [INFO] 
处理: 0239_[临时公告]易城股份关于公司及子公司被移出失信被执行人的公告.pdf
2026-04-14 17:12:13,419 [INFO]   分类: 公司被撤销 | 公司: 业发展有限公司 | 姓名: 
2026-04-14 17:12:13,419 [INFO] 
处理: 0240_[临时公告]祥云飞龙公司、控股股东、董事长被纳入失信被执行人的公告.pdf
2026-04-14 17:12:14,122 [INFO]   分类: 公司及个人被纳入 | 公司:  | 姓名: 本次，杨龙
2026-04-14 17:12:14,122 [INFO] 
处理: 0241_[临时公告]海航冷链关于公司被纳入失信被执行人的公告补发声明.pdf
2026-04-14 17:12:14,263 [INFO]   分类: 公司被纳入 | 公司:  | 姓名: 
2026-04-14 17:12:14,263 [INFO] 
处理: 0242_[临时公告]海航冷链关于公司被纳入失信被执行人的公告补发声明.pdf
2026-04-14 17:12:14,398 [INFO]   分类: 公司被纳入 | 公司:  | 姓名: 
2026-04-14 17:12:14,399 [INFO] 
处理: 0243_[临时公告]杰事杰实际控制人被纳入失信被执行人的公告(更正公告).pdf
2026-04-14 17:12:14,581 [INFO]   分类: 个人被纳入 | 公司:  | 姓名: 
2026-04-14 17:12:14,581 [INFO] 
处理: 0244_[临时公告]长信畅中公司控股股东被纳入失信被执行人的公告(补发).pdf
2026-04-14 17:12:14,801 [INFO]   分类: 个人被纳入 | 公司:  | 姓名: 本次
2026-04-14 17:12:14,802 [INFO] 
处理: 0245_[临时公告]ST一乘关于补发公司被纳入失信被执行人的声明公告.pdf
2026-04-14 17:12:14,907 [INFO]   分类: 公司被纳入 | 公司:  | 姓名: 
2026-04-14 17:12:14,907 [INFO] 
处理: 0246_[临时公告]宏力再生关于公司被纳入失信被执行人的补发声明公告.pdf
2026-04-14 17:12:15,007 [INFO]   分类: 公司被纳入 | 公司:  | 姓名: 
2026-04-14 17:12:15,007 [INFO] 
处理: 0247_[临时公告]ST牧标关于公司被纳入失信被执行人的补发声明公告.pdf
2026-04-14 17:12:15,122 [INFO]   分类: 公司被纳入 | 公司:  | 姓名: 
2026-04-14 17:12:15,122 [INFO] 
处理: 0248_[临时公告]祥云飞龙公司、控股股东、董事长被纳入失信被执行人的公告.pdf
2026-04-14 17:12:16,519 [INFO]   分类: 公司及个人被纳入 | 公司:  | 姓名: 公告，本次，杨龙
2026-04-14 17:12:16,520 [INFO] 
处理: 0249_[临时公告]四川唯鸿关于补发公司被纳入失信被执行人的声明公告.pdf
2026-04-14 17:12:16,620 [INFO]   分类: 公司被纳入 | 公司: 股份公司关于公司 | 姓名: 
2026-04-14 17:12:16,621 [INFO] 
处理: 0250_[临时公告]ST牧标关于公司被纳入失信被执行人的补发声明公告.pdf
2026-04-14 17:12:16,758 [INFO]   分类: 公司被纳入 | 公司:  | 姓名: 
2026-04-14 17:12:16,758 [INFO] 
处理: 0251_[临时公告]ST喜喜关于挂牌公司被纳入失信被执行人的公告(补发).pdf
2026-04-14 17:12:17,062 [INFO]   分类: 公司被纳入 | 公司:  | 姓名: 
2026-04-14 17:12:17,062 [INFO] 
处理: 0252_[临时公告]泉牌科技关于公司被纳入失信被执行人的补发声明公告.pdf
2026-04-14 17:12:17,166 [INFO]   分类: 公司被纳入 | 公司: 获悉公司 | 姓名: 
2026-04-14 17:12:17,166 [INFO] 
处理: 0253_[临时公告]ST神州聚控股子公司被移出失信被执行人名单的公告.pdf
2026-04-14 17:12:17,273 [INFO]   分类: 公司被撤销 | 公司: 控股子公司 | 姓名: 
2026-04-14 17:12:17,273 [INFO] 
处理: 0254_[临时公告]ST一乘关于补发公司被纳入失信被执行人的声明公告.pdf
2026-04-14 17:12:17,382 [INFO]   分类: 公司被纳入 | 公司:  | 姓名: 
2026-04-14 17:12:17,382 [INFO] 
处理: 0255_[临时公告]新华物流关于公司被移出失信联合惩戒对象名单的公告.pdf
2026-04-14 17:12:17,608 [INFO]   分类: 公司被撤销 | 公司:  | 姓名: 
2026-04-14 17:12:17,608 [INFO] 
处理: 0256_[临时公告]安广物流挂牌公司及关联方被纳入失信被执行人的公告.pdf
2026-04-14 17:12:17,853 [INFO]   分类: 公司被纳入 | 公司:  | 姓名: 
2026-04-14 17:12:17,854 [INFO] 
处理: 0257_[临时公告]和航科技控股子公司被纳入失信被执行人的公告（补发）(补发).pdf
2026-04-14 17:12:18,028 [INFO]   分类: 公司被纳入 | 公司: 公司子公司，控股子公司 | 姓名: 
2026-04-14 17:12:18,028 [INFO] 
处理: 0258_[临时公告]ST揽月关于补发公司被纳入失信被执行人的声明公告.pdf
2026-04-14 17:12:18,113 [INFO]   分类: 公司被纳入 | 公司: 技发展股份有限公司关于公司 | 姓名: 
2026-04-14 17:12:18,114 [INFO] 
处理: 0259_[临时公告]速达科技关于补发公司被纳入失信被执行人公告的声明.pdf
2026-04-14 17:12:18,231 [INFO]   分类: 公司被纳入 | 公司:  | 姓名: 
2026-04-14 17:12:18,232 [INFO] 
处理: 0260_[临时公告]恒信玺利关于公司及子公司被纳入失信被执行人的公告.pdf
2026-04-14 17:12:18,877 [INFO]   分类: 公司被纳入 | 公司: 及子公司 | 姓名: 
2026-04-14 17:12:18,877 [INFO] 
处理: 0261_[临时公告]银发环保关于补发公司被纳入失信被执行人公告的声明.pdf
2026-04-14 17:12:18,952 [INFO]   分类: 公司被纳入 | 公司: 银发环保股份有限公司关于公司 | 姓名: 
2026-04-14 17:12:18,953 [INFO] 
处理: 0262_[临时公告]宏福环保关于补发公司被纳入失信被执行人的声明公告.pdf
2026-04-14 17:12:19,034 [INFO]   分类: 公司被纳入 | 公司:  | 姓名: 
2026-04-14 17:12:19,035 [INFO] 
处理: 0263_[临时公告]速达科技关于补发公司被纳入失信被执行人公告的声明.pdf
2026-04-14 17:12:19,154 [INFO]   分类: 公司被纳入 | 公司:  | 姓名: 
2026-04-14 17:12:19,154 [INFO] 
处理: 0264_[临时公告]ST一乘关于补发公司被纳入失信被执行人的声明公告.pdf
2026-04-14 17:12:19,263 [INFO]   分类: 公司被纳入 | 公司:  | 姓名: 
2026-04-14 17:12:19,263 [INFO] 
处理: 0265_[临时公告]ST社忧控股股东被纳入失信被执行人的补发声明公告.pdf
2026-04-14 17:12:19,361 [INFO]   分类: 个人被纳入 | 公司:  | 姓名: 
2026-04-14 17:12:19,361 [INFO] 
处理: 0266_[临时公告]天生红控股股东、实际控制人被纳入失信被执行人的公告(补发).pdf
2026-04-14 17:12:19,559 [INFO]   分类: 个人被纳入 | 公司:  | 姓名: 本次
2026-04-14 17:12:19,559 [INFO] 
处理: 0267_[临时公告]中境智能实际控制人、董事长被纳入失信被执行人的公告(补发).pdf
2026-04-14 17:12:19,793 [INFO]   分类: 个人被纳入 | 公司:  | 姓名: 徐君双，本次
2026-04-14 17:12:19,793 [INFO] 
处理: 0268_[临时公告]渝网科技关于分公司被纳入失信被执行人的公告补发声明.pdf
2026-04-14 17:12:19,905 [INFO]   分类: 公司被纳入 | 公司:  | 姓名: 
2026-04-14 17:12:19,906 [INFO] 
处理: 0269_[临时公告]海航冷链关于子公司被纳入失信被执行人的公告补发声明.pdf
2026-04-14 17:12:20,048 [INFO]   分类: 公司被纳入 | 公司:  | 姓名: 
2026-04-14 17:12:20,048 [INFO] 
处理: 0270_[临时公告]海航冷链关于子公司被纳入失信被执行人的公告补发声明.pdf
2026-04-14 17:12:20,169 [INFO]   分类: 公司被纳入 | 公司:  | 姓名: 
2026-04-14 17:12:20,169 [INFO] 
处理: 0271_[临时公告]骏发生物关于公司实际控制人被移出失信被执行人的公告.pdf
2026-04-14 17:12:20,340 [INFO]   分类: 个人被撤销 | 公司:  | 姓名: 邹敬清
2026-04-14 17:12:20,341 [INFO] 
处理: 0272_[临时公告]学海文化关于实际控制人被移出失信被执行人的公告(补发).pdf
2026-04-14 17:12:20,491 [INFO]   分类: 个人被撤销 | 公司:  | 姓名: 李瑞坤
2026-04-14 17:12:20,491 [INFO] 
处理: 0273_[临时公告]学海文化关于实际控制人被移出失信被执行人的补发声明.pdf
2026-04-14 17:12:20,636 [INFO]   分类: 个人被撤销 | 公司:  | 姓名: 李瑞坤
2026-04-14 17:12:20,636 [INFO] 
处理: 0274_[临时公告]ST新伟控股股东、实际控制人被纳入失信被执行人的公告.pdf
2026-04-14 17:12:20,932 [INFO]   分类: 个人被纳入 | 公司:  | 姓名: 本次，毛伟
2026-04-14 17:12:20,933 [INFO] 
处理: 0275_[临时公告]ST幸美全资子公司被纳入失信被执行人的补发声明公告.pdf
2026-04-14 17:12:21,047 [INFO]   分类: 公司被纳入 | 公司: 全资子公司 | 姓名: 
2026-04-14 17:12:21,047 [INFO] 
处理: 0276_[临时公告]通辉股份监事会主席梁宁被纳入失信被执行人的公告(补发).pdf
2026-04-14 17:12:21,363 [INFO]   分类: 个人被纳入 | 公司:  | 姓名: 本次，梁宁
2026-04-14 17:12:21,364 [INFO] 
处理: 0277_[临时公告]ST科瑞讯关于公司被纳入失信被执行人的补发公告说明.pdf
2026-04-14 17:12:21,502 [INFO]   分类: 公司被纳入 | 公司: 北京市科瑞讯科技发展股份有限公司关于公司，经天眼查发现公司 | 姓名: 
2026-04-14 17:12:21,502 [INFO] 
处理: 0278_[临时公告]ST紫云控股子公司被纳入失信被执行人的补发声明公告.pdf
2026-04-14 17:12:21,608 [INFO]   分类: 公司被纳入 | 公司: 控股子公司，河南紫云云计算股份有限公司控股子公司 | 姓名: 
2026-04-14 17:12:21,608 [INFO] 
处理: 0279_[临时公告]民正农牧关于控股股东、董事长被纳入失信被执行人的公告.pdf
2026-04-14 17:12:21,901 [INFO]   分类: 个人被纳入 | 公司:  | 姓名: 张书伟，张李帅，张现伟，本次，董监高
2026-04-14 17:12:21,901 [INFO] 
处理: 0280_[临时公告]ST赞普关于公司及股东、董事被纳入失信被执行人的公告.pdf
2026-04-14 17:12:22,175 [INFO]   分类: 公司及个人被纳入 | 公司:  | 姓名: 张寿权，本次
2026-04-14 17:12:22,176 [INFO] 
处理: 0281_[临时公告]城兴股份公司及控股股东被纳入失信被执行人的公告(补发).pdf
2026-04-14 17:12:22,541 [INFO]   分类: 公司及个人被纳入 | 公司:  | 姓名: 本次
2026-04-14 17:12:22,541 [INFO] 
处理: 0282_[临时公告]ST云路桥关于公司及分公司被纳入失信被执行人的公告.pdf
2026-04-14 17:12:22,849 [INFO]   分类: 公司被纳入 | 公司:  | 姓名: 
2026-04-14 17:12:22,849 [INFO] 
处理: 0283_[临时公告]ST云路桥关于公司及分公司被纳入失信被执行人的公告.pdf
2026-04-14 17:12:23,078 [INFO]   分类: 公司被纳入 | 公司:  | 姓名: 
2026-04-14 17:12:23,078 [INFO] 
处理: 0284_[临时公告]派诺生物关于补发被纳入失信被执行人的公告的说明公告.pdf
2026-04-14 17:12:23,179 [INFO]   分类: 公司被纳入 | 公司:  | 姓名: 
2026-04-14 17:12:23,180 [INFO] 
处理: 0285_[临时公告]ST社忧公司实际控制人被纳入失信被执行人的公告(补发).pdf
2026-04-14 17:12:23,525 [INFO]   分类: 个人被纳入 | 公司:  | 姓名: 本次
2026-04-14 17:12:23,525 [INFO] 
处理: 0286_[临时公告]新圆沉香关于公司、实际控制人被纳入失信被执行人的公告.pdf
2026-04-14 17:12:24,207 [INFO]   分类: 公司及个人被纳入 | 公司:  | 姓名: 公告，本次，林建环
2026-04-14 17:12:24,207 [INFO] 
处理: 0287_[临时公告]佳和高科关于补发公司被纳入失信被执行人的公告的说明.pdf
2026-04-14 17:12:24,338 [INFO]   分类: 公司被纳入 | 公司: 股份有限公司挂牌公司 | 姓名: 
2026-04-14 17:12:24,338 [INFO] 
处理: 0288_[临时公告]国云科技控股子公司被纳入失信联合惩戒对象的公告(补发).pdf
2026-04-14 17:12:24,608 [INFO]   分类: 公司被纳入 | 公司:  | 姓名: 
2026-04-14 17:12:24,608 [INFO] 
处理: 0289_[临时公告]ST云路桥关于公司及分公司被纳入失信被执行人的公告.pdf
2026-04-14 17:12:24,795 [INFO]   分类: 公司被纳入 | 公司:  | 姓名: 
2026-04-14 17:12:24,795 [INFO] 
处理: 0290_[临时公告]西谷数字关于实际控制人被纳入失信被执行人的公告(补发).pdf
2026-04-14 17:12:25,088 [INFO]   分类: 个人被纳入 | 公司:  | 姓名: 本次
2026-04-14 17:12:25,088 [INFO] 
处理: 0291_[临时公告]经邦东学关于实际控制人被纳入失信被执行人的公告(补发).pdf
2026-04-14 17:12:25,311 [INFO]   分类: 个人被纳入 | 公司:  | 姓名: 本次，王肖然
2026-04-14 17:12:25,311 [INFO] 
处理: 0292_[临时公告]百华科技股东、董事、董秘兼总经理被撤销失信被执行人的公告.pdf
2026-04-14 17:12:25,485 [INFO]   分类: 个人被撤销 | 公司:  | 姓名: 
2026-04-14 17:12:25,485 [INFO] 
处理: 0293_[临时公告]ST云路桥关于公司及分公司被纳入失信被执行人的公告.pdf
2026-04-14 17:12:25,645 [INFO]   分类: 公司被纳入 | 公司:  | 姓名: 
2026-04-14 17:12:25,645 [INFO] 
处理: 0294_[临时公告]ST云路桥关于公司及分公司被纳入失信被执行人的公告.pdf
2026-04-14 17:12:25,828 [INFO]   分类: 公司被纳入 | 公司:  | 姓名: 
2026-04-14 17:12:25,828 [INFO] 
处理: 0295_[临时公告]ST百华股东、董事、董秘兼总经理被纳入失信被执行人的公告.pdf
2026-04-14 17:12:26,166 [INFO]   分类: 个人被纳入 | 公司:  | 姓名: 本次，董秘
2026-04-14 17:12:26,166 [INFO] 
处理: 0296_[临时公告]杰事杰关于补发控股股东被纳入失信被执行人的声明公告.pdf
2026-04-14 17:12:26,336 [INFO]   分类: 个人被纳入 | 公司: 股份有限公司 | 姓名: 
2026-04-14 17:12:26,336 [INFO] 
处理: 0297_[临时公告]ST阿拉关于公司被纳入失信被执行人的公告的补发声明.pdf
2026-04-14 17:12:26,440 [INFO]   分类: 公司被纳入 | 公司:  | 姓名: 
2026-04-14 17:12:26,440 [INFO] 
处理: 0298_[临时公告]华讯3关于公司及子公司新增被纳入失信被执行人的公告.pdf
2026-04-14 17:12:27,403 [INFO]   分类: 公司被纳入 | 公司:  | 姓名: 
2026-04-14 17:12:27,403 [INFO] 
处理: 0299_[临时公告]ST赞普关于公司及子公司被纳入失信被执行人的公告(补发).pdf
2026-04-14 17:12:27,723 [INFO]   分类: 公司被纳入 | 公司:  | 姓名: 
2026-04-14 17:12:27,723 [INFO] 
处理: 0300_[临时公告]R华讯1关于公司及子公司部分被移出失信被执行人的公告.pdf
2026-04-14 17:12:28,595 [INFO]   分类: 公司被撤销 | 公司:  | 姓名: 
2026-04-14 17:12:28,595 [INFO] 
处理: 0301_[临时公告]唐鸿重工关于补发公司被纳入失信被执行人的公告的说明公告.pdf
2026-04-14 17:12:29,091 [INFO]   分类: 公司被纳入 | 公司:  | 姓名: 
2026-04-14 17:12:29,091 [INFO] 
处理: 0302_[临时公告]海合达董事、高级管理人员被纳入失信被执行人的公告(补发)（更正后）（更正后）.pdf
2026-04-14 17:12:29,332 [INFO]   分类: 个人被纳入 | 公司:  | 姓名: 本次，林辉
2026-04-14 17:12:29,333 [INFO] 
处理: 0303_[临时公告]ST京时关于公司董事长、副董事长被移出失信被执行人的公告.pdf
2026-04-14 17:12:29,471 [INFO]   分类: 个人被撤销 | 公司:  | 姓名: 彭伟民，王小兰
2026-04-14 17:12:29,472 [INFO] 
处理: 0304_[临时公告]ST大盛挂牌公司及实际控制人被纳入失信被执行人的公告.pdf
2026-04-14 17:12:29,779 [INFO]   分类: 公司及个人被纳入 | 公司:  | 姓名: 本次，牛怀清
2026-04-14 17:12:29,779 [INFO] 
处理: 0305_[临时公告]ST中御关于公司新增被纳入失信被执行人补发公告的声明.pdf
2026-04-14 17:12:29,944 [INFO]   分类: 公司被纳入 | 公司:  | 姓名: 
2026-04-14 17:12:29,944 [INFO] 
处理: 0306_[临时公告]ST蓝奥关于补发公司被纳入失信被执行人的公告的声明公告.pdf
2026-04-14 17:12:30,512 [INFO]   分类: 公司被纳入 | 公司:  | 姓名: 
2026-04-14 17:12:30,512 [INFO] 
处理: 0307_[临时公告]国云科技控股子公司及其法人被纳入失信联合惩戒对象的公告.pdf
2026-04-14 17:12:30,961 [INFO]   分类: 公司被纳入 | 公司:  | 姓名: 
2026-04-14 17:12:30,961 [INFO] 
处理: 0308_[临时公告]骏发生物关于公司实际控制人被纳入失信被执行人的公告(补发).pdf
2026-04-14 17:12:31,323 [INFO]   分类: 个人被纳入 | 公司:  | 姓名: 本次，经积极
2026-04-14 17:12:31,323 [INFO] 
处理: 0309_[临时公告]摘牌圣牌关于公司、实际控制人被纳入失信被执行人的公告(补发).pdf
2026-04-14 17:12:32,812 [INFO]   分类: 公司及个人被纳入 | 公司:  | 姓名: 何永定，本次，赵珍凤
2026-04-14 17:12:32,813 [INFO] 
处理: 0310_[临时公告]摘牌圣牌关于公司、实际控制人被纳入失信被执行人的补发声明.pdf
2026-04-14 17:12:32,997 [INFO]   分类: 公司及个人被纳入 | 公司:  | 姓名: 
2026-04-14 17:12:32,998 [INFO] 
处理: 0311_[临时公告]天图控股公司、控股股东、实际控制人被纳入失信被执行人的公告.pdf
2026-04-14 17:12:33,319 [INFO]   分类: 公司及个人被纳入 | 公司:  | 姓名: 吴泽友，本次
2026-04-14 17:12:33,319 [INFO] 
处理: 0312_[临时公告]海经海能关于公司及实际控制人被纳入失信被执行人的公告.pdf
2026-04-14 17:12:33,686 [INFO]   分类: 公司及个人被纳入 | 公司:  | 姓名: 本次
2026-04-14 17:12:33,686 [INFO] 
处理: 0313_[临时公告]圣牌珠宝关于公司、实际控制人被纳入失信被执行人的公告(补发).pdf
2026-04-14 17:12:34,117 [INFO]   分类: 公司及个人被纳入 | 公司:  | 姓名: 何永定，本次
2026-04-14 17:12:34,117 [INFO] 
处理: 0314_[临时公告]圣牌珠宝关于公司、实际控制人被纳入失信被执行人的补发声明.pdf
2026-04-14 17:12:34,259 [INFO]   分类: 公司及个人被纳入 | 公司:  | 姓名: 
2026-04-14 17:12:34,260 [INFO] 
处理: 0315_[临时公告]学海文化关于实控人被纳入失信被执行人公告补发的声明公告.pdf
2026-04-14 17:12:34,398 [INFO]   分类: 个人被纳入 | 公司:  | 姓名: 李瑞坤
2026-04-14 17:12:34,398 [INFO] 
处理: 0316_[临时公告]城兴股份公司、子公司及控股股东被纳入失信被执行人的公告.pdf
2026-04-14 17:12:34,876 [INFO]   分类: 公司及个人被纳入 | 公司:  | 姓名: 本次
2026-04-14 17:12:34,876 [INFO] 
处理: 0317_[临时公告]城兴股份子公司及控股股东被纳入失信被执行人的公告(补发).pdf
2026-04-14 17:12:35,369 [INFO]   分类: 公司及个人被纳入 | 公司:  | 姓名: 本次
2026-04-14 17:12:35,369 [INFO] 
处理: 0318_[临时公告]长信畅中关于补发公司控股股东被纳入失信被执行人的公告.pdf
2026-04-14 17:12:35,636 [INFO]   分类: 个人被纳入 | 公司:  | 姓名: 
2026-04-14 17:12:35,637 [INFO] 
处理: 0319_[临时公告]蜂派科技董事被纳入失信被执行人的公告（补发）[2023-030](补发).pdf
2026-04-14 17:12:35,966 [INFO]   分类: 个人被纳入 | 公司:  | 姓名: 本次，蒋潜
2026-04-14 17:12:35,967 [INFO] 
处理: 0320_[临时公告]宏力再生关于挂牌公司子公司被纳入失信被执行人的公告(补发).pdf
2026-04-14 17:12:36,171 [INFO]   分类: 公司被纳入 | 公司:  | 姓名: 
2026-04-14 17:12:36,171 [INFO] 
处理: 0321_[临时公告]城兴股份控股股东及实际控制人被纳入失信被执行人的公告.pdf
2026-04-14 17:12:36,418 [INFO]   分类: 个人被纳入 | 公司:  | 姓名: 庄子，庄彦青，本次
2026-04-14 17:12:36,418 [INFO] 
处理: 0322_[临时公告]ST大盛挂牌公司及实际控制人被纳入失信被执行人的公告.pdf
2026-04-14 17:12:37,747 [INFO]   分类: 公司及个人被纳入 | 公司:  | 姓名: 本次，牛怀清
2026-04-14 17:12:37,747 [INFO] 
处理: 0323_[临时公告]贵阳旅文关于补发控股股东被纳入失信被执行人的声明公告.pdf
2026-04-14 17:12:37,939 [INFO]   分类: 个人被纳入 | 公司:  | 姓名: 贵阳市
2026-04-14 17:12:37,939 [INFO] 
处理: 0324_[临时公告]圣牌珠宝关于公司、实际控制人被纳入失信被执行人的公告(补发).pdf
2026-04-14 17:12:38,466 [INFO]   分类: 公司及个人被纳入 | 公司:  | 姓名: 何永定，本次
2026-04-14 17:12:38,466 [INFO] 
处理: 0325_[临时公告]圣牌珠宝关于公司、实际控制人被纳入失信被执行人的补发声明.pdf
2026-04-14 17:12:38,591 [INFO]   分类: 公司及个人被纳入 | 公司:  | 姓名: 
2026-04-14 17:12:38,592 [INFO] 
处理: 0326_[临时公告]ST社忧公司实际控制人被纳入失信被执行人的补发声明公告.pdf
2026-04-14 17:12:38,737 [INFO]   分类: 个人被纳入 | 公司:  | 姓名: 胡祝帮
2026-04-14 17:12:38,738 [INFO] 
处理: 0327_[临时公告]华牧天元关于补发公司被列为失信被执行人公告的补充声明.pdf
2026-04-14 17:12:38,846 [INFO]   分类: 公司被纳入 | 公司:  | 姓名: 
2026-04-14 17:12:38,847 [INFO] 
处理: 0328_[临时公告]ST郑水务关于公司、实际控制人被纳入失信被执行人的公告.pdf
2026-04-14 17:12:39,437 [INFO]   分类: 公司及个人被纳入 | 公司:  | 姓名: 本次
2026-04-14 17:12:39,437 [INFO] 
处理: 0329_[临时公告]恒宇科技关于补发挂牌公司被纳入失信被执行人的公告的说明.pdf
2026-04-14 17:12:39,476 [INFO]   分类:  | 公司:  | 姓名: 
2026-04-14 17:12:39,476 [INFO] 
处理: 0330_[临时公告]科创数联实际控制人被纳入失信被执行人的公告的补发声明.pdf
2026-04-14 17:12:39,694 [INFO]   分类: 个人被纳入 | 公司:  | 姓名: 吴冠廷
2026-04-14 17:12:39,695 [INFO] 
处理: 0331_[临时公告]ST恒隆港控股股东、实际控制人被纳入失信被执行人的公告.pdf
2026-04-14 17:12:40,003 [INFO]   分类: 个人被纳入 | 公司:  | 姓名: 周革，本次
2026-04-14 17:12:40,003 [INFO] 
处理: 0332_[临时公告]金粮股份公司控股股东、实际控制人被纳入失信被执行人的公告.pdf
2026-04-14 17:12:40,348 [INFO]   分类: 个人被纳入 | 公司:  | 姓名: 任永青，本次
2026-04-14 17:12:40,349 [INFO] 
处理: 0333_[临时公告]ST宏超公司及实际控制人、董事被纳入失信被执行人的公告.pdf
2026-04-14 17:12:40,673 [INFO]   分类: 公司及个人被纳入 | 公司:  | 姓名: 本次，石伟胜，钟黄慷
2026-04-14 17:12:40,673 [INFO] 
处理: 0334_[临时公告]西谷数字关于实际控制人被纳入失信被执行人的补发声明公告.pdf
2026-04-14 17:12:40,904 [INFO]   分类: 个人被纳入 | 公司:  | 姓名: 
2026-04-14 17:12:40,905 [INFO] 
处理: 0335_[临时公告]经邦东学关于实际控制人被纳入失信被执行人的补发声明公告.pdf
2026-04-14 17:12:41,127 [INFO]   分类: 个人被纳入 | 公司:  | 姓名: 薛锋
2026-04-14 17:12:41,128 [INFO] 
处理: 0336_[临时公告]元钛数科关于实际控制人、董事长被纳入失信被执行人的公告(补发).pdf
2026-04-14 17:12:41,359 [INFO]   分类: 个人被纳入 | 公司:  | 姓名: 本次
2026-04-14 17:12:41,360 [INFO] 
处理: 0337_[临时公告]洛阳餐旅关于补发控股股东被纳入失信被执行人公告的声明.pdf
2026-04-14 17:12:41,448 [INFO]   分类: 个人被纳入 | 公司:  | 姓名: 洛阳
2026-04-14 17:12:41,448 [INFO] 
处理: 0338_[临时公告]ST社忧公司实际控制人被纳入失信被执行人的补发声明公告.pdf
2026-04-14 17:12:41,527 [INFO]   分类: 个人被纳入 | 公司:  | 姓名: 胡祝帮
2026-04-14 17:12:41,527 [INFO] 
处理: 0339_[临时公告]中食弘峰关于补发公司被纳入失信被执行人的公告的说明公告.pdf
2026-04-14 17:12:41,578 [INFO]   分类: 公司被纳入 | 公司:  | 姓名: 
2026-04-14 17:12:41,578 [INFO] 
处理: 0340_[临时公告]美特桥架关于公司及实际控制人被纳入失信被执行人的公告.pdf
2026-04-14 17:12:41,739 [INFO]   分类: 公司及个人被纳入 | 公司:  | 姓名: 尚新春，本次
2026-04-14 17:12:41,740 [INFO] 
处理: 0341_[临时公告]ST新华物关于补发公司被纳入失信联合惩戒对象说明公告.pdf
2026-04-14 17:12:41,838 [INFO]   分类: 公司被纳入 | 公司:  | 姓名: 
2026-04-14 17:12:41,839 [INFO] 
处理: 0342_[临时公告]广安生物公司及公司实际控制人被纳入失信被执行人的公告.pdf
2026-04-14 17:12:42,056 [INFO]   分类: 公司及个人被纳入 | 公司:  | 姓名: 本次，李继平，高天增
2026-04-14 17:12:42,057 [INFO] 
处理: 0343_[临时公告]黄国粮业控股股东、实际控制人被纳入失信被执行人的公告(补发).pdf
2026-04-14 17:12:42,285 [INFO]   分类: 个人被纳入 | 公司:  | 姓名: 本次
2026-04-14 17:12:42,285 [INFO] 
处理: 0344_[临时公告]大团结关于公司、实际控制人、董事（长）被纳入失信被执行人的公告(补发).pdf
2026-04-14 17:12:42,494 [INFO]   分类: 公司及个人被纳入 | 公司:  | 姓名: 孙建军，张盛阳，本次，王庆龙
2026-04-14 17:12:42,495 [INFO] 
处理: 0345_[临时公告]大团结关于公司、实际控制人、董事（长）被纳入失信被执行人的公告声明.pdf
2026-04-14 17:12:42,584 [INFO]   分类: 公司及个人被纳入 | 公司:  | 姓名: 孙建军，王庆龙
2026-04-14 17:12:42,585 [INFO] 
处理: 0346_[临时公告]国云科技控股子公司及其法人被纳入失信联合惩戒对象的公告(补发).pdf
2026-04-14 17:12:42,764 [INFO]   分类: 公司被纳入 | 公司:  | 姓名: 
2026-04-14 17:12:42,765 [INFO] 
处理: 0347_[临时公告]宝贝格子关于公司及子公司被纳入失信被执行人公告的补发声明.pdf
2026-04-14 17:12:42,827 [INFO]   分类: 公司被纳入 | 公司: 及子公司 | 姓名: 
2026-04-14 17:12:42,827 [INFO] 
处理: 0348_[临时公告]海合达董事、高级管理人员被纳入失信被执行人的公告(补发)(更正公告).pdf
2026-04-14 17:12:43,001 [INFO]   分类: 个人被纳入 | 公司:  | 姓名: 本次，林辉
2026-04-14 17:12:43,002 [INFO] 
处理: 0349_[临时公告]海合达关于董事、高级管理人员被纳入失信被执行人公告的补发声明.pdf
2026-04-14 17:12:43,074 [INFO]   分类: 个人被纳入 | 公司:  | 姓名: 
2026-04-14 17:12:43,074 [INFO] 
处理: 0350_[临时公告]骏发生物关于补发实际控制人被纳入失信被执行人公告的声明公告.pdf
2026-04-14 17:12:43,176 [INFO]   分类: 个人被纳入 | 公司:  | 姓名: 
2026-04-14 17:12:43,176 [INFO] 
处理: 0351_[临时公告]ST蓝奥公司、分公司、子公司、控股股东被纳入失信被执行人的公告(补发).pdf
2026-04-14 17:12:44,047 [INFO]   分类: 公司及个人被纳入 | 公司:  | 姓名: 本次
2026-04-14 17:12:44,048 [INFO] 
处理: 0352_[临时公告]ST广安生关于公司及公司实际控制人被纳入失信被执行人的公告.pdf
2026-04-14 17:12:44,330 [INFO]   分类: 公司及个人被纳入 | 公司:  | 姓名: 本次，李继平，高天增
2026-04-14 17:12:44,330 [INFO] 
处理: 0353_[临时公告]ST星娱监事会主席被纳入失信被执行人的公告[2023-060](补发).pdf
2026-04-14 17:12:44,896 [INFO]   分类: 个人被纳入 | 公司:  | 姓名: 本次
2026-04-14 17:12:44,896 [INFO] 
处理: 0354_[临时公告]诚昊启元关于挂牌公司子公司被纳入失信被执行人的补发声明公告.pdf
2026-04-14 17:12:45,013 [INFO]   分类: 公司被纳入 | 公司:  | 姓名: 
2026-04-14 17:12:45,014 [INFO] 
处理: 0355_[临时公告]通辉股份关于监事会主席梁宁被列入失信执行人公告的补发声明.pdf
2026-04-14 17:12:45,158 [INFO]   分类: 个人被纳入 | 公司:  | 姓名: 梁宁
2026-04-14 17:12:45,158 [INFO] 
处理: 0356_[临时公告]易家科技关于实际控制人、全资子公司被列入失信被执行人的公告(补发).pdf
2026-04-14 17:12:45,538 [INFO]   分类: 个人被纳入 | 公司: 全资子公司 | 姓名: 本次，黄群土
2026-04-14 17:12:45,539 [INFO] 
处理: 0357_[临时公告]宏力再生关于挂牌公司子公司被纳入失信被执行人的补发声明公告.pdf
2026-04-14 17:12:45,687 [INFO]   分类: 公司被纳入 | 公司:  | 姓名: 
2026-04-14 17:12:45,687 [INFO] 
处理: 0358_[临时公告]ST广安生关于公司及公司实际控制人被纳入失信被执行人的公告.pdf
2026-04-14 17:12:46,062 [INFO]   分类: 公司及个人被纳入 | 公司:  | 姓名: 本次
2026-04-14 17:12:46,062 [INFO] 
处理: 0359_[临时公告]华讯3关于控股股东新增被纳入及部分被移出失信被执行人的公告.pdf
2026-04-14 17:12:46,399 [INFO]   分类: 个人被撤销 | 公司:  | 姓名: 前期，华讯
2026-04-14 17:12:46,400 [INFO] 
处理: 0360_[临时公告]中御建设公司及控股子公司新增被纳入失信被执行人的公告(补发).pdf
2026-04-14 17:12:46,869 [INFO]   分类: 公司被纳入 | 公司: 及控股子公司 | 姓名: 
2026-04-14 17:12:46,869 [INFO] 
处理: 0361_[临时公告]国云科技控股子公司及其法人被纳入失信联合惩戒对象的公告(补发).pdf
2026-04-14 17:12:47,223 [INFO]   分类: 公司被纳入 | 公司:  | 姓名: 
2026-04-14 17:12:47,223 [INFO] 
处理: 0362_[临时公告]世纪明德关于补发控股子公司被纳入失信被执行人的公告的说明.pdf
2026-04-14 17:12:47,413 [INFO]   分类: 公司被纳入 | 公司: 在获悉大荔明德公司，导致未能按时披露控股子公司 | 姓名: 
2026-04-14 17:12:47,413 [INFO] 
处理: 0363_[临时公告]金粮股份关于补发公司控股股东、实际控制人被纳入失信被执行人.pdf
2026-04-14 17:12:47,556 [INFO]   分类: 个人被纳入 | 公司:  | 姓名: 任永青
2026-04-14 17:12:47,557 [INFO] 
处理: 0364_[临时公告]车易付关于公司股东、实际控制人被纳入失信被执行人的声明公告.pdf
2026-04-14 17:12:47,581 [INFO]   分类:  | 公司:  | 姓名: 
2026-04-14 17:12:47,581 [INFO] 
处理: 0365_[临时公告]飞拓无限关于公司实际控制人及其关联方解除失信被执行人的公告.pdf
2026-04-14 17:12:47,894 [INFO]   分类: 个人被撤销 | 公司: 北京美鸿投资管理有限公司，董事长及其控制的企业 | 姓名: 陈昶
2026-04-14 17:12:47,894 [INFO] 
处理: 0366_[临时公告]星娱文化监事会主席被纳入失信被执行人的公告[2023-027](补发).pdf
2026-04-14 17:12:48,368 [INFO]   分类: 个人被纳入 | 公司:  | 姓名: 本次
2026-04-14 17:12:48,368 [INFO] 
处理: 0367_[临时公告]天祥集团天祥集团关于公司被列入失信被执行人公告的补发声明.pdf
2026-04-14 17:12:48,560 [INFO]   分类: 公司被纳入 | 公司: 天祥建设集团股份有限公司关于公司 | 姓名: 
2026-04-14 17:12:48,560 [INFO] 
处理: 0368_[临时公告]力好科技力好科技及全资子公司被纳入失信被执行人的公告(补发).pdf
2026-04-14 17:12:49,363 [INFO]   分类: 公司被纳入 | 公司: 及全资子公司 | 姓名: 
2026-04-14 17:12:49,363 [INFO] 
处理: 0369_[临时公告]广安生物关于公司控股子公司被纳入失信被执行人的补发声明公告.pdf
2026-04-14 17:12:49,477 [INFO]   分类: 公司被纳入 | 公司: 广安生物科技股份有限公司控股子公司，获悉公司控股子公司新蔡广安农牧有限公司 | 姓名: 
2026-04-14 17:12:49,477 [INFO] 
处理: 0370_[临时公告]ST智诚关于实际控制人、董事新增被纳入失信被执行人的公告(补发).pdf
2026-04-14 17:12:49,843 [INFO]   分类: 个人被纳入 | 公司:  | 姓名: 华艺，本次，董监高
2026-04-14 17:12:49,843 [INFO] 
处理: 0371_[临时公告]天祥集团天祥集团关于公司被列入失信被执行人公告的补发声明.pdf
2026-04-14 17:12:50,101 [INFO]   分类: 公司被纳入 | 公司: 天祥建设集团股份有限公司关于公司，限公司关于公司 | 姓名: 
2026-04-14 17:12:50,101 [INFO] 
处理: 0372_[临时公告]天祥集团天祥集团关于公司被列入失信被执行人公告的补发声明.pdf
2026-04-14 17:12:50,303 [INFO]   分类: 公司被纳入 | 公司: 天祥建设集团股份有限公司关于公司，限公司关于公司 | 姓名: 
2026-04-14 17:12:50,303 [INFO] 
处理: 0373_[临时公告]海魄科技董事被纳入失信被执行人并被出具限制消费令的公告(补发).pdf
2026-04-14 17:12:50,689 [INFO]   分类: 个人被纳入 | 公司:  | 姓名: 任职，本次，杨光
2026-04-14 17:12:50,690 [INFO] 
处理: 0374_[临时公告]保千里3关于公司及个别董监高被列入失信被执行人名单的公告.pdf
2026-04-14 17:12:50,786 [INFO]   分类:  | 公司:  | 姓名: 
2026-04-14 17:12:50,786 [INFO] 
处理: 0375_[临时公告]城兴股份关于公司及实际控制人被纳入失信被执行人的公告(补发).pdf
2026-04-14 17:12:51,550 [INFO]   分类: 公司及个人被纳入 | 公司:  | 姓名: 本次
2026-04-14 17:12:51,550 [INFO] 
处理: 0376_[临时公告]城兴股份关于公司及实际控制人被纳入失信被执行人的声明公告.pdf
2026-04-14 17:12:51,686 [INFO]   分类: 公司及个人被纳入 | 公司:  | 姓名: 
2026-04-14 17:12:51,686 [INFO] 
处理: 0377_[临时公告]天祥集团天祥集团关于公司被列入失信被执行人公告的补发声明.pdf
2026-04-14 17:12:51,915 [INFO]   分类: 公司被纳入 | 公司: 天祥建设集团股份有限公司关于公司，限公司关于公司 | 姓名: 
2026-04-14 17:12:51,915 [INFO] 
处理: 0378_[临时公告]天祥集团天祥集团关于公司被列入失信被执行人公告的补发声明.pdf
2026-04-14 17:12:52,167 [INFO]   分类: 公司被纳入 | 公司: 天祥建设集团股份有限公司关于公司，限公司关于公司 | 姓名: 
2026-04-14 17:12:52,168 [INFO] 
处理: 0379_[临时公告]嘉合智能被纳入失信被执行人及法定代表人限制消费令的公告(补发).pdf
2026-04-14 17:12:54,103 [INFO]   分类: 其他 | 公司:  | 姓名: 本次
2026-04-14 17:12:54,103 [INFO] 
处理: 0380_[临时公告]嘉合智能关于子公司股权冻结、公司被纳入失信被执行人的补发声明.pdf
2026-04-14 17:12:54,327 [INFO]   分类: 公司被纳入 | 公司:  | 姓名: 
2026-04-14 17:12:54,327 [INFO] 
处理: 0381_[临时公告]ST唯优ST唯优：关于补发公司被纳入失信被执行人的声明公告.pdf
2026-04-14 17:12:54,520 [INFO]   分类: 公司被纳入 | 公司:  | 姓名: 
2026-04-14 17:12:54,520 [INFO] 
处理: 0382_[临时公告]天祥集团天祥集团关于公司被列入失信被执行人公告的补发声明.pdf
2026-04-14 17:12:54,727 [INFO]   分类: 公司被纳入 | 公司: 天祥建设集团股份有限公司关于公司 | 姓名: 
2026-04-14 17:12:54,728 [INFO] 
处理: 0383_[临时公告]风平股份控股股东、实际控制人、董事、总经理被移出失信被执行人的公告.pdf
2026-04-14 17:12:54,907 [INFO]   分类: 个人被撤销 | 公司:  | 姓名: 田兵已
2026-04-14 17:12:54,907 [INFO] 
处理: 0384_[临时公告]R同济堂1关于公司、控股股东、实际控制人被纳入失信被执行人的公告.pdf
2026-04-14 17:12:56,207 [INFO]   分类: 公司及个人被纳入 | 公司:  | 姓名: 实际，张美华，本次，李青
2026-04-14 17:12:56,207 [INFO] 
处理: 0385_[临时公告]ST通捷关于补发子公司新增被纳入失信被执行人情况的声明公告.pdf
2026-04-14 17:12:56,387 [INFO]   分类: 公司被纳入 | 公司:  | 姓名: 
2026-04-14 17:12:56,388 [INFO] 
处理: 0386_[临时公告]ST通捷关于补发公司新增被纳入失信被执行人情况的声明公告.pdf
2026-04-14 17:12:56,588 [INFO]   分类: 公司被纳入 | 公司:  | 姓名: 
2026-04-14 17:12:56,588 [INFO] 
处理: 0387_[临时公告]华讯3关于控股股东新增被纳入及部分被移出失信被执行人的公告.pdf
2026-04-14 17:12:56,970 [INFO]   分类: 个人被撤销 | 公司:  | 姓名: 前期，华讯
2026-04-14 17:12:56,971 [INFO] 
处理: 0388_[临时公告]ST赞普关于补发公司及子公司被纳入失信被执行人公告的说明公告.pdf
2026-04-14 17:12:57,135 [INFO]   分类: 公司被纳入 | 公司:  | 姓名: 
2026-04-14 17:12:57,135 [INFO] 
处理: 0389_[临时公告]博元电力2023-056 关于公司被纳入失信被执行人之补发说明公告.pdf
2026-04-14 17:12:57,255 [INFO]   分类: 公司被纳入 | 公司:  | 姓名: 
2026-04-14 17:12:57,255 [INFO] 
处理: 0390_[临时公告]R紫晶1公司及子公司、控股股东及实控人被纳入失信被执行人的公告(补发).pdf
2026-04-14 17:12:59,494 [INFO]   分类: 公司及个人被纳入 | 公司:  | 姓名: 本次，梅州，罗铁威
2026-04-14 17:12:59,495 [INFO] 
处理: 0391_[临时公告]中境智能关于实际控制人、董事长被移出失信被执行人名单的声明公告.pdf
2026-04-14 17:12:59,622 [INFO]   分类: 个人被撤销 | 公司:  | 姓名: 徐君双
2026-04-14 17:12:59,622 [INFO] 
处理: 0392_[临时公告]海钰生物公司、实际控制人、董事、高级管理人员被纳入失信被执行人的公告(补发).pdf
2026-04-14 17:13:01,103 [INFO]   分类: 公司及个人被纳入 | 公司:  | 姓名: 公告，张志强，本次
2026-04-14 17:13:01,103 [INFO] 
处理: 0393_[临时公告]ST超伟股关于公司控股股东、实际控制人被纳入失信被执行人的公告(补发).pdf
2026-04-14 17:13:01,753 [INFO]   分类: 个人被纳入 | 公司:  | 姓名: 刘梅，徐超，本次
2026-04-14 17:13:01,753 [INFO] 
处理: 0394_[临时公告]阳光电通控股股东、实际控制人、董事长、总经理被纳入失信被执行人的公告.pdf
2026-04-14 17:13:02,060 [INFO]   分类: 个人被纳入 | 公司:  | 姓名: 本次，章健
2026-04-14 17:13:02,060 [INFO] 
处理: 0395_[临时公告]蜂派科技关于公司董事被移出失信被执行人名单的公告[2023-035].pdf
2026-04-14 17:13:02,260 [INFO]   分类: 个人被撤销 | 公司:  | 姓名: 蒋潜
2026-04-14 17:13:02,260 [INFO] 
处理: 0396_[临时公告]大地生物关于公司控股股东、实际控制人被移出失信被执行人名单的公告.pdf
2026-04-14 17:13:02,431 [INFO]   分类: 个人被撤销 | 公司:  | 姓名: 李梁斌
2026-04-14 17:13:02,431 [INFO] 
处理: 0397_[临时公告]江苏泰尔关于补发公司董事被纳入其他失信联合惩戒对象的声明公告.pdf
2026-04-14 17:13:02,584 [INFO]   分类: 个人被纳入 | 公司:  | 姓名: 
2026-04-14 17:13:02,585 [INFO] 
处理: 0398_[临时公告]ST阿拉关于实际控制人、董事长、总经理被纳入失信被执行人的公告(补发).pdf
2026-04-14 17:13:03,711 [INFO]   分类: 个人被纳入 | 公司:  | 姓名: 公告，吴宇青，本次
2026-04-14 17:13:03,711 [INFO] 
处理: 0399_[临时公告]ST索尔科2023-045_失信执行人补发声明公告_20230811.pdf
2026-04-14 17:13:03,877 [INFO]   分类: 公司被纳入 | 公司: 苏索尔新能源科技股份有限公司关于公司 | 姓名: 
2026-04-14 17:13:03,877 [INFO] 
处理: 0400_[临时公告]ST益家关于公司及控股股东、实际控制人、董事被移出失信被执行人公告.pdf
2026-04-14 17:13:04,089 [INFO]   分类: 公司及个人被撤销 | 公司:  | 姓名: 章仁勇，陈素平
2026-04-14 17:13:04,089 [INFO] 
处理: 0401_[临时公告]力好科技关于补发公司及全资子公司被纳入失信被执行人的声明公告.pdf
2026-04-14 17:13:04,258 [INFO]   分类: 公司被纳入 | 公司:  | 姓名: 
2026-04-14 17:13:04,258 [INFO] 
处理: 0402_[临时公告]方通客运关于监事被纳入失信被执行人及被出具限制消费令的公告(补发).pdf
2026-04-14 17:13:04,693 [INFO]   分类: 个人被纳入 | 公司:  | 姓名: 刘军，本次
2026-04-14 17:13:04,694 [INFO] 
处理: 0403_[临时公告]方通客运关于补发监事被纳入失信被执行人及被出具限制消费令的公告.pdf
2026-04-14 17:13:04,888 [INFO]   分类: 其他 | 公司:  | 姓名: 刘军
2026-04-14 17:13:04,888 [INFO] 
处理: 0404_[临时公告]风平股份控股股东、实际控制人、董事、总经理被纳入失信被执行人的公告(补发).pdf
2026-04-14 17:13:05,141 [INFO]   分类: 个人被纳入 | 公司:  | 姓名: 本次，田兵
2026-04-14 17:13:05,141 [INFO] 
处理: 0405_[临时公告]伟大节能关于子公司及其法定代表人、董事被纳入失信被执行人的公告(补发).pdf
2026-04-14 17:13:05,678 [INFO]   分类: 公司及个人被纳入 | 公司:  | 姓名: 本次
2026-04-14 17:13:05,679 [INFO] 
处理: 0406_[临时公告]黄国粮业控股股东、实际控制人被纳入失信被执行人的公告的声明公告.pdf
2026-04-14 17:13:05,834 [INFO]   分类: 个人被纳入 | 公司:  | 姓名: 周兴伍
2026-04-14 17:13:05,835 [INFO] 
处理: 0407_[临时公告]雅荷科技关于控股股东、实际控制人、董事被纳入失信被执行人的公告(补发).pdf
2026-04-14 17:13:06,095 [INFO]   分类: 个人被纳入 | 公司:  | 姓名: 徐束萍，本次
2026-04-14 17:13:06,095 [INFO] 
处理: 0408_[临时公告]天生红关于公司控股股东、实际控制人被纳入失信被执行人公告的补发声明.pdf
2026-04-14 17:13:06,306 [INFO]   分类: 个人被纳入 | 公司:  | 姓名: 齐天生
2026-04-14 17:13:06,307 [INFO] 
处理: 0409_[临时公告]ST泓宇公司法人代表、董事长、总经理陈志强先生被纳入失信被执行人的公告.pdf
2026-04-14 17:13:06,535 [INFO]   分类: 个人被纳入 | 公司:  | 姓名: 本次，陈志强
2026-04-14 17:13:06,535 [INFO] 
处理: 0410_[临时公告]海钰生物控股股东、董事、法定代表人、高级管理人员被纳入失信被执行人的公告 (补发).pdf
2026-04-14 17:13:06,900 [INFO]   分类: 个人被纳入 | 公司:  | 姓名: 张志强，本次
2026-04-14 17:13:06,900 [INFO] 
处理: 0411_[临时公告]易家科技关于实际控制人、全资子公司被列入失信被执行人公告的补发声明.pdf
2026-04-14 17:13:07,071 [INFO]   分类: 个人被纳入 | 公司: 全资子公司 | 姓名: 黄群土
2026-04-14 17:13:07,071 [INFO] 
处理: 0412_[临时公告]中御建设关于公司及控股子公司新增被纳入失信被执行人补发公告的声明.pdf
2026-04-14 17:13:07,230 [INFO]   分类: 公司被纳入 | 公司:  | 姓名: 
2026-04-14 17:13:07,230 [INFO] 
处理: 0413_[临时公告]中岳非晶控股股东、董事、高级管理人员、法定代表人被纳入失信被执行人的公告(补发).pdf
2026-04-14 17:13:07,649 [INFO]   分类: 个人被纳入 | 公司:  | 姓名: 刘巧珍，本次，董晓源，董松慧
2026-04-14 17:13:07,649 [INFO] 
处理: 0414_[临时公告]西谷数字关于全资子公司及董事长、法定代表人被纳入失信被执行人的公告(补发).pdf
2026-04-14 17:13:07,989 [INFO]   分类: 公司及个人被纳入 | 公司:  | 姓名: 本次，沈建兴
2026-04-14 17:13:07,989 [INFO] 
处理: 0415_[临时公告]星娱文化关于监事会主席被纳入失信被执行人的补发声明公告[2023-030].pdf
2026-04-14 17:13:08,153 [INFO]   分类: 个人被纳入 | 公司:  | 姓名: 刘邦才
2026-04-14 17:13:08,153 [INFO] 
处理: 0416_[临时公告]农匠科技关于董事长被纳入失信被执行人及被出具限制消费令的的公告(补发).pdf
2026-04-14 17:13:08,478 [INFO]   分类: 个人被纳入 | 公司:  | 姓名: 声誉，本次，胡庆民
2026-04-14 17:13:08,478 [INFO] 
处理: 0417_[临时公告]天祥集团天祥建设集团股份有限公司关于公司被纳入失信被执行人的公告.pdf
2026-04-14 17:13:08,753 [INFO]   分类: 公司被纳入 | 公司:  | 姓名: 
2026-04-14 17:13:08,753 [INFO] 
处理: 0418_[临时公告]海魄科技关于补发董事被纳入失信执行人并被出具限制消费令的声明公告.pdf
2026-04-14 17:13:08,959 [INFO]   分类: 其他 | 公司:  | 姓名: 杨光
2026-04-14 17:13:08,959 [INFO] 
处理: 0419_[临时公告]ST郑水务关于公司、子公司、控股股东、实际控制人被纳入失信被执行人的公告.pdf
2026-04-14 17:13:09,989 [INFO]   分类: 公司及个人被纳入 | 公司: 及子公司 | 姓名: 公告，本次
2026-04-14 17:13:09,989 [INFO] 
处理: 0420_[临时公告]天祥集团天祥建设集团股份有限公司关于公司被纳入失信被执行人的公告.pdf
2026-04-14 17:13:10,337 [INFO]   分类: 公司被纳入 | 公司:  | 姓名: 
2026-04-14 17:13:10,337 [INFO] 
处理: 0421_[临时公告]天祥集团天祥建设集团股份有限公司关于公司被纳入失信被执行人的公告.pdf
2026-04-14 17:13:10,570 [INFO]   分类: 公司被纳入 | 公司:  | 姓名: 
2026-04-14 17:13:10,571 [INFO] 
处理: 0422_[临时公告]天祥集团天祥建设集团股份有限公司关于公司被纳入失信被执行人的公告.pdf
2026-04-14 17:13:10,832 [INFO]   分类: 公司被纳入 | 公司:  | 姓名: 
2026-04-14 17:13:10,832 [INFO] 
处理: 0423_[临时公告]天祥集团天祥建设集团股份有限公司关于公司被纳入失信被执行人的公告.pdf
2026-04-14 17:13:11,053 [INFO]   分类: 公司被纳入 | 公司:  | 姓名: 
2026-04-14 17:13:11,053 [INFO] 
处理: 0424_[临时公告]熙成传媒关于公司董事长、控股股东、实际控制人被纳入失信被执行人的公告(补发).pdf
2026-04-14 17:13:11,430 [INFO]   分类: 个人被纳入 | 公司:  | 姓名: 公告，本次，苏继海
2026-04-14 17:13:11,431 [INFO] 
处理: 0425_[临时公告]天祥集团天祥建设集团股份有限公司关于公司被纳入失信被执行人的公告.pdf
2026-04-14 17:13:11,736 [INFO]   分类: 公司被纳入 | 公司:  | 姓名: 
2026-04-14 17:13:11,736 [INFO] 
处理: 0426_[临时公告]广安生物公司子公司、公司董事、监事、高级管理人员被纳入失信被执行人的公告(补发).pdf
2026-04-14 17:13:12,002 [INFO]   分类: 公司及个人被纳入 | 公司:  | 姓名: 本次，高智东，高翔
2026-04-14 17:13:12,003 [INFO] 
处理: 0427_[临时公告]世能科泰832790+世能科泰+被纳入失信被执行人公告的补发声明+2023-019.pdf
2026-04-14 17:13:12,152 [INFO]   分类: 公司被纳入 | 公司:  | 姓名: 
2026-04-14 17:13:12,152 [INFO] 
处理: 0428_[临时公告]ST阿拉关于公司实际控制人、董事长、总经理被纳入失信被执行人的补发声明公告.pdf
2026-04-14 17:13:12,307 [INFO]   分类: 个人被纳入 | 公司:  | 姓名: 吴宇青
2026-04-14 17:13:12,307 [INFO] 
处理: 0429_[临时公告]ST广安生关于公司、公司实际控制人及公司控股子公司被纳入失信执行人的公告.pdf
2026-04-14 17:13:12,778 [INFO]   分类: 公司及个人被纳入 | 公司:  | 姓名: 本次
2026-04-14 17:13:12,778 [INFO] 
处理: 0430_[临时公告]城兴股份公司及控股股东、实际控制人、主要股东、董事被纳入失信被执行人的声明公告.pdf
2026-04-14 17:13:13,600 [INFO]   分类: 公司及个人被纳入 | 公司:  | 姓名: 
2026-04-14 17:13:13,600 [INFO] 
处理: 0431_[临时公告]中岳非晶控股股东、董事、高级管理人员、法定代表人被纳入失信被执行人的补发说明.pdf
2026-04-14 17:13:13,759 [INFO]   分类: 个人被纳入 | 公司:  | 姓名: 
2026-04-14 17:13:13,759 [INFO] 
处理: 0432_[临时公告]摘牌好样关于控股股东、实际控制人、董事兼总经理被移出失信被执行人名录的公告.pdf
2026-04-14 17:13:13,953 [INFO]   分类: 个人被撤销 | 公司:  | 姓名: 丁乐谦
2026-04-14 17:13:13,953 [INFO] 
处理: 0433_[临时公告]亚玫股份公司及公司实际控制人、控股股东、法定代表人被纳入失信被执行人的公告.pdf
2026-04-14 17:13:14,504 [INFO]   分类: 公司及个人被纳入 | 公司:  | 姓名: 公告，姚丽静，本次
2026-04-14 17:13:14,504 [INFO] 
处理: 0434_[临时公告]东元环境关于公司原控股子公司被纳入失信被执行人的公告[2023-024](补发).pdf
2026-04-14 17:13:15,080 [INFO]   分类: 公司被纳入 | 公司: 报告期内的公司原控股子公司 | 姓名: 
2026-04-14 17:13:15,081 [INFO] 
处理: 0435_[临时公告]和航科技2023-010 关于公司控股子公司被纳入失信被执行人的补发声明公告.pdf
2026-04-14 17:13:15,277 [INFO]   分类: 公司被纳入 | 公司: 获悉公司控股子公司四川德泽四方科技有限责任公司 | 姓名: 
2026-04-14 17:13:15,278 [INFO] 
处理: 0436_[临时公告]天祥集团天祥建设集团股份有限公司关于公司被纳入失信被执行人的公告(补发).pdf
2026-04-14 17:13:15,585 [INFO]   分类: 公司被纳入 | 公司:  | 姓名: 
2026-04-14 17:13:15,586 [INFO] 
处理: 0437_[临时公告]天祥集团天祥建设集团股份有限公司关于公司被纳入失信被执行人的公告(补发).pdf
2026-04-14 17:13:15,892 [INFO]   分类: 公司被纳入 | 公司:  | 姓名: 
2026-04-14 17:13:15,892 [INFO] 
处理: 0438_[临时公告]天祥集团天祥建设集团股份有限公司关于公司被纳入失信被执行人的公告(补发).pdf
2026-04-14 17:13:16,117 [INFO]   分类: 公司被纳入 | 公司:  | 姓名: 
2026-04-14 17:13:16,117 [INFO] 
处理: 0439_[临时公告]秦川大厨挂牌公司被纳入失信被执行人及法定代表人被出具限制消费令的公告.pdf
2026-04-14 17:13:16,560 [INFO]   分类: 其他 | 公司: 因上述案件公司，挂牌公司 | 姓名: 张明耀，本次
2026-04-14 17:13:16,560 [INFO] 
处理: 0440_[临时公告]鼎端装备于公司被纳入失信被执行人及法定代表人被出具限制消费令的公告(补发).pdf
2026-04-14 17:13:16,960 [INFO]   分类: 其他 | 公司: 因上述案件公司 | 姓名: 夏雄，本次
2026-04-14 17:13:16,960 [INFO] 
处理: 0441_[临时公告]天祥集团天祥建设集团股份有限公司关于公司被纳入失信被执行人的公告(补发).pdf
2026-04-14 17:13:17,226 [INFO]   分类: 公司被纳入 | 公司:  | 姓名: 
2026-04-14 17:13:17,226 [INFO] 
处理: 0442_[临时公告]天祥集团天祥建设集团股份有限公司关于公司被纳入失信被执行人的公告(补发).pdf
2026-04-14 17:13:17,429 [INFO]   分类: 公司被纳入 | 公司:  | 姓名: 
2026-04-14 17:13:17,429 [INFO] 
处理: 0443_[临时公告]广安生物关于公司董监高被纳入失信被执行人公司未完成改选或另聘的说明公告.pdf
2026-04-14 17:13:17,665 [INFO]   分类: 公司被纳入 | 公司:  | 姓名: 
2026-04-14 17:13:17,665 [INFO] 
处理: 0444_[临时公告]好样文娱关于补发公司控股股东、实际控制人、董事被纳入失信被执行人的声明公告.pdf
2026-04-14 17:13:17,841 [INFO]   分类: 个人被纳入 | 公司:  | 姓名: 
2026-04-14 17:13:17,841 [INFO] 
处理: 0445_[临时公告]好样文娱公司控股股东、实际控制人、董事兼总经理被纳入失信被执行人的公告(补发).pdf
2026-04-14 17:13:18,132 [INFO]   分类: 个人被纳入 | 公司:  | 姓名: 丁乐谦，本次
2026-04-14 17:13:18,133 [INFO] 
处理: 0446_[临时公告]天祥集团天祥建设集团股份有限公司关于公司被纳入失信被执行人的公告(补发).pdf
2026-04-14 17:13:18,406 [INFO]   分类: 公司被纳入 | 公司:  | 姓名: 
2026-04-14 17:13:18,406 [INFO] 
处理: 0447_[临时公告]熙成传媒关于补发公司董事长、控股股东、实际控制人被纳入失信被执行人的声明公告.pdf
2026-04-14 17:13:18,564 [INFO]   分类: 个人被纳入 | 公司:  | 姓名: 
2026-04-14 17:13:18,564 [INFO] 
处理: 0448_[临时公告]摘牌远古关于公司及实际控制人、董事长、董事会秘书被纳入失信被执行人的公告(补发).pdf
2026-04-14 17:13:18,916 [INFO]   分类: 公司及个人被纳入 | 公司:  | 姓名: 尚坚，本次
2026-04-14 17:13:18,916 [INFO] 
处理: 0449_[临时公告]雅荷科技关于补发董事徐束萍被纳入失信被执行人公告的声明公告-2003-004.pdf
2026-04-14 17:13:19,106 [INFO]   分类: 个人被纳入 | 公司:  | 姓名: 徐束萍
2026-04-14 17:13:19,106 [INFO] 
处理: 0450_[临时公告]ST牧标关于公司及其控股股东、实际控制人、董事被纳入失信被执行人的公告(补发).pdf
2026-04-14 17:13:19,466 [INFO]   分类: 公司及个人被纳入 | 公司:  | 姓名: 本次，梁冠英，郭晓东
2026-04-14 17:13:19,466 [INFO] 
处理: 0451_[临时公告]ST蓝奥关于补发公司、分公司、子公司、控股股东被纳入失信被执行人的公告的声明公告.pdf
2026-04-14 17:13:19,626 [INFO]   分类: 公司及个人被纳入 | 公司:  | 姓名: 
2026-04-14 17:13:19,626 [INFO] 
处理: 0452_[临时公告]ST蓝灯2023-025 ST蓝灯：关于补发子公司被列入失信被执行人公告的声明公告.pdf
2026-04-14 17:13:19,826 [INFO]   分类: 公司被纳入 | 公司:  | 姓名: 
2026-04-14 17:13:19,826 [INFO] 
处理: 0453_[临时公告]城兴股份关于公司及控股股东、实际控制人、主要股东、董事被纳入失信被执行人的公告(补发).pdf
2026-04-14 17:13:22,719 [INFO]   分类: 公司及个人被纳入 | 公司:  | 姓名: 公告，本次
2026-04-14 17:13:22,719 [INFO] 
处理: 0454_[临时公告]易兆科技全资子公司被纳入失信被执行人及法定代表人被出具限制消费令的公告(补发).pdf
2026-04-14 17:13:23,034 [INFO]   分类: 个人被纳入 | 公司: 全资子公司 | 姓名: 本次，汪大鹏
2026-04-14 17:13:23,035 [INFO] 
处理: 0455_[临时公告]中惠旅中惠旅智慧景区管理股份有限公司控股股东被纳入失信被执行人的公告(补发).pdf
2026-04-14 17:13:23,312 [INFO]   分类: 个人被纳入 | 公司: 湖南中惠旅信息咨询有限公司 | 姓名: 本次
2026-04-14 17:13:23,312 [INFO] 
处理: 0456_[临时公告]东元环境关于公司原控股子公司被纳入失信被执行人的补发声明公告[_2023-025].pdf
2026-04-14 17:13:23,477 [INFO]   分类: 公司被纳入 | 公司: 原控股子公司，获悉公司控股子公司江西日晟建设工程有限公司 | 姓名: 
2026-04-14 17:13:23,478 [INFO] 
处理: 0457_[临时公告]元钛数科2023-019 关于实际控制人、董事长被纳入失信被执行人的补发声明公告.pdf
2026-04-14 17:13:23,615 [INFO]   分类: 个人被纳入 | 公司:  | 姓名: 
2026-04-14 17:13:23,615 [INFO] 
处理: 0458_[临时公告]星晨互联关于全资子公司广州环景虚拟娱乐有限公司被纳入失信被执行人的公告(补发).pdf
2026-04-14 17:13:23,842 [INFO]   分类: 公司被纳入 | 公司: 广州环景虚拟娱乐有限公司 | 姓名: 
2026-04-14 17:13:23,843 [INFO] 
处理: 0459_[临时公告]大德传媒关于公司及法定代表人被移出失信被执行人和被移出限制高消费名单的公告.pdf
2026-04-14 17:13:24,096 [INFO]   分类: 公司及个人被纳入 | 公司:  | 姓名: 
2026-04-14 17:13:24,096 [INFO] 
处理: 0460_[临时公告]朗尼科关于公司及实际控制人、董事长、总经理、法定代表人被纳入失信被执行人的公告(补发).pdf
2026-04-14 17:13:24,626 [INFO]   分类: 公司及个人被纳入 | 公司:  | 姓名: 岳强，本次
2026-04-14 17:13:24,626 [INFO] 
处理: 0461_[临时公告]摘牌远古补发关于公司及实际控制人、董事长、董事会秘书被纳入失信被执行人的公告声明.pdf
2026-04-14 17:13:24,803 [INFO]   分类: 公司及个人被纳入 | 公司:  | 姓名: 
2026-04-14 17:13:24,804 [INFO] 
处理: 0462_[临时公告]伟大节能2023-005伟大节能：关于子公司被纳入失信被执行人补发公告的声明公告.pdf
2026-04-14 17:13:24,979 [INFO]   分类: 公司被纳入 | 公司:  | 姓名: 
2026-04-14 17:13:24,979 [INFO] 
处理: 0463_[临时公告]ST牧标关于公司及其控股股东、实际控制人、董事被纳入失信被执行人的补发声明公告.pdf
2026-04-14 17:13:25,172 [INFO]   分类: 公司及个人被纳入 | 公司:  | 姓名: 
2026-04-14 17:13:25,173 [INFO] 
处理: 0464_[临时公告]大团结关于公司、第一大股东、实际控制人、董事（长）、高级管理人员被纳入失信被执行人的公告(补发).pdf
2026-04-14 17:13:25,646 [INFO]   分类: 个人被纳入 | 公司:  | 姓名: 储修传，刘昌盛，孙建军，张盛阳，本次，王庆龙
2026-04-14 17:13:25,646 [INFO] 
处理: 0465_[临时公告]海钰生物关于补发公司、实际控制人、董事、高级管理人员被纳入失信被执行人的公告的声明公告.pdf
2026-04-14 17:13:25,765 [INFO]   分类: 公司及个人被纳入 | 公司:  | 姓名: 
2026-04-14 17:13:25,766 [INFO] 
处理: 0466_[临时公告]ST喜喜2023-016 ST喜喜：关于补发挂牌公司被纳入失信被执行人公告的声明公告.pdf
2026-04-14 17:13:25,905 [INFO]   分类: 公司被纳入 | 公司:  | 姓名: 
2026-04-14 17:13:25,905 [INFO] 
处理: 0467_[临时公告]西谷数字关于公司全资子公司及董事长、法定代表人被纳入失信被执行人的补发声明公告.pdf
2026-04-14 17:13:26,151 [INFO]   分类: 公司及个人被纳入 | 公司:  | 姓名: 
2026-04-14 17:13:26,151 [INFO] 
处理: 0468_[临时公告]星晨互联关于全资子公司广州环景虚拟娱乐有限公司被纳入失信被执行人的补发声明公告.pdf
2026-04-14 17:13:26,296 [INFO]   分类: 公司被纳入 | 公司:  | 姓名: 
2026-04-14 17:13:26,296 [INFO] 
处理: 0469_[临时公告]农匠科技关于补发《关于董事长被纳入失信被执行人及被出具限制消费令的的公告》的说明公告.pdf
2026-04-14 17:13:26,582 [INFO]   分类: 个人被纳入 | 公司:  | 姓名: 
2026-04-14 17:13:26,582 [INFO] 
处理: 0470_[临时公告]ST智诚关于实际控制人、董事新增被纳入失信被执行人公告的补发声明公告2023-022.pdf
2026-04-14 17:13:26,789 [INFO]   分类: 个人被纳入 | 公司:  | 姓名: 刘国辰，刘积宁，华艺
2026-04-14 17:13:26,790 [INFO] 
处理: 0471_[临时公告]ST大家关于公司及控股股东、实际控制人、董事、高级管理人员被纳入失信被执行人的公告(补发).pdf
2026-04-14 17:13:28,816 [INFO]   分类: 公司及个人被纳入 | 公司:  | 姓名: 公告，本次，郭小琴，陈其军，陈其华
2026-04-14 17:13:28,817 [INFO] 
处理: 0472_[临时公告]大团结关于公司、第一大股东、实际控制人、董事（长）、高级管理人员被纳入失信被执行人的公告声明.pdf
2026-04-14 17:13:28,996 [INFO]   分类: 个人被纳入 | 公司:  | 姓名: 刘昌盛，孙建军，王庆龙
2026-04-14 17:13:28,996 [INFO] 
处理: 0473_[临时公告]广安生物关于公司子公司、公司董事、监事、高级管理人员被纳入失信被执行人的补发声明公告.pdf
2026-04-14 17:13:29,125 [INFO]   分类: 公司及个人被纳入 | 公司:  | 姓名: 李继平，高智东，高翔
2026-04-14 17:13:29,125 [INFO] 
处理: 0474_[临时公告]蜂派科技蜂派科技833726：关于董事被纳入失信被执行人的补发声明公告[2023-031].pdf
2026-04-14 17:13:29,234 [INFO]   分类: 个人被纳入 | 公司:  | 姓名: 蒋潜未
2026-04-14 17:13:29,235 [INFO] 
处理: 0475_[临时公告]易兆科技全资子公司被纳入失信被执行人及法定代表人被出具限制消费令的公告的补发声明.pdf
2026-04-14 17:13:29,373 [INFO]   分类: 其他 | 公司: 全资子公司 | 姓名: 
2026-04-14 17:13:29,373 [INFO] 
处理: 0476_[临时公告]帅航股份控股股东、实际控制人、董事长被恢复执行失信被执行人并被出具限制消费令的公告(补发).pdf
2026-04-14 17:13:29,667 [INFO]   分类: 个人被纳入 | 公司:  | 姓名: 本次，李萌
2026-04-14 17:13:29,667 [INFO] 
处理: 0477_[临时公告]ST大家关于公司及控股股东、实际控制人、董事、高级管理人员被纳入失信被执行人的公告补发声明.pdf
2026-04-14 17:13:29,841 [INFO]   分类: 公司及个人被纳入 | 公司:  | 姓名: 郭小琴，陈其军，陈其华
2026-04-14 17:13:29,841 [INFO] 
处理: 0478_[临时公告]风平股份873098_控股股东、实际控制人被纳入失信被执行人的公告的声明公告_2023-002.pdf
2026-04-14 17:13:30,038 [INFO]   分类: 个人被纳入 | 公司:  | 姓名: 田兵
2026-04-14 17:13:30,038 [INFO] 
处理: 0479_[临时公告]超伟股份关于公司控股股东、实际控制人被移出失信被执行人和被移出限制高消费名单的公告.pdf
2026-04-14 17:13:30,179 [INFO]   分类: 个人被撤销 | 公司:  | 姓名: 刘梅，徐超
2026-04-14 17:13:30,179 [INFO] 
处理: 0480_[临时公告]ST星娱ST星娱834411：关于监事会主席被纳入失信被执行人的补发声明公告[2023-061].pdf
2026-04-14 17:13:30,362 [INFO]   分类: 个人被纳入 | 公司:  | 姓名: 刘邦才
2026-04-14 17:13:30,362 [INFO] 
处理: 0481_[临时公告]帅航股份关于补发控股股东、实际控制人、董事长被恢复执行失信被执行人并被出具限制消费令的公告声明.pdf
2026-04-14 17:13:30,501 [INFO]   分类: 其他 | 公司:  | 姓名: 
2026-04-14 17:13:30,501 [INFO] 
处理: 0482_[临时公告]超伟股份关于公司控股股东、实际控制人被纳入失信被执行人和被限制高消费及进展情况的公告(补发).pdf
2026-04-14 17:13:30,800 [INFO]   分类: 个人被纳入 | 公司:  | 姓名: 刘梅，徐超，本次
2026-04-14 17:13:30,800 [INFO] 
处理: 0483_[临时公告]ST超伟股2023-044超伟股份：关于公司控股股东、实际控制人被纳入失信被执行人补发公告的声明公告.pdf
2026-04-14 17:13:30,964 [INFO]   分类: 个人被纳入 | 公司:  | 姓名: 刘梅
2026-04-14 17:13:30,964 [INFO] 
处理: 0484_[临时公告]中惠旅2023-022 中惠旅智慧景区管理股份有限公司关于补发控股股东被列为失信被执行人的声明公告.pdf
2026-04-14 17:13:31,133 [INFO]   分类: 个人被纳入 | 公司:  | 姓名: 
2026-04-14 17:13:31,134 [INFO] 
处理: 0485_[券商公告]R中浩A1长城证券股份有限公司关于深圳中浩（集团）股份有限公司控股股东被纳入失信被执行人相关风险提示公告.pdf
2026-04-14 17:13:31,440 [INFO]   分类: 个人被纳入 | 公司:  | 姓名: 
2026-04-14 17:13:31,441 [INFO] 
处理: 0486_[临时公告]超伟股份关于公司控股股东、实际控制人被纳入失信被执行人和被限制高消费及进展情况的公告的声明公告.pdf
2026-04-14 17:13:31,609 [INFO]   分类: 个人被纳入 | 公司:  | 姓名: 刘梅
2026-04-14 17:13:31,609 [INFO] 
处理: 0487_[临时公告]R紫晶12023-037_400181_R紫晶1_关于公司及子公司、实控人及控股股东被纳入失信被执行人的公告补发声明.pdf
2026-04-14 17:13:31,641 [INFO]   分类:  | 公司:  | 姓名: 
2026-04-14 17:13:31,641 [INFO] 
处理: 0488_[临时公告]广安生物关于公司董事长兼总经理、副董事长、董事兼副总经理及监事被纳入失信被执行人公司未完成改选或另聘的说明公告.pdf
2026-04-14 17:13:31,939 [INFO]   分类: 个人被纳入 | 公司:  | 姓名: 高天增，高智东，高翔先
2026-04-14 17:13:31,939 [INFO] 
处理: 0489_[临时公告]鼎端装备2023-002 834587-鼎端装备 关于公司被纳入失信被执行人及法定代表人被出具限制消费令的补发声明公告.pdf
2026-04-14 17:13:32,181 [INFO]   分类: 其他 | 公司:  | 姓名: 
2026-04-14 17:13:32,181 [INFO] 
处理: 0490_[券商公告]海钰生物申万宏源承销保荐关于山东海钰生物技术股份有限公司及实际控制人被纳入失信联合惩戒对象、实际控制人股份冻结的风险提示性公告.pdf
2026-04-14 17:13:32,420 [INFO]   分类: 公司及个人被纳入 | 公司:  | 姓名: 张志强
2026-04-14 17:13:32,420 [INFO] 
处理: 0491_[券商公告]松庆智能东莞证券股份有限公司关于广东松庆智能科技股份有限公司实际控制人(兼董事长、总经理)、控股股东被纳入失信被执行人名单的风险提示性公告.pdf
2026-04-14 17:13:32,673 [INFO]   分类: 个人被纳入 | 公司:  | 姓名: 和总
2026-04-14 17:13:32,681 [INFO] 
结果已保存: D:\This computer\desktop\2023年失信人文件-pdf（479）\失信人信息提取结果_分类版.csv
2026-04-14 17:13:32,681 [INFO] 
完成！共 491 条记录
2026-04-14 17:13:32,681 [INFO] 分类[公司被纳入]: 271 条
2026-04-14 17:13:32,681 [INFO] 分类[公司被撤销]: 17 条
2026-04-14 17:13:32,681 [INFO] 分类[个人被纳入]: 116 条
2026-04-14 17:13:32,681 [INFO] 分类[个人被撤销]: 17 条
2026-04-14 17:13:32,682 [INFO] 分类[公司及个人被纳入]: 55 条
2026-04-14 17:13:32,682 [INFO] 分类[公司及个人被撤销]: 1 条
2026-04-14 17:13:32,682 [INFO] 分类[其他]: 8 条
